⚠ [1/160] Replayed LeanExe.Examples.AsciiDigits
warning: LeanExe/Examples/AsciiDigits.lean:103:30: `if_false` has been deprecated: Use `ite_false` instead
warning: LeanExe/Examples/AsciiDigits.lean:109:78: `if_true` has been deprecated: Use `ite_true` instead
⚠ [61/160] Replayed LeanExe.Extract.ScalarGuardSyntax
warning: LeanExe/Extract/ScalarGuardSyntax.lean:219:4: try 'simp' instead of 'simpa'

Note: This linter can be disabled with `set_option linter.unnecessarySimpa false`
⚠ [110/160] Replayed LeanExe.Extract.ScalarExpr
warning: LeanExe/Extract/ScalarExpr.lean:177:15: This simp argument is unused:
  bind

Hint: Omit it from the simp argument list.
  [apply] simp only [pure, Option.bind_eq_some_iff, Option.some.injEq] at compiled

Note: This linter can be disabled with `set_option linter.unusedSimpArgs false`
warning: LeanExe/Extract/ScalarExpr.lean:1105:17: This simp argument is unused:
  bind

Hint: Omit it from the simp argument list.
  [apply] simp only [pure, Option.bind_eq_some_iff, Option.some.injEq] at compiled

Note: This linter can be disabled with `set_option linter.unusedSimpArgs false`
⚠ [116/160] Replayed LeanExe.IR.ScalarRangeSlots
warning: LeanExe/IR/ScalarRangeSlots.lean:25:2: try 'simp' instead of 'simpa'

Note: This linter can be disabled with `set_option linter.unnecessarySimpa false`
warning: LeanExe/IR/ScalarRangeSlots.lean:29:20: This simp argument is unused:
  read_suffix

Hint: Omit it from the simp argument list.
  [apply] simp [rangeStore]

Note: This linter can be disabled with `set_option linter.unusedSimpArgs false`
warning: LeanExe/IR/ScalarRangeSlots.lean:33:20: This simp argument is unused:
  read_suffix

Hint: Omit it from the simp argument list.
  [apply] simp [rangeStore]

Note: This linter can be disabled with `set_option linter.unusedSimpArgs false`
⚠ [142/160] Replayed LeanExe.IR.ScalarRangeExitSlots
warning: LeanExe/IR/ScalarRangeExitSlots.lean:18:2: try 'simp' instead of 'simpa'

Note: This linter can be disabled with `set_option linter.unnecessarySimpa false`
⚠ [147/160] Replayed LeanExe.Extract.ScalarFunc
warning: LeanExe/Extract/ScalarFunc.lean:76:28: This simp argument is unused:
  bind

Hint: Omit it from the simp argument list.
  [apply] simp only [rangeCase, pure, Option.bind_eq_some_iff, Option.some.injEq] at compiled

Note: This linter can be disabled with `set_option linter.unusedSimpArgs false`
✔ [159/334] Built LeanExe.Extract.Eval (983ms)
✔ [162/334] Built LeanExe.Extract.Report (1.4s)
✔ [307/334] Built LeanExe.Extract.ScalarRangeExit:c.o (2.2s)
✔ [328/334] Built LeanExe.Extract.OwnershipReport (1.1s)
✔ [330/334] Built LeanExe.CLI (1.2s)
✔ [332/334] Built Main (923ms)
✔ [334/334] Built «lean-wasm»:exe (507ms)
Build completed successfully (334 jobs).
