cli-build: passed
admission-test: passed
reserved-exports: passed
fixture: passed
native-results: passed
compile-constant: passed
compile-booleanPredicateProposition: passed
compile-booleanPredicatePropositionDependent: passed
compile-booleanPredicatePropositionNested: passed
compile-booleanPredicatePropositionArgument: passed
compile-booleanPredicatePropositionCapture: passed
compile-booleanPredicatePropositionBody: passed
compile-booleanPredicateChoice: passed
compile-booleanPredicateChoiceDependent: passed
compile-booleanPredicateChoiceNested: passed
compile-booleanPredicateChoiceBody: passed
compile-booleanPredicateDecideEqual: passed
compile-booleanPredicateJunctionArgument: passed
compile-booleanPredicateCompose: passed
compile-compareBEq: passed
compile-mixedGuardDo: passed
compile-propChoiceClosed: passed
compile-propChoiceCapture: passed
compile-relationChoiceNested: passed
compile-dependentChoiceNested: passed
compile-rangeBooleanPredicatePropositionStep: passed
compile-rangeBooleanPredicatePropositionContinue: passed
compile-rangeBooleanPredicatePropositionOuter: passed
compile-rangeBooleanPredicatePropositionOuterCapture: passed
compile-rangeBooleanPredicateChoiceStep: passed
compile-rangeBooleanPredicateChoiceContinue: passed
compile-rangeBooleanPredicateChoiceOuter: passed
compile-rangeBooleanPredicateChoiceOuterCapture: passed
compile-rangeBooleanPredicateComposeOuter: passed
compile-rangePropChoiceBounds: passed
compile-rangePropChoiceOuter: passed
compile-rangeDependentChoiceOuter: passed
Passed 555 native Lean / independent Wasm engine comparisons across 32 declarations.
