cli-build: passed
admission-test: passed
reserved-exports: passed
fixture: passed
native-results: passed
compile-constant: passed
compile-publicInputIdWord: passed
compile-publicInputIdResult: passed
compile-publicFlagWord: passed
compile-publicFlagResult: passed
compile-rangeBoolForwardedWord: passed
compile-rangeBoolForwardedFlag: passed
compile-rangeBoolForwardedId: passed
compile-rangeBoolSavedCallWord: passed
compile-rangeBoolSavedCallFlag: passed
compile-rangeBoolSavedCallId: passed
compile-rangeBoolWrappedChoiceWord: passed
compile-rangeBoolWrappedChoiceFlag: passed
compile-rangeBoolWrappedChoiceNested: passed
compile-rangeBoolWrappedChoiceExit: passed
compile-rangeBoolWrappedChoiceContinue: passed
compile-rangeBoolWrappedChoiceId: passed
compile-rangeBoolResultLet: passed
compile-rangeBoolResultDo: passed
compile-rangeBoolResultFlag: passed
compile-rangeBoolResultCapture: passed
compile-rangeBoolResultSaved: passed
compile-rangeBoolResultMixed: passed
compile-rangeBoolResultExit: passed
compile-rangeBoolResultContinue: passed
compile-rangeBoolResultStride: passed
compile-rangeBoolResultId: passed
compile-rangeBoolLetIdInput: passed
Passed 609 native Lean / independent Wasm engine comparisons across 28 declarations.
