cli-build: passed
admission-test: passed
reserved-exports: passed
fixture: passed
native-results: passed
compile-constant: passed
compile-booleanMany: passed
compile-booleanDo: passed
compile-booleanDependentMany: passed
compile-booleanDependentDo: passed
compile-instanceDo: passed
compile-naturalDependentMany: passed
compile-naturalDo: passed
compile-boolWordAction: passed
compile-boolWordNested: passed
compile-idArithmeticLeft: passed
compile-idComparisonEq: passed
compile-idComparisonNe: passed
compile-idComparisonLt: passed
compile-idComparisonLe: passed
compile-idComparisonGt: passed
compile-idComparisonGe: passed
compile-idComparisonNegated: passed
compile-idComparisonCompound: passed
compile-idComparisonDependent: passed
compile-idComparisonDecide: passed
compile-idComparisonChoice: passed
compile-idComparisonDo: passed
compile-reannotatedEq: passed
compile-reannotatedNe: passed
compile-reannotatedLt: passed
compile-reannotatedLe: passed
compile-reannotatedGt: passed
compile-reannotatedGe: passed
compile-reannotatedNegated: passed
compile-reannotatedHelper: passed
compile-reannotatedDo: passed
compile-reannotatedAnd: passed
compile-reannotatedOr: passed
compile-reannotatedGuardNegation: passed
compile-reannotatedNestedGuard: passed
compile-reannotatedGuardHelper: passed
compile-reannotatedGuardDo: passed
compile-dependentReannotatedEq: passed
compile-dependentReannotatedOrder: passed
compile-dependentReannotatedCompound: passed
compile-dependentReannotatedNested: passed
compile-dependentReannotatedHelper: passed
compile-dependentReannotatedDo: passed
compile-savedReannotatedDecide: passed
compile-savedReannotatedNested: passed
compile-savedReannotatedChoice: passed
compile-savedReannotatedDependentChoice: passed
compile-savedReannotatedDo: passed
compile-savedReannotatedHelper: passed
compile-savedReannotatedCaptured: passed
compile-savedReannotatedUnused: passed
compile-rangeBooleanOuter: passed
compile-rangeBooleanBounds: passed
compile-rangeBooleanDependentCapture: passed
compile-rangeBooleanDependentJoined: passed
compile-rangeNaturalStep: passed
compile-rangeNaturalOuter: passed
compile-rangeBoolWordStep: passed
compile-rangeBoolWordOuter: passed
compile-rangeIdArithmeticStep: passed
compile-rangeIdComparisonExit: passed
compile-rangeIdComparisonDecide: passed
compile-rangeIdComparisonDependent: passed
compile-rangeReannotatedOrder: passed
compile-rangeIdComparisonEvidenceAnnotations: passed
compile-rangeReannotatedAnd: passed
compile-rangeReannotatedOr: passed
compile-rangeDependentReannotated: passed
compile-rangeDependentReannotatedCompound: passed
compile-rangeSavedReannotated: passed
compile-rangeSavedReannotatedChoice: passed
compile-rangeSavedReannotatedDependentChoice: passed
Passed 1219 native Lean / independent Wasm engine comparisons across 73 declarations.
