⚠ [1/125] Replayed LeanExe.Examples.AsciiDigits
warning: LeanExe/Examples/AsciiDigits.lean:103:30: `if_false` has been deprecated: Use `ite_false` instead
warning: LeanExe/Examples/AsciiDigits.lean:109:78: `if_true` has been deprecated: Use `ite_true` instead
⚠ [81/125] Replayed LeanExe.IR.ScalarRangeSlots
warning: LeanExe/IR/ScalarRangeSlots.lean:25:2: try 'simp' instead of 'simpa'

Note: This linter can be disabled with `set_option linter.unnecessarySimpa false`
warning: LeanExe/IR/ScalarRangeSlots.lean:29:20: This simp argument is unused:
  read_suffix

Hint: Omit it from the simp argument list.
  [apply] simp [rangeStore]

Note: This linter can be disabled with `set_option linter.unusedSimpArgs false`
warning: LeanExe/IR/ScalarRangeSlots.lean:33:20: This simp argument is unused:
  read_suffix

Hint: Omit it from the simp argument list.
  [apply] simp [rangeStore]

Note: This linter can be disabled with `set_option linter.unusedSimpArgs false`
⚠ [107/125] Replayed LeanExe.IR.ScalarRangeExitSlots
warning: LeanExe/IR/ScalarRangeExitSlots.lean:18:2: try 'simp' instead of 'simpa'

Note: This linter can be disabled with `set_option linter.unnecessarySimpa false`
⚠ [112/125] Replayed LeanExe.Extract.ScalarFunc
warning: LeanExe/Extract/ScalarFunc.lean:76:28: This simp argument is unused:
  bind

Hint: Omit it from the simp argument list.
  [apply] simp only [rangeCase, pure, Option.bind_eq_some_iff, Option.some.injEq] at compiled

Note: This linter can be disabled with `set_option linter.unusedSimpArgs false`
✔ [124/262] Built LeanExe.Extract.Eval (1.1s)
✔ [148/262] Built LeanExe.Source.ScalarBooleanType:c.o (115ms)
✔ [149/262] Built LeanExe.Source.ScalarBooleanAction:c.o (118ms)
✔ [150/262] Built LeanExe.Extract.ScalarBooleanType:c.o (127ms)
✔ [161/262] Built LeanExe.Extract.ScalarBooleanAction:c.o (486ms)
✔ [163/262] Built LeanExe.Extract.ScalarBooleanBind:c.o (119ms)
✔ [198/262] Built LeanExe.Source.Scalar:c.o (120ms)
✔ [199/262] Built LeanExe.Extract.ScalarExprCore:c.o (2.9s)
✔ [200/262] Built LeanExe.Extract.ScalarExpr:c.o (1.7s)
✔ [216/262] Built LeanExe.Extract.ScalarStep:c.o (2.8s)
✔ [217/262] Built LeanExe.Extract.ScalarStepEquations:c.o (1.8s)
✔ [219/262] Built LeanExe.Extract.ScalarStepSupported:c.o (1.8s)
✔ [234/262] Built LeanExe.Extract.ScalarRangeExit:c.o (1.0s)
✔ [252/262] Built LeanExe.Extract.Report (1.4s)
✔ [256/262] Built LeanExe.Extract.OwnershipReport (1.1s)
✔ [258/262] Built LeanExe.CLI (1.2s)
✔ [260/262] Built Main (924ms)
✔ [262/262] Built «lean-wasm»:exe (513ms)
Build completed successfully (262 jobs).
