cli-build: passed
admission-test: passed
reserved-exports: passed
fixture: passed
native-results: passed
compile-constant: passed
compile-publicInputIdWord: passed
compile-publicInputIdFlag: passed
compile-publicInputIdBoth: passed
compile-publicInputIdResult: passed
compile-publicInputIdCapture: passed
compile-publicInputIdBind: passed
compile-publicFlagWord: passed
compile-publicWordFlag: passed
compile-publicFlagsWord: passed
compile-publicFlagResult: passed
compile-publicFlagBind: passed
compile-publicFlagCapture: passed
compile-publicFlagsDecision: passed
compile-publicIdWord: passed
compile-publicIdBool: passed
compile-rangeInputIdYield: passed
compile-rangeInputIdExit: passed
compile-rangeInputIdContinue: passed
compile-rangeInputIdCapture: passed
compile-rangeFlagYield: passed
compile-rangeFlagExit: passed
compile-rangeFlagContinue: passed
compile-rangeFlagsBoth: passed
compile-rangeFlagOuter: passed
compile-rangeFlagStepHelper: passed
compile-rangeFlagAlias: passed
compile-rangeFlagBind: passed
Passed 499 native Lean / independent Wasm engine comparisons across 28 declarations.
