cli-build: passed
admission-test: passed
reserved-exports: passed
fixture: passed
native-results: passed
compile-constant: passed
compile-publicInputIdWord: passed
compile-publicInputIdResult: passed
compile-publicFlagWord: passed
compile-publicFlagResult: passed
compile-rangeBoolWordHelperRepeat: passed
compile-rangeBoolWordHelperCount: passed
compile-rangeBoolWordHelperInitial: passed
compile-rangeBoolWordHelperNested: passed
compile-rangeBoolWordHelperFlag: passed
compile-rangeBoolWordHelperExit: passed
compile-rangeBoolWordHelperContinue: passed
compile-rangeBoolWordHelperStride: passed
compile-rangeBoolWordHelperId: passed
compile-rangeBoolWordHelperShadow: passed
compile-rangeBoolLetIdWord: passed
compile-rangeBoolLetIdFlag: passed
compile-rangeBoolLetIdResult: passed
compile-rangeBoolLetIdMixed: passed
compile-rangeBoolLetIdExit: passed
compile-rangeBoolLetIdContinue: passed
compile-rangeBoolLetIdInput: passed
compile-rangeBoolFlagSetupLet: passed
compile-rangeBoolFlagSetupBind: passed
compile-rangeBoolFlagSetupCapture: passed
compile-rangeBoolWordSetupLet: passed
compile-rangeBoolWordSetupBind: passed
compile-rangeBoolWordSetupFlag: passed
Passed 609 native Lean / independent Wasm engine comparisons across 28 declarations.
