⚠ [1/96] Replayed LeanExe.Examples.AsciiDigits
warning: LeanExe/Examples/AsciiDigits.lean:103:30: `if_false` has been deprecated: Use `ite_false` instead
warning: LeanExe/Examples/AsciiDigits.lean:109:78: `if_true` has been deprecated: Use `ite_true` instead
⚠ [54/96] Replayed LeanExe.IR.ScalarRangeSlots
warning: LeanExe/IR/ScalarRangeSlots.lean:25:2: try 'simp' instead of 'simpa'

Note: This linter can be disabled with `set_option linter.unnecessarySimpa false`
warning: LeanExe/IR/ScalarRangeSlots.lean:29:20: This simp argument is unused:
  read_suffix

Hint: Omit it from the simp argument list.
  [apply] simp [rangeStore]

Note: This linter can be disabled with `set_option linter.unusedSimpArgs false`
warning: LeanExe/IR/ScalarRangeSlots.lean:33:20: This simp argument is unused:
  read_suffix

Hint: Omit it from the simp argument list.
  [apply] simp [rangeStore]

Note: This linter can be disabled with `set_option linter.unusedSimpArgs false`
⚠ [78/96] Replayed LeanExe.IR.ScalarRangeExitSlots
warning: LeanExe/IR/ScalarRangeExitSlots.lean:18:2: try 'simp' instead of 'simpa'

Note: This linter can be disabled with `set_option linter.unnecessarySimpa false`
⚠ [83/96] Replayed LeanExe.Extract.ScalarFunc
warning: LeanExe/Extract/ScalarFunc.lean:76:28: This simp argument is unused:
  bind

Hint: Omit it from the simp argument list.
  [apply] simp only [rangeCase, pure, Option.bind_eq_some_iff, Option.some.injEq] at compiled

Note: This linter can be disabled with `set_option linter.unusedSimpArgs false`
✔ [96/204] Built LeanExe.Extract.Eval (999ms)
✔ [132/204] Built LeanExe.Source.ScalarBooleanGuard:c.o (322ms)
✔ [133/204] Built LeanExe.Source.ScalarGuardLiteral:c.o (179ms)
✔ [134/204] Built LeanExe.Source.ScalarGuard:c.o (255ms)
✔ [135/204] Built LeanExe.Source.ScalarCompoundGuard:c.o (124ms)
✔ [136/204] Built LeanExe.Extract.ScalarBooleanGuardSyntax:c.o (222ms)
✔ [137/204] Built LeanExe.Extract.ScalarGuardSyntax:c.o (275ms)
✔ [138/204] Built LeanExe.Extract.ScalarGuardLowering:c.o (148ms)
✔ [139/204] Built LeanExe.Extract.ScalarBooleanGuard:c.o (113ms)
✔ [141/204] Built LeanExe.Extract.ScalarGuard:c.o (121ms)
✔ [195/204] Built LeanExe.Extract.Report (1.5s)
✔ [198/204] Built LeanExe.Extract.OwnershipReport (1.1s)
✔ [200/204] Built LeanExe.CLI (1.2s)
✔ [202/204] Built Main (917ms)
✔ [204/204] Built «lean-wasm»:exe (528ms)
Build completed successfully (204 jobs).
