cli-build: passed
admission-test: passed
reserved-exports: passed
fixture: passed
native-results: passed
compile-constant: passed
compile-savedMixedLeft: passed
compile-savedMixedRight: passed
compile-savedMixedPair: passed
compile-savedMixedNegation: passed
compile-savedMixedDecision: passed
compile-savedMixedHelper: passed
compile-callMixedBool: passed
compile-callMixedWord: passed
compile-callMixedPair: passed
compile-callMixedNegation: passed
compile-callMixedDecision: passed
compile-callMixedHelper: passed
compile-compareBEq: passed
compile-mixedGuardDo: passed
compile-rangeBooleanResultBindStep: passed
compile-rangeBooleanResultBindCondition: passed
compile-rangeBooleanResultBindOuter: passed
compile-rangeBooleanResultBindHelper: passed
compile-rangeSavedMixedStep: passed
compile-rangeSavedMixedContinue: passed
compile-rangeSavedMixedOuter: passed
compile-rangeSavedMixedHelper: passed
compile-rangeCallMixedStep: passed
compile-rangeCallMixedContinue: passed
compile-rangeCallMixedOuter: passed
compile-rangeCallMixedHelper: passed
compile-rangeBooleanPredicateResultStep: passed
Passed 509 native Lean / independent Wasm engine comparisons across 28 declarations.
