leanrun: LEANRUN_LOCAL=1; macOS has no cgroup CPU/memory/swap limits or ionice
leanrun: explicitly authorized inherited priority; nice unavailable
✔ [20/27] Built LeanExe.Source.ScalarDecidedGuard (944ms)
✔ [22/29] Built LeanExe.Source.ScalarPropositionGuard (1.0s)
✔ [25/29] Built LeanExe.Source.ScalarBooleanLocal (1.5s)
✔ [26/29] Built LeanExe.Source.ScalarBooleanEqualityForm (1.1s)
✔ [27/29] Built LeanExe.Source.ScalarBooleanChoiceForm (1.1s)
✔ [28/43] Built LeanExe.Source.ScalarBooleanConditionInputs (959ms)
✔ [40/45] Built LeanExe.Extract.ScalarGuardLowering (930ms)
✔ [42/59] Built LeanExe.Extract.ScalarBooleanWordNegation (896ms)
✔ [52/60] Built LeanExe.Extract.ScalarBooleanGuard (970ms)
⚠ [56/66] Replayed LeanExe.Extract.ScalarGuardSyntax
warning: LeanExe/Extract/ScalarGuardSyntax.lean:294:4: try 'simp' instead of 'simpa'

Note: This linter can be disabled with `set_option linter.unnecessarySimpa false`
✔ [57/66] Built LeanExe.Extract.ScalarBooleanChoiceLowering (908ms)
✔ [59/66] Built LeanExe.Extract.ScalarGuard (1.0s)
✔ [60/67] Built LeanExe.Extract.ScalarBooleanLetVariables (927ms)
✔ [61/67] Built LeanExe.Extract.ScalarPropositionGuard (921ms)
✔ [62/70] Built LeanExe.Extract.ScalarBooleanLocalCore (1.1s)
✔ [64/72] Built LeanExe.Extract.ScalarBooleanLocalFacts (1.4s)
✔ [65/75] Built LeanExe.Extract.ScalarBooleanLocalAcceptance (1.5s)
✔ [68/82] Built LeanExe.Extract.ScalarBooleanLocalCorrectness (1.1s)
✔ [70/82] Built LeanExe.Extract.ScalarBooleanRelation (1.0s)
✔ [71/83] Built LeanExe.Extract.ScalarBooleanLocalParser (14s)
✔ [72/83] Built LeanExe.Extract.ScalarBooleanLocal (941ms)
✔ [73/83] Built LeanExe.Source.ScalarBooleanLocalValues (877ms)
✔ [74/83] Built LeanExe.Extract.ScalarBooleanLocalParserEquations (994ms)
✔ [76/86] Built LeanExe.Extract.ScalarBooleanLocalSyntax (1.6s)
✔ [77/86] Built LeanExe.Extract.ScalarBooleanLocalBindings (940ms)
✔ [78/86] Built LeanExe.Source.ScalarBooleanAction (910ms)
✔ [79/86] Built LeanExe.Extract.ScalarBooleanPredicateBindings (898ms)
✔ [80/86] Built LeanExe.Extract.ScalarBooleanAction (890ms)
✔ [81/90] Built LeanExe.Extract.ScalarBooleanPredicateJunction (986ms)
✔ [82/91] Built LeanExe.Extract.ScalarBooleanBind (899ms)
✔ [83/93] Built LeanExe.Extract.ScalarBooleanPredicateEquality (928ms)
✔ [87/93] Built LeanExe.Extract.ScalarBooleanPredicateChoice (914ms)
✔ [90/99] Built LeanExe.Extract.ScalarBooleanCondition (956ms)
✔ [97/99] Built LeanExe.Source.ScalarBooleanPropositionChoiceForm (952ms)
✔ [98/102] Built LeanExe.Extract.ScalarBooleanPredicatePropositionChoice (884ms)
✔ [99/103] Built LeanExe.Source.ScalarDependentBranch (872ms)
✔ [100/105] Built LeanExe.Extract.ScalarDependentBranch (966ms)
✔ [103/111] Built LeanExe.Extract.ScalarBooleanLocalDependentBranch (923ms)
✔ [109/111] Built LeanExe.Source.Scalar (1.6s)
⚠ [110/111] Built LeanExe.Extract.ScalarExprCore (15s)
warning: LeanExe/Extract/ScalarExprCore.lean:343:31: Variable name `wrapper` is not explicitly referenced.

Hint: The binding can be removed (if unused) or named `_` (if used implicitly). Alternatively, prefix the name with `_` to silence this warning:
  [apply] _wrapper

Note: This linter can be disabled with `set_option linter.unusedVariables false`
warning: LeanExe/Extract/ScalarExprCore.lean:351:31: Variable name `name` is not explicitly referenced.

Hint: The binding can be removed (if unused) or named `_` (if used implicitly). Alternatively, prefix the name with `_` to silence this warning:
  [apply] _name

Note: This linter can be disabled with `set_option linter.unusedVariables false`
warning: LeanExe/Extract/ScalarExprCore.lean:351:36: Variable name `form` is not explicitly referenced.

Hint: The binding can be removed (if unused) or named `_` (if used implicitly). Alternatively, prefix the name with `_` to silence this warning:
  [apply] _form

Note: This linter can be disabled with `set_option linter.unusedVariables false`
warning: LeanExe/Extract/ScalarExprCore.lean:351:52: Variable name `type` is not explicitly referenced.

Hint: The binding can be removed (if unused) or named `_` (if used implicitly). Alternatively, prefix the name with `_` to silence this warning:
  [apply] _type

Note: This linter can be disabled with `set_option linter.unusedVariables false`
warning: LeanExe/Extract/ScalarExprCore.lean:360:35: Variable name `name` is not explicitly referenced.

Hint: The binding can be removed (if unused) or named `_` (if used implicitly). Alternatively, prefix the name with `_` to silence this warning:
  [apply] _name

Note: This linter can be disabled with `set_option linter.unusedVariables false`
warning: LeanExe/Extract/ScalarExprCore.lean:360:40: Variable name `form` is not explicitly referenced.

Hint: The binding can be removed (if unused) or named `_` (if used implicitly). Alternatively, prefix the name with `_` to silence this warning:
  [apply] _form

Note: This linter can be disabled with `set_option linter.unusedVariables false`
warning: LeanExe/Extract/ScalarExprCore.lean:360:56: Variable name `type` is not explicitly referenced.

Hint: The binding can be removed (if unused) or named `_` (if used implicitly). Alternatively, prefix the name with `_` to silence this warning:
  [apply] _type

Note: This linter can be disabled with `set_option linter.unusedVariables false`
⚠ [111/111] Built LeanExe.Extract.ScalarExpr (1.6s)
warning: LeanExe/Extract/ScalarExpr.lean:172:54: `if_pos` has been deprecated: Use `ite_eq_left` instead
warning: LeanExe/Extract/ScalarExpr.lean:173:54: `if_neg` has been deprecated: Use `ite_eq_right` instead
warning: LeanExe/Extract/ScalarExpr.lean:188:54: `if_pos` has been deprecated: Use `ite_eq_left` instead
warning: LeanExe/Extract/ScalarExpr.lean:189:54: `if_neg` has been deprecated: Use `ite_eq_right` instead
warning: LeanExe/Extract/ScalarExpr.lean:223:54: `if_pos` has been deprecated: Use `ite_eq_left` instead
warning: LeanExe/Extract/ScalarExpr.lean:224:54: `if_neg` has been deprecated: Use `ite_eq_right` instead
warning: LeanExe/Extract/ScalarExpr.lean:238:54: `if_pos` has been deprecated: Use `ite_eq_left` instead
warning: LeanExe/Extract/ScalarExpr.lean:239:54: `if_neg` has been deprecated: Use `ite_eq_right` instead
warning: LeanExe/Extract/ScalarExpr.lean:921:54: `if_neg` has been deprecated: Use `ite_eq_right` instead
warning: LeanExe/Extract/ScalarExpr.lean:1020:63: `if_neg` has been deprecated: Use `ite_eq_right` instead
warning: LeanExe/Extract/ScalarExpr.lean:1244:47: `if_neg` has been deprecated: Use `ite_eq_right` instead
warning: LeanExe/Extract/ScalarExpr.lean:1266:18: `if_neg` has been deprecated: Use `ite_eq_right` instead
warning: LeanExe/Extract/ScalarExpr.lean:1288:18: `if_neg` has been deprecated: Use `ite_eq_right` instead
warning: LeanExe/Extract/ScalarExpr.lean:1310:18: `if_neg` has been deprecated: Use `ite_eq_right` instead
warning: LeanExe/Extract/ScalarExpr.lean:1332:18: `if_neg` has been deprecated: Use `ite_eq_right` instead
warning: LeanExe/Extract/ScalarExpr.lean:1356:18: `if_neg` has been deprecated: Use `ite_eq_right` instead
warning: LeanExe/Extract/ScalarExpr.lean:1380:18: `if_neg` has been deprecated: Use `ite_eq_right` instead
warning: LeanExe/Extract/ScalarExpr.lean:1398:46: `if_neg` has been deprecated: Use `ite_eq_right` instead
warning: LeanExe/Extract/ScalarExpr.lean:1417:46: `if_neg` has been deprecated: Use `ite_eq_right` instead
warning: LeanExe/Extract/ScalarExpr.lean:1436:50: `if_neg` has been deprecated: Use `ite_eq_right` instead
Build completed successfully (111 jobs).
