cli-build: passed
admission-test: passed
reserved-exports: passed
fixture: passed
native-results: passed
compile-constant: passed
compile-publicInputIdWord: passed
compile-publicInputIdResult: passed
compile-publicFlagWord: passed
compile-publicFlagResult: passed
compile-rangeBoolWordHelperRepeat: passed
compile-rangeBoolWordHelperId: passed
compile-rangeBoolPredicateHelperRepeat: passed
compile-rangeBoolPredicateHelperId: passed
compile-rangeBoolBooleanPredicateHelperFlag: passed
compile-rangeBoolBooleanPredicateHelperId: passed
compile-rangeBoolHelperInputIdWord: passed
compile-rangeBoolHelperInputIdBooleanWord: passed
compile-rangeBoolHelperInputIdPredicate: passed
compile-rangeBoolHelperInputIdBooleanPredicate: passed
compile-rangeBoolHelperInputIdRepeated: passed
compile-rangeBoolHelperInputIdMixed: passed
compile-rangeBoolManyHelperBinaryRepeat: passed
compile-rangeBoolManyHelperBinaryCount: passed
compile-rangeBoolManyHelperTernaryInitial: passed
compile-rangeBoolManyHelperTernaryNested: passed
compile-rangeBoolManyHelperFiveFlag: passed
compile-rangeBoolManyHelperBinaryExit: passed
compile-rangeBoolManyHelperTernaryContinue: passed
compile-rangeBoolManyHelperFiveStride: passed
compile-rangeBoolManyHelperFiveId: passed
compile-rangeBoolManyHelperBinaryShadow: passed
compile-rangeBoolLetIdInput: passed
Passed 609 native Lean / independent Wasm engine comparisons across 28 declarations.
