cli-build: passed
admission-test: passed
reserved-exports: passed
fixture: passed
native-results: passed
compile-constant: passed
compile-publicInputIdWord: passed
compile-publicInputIdResult: passed
compile-publicFlagWord: passed
compile-publicFlagResult: passed
compile-rangeBoolMixedConditionScalarLeft: passed
compile-rangeBoolMixedConditionFlag: passed
compile-rangeBoolMixedConditionId: passed
compile-rangeBoolDirectWord: passed
compile-rangeBoolDirectFlag: passed
compile-rangeBoolDirectId: passed
compile-rangeBoolWrappedCallWord: passed
compile-rangeBoolWrappedCallFlag: passed
compile-rangeBoolWrappedCallBooleanArgument: passed
compile-rangeBoolWrappedCallNested: passed
compile-rangeBoolWrappedCallExit: passed
compile-rangeBoolWrappedCallId: passed
compile-rangeBoolForwardedWord: passed
compile-rangeBoolForwardedFlag: passed
compile-rangeBoolForwardedBooleanArgument: passed
compile-rangeBoolForwardedWordCapture: passed
compile-rangeBoolForwardedBooleanCapture: passed
compile-rangeBoolForwardedNested: passed
compile-rangeBoolForwardedExit: passed
compile-rangeBoolForwardedContinue: passed
compile-rangeBoolForwardedStride: passed
compile-rangeBoolForwardedId: passed
compile-rangeBoolLetIdInput: passed
Passed 609 native Lean / independent Wasm engine comparisons across 28 declarations.
