cli-build: passed
admission-test: passed
reserved-exports: passed
fixture: passed
native-results: passed
compile-constant: passed
compile-publicInputIdWord: passed
compile-publicInputIdResult: passed
compile-publicBoolHelpersNested: passed
compile-publicBoolHelpersRepeated: passed
compile-publicBoolHelpersWrapped: passed
compile-publicBoolHelpersInputId: passed
compile-publicBoolHelpersWord: passed
compile-publicBoolHelpersUnused: passed
compile-booleanPropRelationDecision: passed
compile-booleanPropRelationMixed: passed
compile-booleanPropRelationNegated: passed
compile-booleanPropRelationWords: passed
compile-booleanPropRelationHelpers: passed
compile-booleanPropRelationLet: passed
compile-booleanInnerHelperWord: passed
compile-booleanInnerHelperBoolean: passed
compile-booleanInnerHelperDependent: passed
compile-booleanInnerHelperNested: passed
compile-booleanInnerHelperUnused: passed
compile-booleanInnerHelperIdResult: passed
compile-booleanPropLetRelationWord: passed
compile-booleanPropLetRelationDecision: passed
compile-booleanPropLetRelationDependent: passed
compile-booleanPropLetRelationNested: passed
compile-booleanPropLetRelationHelper: passed
compile-booleanPropLetRelationUnused: passed
compile-publicFlagWord: passed
compile-publicFlagResult: passed
compile-rangeWordBoolHelperId: passed
compile-rangeWordChooseLoops: passed
compile-rangeWordChooseHelpers: passed
compile-rangeWordChooseSetupWord: passed
compile-rangeWordChooseSetupFlag: passed
compile-rangeWordChooseSetupDo: passed
compile-rangeWordChooseSetupNested: passed
compile-rangeWordChooseSavedResult: passed
compile-rangeWordChooseShowResult: passed
compile-rangeWordChooseSetupExit: passed
compile-rangeWordChooseSetupContinue: passed
compile-rangeWordChooseSetupStride: passed
compile-rangeWordChooseSetupId: passed
compile-rangeBoolRelationStep: passed
compile-rangeBoolRelationExit: passed
compile-rangeBoolRelationContinue: passed
compile-rangeBoolRelationTail: passed
compile-rangeInnerHelperStep: passed
compile-rangeInnerHelperExit: passed
compile-rangeInnerHelperContinue: passed
compile-rangeInnerHelperTail: passed
compile-rangeBoolLetRelationStep: passed
compile-rangeBoolLetRelationExit: passed
compile-rangeBoolLetRelationContinue: passed
compile-rangeBoolLetRelationTail: passed
Passed 993 native Lean / independent Wasm engine comparisons across 54 declarations.
