⚠ [1/80] Replayed LeanExe.Examples.AsciiDigits
warning: LeanExe/Examples/AsciiDigits.lean:103:30: `if_false` has been deprecated: Use `ite_false` instead
warning: LeanExe/Examples/AsciiDigits.lean:109:78: `if_true` has been deprecated: Use `ite_true` instead
⚠ [38/80] Replayed LeanExe.IR.ScalarRangeSlots
warning: LeanExe/IR/ScalarRangeSlots.lean:25:2: try 'simp' instead of 'simpa'

Note: This linter can be disabled with `set_option linter.unnecessarySimpa false`
warning: LeanExe/IR/ScalarRangeSlots.lean:29:20: This simp argument is unused:
  read_suffix

Hint: Omit it from the simp argument list.
  [apply] simp [rangeStore]

Note: This linter can be disabled with `set_option linter.unusedSimpArgs false`
warning: LeanExe/IR/ScalarRangeSlots.lean:33:20: This simp argument is unused:
  read_suffix

Hint: Omit it from the simp argument list.
  [apply] simp [rangeStore]

Note: This linter can be disabled with `set_option linter.unusedSimpArgs false`
⚠ [62/80] Replayed LeanExe.IR.ScalarRangeExitSlots
warning: LeanExe/IR/ScalarRangeExitSlots.lean:18:2: try 'simp' instead of 'simpa'

Note: This linter can be disabled with `set_option linter.unnecessarySimpa false`
⚠ [67/80] Replayed LeanExe.Extract.ScalarFunc
warning: LeanExe/Extract/ScalarFunc.lean:76:28: This simp argument is unused:
  bind

Hint: Omit it from the simp argument list.
  [apply] simp only [rangeCase, pure, Option.bind_eq_some_iff, Option.some.injEq] at compiled

Note: This linter can be disabled with `set_option linter.unusedSimpArgs false`
✔ [79/172] Built LeanExe.Extract.Eval (970ms)
✔ [132/172] Built LeanExe.Source.ScalarRangeStride:c.o (103ms)
✔ [133/172] Built LeanExe.Extract.ScalarRangeStride:c.o (154ms)
✔ [134/172] Built LeanExe.Source.ScalarRangeCount:c.o (178ms)
✔ [135/172] Built LeanExe.Source.ScalarRangeStrideSyntax:c.o (167ms)
✔ [136/172] Built LeanExe.Source.ScalarRangeExitSyntax:c.o (108ms)
✔ [138/172] Built LeanExe.Extract.ScalarRangeStrideSyntax:c.o (113ms)
✔ [139/172] Built LeanExe.Extract.ScalarRangeExitSyntax:c.o (271ms)
✔ [140/172] Built LeanExe.Source.ScalarRangeExitSupported:c.o (111ms)
✔ [144/172] Built LeanExe.Extract.ScalarRangeExit:c.o (1.3s)
✔ [162/172] Built LeanExe.Extract.Report (1.5s)
✔ [166/172] Built LeanExe.Extract.OwnershipReport (1.2s)
✔ [168/172] Built LeanExe.CLI (1.1s)
✔ [170/172] Built Main (908ms)
✔ [172/172] Built «lean-wasm»:exe (495ms)
Build completed successfully (172 jobs).
