leanrun: LEANRUN_LOCAL=1; macOS has no cgroup CPU/memory/swap limits or ionice
leanrun: explicitly authorized inherited priority; nice unavailable
⚠ [45/94] Replayed LeanExe.Extract.ScalarGuardSyntax
warning: LeanExe/Extract/ScalarGuardSyntax.lean:219:4: try 'simp' instead of 'simpa'

Note: This linter can be disabled with `set_option linter.unnecessarySimpa false`
✔ [92/97] Built LeanExe.Source.ScalarRangeSupported (892ms)
⚠ [94/97] Replayed LeanExe.IR.ScalarRangeSlots
warning: LeanExe/IR/ScalarRangeSlots.lean:25:2: try 'simp' instead of 'simpa'

Note: This linter can be disabled with `set_option linter.unnecessarySimpa false`
warning: LeanExe/IR/ScalarRangeSlots.lean:29:20: This simp argument is unused:
  read_suffix

Hint: Omit it from the simp argument list.
  [apply] simp [rangeStore]

Note: This linter can be disabled with `set_option linter.unusedSimpArgs false`
warning: LeanExe/IR/ScalarRangeSlots.lean:33:20: This simp argument is unused:
  read_suffix

Hint: Omit it from the simp argument list.
  [apply] simp [rangeStore]

Note: This linter can be disabled with `set_option linter.unusedSimpArgs false`
✔ [95/97] Built LeanExe.Extract.ScalarRange (2.4s)
✔ [96/113] Built LeanExe.Extract.ScalarRangeCorrectness (956ms)
✔ [109/116] Built LeanExe.Extract.ScalarStepSupported (8.1s)
✔ [113/120] Built LeanExe.Source.ScalarRangeCount (1.1s)
✔ [114/120] Built LeanExe.Extract.ScalarRangeCount (1.0s)
✔ [115/125] Built LeanExe.Source.ScalarRangeStrideSyntax (875ms)
✔ [117/125] Built LeanExe.Extract.ScalarRangeStrideSyntax (901ms)
✔ [119/128] Built LeanExe.Source.ScalarRangeExitSyntax (908ms)
⚠ [120/128] Replayed LeanExe.IR.ScalarRangeExitSlots
warning: LeanExe/IR/ScalarRangeExitSlots.lean:18:2: try 'simp' instead of 'simpa'

Note: This linter can be disabled with `set_option linter.unnecessarySimpa false`
✔ [122/128] Built LeanExe.Source.ScalarRangeExitSupported (1.1s)
✔ [123/128] Built LeanExe.Extract.ScalarRangeExitSyntax (1.1s)
✔ [125/128] Built LeanExe.Extract.ScalarRangeExit (7.1s)
✔ [126/128] Built LeanExe.Source.ScalarFunction (980ms)
✔ [127/128] Built LeanExe.Extract.ScalarRangeExitCorrectness (1.1s)
⚠ [128/128] Built LeanExe.Extract.ScalarFunc (1.0s)
warning: LeanExe/Extract/ScalarFunc.lean:76:28: This simp argument is unused:
  bind

Hint: Omit it from the simp argument list.
  [apply] simp only [rangeCase, pure, Option.bind_eq_some_iff, Option.some.injEq] at compiled

Note: This linter can be disabled with `set_option linter.unusedSimpArgs false`
Build completed successfully (128 jobs).
