leanrun: LEANRUN_LOCAL=1; macOS has no cgroup CPU/memory/swap limits or ionice
leanrun: explicitly authorized inherited priority; nice unavailable
⚠ [76/391] Replayed LeanExe.Extract.ScalarGuardSyntax
warning: LeanExe/Extract/ScalarGuardSyntax.lean:367:4: try 'simp' instead of 'simpa'

Note: This linter can be disabled with `set_option linter.unnecessarySimpa false`
⚠ [119/391] Replayed LeanExe.Extract.ScalarExprCore
warning: LeanExe/Extract/ScalarExprCore.lean:339:31: Variable name `wrapper` is not explicitly referenced.

Hint: The binding can be removed (if unused) or named `_` (if used implicitly). Alternatively, prefix the name with `_` to silence this warning:
  [apply] _wrapper

Note: This linter can be disabled with `set_option linter.unusedVariables false`
warning: LeanExe/Extract/ScalarExprCore.lean:347:31: Variable name `name` is not explicitly referenced.

Hint: The binding can be removed (if unused) or named `_` (if used implicitly). Alternatively, prefix the name with `_` to silence this warning:
  [apply] _name

Note: This linter can be disabled with `set_option linter.unusedVariables false`
warning: LeanExe/Extract/ScalarExprCore.lean:347:36: Variable name `form` is not explicitly referenced.

Hint: The binding can be removed (if unused) or named `_` (if used implicitly). Alternatively, prefix the name with `_` to silence this warning:
  [apply] _form

Note: This linter can be disabled with `set_option linter.unusedVariables false`
warning: LeanExe/Extract/ScalarExprCore.lean:347:52: Variable name `type` is not explicitly referenced.

Hint: The binding can be removed (if unused) or named `_` (if used implicitly). Alternatively, prefix the name with `_` to silence this warning:
  [apply] _type

Note: This linter can be disabled with `set_option linter.unusedVariables false`
warning: LeanExe/Extract/ScalarExprCore.lean:356:35: Variable name `name` is not explicitly referenced.

Hint: The binding can be removed (if unused) or named `_` (if used implicitly). Alternatively, prefix the name with `_` to silence this warning:
  [apply] _name

Note: This linter can be disabled with `set_option linter.unusedVariables false`
warning: LeanExe/Extract/ScalarExprCore.lean:356:40: Variable name `form` is not explicitly referenced.

Hint: The binding can be removed (if unused) or named `_` (if used implicitly). Alternatively, prefix the name with `_` to silence this warning:
  [apply] _form

Note: This linter can be disabled with `set_option linter.unusedVariables false`
warning: LeanExe/Extract/ScalarExprCore.lean:356:56: Variable name `type` is not explicitly referenced.

Hint: The binding can be removed (if unused) or named `_` (if used implicitly). Alternatively, prefix the name with `_` to silence this warning:
  [apply] _type

Note: This linter can be disabled with `set_option linter.unusedVariables false`
warning: LeanExe/Extract/ScalarExprCore.lean:411:12: Variable name `bounds` is not explicitly referenced.

Hint: The binding can be removed (if unused) or named `_` (if used implicitly). Alternatively, prefix the name with `_` to silence this warning:
  [apply] _bounds

Note: This linter can be disabled with `set_option linter.unusedVariables false`
⚠ [120/391] Replayed LeanExe.Extract.ScalarExpr
warning: LeanExe/Extract/ScalarExpr.lean:172:54: `if_pos` has been deprecated: Use `ite_eq_left` instead
warning: LeanExe/Extract/ScalarExpr.lean:173:54: `if_neg` has been deprecated: Use `ite_eq_right` instead
warning: LeanExe/Extract/ScalarExpr.lean:188:54: `if_pos` has been deprecated: Use `ite_eq_left` instead
warning: LeanExe/Extract/ScalarExpr.lean:189:54: `if_neg` has been deprecated: Use `ite_eq_right` instead
warning: LeanExe/Extract/ScalarExpr.lean:220:54: `if_pos` has been deprecated: Use `ite_eq_left` instead
warning: LeanExe/Extract/ScalarExpr.lean:221:54: `if_neg` has been deprecated: Use `ite_eq_right` instead
warning: LeanExe/Extract/ScalarExpr.lean:235:54: `if_pos` has been deprecated: Use `ite_eq_left` instead
warning: LeanExe/Extract/ScalarExpr.lean:236:54: `if_neg` has been deprecated: Use `ite_eq_right` instead
warning: LeanExe/Extract/ScalarExpr.lean:923:54: `if_neg` has been deprecated: Use `ite_eq_right` instead
warning: LeanExe/Extract/ScalarExpr.lean:1022:63: `if_neg` has been deprecated: Use `ite_eq_right` instead
warning: LeanExe/Extract/ScalarExpr.lean:1238:47: `if_neg` has been deprecated: Use `ite_eq_right` instead
warning: LeanExe/Extract/ScalarExpr.lean:1260:18: `if_neg` has been deprecated: Use `ite_eq_right` instead
warning: LeanExe/Extract/ScalarExpr.lean:1282:18: `if_neg` has been deprecated: Use `ite_eq_right` instead
warning: LeanExe/Extract/ScalarExpr.lean:1304:18: `if_neg` has been deprecated: Use `ite_eq_right` instead
warning: LeanExe/Extract/ScalarExpr.lean:1326:18: `if_neg` has been deprecated: Use `ite_eq_right` instead
warning: LeanExe/Extract/ScalarExpr.lean:1350:18: `if_neg` has been deprecated: Use `ite_eq_right` instead
warning: LeanExe/Extract/ScalarExpr.lean:1374:18: `if_neg` has been deprecated: Use `ite_eq_right` instead
warning: LeanExe/Extract/ScalarExpr.lean:1392:46: `if_neg` has been deprecated: Use `ite_eq_right` instead
warning: LeanExe/Extract/ScalarExpr.lean:1411:46: `if_neg` has been deprecated: Use `ite_eq_right` instead
warning: LeanExe/Extract/ScalarExpr.lean:1430:50: `if_neg` has been deprecated: Use `ite_eq_right` instead
⚠ [127/391] Replayed LeanExe.Extract.ScalarStepEquations
warning: LeanExe/Extract/ScalarStepEquations.lean:153:33: This simp argument is unused:
  BooleanType.expr

Hint: Omit it from the simp argument list.
  [apply] simp

Note: This linter can be disabled with `set_option linter.unusedSimpArgs false`
⚠ [129/391] Replayed LeanExe.Extract.ScalarStepSupported
warning: LeanExe/Extract/ScalarStepSupported.lean:96:54: `if_neg` has been deprecated: Use `ite_eq_right` instead
warning: LeanExe/Extract/ScalarStepSupported.lean:437:63: `if_neg` has been deprecated: Use `ite_eq_right` instead
⚠ [142/391] Replayed LeanExe.IR.ScalarRangeSlots
warning: LeanExe/IR/ScalarRangeSlots.lean:25:2: try 'simp' instead of 'simpa'

Note: This linter can be disabled with `set_option linter.unnecessarySimpa false`
warning: LeanExe/IR/ScalarRangeSlots.lean:29:20: This simp argument is unused:
  read_suffix

Hint: Omit it from the simp argument list.
  [apply] simp [rangeStore]

Note: This linter can be disabled with `set_option linter.unusedSimpArgs false`
warning: LeanExe/IR/ScalarRangeSlots.lean:33:20: This simp argument is unused:
  read_suffix

Hint: Omit it from the simp argument list.
  [apply] simp [rangeStore]

Note: This linter can be disabled with `set_option linter.unusedSimpArgs false`
⚠ [144/391] Replayed LeanExe.IR.ScalarRangeExitSlots
warning: LeanExe/IR/ScalarRangeExitSlots.lean:18:2: try 'simp' instead of 'simpa'

Note: This linter can be disabled with `set_option linter.unnecessarySimpa false`
⚠ [146/391] Replayed LeanExe.Examples.AsciiDigits
warning: LeanExe/Examples/AsciiDigits.lean:103:30: `if_false` has been deprecated: Use `ite_false` instead
warning: LeanExe/Examples/AsciiDigits.lean:109:78: `if_true` has been deprecated: Use `ite_true` instead
⚠ [159/391] Replayed LeanExe.Extract.ScalarStepCorrectness
warning: LeanExe/Extract/ScalarStepCorrectness.lean:299:23: This simp argument is unused:
  Option.bind_some

Hint: Omit it from the simp argument list.
  [apply] simp only [bind, Option.bind_eq_some_iff] at compiled

Note: This linter can be disabled with `set_option linter.unusedSimpArgs false`
⚠ [172/391] Replayed LeanExe.Extract.ScalarFunc
warning: LeanExe/Extract/ScalarFunc.lean:78:19: This simp argument is unused:
  bind

Hint: Omit it from the simp argument list.
  [apply] simp only [pure, Option.bind_eq_some_iff, Option.some.injEq] at compiled

Note: This linter can be disabled with `set_option linter.unusedSimpArgs false`
⚠ [174/391] Replayed LeanExe.Wasm.ScalarScratch
warning: LeanExe/Wasm/ScalarScratch.lean:24:19: This simp argument is unused:
  instBEqU64Op

Hint: Omit it from the simp argument list.
  [apply] simp [Binary.CoreWasm.exprScratch, Expr.scratchWidth, ia, ib, BEq.beq, instBEqU64Op.beq, U64Op.ctorIdx,
    Nat.add_comm]

Note: This linter can be disabled with `set_option linter.unusedSimpArgs false`
⚠ [3217/3246] Replayed Interpreter.Wasm.Mem
warning: Interpreter/Wasm/Mem.lean:133:10: `if_neg` has been deprecated: Use `ite_eq_right` instead
warning: Interpreter/Wasm/Mem.lean:152:8: `if_pos` has been deprecated: Use `ite_eq_left` instead
warning: Interpreter/Wasm/Mem.lean:152:19: `if_pos` has been deprecated: Use `ite_eq_left` instead
warning: Interpreter/Wasm/Mem.lean:153:8: `if_neg` has been deprecated: Use `ite_eq_right` instead
warning: Interpreter/Wasm/Mem.lean:155:20: `if_pos` has been deprecated: Use `ite_eq_left` instead
warning: Interpreter/Wasm/Mem.lean:155:32: `if_pos` has been deprecated: Use `ite_eq_left` instead
warning: Interpreter/Wasm/Mem.lean:156:10: `if_neg` has been deprecated: Use `ite_eq_right` instead
warning: Interpreter/Wasm/Mem.lean:156:21: `if_neg` has been deprecated: Use `ite_eq_right` instead
warning: Interpreter/Wasm/Mem.lean:219:10: `dif_pos` has been deprecated: Use `dite_eq_left` instead
warning: Interpreter/Wasm/Mem.lean:222:10: `dif_pos` has been deprecated: Use `dite_eq_left` instead
warning: Interpreter/Wasm/Mem.lean:226:10: `dif_neg` has been deprecated: Use `dite_eq_right` instead
warning: Interpreter/Wasm/Mem.lean:228:12: `dif_pos` has been deprecated: Use `dite_eq_left` instead
warning: Interpreter/Wasm/Mem.lean:231:12: `dif_pos` has been deprecated: Use `dite_eq_left` instead
warning: Interpreter/Wasm/Mem.lean:233:12: `dif_neg` has been deprecated: Use `dite_eq_right` instead
warning: Interpreter/Wasm/Mem.lean:236:12: `dif_neg` has been deprecated: Use `dite_eq_right` instead
warning: Interpreter/Wasm/Mem.lean:246:10: `dif_neg` has been deprecated: Use `dite_eq_right` instead
warning: Interpreter/Wasm/Mem.lean:266:12: `dif_neg` has been deprecated: Use `dite_eq_right` instead
warning: Interpreter/Wasm/Mem.lean:300:44: `if_pos` has been deprecated: Use `ite_eq_left` instead
⚠ [3228/3246] Replayed Interpreter.Wasm.Semantics.Lemmas
warning: Interpreter/Wasm/Semantics/Lemmas.lean:162:25: `if_pos` has been deprecated: Use `ite_eq_left` instead
warning: Interpreter/Wasm/Semantics/Lemmas.lean:166:50: `if_pos` has been deprecated: Use `ite_eq_left` instead
warning: Interpreter/Wasm/Semantics/Lemmas.lean:168:25: `if_neg` has been deprecated: Use `ite_eq_right` instead
warning: Interpreter/Wasm/Semantics/Lemmas.lean:172:50: `if_neg` has been deprecated: Use `ite_eq_right` instead
warning: Interpreter/Wasm/Semantics/Lemmas.lean:224:40: `if_pos` has been deprecated: Use `ite_eq_left` instead
warning: Interpreter/Wasm/Semantics/Lemmas.lean:226:38: `if_pos` has been deprecated: Use `ite_eq_left` instead
warning: Interpreter/Wasm/Semantics/Lemmas.lean:229:38: `if_neg` has been deprecated: Use `ite_eq_right` instead
warning: Interpreter/Wasm/Semantics/Lemmas.lean:262:40: `if_pos` has been deprecated: Use `ite_eq_left` instead
warning: Interpreter/Wasm/Semantics/Lemmas.lean:264:38: `if_pos` has been deprecated: Use `ite_eq_left` instead
warning: Interpreter/Wasm/Semantics/Lemmas.lean:267:38: `if_neg` has been deprecated: Use `ite_eq_right` instead
warning: Interpreter/Wasm/Semantics/Lemmas.lean:433:15: `if_pos` has been deprecated: Use `ite_eq_left` instead
warning: Interpreter/Wasm/Semantics/Lemmas.lean:443:15: `if_neg` has been deprecated: Use `ite_eq_right` instead
warning: Interpreter/Wasm/Semantics/Lemmas.lean:513:66: `if_pos` has been deprecated: Use `ite_eq_left` instead
ℹ [3235/3252] Replayed Project.TalosCompat
info: Project/TalosCompat.lean:92:0: 'Wasm.exec_block_control_types' depends on axioms: [propext, Classical.choice, Quot.sound]
info: Project/TalosCompat.lean:93:0: 'Wasm.exec_iff_control_types' depends on axioms: [propext, Classical.choice, Quot.sound]
info: Project/TalosCompat.lean:94:0: 'Wasm.wp_block_control_types' depends on axioms: [propext, Classical.choice, Quot.sound]
info: Project/TalosCompat.lean:95:0: 'Wasm.wp_iff_control_types' depends on axioms: [propext, Classical.choice, Quot.sound]
⚠ [3236/3252] Replayed Project.ProofKit.ScalarTransition
warning: Project/ProofKit/ScalarTransition.lean:87:45: `if_pos` has been deprecated: Use `ite_eq_left` instead
warning: Project/ProofKit/ScalarTransition.lean:101:12: `if_false` has been deprecated: Use `ite_false` instead
warning: Project/ProofKit/ScalarTransition.lean:101:22: `if_true` has been deprecated: Use `ite_true` instead
warning: Project/ProofKit/ScalarTransition.lean:667:16: `if_pos` has been deprecated: Use `ite_eq_left` instead
warning: Project/ProofKit/ScalarTransition.lean:669:16: `if_neg` has been deprecated: Use `ite_eq_right` instead
warning: Project/ProofKit/ScalarTransition.lean:711:16: `if_pos` has been deprecated: Use `ite_eq_left` instead
warning: Project/ProofKit/ScalarTransition.lean:714:16: `if_neg` has been deprecated: Use `ite_eq_right` instead
warning: Project/ProofKit/ScalarTransition.lean:831:12: `if_neg` has been deprecated: Use `ite_eq_right` instead
warning: Project/ProofKit/ScalarTransition.lean:842:12: `if_pos` has been deprecated: Use `ite_eq_left` instead
warning: Project/ProofKit/ScalarTransition.lean:863:12: `if_neg` has been deprecated: Use `ite_eq_right` instead
warning: Project/ProofKit/ScalarTransition.lean:876:12: `if_pos` has been deprecated: Use `ite_eq_left` instead
warning: Project/ProofKit/ScalarTransition.lean:893:12: `if_neg` has been deprecated: Use `ite_eq_right` instead
warning: Project/ProofKit/ScalarTransition.lean:908:12: `if_pos` has been deprecated: Use `ite_eq_left` instead
warning: Project/ProofKit/ScalarTransition.lean:664:25: This simp argument is unused:
  List.cons_append

Hint: Omit it from the simp argument list.
  [apply] simp only [List.nil_append, Wasm.wp_iff_control_types]

Note: This linter can be disabled with `set_option linter.unusedSimpArgs false`
warning: Project/ProofKit/ScalarTransition.lean:664:43: This simp argument is unused:
  List.nil_append

Hint: Omit it from the simp argument list.
  [apply] simp only [List.cons_append, Wasm.wp_iff_control_types]

Note: This linter can be disabled with `set_option linter.unusedSimpArgs false`
warning: Project/ProofKit/ScalarTransition.lean:708:25: This simp argument is unused:
  List.cons_append

Hint: Omit it from the simp argument list.
  [apply] simp only [List.nil_append, Wasm.wp_iff_control_types]

Note: This linter can be disabled with `set_option linter.unusedSimpArgs false`
warning: Project/ProofKit/ScalarTransition.lean:708:43: This simp argument is unused:
  List.nil_append

Hint: Omit it from the simp argument list.
  [apply] simp only [List.cons_append, Wasm.wp_iff_control_types]

Note: This linter can be disabled with `set_option linter.unusedSimpArgs false`
warning: Project/ProofKit/ScalarTransition.lean:968:12: `if_neg` has been deprecated: Use `ite_eq_right` instead
warning: Project/ProofKit/ScalarTransition.lean:981:12: `if_pos` has been deprecated: Use `ite_eq_left` instead
⚠ [3237/3252] Replayed Project.Compiler.ScalarLowering
warning: Project/Compiler/ScalarLowering.lean:49:50: Used `tac1 <;> tac2` where `(tac1; tac2)` would suffice

Note: This linter can be disabled with `set_option linter.unnecessarySeqFocus false`
warning: Project/Compiler/ScalarLowering.lean:112:116: This simp argument is unused:
  LeanExe.Wasm.ScalarDescriptor.instBEqU64Op

Hint: Omit it from the simp argument list.
  [apply] simp [LeanExe.Wasm.ScalarDescriptor.U64Op.ctorIdx, LeanExe.Wasm.ScalarDescriptor.instBEqU64Op.beq, BEq.beq,
    LeanExe.Wasm.ScalarDescriptor.Expr.emit, expression, operation, Project.ProofKit.ScalarTransition.Expr.program,
    LeanExe.Wasm.ScalarDescriptor.U64Op.instruction, Project.ProofKit.ScalarTransition.U64Op.instruction,
    program_append, program, instruction, expression_program a, expression_program b]

Note: This linter can be disabled with `set_option linter.unusedSimpArgs false`
✔ [3238/3252] Built LeanExe.Wasm.ScalarRangeCertificate (1.1s)
✔ [3240/3252] Built LeanExe.Wasm.ScalarPublicAdmission (1.0s)
⚠ [3242/3253] Replayed Project.Compiler.ScalarEvaluation
warning: Project/Compiler/ScalarEvaluation.lean:24:6: try 'simp' instead of 'simpa'

Note: This linter can be disabled with `set_option linter.unnecessarySimpa false`
✔ [3246/3253] Built LeanExe.Wasm.ScalarRangeAdmission (999ms)
✔ [3247/3254] Built Project.Compiler.RangeLoopExecution (3.5s)
⚠ [3249/3254] Built Project.Compiler.RangeExitLoopExecution (3.6s)
warning: Project/Compiler/RangeExitLoopExecution.lean:74:113: Used `tac1 <;> tac2` where `(tac1; tac2)` would suffice

Note: This linter can be disabled with `set_option linter.unnecessarySeqFocus false`
⚠ [3250/3254] Built Project.Compiler.RangeFunctionExecution (3.8s)
warning: Project/Compiler/RangeFunctionExecution.lean:71:47: This simp argument is unused:
  pure

Hint: Omit it from the simp argument list.
  [apply] simp only [Range.setup, Stmt.eval, (Expr.ofIR_eval countEval hc).1, countWrite,
    (Expr.ofIR_eval initialEval hi).1, LeanExe.IR.rangeStore_write_value, Expr.eval, LeanExe.IR.rangeStore_write_index,
    bind, Option.bind_some]

Note: This linter can be disabled with `set_option linter.unusedSimpArgs false`
warning: Project/Compiler/RangeFunctionExecution.lean:77:36: This simp argument is unused:
  initial

Hint: Omit it from the simp argument list.
  [apply] simp

Note: This linter can be disabled with `set_option linter.unusedSimpArgs false`
warning: Project/Compiler/RangeFunctionExecution.lean:80:19: This simp argument is unused:
  initial

Hint: Omit it from the simp argument list.
  [apply] simp [scratch, Range.loop, LeanExe.Wasm.ScalarDescriptor.While.scratchWidth, Stmt.scratchWidth,
    LeanExe.Wasm.ScalarDescriptor.Cond.scratchWidth, Expr.scratchWidth, BEq.beq,
    LeanExe.Wasm.ScalarDescriptor.instBEqU64Op, LeanExe.Wasm.ScalarDescriptor.instBEqU64Op.beq,
    LeanExe.Wasm.ScalarDescriptor.U64Op.ctorIdx, Range.scratchWidth]

Note: This linter can be disabled with `set_option linter.unusedSimpArgs false`
warning: Project/Compiler/RangeFunctionExecution.lean:82:15: This simp argument is unused:
  LeanExe.Wasm.ScalarDescriptor.instBEqU64Op

Hint: Omit it from the simp argument list.
  [apply] simp [scratch, initial, Range.loop, LeanExe.Wasm.ScalarDescriptor.While.scratchWidth, Stmt.scratchWidth,
    LeanExe.Wasm.ScalarDescriptor.Cond.scratchWidth, Expr.scratchWidth, BEq.beq,
    LeanExe.Wasm.ScalarDescriptor.instBEqU64Op.beq, LeanExe.Wasm.ScalarDescriptor.U64Op.ctorIdx, Range.scratchWidth]

Note: This linter can be disabled with `set_option linter.unusedSimpArgs false`
⚠ [3252/3256] Built Project.Compiler.RangeExitFunctionExecution (3.9s)
warning: Project/Compiler/RangeExitFunctionExecution.lean:58:89: This simp argument is unused:
  pure

Hint: Omit it from the simp argument list.
  [apply] simp only [RangeExit.setup, Stmt.eval, (Expr.ofIR_eval countEval hc).1, countWrite,
    (Expr.ofIR_eval initialEval hi).1, LeanExe.IR.rangeExitStore_write_value, Expr.eval,
    LeanExe.IR.rangeExitStore_write_index, LeanExe.IR.rangeExitStore_write_flag, bind, Option.bind_some]

Note: This linter can be disabled with `set_option linter.unusedSimpArgs false`
warning: Project/Compiler/RangeExitFunctionExecution.lean:65:36: This simp argument is unused:
  initial

Hint: Omit it from the simp argument list.
  [apply] simp

Note: This linter can be disabled with `set_option linter.unusedSimpArgs false`
warning: Project/Compiler/RangeExitFunctionExecution.lean:68:19: This simp argument is unused:
  initial

Hint: Omit it from the simp argument list.
  [apply] simp [scratch, RangeExit.loop, RangeExit.index, LeanExe.Wasm.ScalarDescriptor.While.scratchWidth,
    Stmt.scratchWidth, LeanExe.Wasm.ScalarDescriptor.Cond.scratchWidth, Expr.scratchWidth, BEq.beq,
    LeanExe.Wasm.ScalarDescriptor.instBEqU64Op, LeanExe.Wasm.ScalarDescriptor.instBEqU64Op.beq,
    LeanExe.Wasm.ScalarDescriptor.U64Op.ctorIdx, RangeExit.scratchWidth]

Note: This linter can be disabled with `set_option linter.unusedSimpArgs false`
warning: Project/Compiler/RangeExitFunctionExecution.lean:70:15: This simp argument is unused:
  LeanExe.Wasm.ScalarDescriptor.instBEqU64Op

Hint: Omit it from the simp argument list.
  [apply] simp [scratch, initial, RangeExit.loop, RangeExit.index, LeanExe.Wasm.ScalarDescriptor.While.scratchWidth,
    Stmt.scratchWidth, LeanExe.Wasm.ScalarDescriptor.Cond.scratchWidth, Expr.scratchWidth, BEq.beq,
    LeanExe.Wasm.ScalarDescriptor.instBEqU64Op.beq, LeanExe.Wasm.ScalarDescriptor.U64Op.ctorIdx, RangeExit.scratchWidth]

Note: This linter can be disabled with `set_option linter.unusedSimpArgs false`
✔ [3253/3268] Built Project.Compiler.ScalarFunction (3.7s)
⚠ [3258/3268] Replayed Project.Artifact.Binary.Proof.Cursor
warning: Project/Artifact/Binary/Proof/Cursor.lean:131:8: `if_pos` has been deprecated: Use `ite_eq_left` instead
warning: Project/Artifact/Binary/Proof/Cursor.lean:145:8: `if_neg` has been deprecated: Use `ite_eq_right` instead
warning: Project/Artifact/Binary/Proof/Cursor.lean:156:8: `if_pos` has been deprecated: Use `ite_eq_left` instead
warning: Project/Artifact/Binary/Proof/Cursor.lean:162:8: `if_neg` has been deprecated: Use `ite_eq_right` instead
warning: Project/Artifact/Binary/Proof/Cursor.lean:180:8: `if_pos` has been deprecated: Use `ite_eq_left` instead
warning: Project/Artifact/Binary/Proof/Cursor.lean:180:8: `if_pos` has been deprecated: Use `ite_eq_left` instead
warning: Project/Artifact/Binary/Proof/Cursor.lean:191:8: `if_neg` has been deprecated: Use `ite_eq_right` instead
⚠ [3259/3268] Replayed Project.Artifact.Binary.Proof.Leb
warning: Project/Artifact/Binary/Proof/Leb.lean:10:5: Ambiguous namespace `Parser`: it is interpreted as `_root_.Wasm.Binary.Parser` because this `open` occurs inside `namespace Wasm.Binary.Leb.Proof`, while `_root_.Parser` is silently not opened. Specify the namespace unambiguously, e.g. `_root_.Wasm.Binary.Parser`. The warning can sometimes also be addressed by moving the `open` outside of the surrounding `namespace`.

Note: This linter can be disabled with `set_option linter.ambiguousOpen false`
⚠ [3260/3268] Replayed Project.Compiler.UnsignedLeb
warning: Project/Compiler/UnsignedLeb.lean:32:36: This simp argument is unused:
  UInt64.toNat_add

Hint: Omit it from the simp argument list.
  [apply] simp [UInt64.toNat_toUInt8, UInt64.toNat_mod, Nat.mod_eq_of_lt low]

Note: This linter can be disabled with `set_option linter.unusedSimpArgs false`
warning: Project/Compiler/UnsignedLeb.lean:33:10: This simp argument is unused:
  Nat.mod_eq_of_lt low

Hint: Omit it from the simp argument list.
  [apply] simp [UInt64.toNat_toUInt8, UInt64.toNat_add, UInt64.toNat_mod]

Note: This linter can be disabled with `set_option linter.unusedSimpArgs false`
warning: Project/Compiler/UnsignedLeb.lean:46:10: `if_pos` has been deprecated: Use `ite_eq_left` instead
warning: Project/Compiler/UnsignedLeb.lean:52:10: `if_neg` has been deprecated: Use `ite_eq_right` instead
⚠ [3261/3268] Replayed Project.Compiler.SignedLebBits
warning: Project/Compiler/SignedLebBits.lean:16:35: This simp argument is unused:
  BitVec.getLsbD_zero

Hint: Omit it from the simp argument list.
  [apply] simp only [BitVec.getLsbD_and, BitVec.getLsbD_ofNat]

Note: This linter can be disabled with `set_option linter.unusedSimpArgs false`
warning: Project/Compiler/SignedLebBits.lean:31:10: This simp argument is unused:
  BitVec.getLsbD_or

Hint: Omit it from the simp argument list.
  [apply] simp [BitVec.getLsbD_ushiftRight, BitVec.getLsbD_sshiftRight, BitVec.getLsbD_ofNat,
    BitVec.getElem_sshiftRight, top, topElem, sign]

Note: This linter can be disabled with `set_option linter.unusedSimpArgs false`
warning: Project/Compiler/SignedLebBits.lean:31:29: This simp argument is unused:
  BitVec.getLsbD_ushiftRight

Hint: Omit it from the simp argument list.
  [apply] simp [BitVec.getLsbD_or, BitVec.getLsbD_sshiftRight, BitVec.getLsbD_ofNat, BitVec.getElem_sshiftRight, top,
    topElem, sign]

Note: This linter can be disabled with `set_option linter.unusedSimpArgs false`
warning: Project/Compiler/SignedLebBits.lean:31:57: This simp argument is unused:
  BitVec.getLsbD_sshiftRight

Hint: Omit it from the simp argument list.
  [apply] simp [BitVec.getLsbD_or, BitVec.getLsbD_ushiftRight, BitVec.getLsbD_ofNat, BitVec.getElem_sshiftRight, top,
    topElem, sign]

Note: This linter can be disabled with `set_option linter.unusedSimpArgs false`
warning: Project/Compiler/SignedLebBits.lean:32:6: This simp argument is unused:
  BitVec.getLsbD_ofNat

Hint: Omit it from the simp argument list.
  [apply] simp [BitVec.getLsbD_or, BitVec.getLsbD_ushiftRight, BitVec.getLsbD_sshiftRight, BitVec.getElem_sshiftRight,
    top, topElem, sign]

Note: This linter can be disabled with `set_option linter.unusedSimpArgs false`
warning: Project/Compiler/SignedLebBits.lean:32:56: This simp argument is unused:
  top

Hint: Omit it from the simp argument list.
  [apply] simp [BitVec.getLsbD_or, BitVec.getLsbD_ushiftRight, BitVec.getLsbD_sshiftRight, BitVec.getLsbD_ofNat,
    BitVec.getElem_sshiftRight, topElem, sign]

Note: This linter can be disabled with `set_option linter.unusedSimpArgs false`
⚠ [3262/3268] Replayed Project.Compiler.SignedLebStop
warning: Project/Compiler/SignedLebStop.lean:11:15: This simp argument is unused:
  bit

Hint: Omit it from the simp argument list.
  [apply] simp only [Bool.false_eq_true, ite_false, ite_true, BitVec.getLsbD_and, BitVec.getLsbD_ofNat,
    BitVec.getLsbD_zero, Nat.testBit_two_pow]

Note: This linter can be disabled with `set_option linter.unusedSimpArgs false`
warning: Project/Compiler/SignedLebStop.lean:12:28: This simp argument is unused:
  BitVec.getLsbD_zero

Hint: Omit it from the simp argument list.
  [apply] simp only [bit, Bool.false_eq_true, ite_false, ite_true, BitVec.getLsbD_and, BitVec.getLsbD_ofNat,
    Nat.testBit_two_pow]

Note: This linter can be disabled with `set_option linter.unusedSimpArgs false`
warning: Project/Compiler/SignedLebStop.lean:16:42: This simp argument is unused:
  Bool.false_and

Hint: Omit it from the simp argument list.
  [apply] simp only [bit, bound, decide_true, Bool.true_and, Bool.and_true]

Note: This linter can be disabled with `set_option linter.unusedSimpArgs false`
warning: Project/Compiler/SignedLebStop.lean:16:58: This simp argument is unused:
  Bool.true_and

Hint: Omit it from the simp argument list.
  [apply] simp only [bit, bound, decide_true, Bool.false_and, Bool.and_true]

Note: This linter can be disabled with `set_option linter.unusedSimpArgs false`
warning: Project/Compiler/SignedLebStop.lean:16:88: Used `tac1 <;> tac2` where `(tac1; tac2)` would suffice

Note: This linter can be disabled with `set_option linter.unnecessarySeqFocus false`
warning: Project/Compiler/SignedLebStop.lean:66:49: This simp argument is unused:
  false_and

Hint: Omit it from the simp argument list.
  [apply] simp only [show (0 : UInt64) ≠ 64 by decide, show (64 : UInt64) ≠ 0 by decide, and_false, or_false, false_or,
    eq_self, and_true, true_and]

Note: This linter can be disabled with `set_option linter.unusedSimpArgs false`
warning: Project/Compiler/SignedLebStop.lean:66:99: This simp argument is unused:
  true_and

Hint: Omit it from the simp argument list.
  [apply] simp only [show (0 : UInt64) ≠ 64 by decide, show (64 : UInt64) ≠ 0 by decide, and_false, false_and, or_false,
    false_or, eq_self, and_true]

Note: This linter can be disabled with `set_option linter.unusedSimpArgs false`
⚠ [3263/3268] Replayed Project.Compiler.SignedLebTrace
warning: Project/Compiler/SignedLebTrace.lean:77:10: `if_pos` has been deprecated: Use `ite_eq_left` instead
warning: Project/Compiler/SignedLebTrace.lean:87:10: `if_neg` has been deprecated: Use `ite_eq_right` instead
⚠ [3264/3268] Replayed Project.Compiler.SignedLeb
warning: Project/Compiler/SignedLeb.lean:38:17: This simp argument is unused:
  h

Hint: Omit it from the simp argument list.
  [apply] simp only [ite_true, ByteArray.push, Array.toList_push, native_low_byte]

Note: This linter can be disabled with `set_option linter.unusedSimpArgs false`
warning: Project/Compiler/SignedLeb.lean:38:20: This simp argument is unused:
  ite_true

Hint: Omit it from the simp argument list.
  [apply] simp only [h, ByteArray.push, Array.toList_push, native_low_byte]

Note: This linter can be disabled with `set_option linter.unusedSimpArgs false`
warning: Project/Compiler/SignedLeb.lean:40:17: This simp argument is unused:
  h

Hint: Omit it from the simp argument list.
  [apply] simp only [ite_false, ih, ByteArray.push, Array.toList_push, native_high_byte, sar7_signed, List.append_assoc,
    List.singleton_append]

Note: This linter can be disabled with `set_option linter.unusedSimpArgs false`
warning: Project/Compiler/SignedLeb.lean:40:20: This simp argument is unused:
  ite_false

Hint: Omit it from the simp argument list.
  [apply] simp only [h, ih, ByteArray.push, Array.toList_push, native_high_byte, sar7_signed, List.append_assoc,
    List.singleton_append]

Note: This linter can be disabled with `set_option linter.unusedSimpArgs false`
warning: Project/Compiler/SignedLeb.lean:49:4: This simp argument is unused:
  List.nil_append

Hint: Omit it from the simp argument list.
  [apply] simp only [LeanExe.Wasm.Leb.s64lebU64, native_bytes, ByteArray.empty, Array.toList_empty]

Note: This linter can be disabled with `set_option linter.unusedSimpArgs false`
warning: Project/Compiler/SignedLeb.lean:49:21: This simp argument is unused:
  Array.toList_empty

Hint: Omit it from the simp argument list.
  [apply] simp only [LeanExe.Wasm.Leb.s64lebU64, native_bytes, ByteArray.empty, List.nil_append]

Note: This linter can be disabled with `set_option linter.unusedSimpArgs false`
⚠ [3265/3268] Replayed Project.Compiler.ArithmeticEncoding
warning: Project/Compiler/ArithmeticEncoding.lean:54:26: This simp argument is unused:
  ByteArray.toList_data_append

Hint: Omit it from the simp argument list.
  [apply] simp [byteArray_toList]

Note: This linter can be disabled with `set_option linter.unusedSimpArgs false`
⚠ [3266/3268] Replayed Project.Compiler.ControlAnnotations
warning: Project/Compiler/ControlAnnotations.lean:77:25: `if_pos` has been deprecated: Use `ite_eq_left` instead
warning: Project/Compiler/ControlAnnotations.lean:79:25: `if_neg` has been deprecated: Use `ite_eq_right` instead
✔ [3267/3283] Built Project.Compiler.ArithmeticEmission (3.7s)
⚠ [3273/3283] Replayed Project.Compiler.Parsing
warning: Project/Compiler/Parsing.lean:52:56: This simp argument is unused:
  List.getElem?_append_right

Hint: Omit it from the simp argument list.
  [apply] simp [Wasm.Binary.Parser.readByte, cursor, available, List.length_append]

Note: This linter can be disabled with `set_option linter.unusedSimpArgs false`
warning: Project/Compiler/Parsing.lean:59:56: This simp argument is unused:
  List.getElem?_append_right

Hint: Omit it from the simp argument list.
  [apply] simp [Wasm.Binary.Parser.peekByte, cursor, available]

Note: This linter can be disabled with `set_option linter.unusedSimpArgs false`
⚠ [3277/3283] Replayed Project.Compiler.StructuredParsing
warning: Project/Compiler/StructuredParsing.lean:64:28: This simp argument is unused:
  List.append_assoc

Hint: Omit it from the simp argument list.
  [apply] simp [LeanExe.Wasm.Binary.CoreWasm.encodeInstr, LeanExe.Wasm.Image.emitInstr, image_sequence]

Note: This linter can be disabled with `set_option linter.unusedSimpArgs false`
warning: Project/Compiler/StructuredParsing.lean:81:28: This simp argument is unused:
  List.append_assoc

Hint: Omit it from the simp argument list.
  [apply] simp [LeanExe.Wasm.Binary.CoreWasm.encodeInstr, LeanExe.Wasm.Image.emitInstr, image_sequence]

Note: This linter can be disabled with `set_option linter.unusedSimpArgs false`
✔ [3278/3285] Built Project.Compiler.ArithmeticFunctionBytes (3.6s)
✔ [3279/3285] Built Project.Compiler.ValidationRules (4.1s)
✔ [3280/3289] Built Project.Compiler.TypedSequences (3.6s)
⚠ [3281/3289] Replayed Project.Compiler.ContainerEncoding
warning: Project/Compiler/ContainerEncoding.lean:10:4: This simp argument is unused:
  ByteArray.toList_data_append

Hint: Omit it from the simp argument list.
  [apply] simp [byteVec, LeanExe.Wasm.Leb.byteVecBytes, u32leb, byteArray_toList, ByteArray.size]

Note: This linter can be disabled with `set_option linter.unusedSimpArgs false`
warning: Project/Compiler/ContainerEncoding.lean:15:4: This simp argument is unused:
  ByteArray.toList_data_append

Hint: Omit it from the simp argument list.
  [apply] simp [wasmSection, LeanExe.Wasm.Leb.sectionBytes, u32leb, byteArray_toList, ByteArray.push, ByteArray.size]

Note: This linter can be disabled with `set_option linter.unusedSimpArgs false`
✔ [3282/3289] Built Project.Compiler.TypedConditionals (3.6s)
⚠ [3283/3289] Replayed Project.Compiler.ContainerParsing
warning: Project/Compiler/ContainerParsing.lean:20:6: `if_pos` has been deprecated: Use `ite_eq_left` instead
✔ [3284/3292] Built Project.Compiler.TypedLoops (4.0s)
✔ [3285/3292] Built Project.Compiler.ArithmeticTyping (3.6s)
⚠ [3287/3292] Built Project.Compiler.RangeExitTyping (3.7s)
warning: Project/Compiler/RangeExitTyping.lean:54:19: This simp argument is unused:
  instBEqU64Op

Hint: Omit it from the simp argument list.
  [apply] simp [RangeExit.index, Expr.scratchWidth, LeanExe.Wasm.ScalarDescriptor.Cond.scratchWidth, BEq.beq,
    instBEqU64Op.beq, U64Op.ctorIdx]

Note: This linter can be disabled with `set_option linter.unusedSimpArgs false`
✔ [3288/3292] Built Project.Compiler.RangeTyping (3.6s)
✔ [3289/3292] Built Project.Compiler.RangeExitFunctionBytes (3.6s)
✔ [3290/3292] Built Project.Compiler.RangeFunctionBytes (3.6s)
✔ [3291/3303] Built Project.Compiler.SourceFunctionBytes (3.7s)
⚠ [3294/3303] Replayed Project.Compiler.SectionParsing
warning: Project/Compiler/SectionParsing.lean:25:17: Unused tactic linter: `omega` does nothing

Note: This linter can be disabled with `set_option linter.unusedTactic false`
warning: Project/Compiler/SectionParsing.lean:25:17: this tactic is never executed

Note: This linter can be disabled with `set_option linter.unreachableTactic false`
warning: Project/Compiler/SectionParsing.lean:25:33: Used `tac1 <;> tac2` where `(tac1; tac2)` would suffice

Note: This linter can be disabled with `set_option linter.unnecessarySeqFocus false`
⚠ [3296/3303] Replayed Project.Compiler.ModuleSections
warning: Project/Compiler/ModuleSections.lean:65:4: Unused tactic linter: `(try dsimp)` does nothing

Note: This linter can be disabled with `set_option linter.unusedTactic false`
warning: Project/Compiler/ModuleSections.lean:66:4: Unused tactic linter: `(try dsimp)` does nothing

Note: This linter can be disabled with `set_option linter.unusedTactic false`
warning: Project/Compiler/ModuleSections.lean:70:4: Unused tactic linter: `(try dsimp)` does nothing

Note: This linter can be disabled with `set_option linter.unusedTactic false`
warning: Project/Compiler/ModuleSections.lean:76:4: Unused tactic linter: `(try dsimp)` does nothing

Note: This linter can be disabled with `set_option linter.unusedTactic false`
warning: Project/Compiler/ModuleSections.lean:83:4: Unused tactic linter: `(try dsimp)` does nothing

Note: This linter can be disabled with `set_option linter.unusedTactic false`
warning: Project/Compiler/ModuleSections.lean:90:4: Unused tactic linter: `(try dsimp)` does nothing

Note: This linter can be disabled with `set_option linter.unusedTactic false`
⚠ [3299/3303] Replayed Project.Compiler.FixedPayloads
warning: Project/Compiler/FixedPayloads.lean:18:15: This simp argument is unused:
  memoryItems

Hint: Omit it from the simp argument list.
  [apply] simp only [List.mem_cons, List.not_mem_nil, or_false] at member

Note: This linter can be disabled with `set_option linter.unusedSimpArgs false`
warning: Project/Compiler/FixedPayloads.lean:50:15: This simp argument is unused:
  globalItems

Hint: Omit it from the simp argument list.
  [apply] simp only [List.mem_cons, List.not_mem_nil, or_false] at member

Note: This linter can be disabled with `set_option linter.unusedSimpArgs false`
⚠ [3301/3303] Replayed Project.Compiler.UserPayloads
warning: Project/Compiler/UserPayloads.lean:32:15: This simp argument is unused:
  typeItems

Hint: Omit it from the simp argument list.
  [apply] simp only [LeanExe.Wasm.ArithmeticBounds.typeItems, List.mem_cons, List.not_mem_nil, or_false] at member

Note: This linter can be disabled with `set_option linter.unusedSimpArgs false`
warning: Project/Compiler/UserPayloads.lean:32:26: This simp argument is unused:
  LeanExe.Wasm.ArithmeticBounds.typeItems

Hint: Omit it from the simp argument list.
  [apply] simp only [typeItems, List.mem_cons, List.not_mem_nil, or_false] at member

Note: This linter can be disabled with `set_option linter.unusedSimpArgs false`
warning: Project/Compiler/UserPayloads.lean:76:15: This simp argument is unused:
  exportItems

Hint: Omit it from the simp argument list.
  [apply] simp only [LeanExe.Wasm.ArithmeticBounds.exportItems, List.mem_cons, List.not_mem_nil, or_false] at member

Note: This linter can be disabled with `set_option linter.unusedSimpArgs false`
warning: Project/Compiler/UserPayloads.lean:76:28: This simp argument is unused:
  LeanExe.Wasm.ArithmeticBounds.exportItems

Hint: Omit it from the simp argument list.
  [apply] simp only [exportItems, List.mem_cons, List.not_mem_nil, or_false] at member

Note: This linter can be disabled with `set_option linter.unusedSimpArgs false`
warning: Project/Compiler/UserPayloads.lean:92:26: This simp argument is unused:
  exportItems

Hint: Omit it from the simp argument list.
  [apply] simp [LeanExe.Wasm.Binary.CoreWasm.exportSection, LeanExe.Wasm.Binary.CoreWasm.enumerate,
    LeanExe.Wasm.Binary.CoreWasm.enumerateAux, named, exportPayload, LeanExe.Wasm.ArithmeticBounds.exportPayload,
    LeanExe.Wasm.ArithmeticBounds.exportItems, LeanExe.Wasm.Binary.CoreWasm.runtimeStatGlobal]

Note: This linter can be disabled with `set_option linter.unusedSimpArgs false`
⚠ [3305/3316] Replayed Project.Compiler.RuntimeStructure
warning: Project/Compiler/RuntimeStructure.lean:53:52: This simp argument is unused:
  List.append_assoc

Hint: Omit it from the simp argument list.
  [apply] simp [Control.source, Control.tag, LeanExe.Wasm.Binary.CoreWasm.encodeInstr, LeanExe.Wasm.Image.emitInstr,
    image_sequence, empty]

Note: This linter can be disabled with `set_option linter.unusedSimpArgs false`
warning: Project/Compiler/RuntimeStructure.lean:53:71: This simp argument is unused:
  empty

Hint: Omit it from the simp argument list.
  [apply] simp [Control.source, Control.tag, LeanExe.Wasm.Binary.CoreWasm.encodeInstr, LeanExe.Wasm.Image.emitInstr,
    image_sequence, List.append_assoc]

Note: This linter can be disabled with `set_option linter.unusedSimpArgs false`
⚠ [3310/3316] Replayed Project.Compiler.CodePayloads
warning: Project/Compiler/CodePayloads.lean:34:15: This simp argument is unused:
  codeItems

Hint: Omit it from the simp argument list.
  [apply] simp only [LeanExe.Wasm.ArithmeticBounds.codeItems, List.mem_cons, List.not_mem_nil, or_false] at member

Note: This linter can be disabled with `set_option linter.unusedSimpArgs false`
warning: Project/Compiler/CodePayloads.lean:34:26: This simp argument is unused:
  LeanExe.Wasm.ArithmeticBounds.codeItems

Hint: Omit it from the simp argument list.
  [apply] simp only [codeItems, List.mem_cons, List.not_mem_nil, or_false] at member

Note: This linter can be disabled with `set_option linter.unusedSimpArgs false`
✔ [3312/3316] Built Project.Compiler.SourceModuleBytes (3.6s)
⚠ [3313/3316] Built Project.Compiler.ModuleInvocation (3.7s)
warning: Project/Compiler/ModuleInvocation.lean:32:4: This simp argument is unused:
  UInt32.toNat_ofNat_of_lt' bound

Hint: Omit it from the simp argument list.
  [apply] simp [userFunction, Wasm.Function.toLocals, declared, i64Locals, Translation.expandLocals, ValType.toTalos,
    Wasm.ValueType.zero, ScalarLowering.functionState, Project.ProofKit.ScalarTransition.State.toLocals]

Note: This linter can be disabled with `set_option linter.unusedSimpArgs false`
✔ [3314/3316] Built Project.Compiler.SourceInvocation (3.6s)
⚠ [3315/3316] Built Project.Compiler.FunctionTyping (3.6s)
warning: Project/Compiler/FunctionTyping.lean:40:5: Variable name `results` is not explicitly referenced.

Hint: The binding can be removed (if unused) or named `_` (if used implicitly). Alternatively, prefix the name with `_` to silence this warning:
  [apply] _results

Note: This linter can be disabled with `set_option linter.unusedVariables false`
✔ [3316/3316] Built Project.Compiler.SourceFunctionValidation (3.7s)
Build completed successfully (3316 jobs).
