cli-build: passed
admission-test: passed
reserved-exports: passed
fixture: passed
native-results: passed
compile-constant: passed
compile-publicInputIdWord: passed
compile-publicInputIdResult: passed
compile-publicFlagWord: passed
compile-publicFlagResult: passed
compile-publicFlagBind: passed
compile-publicFlagCapture: passed
compile-publicFlagsDecision: passed
compile-publicIdWord: passed
compile-publicIdBool: passed
compile-rangeBoolYield: passed
compile-rangeBoolExit: passed
compile-rangeBoolContinue: passed
compile-rangeBoolStride: passed
compile-rangeBoolStepHelper: passed
compile-rangeBoolCapture: passed
compile-rangeBoolFlag: passed
compile-rangeBoolIdInputs: passed
compile-rangeBoolPure: passed
compile-rangeBoolRun: passed
compile-rangeInputIdYield: passed
compile-rangeInputIdExit: passed
compile-rangeInputIdContinue: passed
compile-rangeInputIdCapture: passed
compile-rangeFlagYield: passed
compile-rangeFlagExit: passed
compile-rangeFlagContinue: passed
compile-rangeFlagBind: passed
Passed 559 native Lean / independent Wasm engine comparisons across 28 declarations.
