cli-build: passed
admission-test: passed
reserved-exports: passed
fixture: passed
native-results: passed
compile-constant: passed
compile-publicInputIdWord: passed
compile-publicInputIdResult: passed
compile-publicBoolHelpersNested: passed
compile-publicBoolHelpersRepeated: passed
compile-publicBoolHelpersWrapped: passed
compile-publicBoolHelpersInputId: passed
compile-publicBoolHelpersWord: passed
compile-publicBoolHelpersUnused: passed
compile-predicateBodyWordRepeated: passed
compile-predicateBodyWordBoolean: passed
compile-predicateBodyWordUnused: passed
compile-predicateBodyWordCapture: passed
compile-predicateBodyWordProposition: passed
compile-predicateBodyWordDo: passed
compile-booleanScopeBindWord: passed
compile-booleanScopeBindFlag: passed
compile-booleanScopeBindNested: passed
compile-booleanScopeBindRetained: passed
compile-booleanScopeBindUnused: passed
compile-booleanScopeBindChoice: passed
compile-binaryBooleanHelperDirect: passed
compile-binaryBooleanHelperRepeated: passed
compile-binaryBooleanHelperCapture: passed
compile-binaryBooleanHelperNested: passed
compile-binaryBooleanHelperRetained: passed
compile-binaryBooleanHelperUnused: passed
compile-binaryBooleanHelperOrder: passed
compile-booleanHelperBodyNested: passed
compile-booleanHelperBodyWrapped: passed
compile-booleanHelperBodyMixed: passed
compile-booleanHelperBodyCaptures: passed
compile-booleanHelperBodyUnused: passed
compile-booleanHelperBodyChoice: passed
compile-publicFlagWord: passed
compile-publicFlagResult: passed
compile-rangeBooleanScopeBindStep: passed
compile-rangeBooleanScopeBindExit: passed
compile-rangeBooleanScopeBindContinue: passed
compile-rangeBooleanScopeBindTail: passed
compile-rangeBinaryBooleanLoopHelperDirect: passed
compile-rangeBinaryBooleanLoopHelperBound: passed
compile-rangeBinaryBooleanLoopHelperInitial: passed
compile-rangeBinaryBooleanLoopHelperExit: passed
compile-rangeBinaryBooleanLoopHelperUnused: passed
compile-rangeBinaryBooleanLoopHelperWordTail: passed
compile-rangeBinaryBooleanLoopHelperCapture: passed
compile-rangeBinaryBooleanLoopHelperNested: passed
compile-rangeBinaryWordLoopHelperDirect: passed
compile-rangeBinaryWordLoopHelperBound: passed
compile-rangeBinaryWordLoopHelperInitial: passed
compile-rangeBinaryWordLoopHelperExit: passed
compile-rangeBinaryWordLoopHelperUnused: passed
compile-rangeBinaryWordLoopHelperTail: passed
compile-rangeBinaryWordLoopHelperCapture: passed
compile-rangeBinaryWordLoopHelperNested: passed
compile-rangeBooleanStepUnitFunctionDirect: passed
compile-rangeBooleanStepUnitFunctionPUnit: passed
compile-rangeBooleanStepUnitFunctionRetained: passed
compile-rangeBooleanStepUnitFunctionCapture: passed
compile-rangeBooleanStepUnitFunctionNested: passed
compile-rangeBooleanStepUnitFunctionUnused: passed
compile-rangeBooleanStepUnitFunctionGenerated: passed
compile-rangeBooleanStepUnitFunctionWordTail: passed
compile-rangeBinaryFlagStepHelperDirect: passed
compile-rangeBinaryFlagStepHelperExit: passed
compile-rangeBinaryFlagStepHelperContinue: passed
compile-rangeBinaryFlagStepHelperNested: passed
compile-rangeBinaryFlagStepHelperUnused: passed
compile-rangeBinaryFlagStepHelperWordTail: passed
compile-rangeBinaryFlagStepHelperCapturedExit: passed
compile-rangeBinaryFlagStepHelperChoice: passed
compile-rangeBinaryStepHelperDirect: passed
compile-rangeBinaryStepHelperExit: passed
compile-rangeBinaryStepHelperContinue: passed
compile-rangeBinaryStepHelperNested: passed
compile-rangeBinaryStepHelperUnused: passed
compile-rangeBinaryStepHelperWordTail: passed
compile-rangeBinaryStepHelperCapturedExit: passed
compile-rangeBinaryStepHelperChoice: passed
compile-rangeBinaryBooleanHelperStep: passed
compile-rangeBinaryBooleanHelperExit: passed
compile-rangeBinaryBooleanHelperContinue: passed
compile-rangeBinaryBooleanHelperTail: passed
compile-rangeBooleanStepMatchDirect: passed
compile-rangeBooleanStepMatchHelper: passed
compile-rangeBooleanStepMatchNested: passed
compile-rangeBooleanStepMatchRetained: passed
compile-rangeBooleanStepMatchIdentity: passed
compile-rangeBooleanStepMatchContinue: passed
compile-rangeBooleanStepMatchFlagInput: passed
compile-rangeBooleanStepMatchWordTail: passed
compile-rangeBooleanStepMatchDispatcher: passed
compile-rangeBooleanStepFunctionWord: passed
compile-rangeBooleanStepFunctionBoolean: passed
compile-rangeBooleanStepFunctionNested: passed
compile-rangeBooleanStepFunctionRetained: passed
compile-rangeBooleanStepFunctionChoiceWord: passed
compile-rangeBooleanStepFunctionChoiceBoolean: passed
compile-rangeBooleanStepFunctionUnused: passed
compile-rangeBooleanStepFunctionRepeated: passed
compile-rangeBooleanStepFunctionFlagInput: passed
compile-rangeBooleanStepFunctionWordTail: passed
compile-rangeBooleanStepBindWord: passed
compile-rangeBooleanStepBindBoolean: passed
compile-rangeBooleanStepBindChain: passed
compile-rangeBooleanStepBindUnusedWord: passed
compile-rangeBooleanStepBindUnusedBoolean: passed
compile-rangeBooleanStepBindCaptured: passed
compile-rangeBooleanStepBindContinue: passed
compile-rangeBooleanStepBindWordTail: passed
compile-rangeBooleanAccumulatorHigh: passed
compile-rangeBooleanAccumulatorHuge: passed
compile-rangePredicateBodyBreakWord: passed
Passed 2363 native Lean / independent Wasm engine comparisons across 114 declarations.
