cli-build: passed
admission-test: passed
reserved-exports: passed
fixture: passed
native-results: passed
compile-constant: passed
compile-publicInputIdWord: passed
compile-publicInputIdResult: passed
compile-publicFlagWord: passed
compile-publicFlagResult: passed
compile-rangeBoolUnitHelperRepeat: passed
compile-rangeBoolUnitHelperFlag: passed
compile-rangeBoolUnitHelperId: passed
compile-rangeBoolOuterConditionEqual: passed
compile-rangeBoolOuterConditionFlag: passed
compile-rangeBoolOuterConditionId: passed
compile-rangeBoolMixedConditionScalarLeft: passed
compile-rangeBoolMixedConditionScalarRight: passed
compile-rangeBoolMixedConditionFlag: passed
compile-rangeBoolMixedConditionNested: passed
compile-rangeBoolMixedConditionHelper: passed
compile-rangeBoolMixedConditionId: passed
compile-rangeBoolDirectWord: passed
compile-rangeBoolDirectFlag: passed
compile-rangeBoolDirectBooleanArgument: passed
compile-rangeBoolDirectWordCapture: passed
compile-rangeBoolDirectBooleanCapture: passed
compile-rangeBoolDirectNested: passed
compile-rangeBoolDirectExit: passed
compile-rangeBoolDirectContinue: passed
compile-rangeBoolDirectStride: passed
compile-rangeBoolDirectId: passed
compile-rangeBoolLetIdInput: passed
Passed 609 native Lean / independent Wasm engine comparisons across 28 declarations.
