leanrun: LEANRUN_LOCAL=1; macOS has no cgroup CPU/memory/swap limits or ionice
leanrun: explicitly authorized inherited priority; nice unavailable
✔ [45/51] Built LeanExe.Source.ScalarDecidedGuard (844ms)
✔ [46/51] Built LeanExe.Source.ScalarPropositionGuard (947ms)
✔ [47/52] Built LeanExe.Source.ScalarBooleanLocal (1.6s)
✔ [48/52] Built LeanExe.Source.ScalarBooleanEqualityForm (1.1s)
✔ [49/52] Built LeanExe.Source.ScalarBooleanChoiceForm (1.0s)
✔ [50/65] Built LeanExe.Source.ScalarBooleanConditionInputs (921ms)
✔ [62/83] Built LeanExe.Extract.ScalarBooleanWordNegation (877ms)
⚠ [78/86] Replayed LeanExe.Extract.ScalarGuardSyntax
warning: LeanExe/Extract/ScalarGuardSyntax.lean:384:4: try 'simp' instead of 'simpa'

Note: This linter can be disabled with `set_option linter.unnecessarySimpa false`
✔ [81/86] Built LeanExe.Extract.ScalarBooleanChoiceLowering (885ms)
✔ [83/89] Built LeanExe.Extract.ScalarBooleanLetVariables (893ms)
✔ [84/89] Built LeanExe.Extract.ScalarBooleanLocalCore (1.0s)
✔ [85/89] Built LeanExe.Extract.ScalarBooleanLocalFacts (1.4s)
✔ [86/90] Built LeanExe.Extract.ScalarBooleanLocalAcceptance (1.5s)
✔ [87/90] Built LeanExe.Extract.ScalarBooleanLocalCorrectness (1.0s)
✔ [88/92] Built LeanExe.Extract.ScalarPropositionGuard (882ms)
✔ [89/104] Built LeanExe.Extract.ScalarBooleanLocal (862ms)
✔ [93/104] Built LeanExe.Extract.ScalarBooleanRelation (940ms)
✔ [94/105] Built LeanExe.Extract.ScalarBooleanLocalParser (14s)
✔ [95/105] Built LeanExe.Source.ScalarBooleanLocalValues (906ms)
✔ [96/105] Built LeanExe.Extract.ScalarBooleanLocalParserEquations (930ms)
✔ [98/108] Built LeanExe.Extract.ScalarBooleanLocalSyntax (1.5s)
✔ [99/108] Built LeanExe.Source.ScalarBooleanAction (893ms)
✔ [100/110] Built LeanExe.Extract.ScalarBooleanLocalBindings (892ms)
✔ [101/111] Built LeanExe.Extract.ScalarBooleanAction (851ms)
✔ [102/111] Built LeanExe.Extract.ScalarBooleanPredicateBindings (907ms)
✔ [104/113] Built LeanExe.Extract.ScalarBooleanBind (896ms)
✔ [106/113] Built LeanExe.Extract.ScalarBooleanPredicateJunction (915ms)
✔ [109/115] Built LeanExe.Extract.ScalarBooleanPredicateEquality (896ms)
✔ [112/117] Built LeanExe.Extract.ScalarBooleanPredicateChoice (900ms)
✔ [114/117] Built LeanExe.Source.ScalarBooleanPropositionChoiceForm (886ms)
✔ [115/120] Built LeanExe.Extract.ScalarBooleanCondition (952ms)
✔ [116/120] Built LeanExe.Extract.ScalarBooleanPredicatePropositionChoice (872ms)
✔ [117/124] Built LeanExe.Source.ScalarDependentBranch (882ms)
✔ [118/125] Built LeanExe.Extract.ScalarDependentBranch (878ms)
✔ [120/125] Built LeanExe.Extract.ScalarBooleanLocalDependentBranch (899ms)
✔ [121/127] Built LeanExe.Source.Scalar (1.5s)
⚠ [123/127] Built LeanExe.Extract.ScalarExprCore (15s)
warning: LeanExe/Extract/ScalarExprCore.lean:339:31: Variable name `wrapper` is not explicitly referenced.

Hint: The binding can be removed (if unused) or named `_` (if used implicitly). Alternatively, prefix the name with `_` to silence this warning:
  [apply] _wrapper

Note: This linter can be disabled with `set_option linter.unusedVariables false`
warning: LeanExe/Extract/ScalarExprCore.lean:347:31: Variable name `name` is not explicitly referenced.

Hint: The binding can be removed (if unused) or named `_` (if used implicitly). Alternatively, prefix the name with `_` to silence this warning:
  [apply] _name

Note: This linter can be disabled with `set_option linter.unusedVariables false`
warning: LeanExe/Extract/ScalarExprCore.lean:347:36: Variable name `form` is not explicitly referenced.

Hint: The binding can be removed (if unused) or named `_` (if used implicitly). Alternatively, prefix the name with `_` to silence this warning:
  [apply] _form

Note: This linter can be disabled with `set_option linter.unusedVariables false`
warning: LeanExe/Extract/ScalarExprCore.lean:347:52: Variable name `type` is not explicitly referenced.

Hint: The binding can be removed (if unused) or named `_` (if used implicitly). Alternatively, prefix the name with `_` to silence this warning:
  [apply] _type

Note: This linter can be disabled with `set_option linter.unusedVariables false`
warning: LeanExe/Extract/ScalarExprCore.lean:356:35: Variable name `name` is not explicitly referenced.

Hint: The binding can be removed (if unused) or named `_` (if used implicitly). Alternatively, prefix the name with `_` to silence this warning:
  [apply] _name

Note: This linter can be disabled with `set_option linter.unusedVariables false`
warning: LeanExe/Extract/ScalarExprCore.lean:356:40: Variable name `form` is not explicitly referenced.

Hint: The binding can be removed (if unused) or named `_` (if used implicitly). Alternatively, prefix the name with `_` to silence this warning:
  [apply] _form

Note: This linter can be disabled with `set_option linter.unusedVariables false`
warning: LeanExe/Extract/ScalarExprCore.lean:356:56: Variable name `type` is not explicitly referenced.

Hint: The binding can be removed (if unused) or named `_` (if used implicitly). Alternatively, prefix the name with `_` to silence this warning:
  [apply] _type

Note: This linter can be disabled with `set_option linter.unusedVariables false`
warning: LeanExe/Extract/ScalarExprCore.lean:411:12: Variable name `bounds` is not explicitly referenced.

Hint: The binding can be removed (if unused) or named `_` (if used implicitly). Alternatively, prefix the name with `_` to silence this warning:
  [apply] _bounds

Note: This linter can be disabled with `set_option linter.unusedVariables false`
⚠ [125/133] Built LeanExe.Extract.ScalarExpr (1.5s)
warning: LeanExe/Extract/ScalarExpr.lean:172:54: `if_pos` has been deprecated: Use `ite_eq_left` instead
warning: LeanExe/Extract/ScalarExpr.lean:173:54: `if_neg` has been deprecated: Use `ite_eq_right` instead
warning: LeanExe/Extract/ScalarExpr.lean:188:54: `if_pos` has been deprecated: Use `ite_eq_left` instead
warning: LeanExe/Extract/ScalarExpr.lean:189:54: `if_neg` has been deprecated: Use `ite_eq_right` instead
warning: LeanExe/Extract/ScalarExpr.lean:220:54: `if_pos` has been deprecated: Use `ite_eq_left` instead
warning: LeanExe/Extract/ScalarExpr.lean:221:54: `if_neg` has been deprecated: Use `ite_eq_right` instead
warning: LeanExe/Extract/ScalarExpr.lean:235:54: `if_pos` has been deprecated: Use `ite_eq_left` instead
warning: LeanExe/Extract/ScalarExpr.lean:236:54: `if_neg` has been deprecated: Use `ite_eq_right` instead
warning: LeanExe/Extract/ScalarExpr.lean:923:54: `if_neg` has been deprecated: Use `ite_eq_right` instead
warning: LeanExe/Extract/ScalarExpr.lean:1022:63: `if_neg` has been deprecated: Use `ite_eq_right` instead
warning: LeanExe/Extract/ScalarExpr.lean:1238:47: `if_neg` has been deprecated: Use `ite_eq_right` instead
warning: LeanExe/Extract/ScalarExpr.lean:1260:18: `if_neg` has been deprecated: Use `ite_eq_right` instead
warning: LeanExe/Extract/ScalarExpr.lean:1282:18: `if_neg` has been deprecated: Use `ite_eq_right` instead
warning: LeanExe/Extract/ScalarExpr.lean:1304:18: `if_neg` has been deprecated: Use `ite_eq_right` instead
warning: LeanExe/Extract/ScalarExpr.lean:1326:18: `if_neg` has been deprecated: Use `ite_eq_right` instead
warning: LeanExe/Extract/ScalarExpr.lean:1350:18: `if_neg` has been deprecated: Use `ite_eq_right` instead
warning: LeanExe/Extract/ScalarExpr.lean:1374:18: `if_neg` has been deprecated: Use `ite_eq_right` instead
warning: LeanExe/Extract/ScalarExpr.lean:1392:46: `if_neg` has been deprecated: Use `ite_eq_right` instead
warning: LeanExe/Extract/ScalarExpr.lean:1411:46: `if_neg` has been deprecated: Use `ite_eq_right` instead
warning: LeanExe/Extract/ScalarExpr.lean:1430:50: `if_neg` has been deprecated: Use `ite_eq_right` instead
✔ [127/133] Built LeanExe.Source.ScalarManyFunctionSemantics (878ms)
✔ [128/134] Built LeanExe.Source.ScalarStep (1.5s)
✔ [130/137] Built LeanExe.Extract.ScalarStep (8.9s)
⚠ [132/137] Built LeanExe.Extract.ScalarStepEquations (9.6s)
warning: LeanExe/Extract/ScalarStepEquations.lean:153:33: This simp argument is unused:
  BooleanType.expr

Hint: Omit it from the simp argument list.
  [apply] simp

Note: This linter can be disabled with `set_option linter.unusedSimpArgs false`
⚠ [134/140] Built LeanExe.Extract.ScalarStepSupported (8.0s)
warning: LeanExe/Extract/ScalarStepSupported.lean:96:54: `if_neg` has been deprecated: Use `ite_eq_right` instead
warning: LeanExe/Extract/ScalarStepSupported.lean:437:63: `if_neg` has been deprecated: Use `ite_eq_right` instead
✔ [135/140] Built LeanExe.Extract.ScalarStepAcceptance (1.1s)
✔ [137/144] Built LeanExe.Source.ScalarRangeCount (1.1s)
✔ [138/144] Built LeanExe.Extract.ScalarRangeCount (1.0s)
✔ [139/146] Built LeanExe.Source.ScalarRangeStrideSyntax (843ms)
✔ [140/149] Built LeanExe.Extract.ScalarRangeStrideSyntax (895ms)
✔ [141/150] Built LeanExe.Source.ScalarRangeExitSyntax (857ms)
⚠ [143/150] Replayed LeanExe.IR.ScalarRangeSlots
warning: LeanExe/IR/ScalarRangeSlots.lean:25:2: try 'simp' instead of 'simpa'

Note: This linter can be disabled with `set_option linter.unnecessarySimpa false`
warning: LeanExe/IR/ScalarRangeSlots.lean:29:20: This simp argument is unused:
  read_suffix

Hint: Omit it from the simp argument list.
  [apply] simp [rangeStore]

Note: This linter can be disabled with `set_option linter.unusedSimpArgs false`
warning: LeanExe/IR/ScalarRangeSlots.lean:33:20: This simp argument is unused:
  read_suffix

Hint: Omit it from the simp argument list.
  [apply] simp [rangeStore]

Note: This linter can be disabled with `set_option linter.unusedSimpArgs false`
✔ [145/150] Built LeanExe.Source.ScalarRangeExitSupported (1.2s)
✔ [146/152] Built LeanExe.Extract.ScalarRangeExitSyntax (1.1s)
⚠ [147/152] Replayed LeanExe.IR.ScalarRangeExitSlots
warning: LeanExe/IR/ScalarRangeExitSlots.lean:18:2: try 'simp' instead of 'simpa'

Note: This linter can be disabled with `set_option linter.unnecessarySimpa false`
✔ [149/156] Built LeanExe.Extract.ScalarRangeExit (7.8s)
✔ [151/156] Built LeanExe.Extract.ScalarBooleanRangeContinuation (1.6s)
✔ [152/158] Built LeanExe.Extract.ScalarRangeBinding (954ms)
✔ [154/158] Built LeanExe.Source.ScalarBooleanRange (1.1s)
⚠ [155/158] Built LeanExe.Extract.ScalarStepCorrectness (1.1s)
warning: LeanExe/Extract/ScalarStepCorrectness.lean:299:23: This simp argument is unused:
  Option.bind_some

Hint: Omit it from the simp argument list.
  [apply] simp only [bind, Option.bind_eq_some_iff] at compiled

Note: This linter can be disabled with `set_option linter.unusedSimpArgs false`
✔ [156/162] Built LeanExe.Extract.ScalarBooleanRange (7.9s)
✔ [157/163] Built LeanExe.Extract.ScalarRangeExitCorrectness (1.0s)
✔ [158/165] Built LeanExe.Extract.ScalarStepInvariant (1.1s)
✔ [159/167] Built LeanExe.Extract.ScalarRangeExitInvariant (996ms)
✔ [160/167] Built LeanExe.Source.ScalarBooleanWordRange (1.1s)
✔ [161/167] Built LeanExe.Extract.ScalarBooleanRangeChoice (935ms)
✔ [162/167] Built LeanExe.Source.ScalarWordRange (1.0s)
✔ [163/167] Built LeanExe.Extract.ScalarBooleanRangeInvariant (976ms)
✔ [164/169] Built LeanExe.Extract.ScalarBooleanRangeCorrectness (1.1s)
✔ [165/172] Built LeanExe.Extract.ScalarBooleanWordRange (8.7s)
✔ [167/172] Built LeanExe.Extract.ScalarWordRange (7.9s)
✔ [169/172] Built LeanExe.Source.ScalarRangeSupported (893ms)
✔ [170/176] Built LeanExe.Extract.ScalarRange (2.4s)
✔ [173/178] Built LeanExe.Extract.ScalarRangeCorrectness (976ms)
✔ [175/178] Built LeanExe.Extract.ScalarPublicBindings (868ms)
✔ [176/178] Built LeanExe.Source.ScalarFunction (1.0s)
✔ [177/178] Built LeanExe.Extract.ScalarSignature (1.0s)
✔ [178/178] Built LeanExe.Extract.ScalarFunc (1.1s)
Build completed successfully (178 jobs).
