cli-build: passed
admission-test: passed
reserved-exports: passed
fixture: passed
native-results: passed
compile-constant: passed
compile-booleanPredicateAndOr: passed
compile-booleanPredicateJunctionNot: passed
compile-booleanPredicateJunctionMixed: passed
compile-booleanPredicateJunctionArgument: passed
compile-booleanPredicateJunctionBody: passed
compile-booleanPredicateJunctionId: passed
compile-booleanPredicateCompose: passed
compile-booleanPredicateComposeRepeat: passed
compile-booleanPredicateComposeNot: passed
compile-booleanPredicateComposeCapture: passed
compile-booleanPredicateComposeBody: passed
compile-booleanPredicateComposeId: passed
compile-booleanPredicateNot: passed
compile-booleanPredicateNotTwice: passed
compile-booleanPredicateNotThrice: passed
compile-booleanPredicateNotCapture: passed
compile-booleanPredicateNotNested: passed
compile-booleanPredicateNotId: passed
compile-booleanPredicateTwice: passed
compile-booleanPredicateCapture: passed
compile-booleanPredicateWordCapture: passed
compile-booleanPredicateNested: passed
compile-booleanPredicateScalarCapture: passed
compile-booleanPredicateShadow: passed
compile-booleanPredicateDependent: passed
compile-booleanPredicateId: passed
compile-booleanPredicateUnused: passed
compile-booleanPredicateDo: passed
compile-boolWordBooleanHelper: passed
compile-predicateInputRepeated: passed
compile-predicateInputNested: passed
compile-predicateInputCapture: passed
compile-predicateInputShadow: passed
compile-predicateInputUnused: passed
compile-predicateInputDo: passed
compile-compareBEq: passed
compile-boolNotProposition: passed
compile-complementChoice: passed
compile-compoundNested: passed
compile-compoundNotNested: passed
compile-boolCompoundNested: passed
compile-mixedGuardNested: passed
compile-mixedGuardDo: passed
compile-extremaGuard: passed
compile-reusableBooleanTwice: passed
compile-reusableBooleanCapture: passed
compile-reusableBooleanNested: passed
compile-reusableBooleanScalarCapture: passed
compile-reusableBooleanShadow: passed
compile-reusableBooleanDependent: passed
compile-reusableBooleanId: passed
compile-reusableBooleanUnused: passed
compile-reusableBooleanIgnoredArgument: passed
compile-reusableBooleanDo: passed
compile-rangeBooleanPredicateJunctionStep: passed
compile-rangeBooleanPredicateJunctionContinue: passed
compile-rangeBooleanPredicateJunctionOuter: passed
compile-rangeBooleanPredicateJunctionOuterCapture: passed
compile-rangeBooleanPredicateComposeStep: passed
compile-rangeBooleanPredicateComposeContinue: passed
compile-rangeBooleanPredicateComposeOuter: passed
compile-rangeBooleanPredicateComposeOuterCapture: passed
compile-rangeBooleanPredicateNotStep: passed
compile-rangeBooleanPredicateNotContinue: passed
compile-rangeBooleanPredicateNotOuter: passed
compile-rangeBooleanPredicateNotOuterCapture: passed
compile-rangeOuterBooleanPredicateBounds: passed
compile-rangeOuterBooleanPredicateCapture: passed
compile-rangeOuterBooleanPredicateNested: passed
compile-rangeOuterBooleanPredicateShadow: passed
compile-rangeOuterBooleanPredicateUnused: passed
compile-rangeOuterBooleanPredicateScalarHelper: passed
compile-rangeOuterBooleanPredicateId: passed
compile-rangeOuterBooleanPredicateStride: passed
compile-rangeBooleanPredicateBreak: passed
compile-rangeBooleanPredicateContinue: passed
compile-rangeBooleanPredicateCapture: passed
compile-rangeBooleanPredicateNested: passed
compile-rangeBooleanPredicateStepHelper: passed
compile-rangeBooleanPredicateUnused: passed
compile-rangePredicateInputStep: passed
compile-rangePredicateInputStepCapture: passed
compile-rangePredicateInputOuter: passed
compile-rangePredicateInputOuterCapture: passed
compile-rangeOuterPredicateBounds: passed
compile-rangeOuterPredicateCapture: passed
compile-rangeOuterPredicateNested: passed
compile-rangeOuterPredicateShadow: passed
compile-rangeOuterPredicateUnused: passed
compile-rangeOuterPredicateScalarHelper: passed
compile-rangeOuterPredicateId: passed
compile-rangeOuterPredicateStride: passed
compile-rangeReusableBooleanBreak: passed
compile-rangeReusableBooleanContinue: passed
compile-rangeReusableBooleanCapture: passed
compile-rangeReusableBooleanNested: passed
compile-rangeReusableBooleanStepHelper: passed
compile-rangeReusableBooleanUnused: passed
compile-rangeBreakJoined: passed
compile-rangeStepRun: passed
compile-rangeDynamicComputed: passed
compile-rangeStrideJoin: passed
compile-rangeBoolCompoundStep: passed
compile-rangeMixedGuardJoined: passed
compile-rangeExtremaBounds: passed
Passed 1981 native Lean / independent Wasm engine comparisons across 106 declarations.
