leanrun: LEANRUN_LOCAL=1; macOS has no cgroup CPU/memory/swap limits or ionice
leanrun: explicitly authorized inherited priority; nice unavailable
⚠ [46/102] Replayed LeanExe.Extract.ScalarGuardSyntax
warning: LeanExe/Extract/ScalarGuardSyntax.lean:219:4: try 'simp' instead of 'simpa'

Note: This linter can be disabled with `set_option linter.unnecessarySimpa false`
⚠ [99/107] Built LeanExe.Extract.ScalarExpr (1.3s)
warning: LeanExe/Extract/ScalarExpr.lean:203:15: This simp argument is unused:
  bind

Hint: Omit it from the simp argument list.
  [apply] simp only [pure, Option.bind_eq_some_iff, Option.some.injEq] at compiled

Note: This linter can be disabled with `set_option linter.unusedSimpArgs false`
warning: LeanExe/Extract/ScalarExpr.lean:216:15: This simp argument is unused:
  bind

Hint: Omit it from the simp argument list.
  [apply] simp only [pure, Option.bind_eq_some_iff, Option.some.injEq] at compiled

Note: This linter can be disabled with `set_option linter.unusedSimpArgs false`
warning: LeanExe/Extract/ScalarExpr.lean:1033:47: `if_neg` has been deprecated: Use `ite_eq_right` instead
warning: LeanExe/Extract/ScalarExpr.lean:1298:17: This simp argument is unused:
  bind

Hint: Omit it from the simp argument list.
  [apply] simp only [pure, Option.bind_eq_some_iff, Option.some.injEq] at compiled

Note: This linter can be disabled with `set_option linter.unusedSimpArgs false`
warning: LeanExe/Extract/ScalarExpr.lean:1317:17: This simp argument is unused:
  bind

Hint: Omit it from the simp argument list.
  [apply] simp only [pure, Option.bind_eq_some_iff, Option.some.injEq] at compiled

Note: This linter can be disabled with `set_option linter.unusedSimpArgs false`
✔ [103/107] Built LeanExe.Extract.ScalarRange (2.4s)
⚠ [105/107] Replayed LeanExe.IR.ScalarRangeSlots
warning: LeanExe/IR/ScalarRangeSlots.lean:25:2: try 'simp' instead of 'simpa'

Note: This linter can be disabled with `set_option linter.unnecessarySimpa false`
warning: LeanExe/IR/ScalarRangeSlots.lean:29:20: This simp argument is unused:
  read_suffix

Hint: Omit it from the simp argument list.
  [apply] simp [rangeStore]

Note: This linter can be disabled with `set_option linter.unusedSimpArgs false`
warning: LeanExe/IR/ScalarRangeSlots.lean:33:20: This simp argument is unused:
  read_suffix

Hint: Omit it from the simp argument list.
  [apply] simp [rangeStore]

Note: This linter can be disabled with `set_option linter.unusedSimpArgs false`
✔ [106/121] Built LeanExe.Extract.ScalarRangeCorrectness (928ms)
✔ [116/121] Built LeanExe.Extract.ScalarStep (8.0s)
⚠ [118/124] Built LeanExe.Extract.ScalarStepEquations (9.6s)
warning: LeanExe/Extract/ScalarStepEquations.lean:155:33: This simp argument is unused:
  BooleanType.expr

Hint: Omit it from the simp argument list.
  [apply] simp

Note: This linter can be disabled with `set_option linter.unusedSimpArgs false`
✔ [119/124] Built LeanExe.Extract.ScalarStepSupported (8.2s)
✔ [120/136] Built LeanExe.Extract.ScalarStepAcceptance (1.2s)
⚠ [133/139] Replayed LeanExe.IR.ScalarRangeExitSlots
warning: LeanExe/IR/ScalarRangeExitSlots.lean:18:2: try 'simp' instead of 'simpa'

Note: This linter can be disabled with `set_option linter.unnecessarySimpa false`
✔ [134/139] Built LeanExe.Extract.ScalarStepCorrectness (1.1s)
✔ [135/139] Built LeanExe.Extract.ScalarRangeExit (7.9s)
✔ [137/139] Built LeanExe.Extract.ScalarRangeExitCorrectness (1.1s)
⚠ [139/139] Built LeanExe.Extract.ScalarFunc (1.0s)
warning: LeanExe/Extract/ScalarFunc.lean:76:28: This simp argument is unused:
  bind

Hint: Omit it from the simp argument list.
  [apply] simp only [rangeCase, pure, Option.bind_eq_some_iff, Option.some.injEq] at compiled

Note: This linter can be disabled with `set_option linter.unusedSimpArgs false`
Build completed successfully (139 jobs).
