⚠ [1/80] Replayed LeanExe.Examples.AsciiDigits
warning: LeanExe/Examples/AsciiDigits.lean:103:30: `if_false` has been deprecated: Use `ite_false` instead
warning: LeanExe/Examples/AsciiDigits.lean:109:78: `if_true` has been deprecated: Use `ite_true` instead
⚠ [38/80] Replayed LeanExe.IR.ScalarRangeSlots
warning: LeanExe/IR/ScalarRangeSlots.lean:25:2: try 'simp' instead of 'simpa'

Note: This linter can be disabled with `set_option linter.unnecessarySimpa false`
warning: LeanExe/IR/ScalarRangeSlots.lean:29:20: This simp argument is unused:
  read_suffix

Hint: Omit it from the simp argument list.
  [apply] simp [rangeStore]

Note: This linter can be disabled with `set_option linter.unusedSimpArgs false`
warning: LeanExe/IR/ScalarRangeSlots.lean:33:20: This simp argument is unused:
  read_suffix

Hint: Omit it from the simp argument list.
  [apply] simp [rangeStore]

Note: This linter can be disabled with `set_option linter.unusedSimpArgs false`
⚠ [62/80] Replayed LeanExe.IR.ScalarRangeExitSlots
warning: LeanExe/IR/ScalarRangeExitSlots.lean:18:2: try 'simp' instead of 'simpa'

Note: This linter can be disabled with `set_option linter.unnecessarySimpa false`
⚠ [67/80] Replayed LeanExe.Extract.ScalarFunc
warning: LeanExe/Extract/ScalarFunc.lean:76:28: This simp argument is unused:
  bind

Hint: Omit it from the simp argument list.
  [apply] simp only [rangeCase, pure, Option.bind_eq_some_iff, Option.some.injEq] at compiled

Note: This linter can be disabled with `set_option linter.unusedSimpArgs false`
✔ [79/172] Built LeanExe.Extract.Eval (963ms)
✔ [103/172] Built LeanExe.Source.ScalarValues:c.o (196ms)
✔ [104/172] Built LeanExe.Extract.ScalarBindings:c.o (127ms)
✔ [111/172] Built LeanExe.Source.Scalar:c.o (105ms)
✔ [112/172] Built LeanExe.Extract.ScalarExpr:c.o (2.2s)
✔ [126/172] Built LeanExe.Extract.ScalarStep:c.o (2.4s)
✔ [127/172] Built LeanExe.Extract.ScalarStepEquations:c.o (1.5s)
✔ [129/172] Built LeanExe.Extract.ScalarStepSupported:c.o (1.6s)
✔ [140/172] Built LeanExe.Source.ScalarRangeExitSupported:c.o (102ms)
✔ [143/172] Built LeanExe.Extract.ScalarRangeExit:c.o (1.3s)
✔ [146/172] Built LeanExe.Extract.ScalarRangeExitCorrectness:c.o (102ms)
✔ [162/172] Built LeanExe.Extract.Report (1.4s)
✔ [166/172] Built LeanExe.Extract.OwnershipReport (1.1s)
✔ [168/172] Built LeanExe.CLI (1.2s)
✔ [170/172] Built Main (895ms)
✔ [172/172] Built «lean-wasm»:exe (1.1s)
Build completed successfully (172 jobs).
