leanrun: LEANRUN_LOCAL=1; macOS has no cgroup CPU/memory/swap limits or ionice
leanrun: explicitly authorized inherited priority; nice unavailable
✔ [32/67] Built LeanExe.Source.ScalarBooleanHelper (922ms)
⚠ [58/67] Replayed LeanExe.Extract.ScalarGuardSyntax
warning: LeanExe/Extract/ScalarGuardSyntax.lean:384:4: try 'simp' instead of 'simpa'

Note: This linter can be disabled with `set_option linter.unnecessarySimpa false`
⚠ [67/67] Built LeanExe.Extract.ScalarBooleanHelper (968ms)
warning: LeanExe/Extract/ScalarBooleanHelper.lean:70:62: This simp argument is unused:
  Bool.false_eq_true

Hint: Omit it from the simp argument list.
  [apply] simp only [BooleanHelper.expr, booleanHelperExpr, ite_false, ite_true]

Note: This linter can be disabled with `set_option linter.unusedSimpArgs false`
warning: LeanExe/Extract/ScalarBooleanHelper.lean:70:82: This simp argument is unused:
  ite_false

Hint: Omit it from the simp argument list.
  [apply] simp only [BooleanHelper.expr, booleanHelperExpr, Bool.false_eq_true, ite_true]

Note: This linter can be disabled with `set_option linter.unusedSimpArgs false`
warning: LeanExe/Extract/ScalarBooleanHelper.lean:70:93: This simp argument is unused:
  ite_true

Hint: Omit it from the simp argument list.
  [apply] simp only [BooleanHelper.expr, booleanHelperExpr, Bool.false_eq_true, ite_false]

Note: This linter can be disabled with `set_option linter.unusedSimpArgs false`
Build completed successfully (67 jobs).
