leanrun: LEANRUN_LOCAL=1; macOS has no cgroup CPU/memory/swap limits or ionice
leanrun: explicitly authorized inherited priority; nice unavailable
✔ [36/47] Built LeanExe.Source.ScalarBooleanPropositionLeaf (1.0s)
✔ [37/48] Built LeanExe.Source.ScalarGuard (1.1s)
✔ [39/53] Built LeanExe.Source.ScalarGuardCondition (892ms)
✔ [46/55] Built LeanExe.Source.ScalarGuardDecision (943ms)
✔ [47/55] Built LeanExe.Source.ScalarDecidedGuard (895ms)
✔ [48/56] Built LeanExe.Source.ScalarPropositionGuard (963ms)
✔ [49/57] Built LeanExe.Source.ScalarBooleanLocal (1.6s)
✔ [50/57] Built LeanExe.Source.ScalarBooleanJoined (895ms)
✔ [51/57] Built LeanExe.Source.ScalarBooleanEqualityForm (1.1s)
✔ [52/57] Built LeanExe.Source.ScalarBooleanSelected (981ms)
✔ [53/58] Built LeanExe.Source.ScalarBooleanNegated (912ms)
✔ [54/58] Built LeanExe.Source.ScalarBooleanRelated (936ms)
✔ [55/58] Built LeanExe.Source.ScalarBooleanGuardedSelection (1.0s)
✔ [56/58] Built LeanExe.Source.ScalarBooleanRelationSelection (1.1s)
✔ [57/59] Built LeanExe.Source.ScalarBooleanWrapped (894ms)
✔ [58/60] Built LeanExe.Source.ScalarBooleanHelper (903ms)
✔ [59/82] Built LeanExe.Source.ScalarCompoundGuard (935ms)
✔ [78/97] Built LeanExe.Extract.ScalarBooleanPropositionLeaf (1.1s)
✔ [82/98] Built LeanExe.Extract.ScalarGuardDecision (1.0s)
⚠ [83/98] Built LeanExe.Extract.ScalarGuardSyntax (1.4s)
warning: LeanExe/Extract/ScalarGuardSyntax.lean:384:4: try 'simp' instead of 'simpa'

Note: This linter can be disabled with `set_option linter.unnecessarySimpa false`
✔ [84/98] Built LeanExe.Source.ScalarBooleanScopeGuard (914ms)
✔ [85/98] Built LeanExe.Extract.ScalarBooleanRelation (1.0s)
✔ [86/102] Built LeanExe.Extract.ScalarPropositionGuard (880ms)
✔ [87/102] Built LeanExe.Extract.ScalarBooleanLocalParser (14s)
✔ [88/103] Built LeanExe.Source.ScalarDependentBranch (927ms)
✔ [89/103] Built LeanExe.Extract.ScalarBooleanLocalParserEquations (968ms)
✔ [90/103] Built LeanExe.Extract.ScalarDependentBranch (885ms)
✔ [91/104] Built LeanExe.Source.ScalarBooleanConditionInputs (934ms)
✔ [92/104] Built LeanExe.Extract.ScalarBooleanLocalSyntax (1.6s)
✔ [93/104] Built LeanExe.Source.ScalarBooleanChoiceForm (1.0s)
✔ [94/104] Built LeanExe.Extract.ScalarBooleanLocalDependentBranch (893ms)
✔ [95/106] Built LeanExe.Extract.ScalarBooleanHelper (1.0s)
✔ [96/106] Built LeanExe.Extract.ScalarBooleanScopeGuard (1.1s)
✔ [97/106] Built LeanExe.Extract.ScalarBooleanWrapped (1.6s)
✔ [98/106] Built LeanExe.Extract.ScalarGuardLowering (880ms)
✔ [99/106] Built LeanExe.Extract.ScalarBooleanNegated (971ms)
✔ [100/108] Built LeanExe.Extract.ScalarBooleanWordNegation (882ms)
✔ [101/108] Built LeanExe.Extract.ScalarBooleanJoined (973ms)
✔ [103/108] Built LeanExe.Extract.ScalarBooleanRelated (1.7s)
✔ [105/108] Built LeanExe.Extract.ScalarBooleanSelected (1.5s)
✔ [106/111] Built LeanExe.Extract.ScalarBooleanGuardedSelection (1.0s)
✔ [107/112] Built LeanExe.Extract.ScalarBooleanRelationSelection (1.1s)
✔ [108/113] Built LeanExe.Extract.ScalarBooleanGuard (924ms)
✔ [109/113] Built LeanExe.Extract.ScalarBooleanChoiceLowering (900ms)
✔ [110/116] Built LeanExe.Extract.ScalarBooleanPropositionLowering (915ms)
✔ [112/116] Built LeanExe.Extract.ScalarGuard (1.0s)
✔ [113/126] Built LeanExe.Extract.ScalarBooleanLetVariables (890ms)
✔ [114/127] Built LeanExe.Extract.ScalarBooleanLocalCore (1.1s)
✔ [115/127] Built LeanExe.Source.ScalarBooleanLocalValues (886ms)
✔ [116/127] Built LeanExe.Extract.ScalarBooleanLocalFacts (1.4s)
✔ [117/127] Built LeanExe.Extract.ScalarBooleanLocalAcceptance (1.5s)
✔ [119/130] Built LeanExe.Extract.ScalarBooleanLocalCorrectness (991ms)
✔ [120/130] Built LeanExe.Source.ScalarBooleanAction (895ms)
✔ [121/132] Built LeanExe.Extract.ScalarBooleanLocal (870ms)
✔ [122/133] Built LeanExe.Extract.ScalarBooleanAction (887ms)
✔ [123/133] Built LeanExe.Extract.ScalarBooleanLocalBindings (877ms)
✔ [125/133] Built LeanExe.Extract.ScalarBooleanBind (956ms)
✔ [128/135] Built LeanExe.Extract.ScalarBooleanPredicateBindings (856ms)
✔ [129/137] Built LeanExe.Extract.ScalarBooleanPredicateJunction (959ms)
✔ [131/137] Built LeanExe.Extract.ScalarBooleanPredicateEquality (889ms)
✔ [134/139] Built LeanExe.Extract.ScalarBooleanPredicateChoice (915ms)
✔ [136/139] Built LeanExe.Source.ScalarBooleanPropositionChoiceForm (902ms)
✔ [137/143] Built LeanExe.Extract.ScalarBooleanCondition (950ms)
✔ [138/144] Built LeanExe.Extract.ScalarBooleanPredicatePropositionChoice (874ms)
✔ [140/146] Built LeanExe.Source.Scalar (1.7s)
⚠ [142/152] Built LeanExe.Extract.ScalarExprCore (17s)
warning: LeanExe/Extract/ScalarExprCore.lean:432:31: Variable name `wrapper` is not explicitly referenced.

Hint: The binding can be removed (if unused) or named `_` (if used implicitly). Alternatively, prefix the name with `_` to silence this warning:
  [apply] _wrapper

Note: This linter can be disabled with `set_option linter.unusedVariables false`
warning: LeanExe/Extract/ScalarExprCore.lean:440:31: Variable name `name` is not explicitly referenced.

Hint: The binding can be removed (if unused) or named `_` (if used implicitly). Alternatively, prefix the name with `_` to silence this warning:
  [apply] _name

Note: This linter can be disabled with `set_option linter.unusedVariables false`
warning: LeanExe/Extract/ScalarExprCore.lean:440:36: Variable name `form` is not explicitly referenced.

Hint: The binding can be removed (if unused) or named `_` (if used implicitly). Alternatively, prefix the name with `_` to silence this warning:
  [apply] _form

Note: This linter can be disabled with `set_option linter.unusedVariables false`
warning: LeanExe/Extract/ScalarExprCore.lean:440:52: Variable name `type` is not explicitly referenced.

Hint: The binding can be removed (if unused) or named `_` (if used implicitly). Alternatively, prefix the name with `_` to silence this warning:
  [apply] _type

Note: This linter can be disabled with `set_option linter.unusedVariables false`
warning: LeanExe/Extract/ScalarExprCore.lean:449:35: Variable name `name` is not explicitly referenced.

Hint: The binding can be removed (if unused) or named `_` (if used implicitly). Alternatively, prefix the name with `_` to silence this warning:
  [apply] _name

Note: This linter can be disabled with `set_option linter.unusedVariables false`
warning: LeanExe/Extract/ScalarExprCore.lean:449:40: Variable name `form` is not explicitly referenced.

Hint: The binding can be removed (if unused) or named `_` (if used implicitly). Alternatively, prefix the name with `_` to silence this warning:
  [apply] _form

Note: This linter can be disabled with `set_option linter.unusedVariables false`
warning: LeanExe/Extract/ScalarExprCore.lean:449:56: Variable name `type` is not explicitly referenced.

Hint: The binding can be removed (if unused) or named `_` (if used implicitly). Alternatively, prefix the name with `_` to silence this warning:
  [apply] _type

Note: This linter can be disabled with `set_option linter.unusedVariables false`
warning: LeanExe/Extract/ScalarExprCore.lean:516:12: Variable name `bounds` is not explicitly referenced.

Hint: The binding can be removed (if unused) or named `_` (if used implicitly). Alternatively, prefix the name with `_` to silence this warning:
  [apply] _bounds

Note: This linter can be disabled with `set_option linter.unusedVariables false`
⚠ [145/152] Built LeanExe.Extract.ScalarExpr (1.8s)
warning: LeanExe/Extract/ScalarExpr.lean:190:54: `if_pos` has been deprecated: Use `ite_eq_left` instead
warning: LeanExe/Extract/ScalarExpr.lean:191:54: `if_neg` has been deprecated: Use `ite_eq_right` instead
warning: LeanExe/Extract/ScalarExpr.lean:206:54: `if_pos` has been deprecated: Use `ite_eq_left` instead
warning: LeanExe/Extract/ScalarExpr.lean:207:54: `if_neg` has been deprecated: Use `ite_eq_right` instead
warning: LeanExe/Extract/ScalarExpr.lean:238:54: `if_pos` has been deprecated: Use `ite_eq_left` instead
warning: LeanExe/Extract/ScalarExpr.lean:239:54: `if_neg` has been deprecated: Use `ite_eq_right` instead
warning: LeanExe/Extract/ScalarExpr.lean:253:54: `if_pos` has been deprecated: Use `ite_eq_left` instead
warning: LeanExe/Extract/ScalarExpr.lean:254:54: `if_neg` has been deprecated: Use `ite_eq_right` instead
warning: LeanExe/Extract/ScalarExpr.lean:1095:54: `if_neg` has been deprecated: Use `ite_eq_right` instead
warning: LeanExe/Extract/ScalarExpr.lean:1205:63: `if_neg` has been deprecated: Use `ite_eq_right` instead
warning: LeanExe/Extract/ScalarExpr.lean:1485:47: `if_neg` has been deprecated: Use `ite_eq_right` instead
warning: LeanExe/Extract/ScalarExpr.lean:1507:18: `if_neg` has been deprecated: Use `ite_eq_right` instead
warning: LeanExe/Extract/ScalarExpr.lean:1529:18: `if_neg` has been deprecated: Use `ite_eq_right` instead
warning: LeanExe/Extract/ScalarExpr.lean:1551:18: `if_neg` has been deprecated: Use `ite_eq_right` instead
warning: LeanExe/Extract/ScalarExpr.lean:1573:18: `if_neg` has been deprecated: Use `ite_eq_right` instead
warning: LeanExe/Extract/ScalarExpr.lean:1597:18: `if_neg` has been deprecated: Use `ite_eq_right` instead
warning: LeanExe/Extract/ScalarExpr.lean:1621:18: `if_neg` has been deprecated: Use `ite_eq_right` instead
warning: LeanExe/Extract/ScalarExpr.lean:1639:46: `if_neg` has been deprecated: Use `ite_eq_right` instead
warning: LeanExe/Extract/ScalarExpr.lean:1658:46: `if_neg` has been deprecated: Use `ite_eq_right` instead
warning: LeanExe/Extract/ScalarExpr.lean:1677:50: `if_neg` has been deprecated: Use `ite_eq_right` instead
✔ [146/153] Built LeanExe.Source.ScalarManyFunctionSemantics (935ms)
✔ [147/156] Built LeanExe.Source.ScalarStep (1.5s)
✔ [149/156] Built LeanExe.Extract.ScalarStep (9.1s)
✔ [151/156] Built LeanExe.Extract.ScalarStepEquations (9.6s)
⚠ [153/156] Built LeanExe.Extract.ScalarStepSupported (8.4s)
warning: LeanExe/Extract/ScalarStepSupported.lean:106:54: `if_neg` has been deprecated: Use `ite_eq_right` instead
warning: LeanExe/Extract/ScalarStepSupported.lean:455:63: `if_neg` has been deprecated: Use `ite_eq_right` instead
✔ [154/159] Built LeanExe.Extract.ScalarStepAcceptance (1.2s)
✔ [156/162] Built LeanExe.Source.ScalarRangeCount (1.2s)
✔ [157/163] Built LeanExe.Source.ScalarRangeStrideSyntax (904ms)
✔ [158/163] Built LeanExe.Extract.ScalarRangeCount (1.1s)
✔ [159/163] Built LeanExe.Source.ScalarRangeExitSyntax (920ms)
✔ [160/163] Built LeanExe.Extract.ScalarRangeStrideSyntax (900ms)
✔ [161/165] Built LeanExe.Source.ScalarRangeExitSupported (1.1s)
✔ [162/165] Built LeanExe.Extract.ScalarRangeExitSyntax (1.0s)
⚠ [164/171] Replayed LeanExe.IR.ScalarRangeSlots
warning: LeanExe/IR/ScalarRangeSlots.lean:25:2: try 'simp' instead of 'simpa'

Note: This linter can be disabled with `set_option linter.unnecessarySimpa false`
warning: LeanExe/IR/ScalarRangeSlots.lean:29:20: This simp argument is unused:
  read_suffix

Hint: Omit it from the simp argument list.
  [apply] simp [rangeStore]

Note: This linter can be disabled with `set_option linter.unusedSimpArgs false`
warning: LeanExe/IR/ScalarRangeSlots.lean:33:20: This simp argument is unused:
  read_suffix

Hint: Omit it from the simp argument list.
  [apply] simp [rangeStore]

Note: This linter can be disabled with `set_option linter.unusedSimpArgs false`
⚠ [166/171] Replayed LeanExe.IR.ScalarRangeExitSlots
warning: LeanExe/IR/ScalarRangeExitSlots.lean:18:2: try 'simp' instead of 'simpa'

Note: This linter can be disabled with `set_option linter.unnecessarySimpa false`
✔ [167/171] Built LeanExe.Extract.ScalarRangeExit (7.9s)
✔ [169/173] Built LeanExe.Extract.ScalarRangeBinding (922ms)
✔ [170/179] Built LeanExe.Extract.ScalarBooleanRangeContinuation (1.6s)
✔ [174/180] Built LeanExe.Source.ScalarBooleanAccumulatorSyntax (893ms)
✔ [176/180] Built LeanExe.Source.ScalarBooleanStep (1.1s)
✔ [177/182] Built LeanExe.Extract.ScalarBooleanAccumulatorSyntax (1.1s)
✔ [178/182] Built LeanExe.Source.ScalarBooleanAccumulator (920ms)
✔ [180/184] Built LeanExe.Source.ScalarBooleanRange (1.1s)
✔ [181/184] Built LeanExe.Extract.ScalarBooleanStep (6.8s)
⚠ [182/190] Built LeanExe.Extract.ScalarStepCorrectness (1.2s)
warning: LeanExe/Extract/ScalarStepCorrectness.lean:325:23: This simp argument is unused:
  Option.bind_some

Hint: Omit it from the simp argument list.
  [apply] simp only [bind, Option.bind_eq_some_iff] at compiled

Note: This linter can be disabled with `set_option linter.unusedSimpArgs false`
✔ [183/191] Built LeanExe.Extract.ScalarRangeExitCorrectness (1.1s)
✔ [184/193] Built LeanExe.Extract.ScalarStepInvariant (1.1s)
✔ [185/195] Built LeanExe.Extract.ScalarRangeExitInvariant (1.0s)
✔ [186/195] Built LeanExe.Source.ScalarBooleanWordRange (1.0s)
✔ [187/195] Built LeanExe.Extract.ScalarBooleanAccumulator (1.0s)
✔ [188/195] Built LeanExe.Source.ScalarWordRange (1.0s)
✔ [189/195] Built LeanExe.Extract.ScalarBooleanRange (8.0s)
✔ [190/200] Built LeanExe.Extract.ScalarBooleanRangeChoice (965ms)
✔ [192/200] Built LeanExe.Extract.ScalarBooleanRangeInvariant (963ms)
✔ [193/200] Built LeanExe.Extract.ScalarBooleanRangeCorrectness (1.1s)
✔ [195/200] Built LeanExe.Source.ScalarRangeSupported (902ms)
