leanrun: LEANRUN_LOCAL=1; macOS has no cgroup CPU/memory/swap limits or ionice
leanrun: explicitly authorized inherited priority; nice unavailable
⚠ [80/102] Replayed LeanExe.Extract.ScalarGuardSyntax
warning: LeanExe/Extract/ScalarGuardSyntax.lean:384:4: try 'simp' instead of 'simpa'

Note: This linter can be disabled with `set_option linter.unnecessarySimpa false`
✔ [90/102] Built LeanExe.Extract.ScalarBooleanHelper (988ms)
✔ [92/103] Built LeanExe.Extract.ScalarBooleanWrapped (1.4s)
✔ [94/104] Built LeanExe.Extract.ScalarBooleanNegated (925ms)
✔ [97/104] Built LeanExe.Extract.ScalarBooleanJoined (988ms)
✔ [99/104] Built LeanExe.Extract.ScalarBooleanScopeGuard (1.1s)
✔ [100/106] Built LeanExe.Extract.ScalarBooleanRelated (1.6s)
✔ [101/106] Built LeanExe.Extract.ScalarBooleanSelected (1.5s)
✔ [103/106] Built LeanExe.Extract.ScalarBooleanGuardedSelection (1.1s)
✔ [105/144] Built LeanExe.Extract.ScalarBooleanRelationSelection (1.1s)
✔ [140/146] Built LeanExe.Source.Scalar (1.7s)
⚠ [142/152] Built LeanExe.Extract.ScalarExprCore (17s)
warning: LeanExe/Extract/ScalarExprCore.lean:432:31: Variable name `wrapper` is not explicitly referenced.

Hint: The binding can be removed (if unused) or named `_` (if used implicitly). Alternatively, prefix the name with `_` to silence this warning:
  [apply] _wrapper

Note: This linter can be disabled with `set_option linter.unusedVariables false`
warning: LeanExe/Extract/ScalarExprCore.lean:440:31: Variable name `name` is not explicitly referenced.

Hint: The binding can be removed (if unused) or named `_` (if used implicitly). Alternatively, prefix the name with `_` to silence this warning:
  [apply] _name

Note: This linter can be disabled with `set_option linter.unusedVariables false`
warning: LeanExe/Extract/ScalarExprCore.lean:440:36: Variable name `form` is not explicitly referenced.

Hint: The binding can be removed (if unused) or named `_` (if used implicitly). Alternatively, prefix the name with `_` to silence this warning:
  [apply] _form

Note: This linter can be disabled with `set_option linter.unusedVariables false`
warning: LeanExe/Extract/ScalarExprCore.lean:440:52: Variable name `type` is not explicitly referenced.

Hint: The binding can be removed (if unused) or named `_` (if used implicitly). Alternatively, prefix the name with `_` to silence this warning:
  [apply] _type

Note: This linter can be disabled with `set_option linter.unusedVariables false`
warning: LeanExe/Extract/ScalarExprCore.lean:449:35: Variable name `name` is not explicitly referenced.

Hint: The binding can be removed (if unused) or named `_` (if used implicitly). Alternatively, prefix the name with `_` to silence this warning:
  [apply] _name

Note: This linter can be disabled with `set_option linter.unusedVariables false`
warning: LeanExe/Extract/ScalarExprCore.lean:449:40: Variable name `form` is not explicitly referenced.

Hint: The binding can be removed (if unused) or named `_` (if used implicitly). Alternatively, prefix the name with `_` to silence this warning:
  [apply] _form

Note: This linter can be disabled with `set_option linter.unusedVariables false`
warning: LeanExe/Extract/ScalarExprCore.lean:449:56: Variable name `type` is not explicitly referenced.

Hint: The binding can be removed (if unused) or named `_` (if used implicitly). Alternatively, prefix the name with `_` to silence this warning:
  [apply] _type

Note: This linter can be disabled with `set_option linter.unusedVariables false`
warning: LeanExe/Extract/ScalarExprCore.lean:516:12: Variable name `bounds` is not explicitly referenced.

Hint: The binding can be removed (if unused) or named `_` (if used implicitly). Alternatively, prefix the name with `_` to silence this warning:
  [apply] _bounds

Note: This linter can be disabled with `set_option linter.unusedVariables false`
⚠ [145/152] Built LeanExe.Extract.ScalarExpr (1.7s)
warning: LeanExe/Extract/ScalarExpr.lean:190:54: `if_pos` has been deprecated: Use `ite_eq_left` instead
warning: LeanExe/Extract/ScalarExpr.lean:191:54: `if_neg` has been deprecated: Use `ite_eq_right` instead
warning: LeanExe/Extract/ScalarExpr.lean:206:54: `if_pos` has been deprecated: Use `ite_eq_left` instead
warning: LeanExe/Extract/ScalarExpr.lean:207:54: `if_neg` has been deprecated: Use `ite_eq_right` instead
warning: LeanExe/Extract/ScalarExpr.lean:238:54: `if_pos` has been deprecated: Use `ite_eq_left` instead
warning: LeanExe/Extract/ScalarExpr.lean:239:54: `if_neg` has been deprecated: Use `ite_eq_right` instead
warning: LeanExe/Extract/ScalarExpr.lean:253:54: `if_pos` has been deprecated: Use `ite_eq_left` instead
warning: LeanExe/Extract/ScalarExpr.lean:254:54: `if_neg` has been deprecated: Use `ite_eq_right` instead
warning: LeanExe/Extract/ScalarExpr.lean:1095:54: `if_neg` has been deprecated: Use `ite_eq_right` instead
warning: LeanExe/Extract/ScalarExpr.lean:1205:63: `if_neg` has been deprecated: Use `ite_eq_right` instead
warning: LeanExe/Extract/ScalarExpr.lean:1485:47: `if_neg` has been deprecated: Use `ite_eq_right` instead
warning: LeanExe/Extract/ScalarExpr.lean:1507:18: `if_neg` has been deprecated: Use `ite_eq_right` instead
warning: LeanExe/Extract/ScalarExpr.lean:1529:18: `if_neg` has been deprecated: Use `ite_eq_right` instead
warning: LeanExe/Extract/ScalarExpr.lean:1551:18: `if_neg` has been deprecated: Use `ite_eq_right` instead
warning: LeanExe/Extract/ScalarExpr.lean:1573:18: `if_neg` has been deprecated: Use `ite_eq_right` instead
warning: LeanExe/Extract/ScalarExpr.lean:1597:18: `if_neg` has been deprecated: Use `ite_eq_right` instead
warning: LeanExe/Extract/ScalarExpr.lean:1621:18: `if_neg` has been deprecated: Use `ite_eq_right` instead
warning: LeanExe/Extract/ScalarExpr.lean:1639:46: `if_neg` has been deprecated: Use `ite_eq_right` instead
warning: LeanExe/Extract/ScalarExpr.lean:1658:46: `if_neg` has been deprecated: Use `ite_eq_right` instead
warning: LeanExe/Extract/ScalarExpr.lean:1677:50: `if_neg` has been deprecated: Use `ite_eq_right` instead
✔ [146/153] Built LeanExe.Source.ScalarManyFunctionSemantics (926ms)
✔ [147/153] Built LeanExe.Source.ScalarStep (1.5s)
✔ [149/156] Built LeanExe.Extract.ScalarStep (8.0s)
✔ [150/156] Built LeanExe.Extract.ScalarStepEquations (9.6s)
⚠ [152/156] Built LeanExe.Extract.ScalarStepSupported (8.1s)
warning: LeanExe/Extract/ScalarStepSupported.lean:106:54: `if_neg` has been deprecated: Use `ite_eq_right` instead
warning: LeanExe/Extract/ScalarStepSupported.lean:455:63: `if_neg` has been deprecated: Use `ite_eq_right` instead
✔ [153/159] Built LeanExe.Extract.ScalarStepAcceptance (1.2s)
✔ [156/162] Built LeanExe.Source.ScalarRangeCount (1.2s)
✔ [157/163] Built LeanExe.Source.ScalarRangeStrideSyntax (877ms)
✔ [158/163] Built LeanExe.Extract.ScalarRangeCount (1.1s)
✔ [159/163] Built LeanExe.Source.ScalarRangeExitSyntax (879ms)
✔ [160/163] Built LeanExe.Extract.ScalarRangeStrideSyntax (940ms)
✔ [161/165] Built LeanExe.Source.ScalarRangeExitSupported (1.1s)
✔ [162/171] Built LeanExe.Extract.ScalarRangeExitSyntax (1.1s)
⚠ [164/171] Replayed LeanExe.IR.ScalarRangeSlots
warning: LeanExe/IR/ScalarRangeSlots.lean:25:2: try 'simp' instead of 'simpa'

Note: This linter can be disabled with `set_option linter.unnecessarySimpa false`
warning: LeanExe/IR/ScalarRangeSlots.lean:29:20: This simp argument is unused:
  read_suffix

Hint: Omit it from the simp argument list.
  [apply] simp [rangeStore]

Note: This linter can be disabled with `set_option linter.unusedSimpArgs false`
warning: LeanExe/IR/ScalarRangeSlots.lean:33:20: This simp argument is unused:
  read_suffix

Hint: Omit it from the simp argument list.
  [apply] simp [rangeStore]

Note: This linter can be disabled with `set_option linter.unusedSimpArgs false`
⚠ [166/171] Replayed LeanExe.IR.ScalarRangeExitSlots
warning: LeanExe/IR/ScalarRangeExitSlots.lean:18:2: try 'simp' instead of 'simpa'

Note: This linter can be disabled with `set_option linter.unnecessarySimpa false`
✔ [167/171] Built LeanExe.Extract.ScalarRangeExit (7.8s)
✔ [169/173] Built LeanExe.Extract.ScalarRangeBinding (937ms)
✔ [170/179] Built LeanExe.Extract.ScalarBooleanRangeContinuation (1.6s)
✔ [174/180] Built LeanExe.Source.ScalarBooleanAccumulatorSyntax (923ms)
✔ [176/180] Built LeanExe.Source.ScalarBooleanStep (1.1s)
✔ [177/182] Built LeanExe.Extract.ScalarBooleanAccumulatorSyntax (1.1s)
✔ [178/184] Built LeanExe.Source.ScalarBooleanAccumulator (911ms)
✔ [180/184] Built LeanExe.Source.ScalarBooleanRange (1.2s)
✔ [181/184] Built LeanExe.Extract.ScalarBooleanStep (6.6s)
⚠ [182/191] Built LeanExe.Extract.ScalarStepCorrectness (1.1s)
warning: LeanExe/Extract/ScalarStepCorrectness.lean:325:23: This simp argument is unused:
  Option.bind_some

Hint: Omit it from the simp argument list.
  [apply] simp only [bind, Option.bind_eq_some_iff] at compiled

Note: This linter can be disabled with `set_option linter.unusedSimpArgs false`
✔ [183/191] Built LeanExe.Extract.ScalarStepInvariant (1.1s)
✔ [184/193] Built LeanExe.Extract.ScalarRangeExitCorrectness (1.1s)
✔ [185/195] Built LeanExe.Extract.ScalarRangeExitInvariant (1.0s)
✔ [186/195] Built LeanExe.Source.ScalarBooleanWordRange (1.1s)
✔ [187/195] Built LeanExe.Extract.ScalarBooleanAccumulator (980ms)
✔ [188/195] Built LeanExe.Source.ScalarWordRange (1.1s)
✔ [189/197] Built LeanExe.Extract.ScalarBooleanRange (8.1s)
✔ [190/200] Built LeanExe.Extract.ScalarBooleanRangeChoice (918ms)
✔ [192/200] Built LeanExe.Extract.ScalarBooleanRangeInvariant (977ms)
✔ [193/200] Built LeanExe.Extract.ScalarBooleanRangeCorrectness (1.2s)
✔ [195/200] Built LeanExe.Source.ScalarRangeSupported (931ms)
✔ [196/203] Built LeanExe.Extract.ScalarBooleanWordRange (8.0s)
✔ [198/205] Built LeanExe.Extract.ScalarRange (2.4s)
✔ [199/205] Built LeanExe.Extract.ScalarWordRange (8.1s)
✔ [201/205] Built LeanExe.Extract.ScalarRangeCorrectness (970ms)
✔ [203/205] Built LeanExe.Source.ScalarFunction (1.0s)
✔ [204/205] Built LeanExe.Extract.ScalarSignature (1.1s)
✔ [205/205] Built LeanExe.Extract.ScalarFunc (1.1s)
Build completed successfully (205 jobs).
