cli-build: passed
admission-test: passed
reserved-exports: passed
fixture: passed
native-results: passed
compile-constant: passed
compile-publicInputIdWord: passed
compile-publicInputIdResult: passed
compile-publicBoolHelpersNested: passed
compile-publicBoolHelpersRepeated: passed
compile-publicBoolHelpersWrapped: passed
compile-publicBoolHelpersInputId: passed
compile-publicBoolHelpersWord: passed
compile-publicBoolHelpersUnused: passed
compile-booleanHelperReturnWord: passed
compile-booleanHelperReturnBoolean: passed
compile-booleanHelperReturnNested: passed
compile-booleanHelperReturnCondition: passed
compile-booleanHelperReturnCaptured: passed
compile-booleanHelperReturnIgnored: passed
compile-booleanInnerWrapperWord: passed
compile-booleanInnerWrapperBoolean: passed
compile-booleanInnerWrapperDependent: passed
compile-booleanInnerWrapperNested: passed
compile-booleanInnerWrapperUnused: passed
compile-booleanInnerWrapperIdResult: passed
compile-booleanInnerHelperWord: passed
compile-booleanInnerHelperBoolean: passed
compile-booleanInnerHelperDependent: passed
compile-booleanInnerHelperNested: passed
compile-booleanInnerHelperUnused: passed
compile-booleanInnerHelperIdResult: passed
compile-publicFlagWord: passed
compile-publicFlagResult: passed
compile-rangeWordBoolHelperId: passed
compile-rangeWordChooseLoops: passed
compile-rangeWordChooseHelpers: passed
compile-rangeWordChooseSetupWord: passed
compile-rangeWordChooseSetupFlag: passed
compile-rangeWordChooseSetupDo: passed
compile-rangeWordChooseSetupNested: passed
compile-rangeWordChooseSavedResult: passed
compile-rangeWordChooseShowResult: passed
compile-rangeWordChooseSetupExit: passed
compile-rangeWordChooseSetupContinue: passed
compile-rangeWordChooseSetupStride: passed
compile-rangeWordChooseSetupId: passed
compile-rangeBoolTailHelperCapture: passed
compile-rangeBoolTailHelperBoolean: passed
compile-rangeBoolTailHelperNestedId: passed
compile-rangeWordStepReturnedHelper: passed
compile-rangeInnerWrapperStep: passed
compile-rangeInnerWrapperExit: passed
compile-rangeInnerWrapperContinue: passed
compile-rangeInnerWrapperTail: passed
compile-rangeInnerHelperStep: passed
compile-rangeInnerHelperExit: passed
compile-rangeInnerHelperContinue: passed
compile-rangeInnerHelperTail: passed
Passed 993 native Lean / independent Wasm engine comparisons across 54 declarations.
