leanrun: LEANRUN_LOCAL=1; macOS has no cgroup CPU/memory/swap limits or ionice
leanrun: explicitly authorized inherited priority; nice unavailable
⚠ [56/72] Replayed LeanExe.Extract.ScalarGuardSyntax
warning: LeanExe/Extract/ScalarGuardSyntax.lean:384:4: try 'simp' instead of 'simpa'

Note: This linter can be disabled with `set_option linter.unnecessarySimpa false`
✔ [69/125] Built LeanExe.Extract.ScalarBooleanWrapped (1.4s)
⚠ [124/125] Built LeanExe.Extract.ScalarExprCore (16s)
warning: LeanExe/Extract/ScalarExprCore.lean:390:31: Variable name `wrapper` is not explicitly referenced.

Hint: The binding can be removed (if unused) or named `_` (if used implicitly). Alternatively, prefix the name with `_` to silence this warning:
  [apply] _wrapper

Note: This linter can be disabled with `set_option linter.unusedVariables false`
warning: LeanExe/Extract/ScalarExprCore.lean:398:31: Variable name `name` is not explicitly referenced.

Hint: The binding can be removed (if unused) or named `_` (if used implicitly). Alternatively, prefix the name with `_` to silence this warning:
  [apply] _name

Note: This linter can be disabled with `set_option linter.unusedVariables false`
warning: LeanExe/Extract/ScalarExprCore.lean:398:36: Variable name `form` is not explicitly referenced.

Hint: The binding can be removed (if unused) or named `_` (if used implicitly). Alternatively, prefix the name with `_` to silence this warning:
  [apply] _form

Note: This linter can be disabled with `set_option linter.unusedVariables false`
warning: LeanExe/Extract/ScalarExprCore.lean:398:52: Variable name `type` is not explicitly referenced.

Hint: The binding can be removed (if unused) or named `_` (if used implicitly). Alternatively, prefix the name with `_` to silence this warning:
  [apply] _type

Note: This linter can be disabled with `set_option linter.unusedVariables false`
warning: LeanExe/Extract/ScalarExprCore.lean:407:35: Variable name `name` is not explicitly referenced.

Hint: The binding can be removed (if unused) or named `_` (if used implicitly). Alternatively, prefix the name with `_` to silence this warning:
  [apply] _name

Note: This linter can be disabled with `set_option linter.unusedVariables false`
warning: LeanExe/Extract/ScalarExprCore.lean:407:40: Variable name `form` is not explicitly referenced.

Hint: The binding can be removed (if unused) or named `_` (if used implicitly). Alternatively, prefix the name with `_` to silence this warning:
  [apply] _form

Note: This linter can be disabled with `set_option linter.unusedVariables false`
warning: LeanExe/Extract/ScalarExprCore.lean:407:56: Variable name `type` is not explicitly referenced.

Hint: The binding can be removed (if unused) or named `_` (if used implicitly). Alternatively, prefix the name with `_` to silence this warning:
  [apply] _type

Note: This linter can be disabled with `set_option linter.unusedVariables false`
warning: LeanExe/Extract/ScalarExprCore.lean:467:12: Variable name `bounds` is not explicitly referenced.

Hint: The binding can be removed (if unused) or named `_` (if used implicitly). Alternatively, prefix the name with `_` to silence this warning:
  [apply] _bounds

Note: This linter can be disabled with `set_option linter.unusedVariables false`
⚠ [125/125] Built LeanExe.Extract.ScalarExpr (1.6s)
warning: LeanExe/Extract/ScalarExpr.lean:190:54: `if_pos` has been deprecated: Use `ite_eq_left` instead
warning: LeanExe/Extract/ScalarExpr.lean:191:54: `if_neg` has been deprecated: Use `ite_eq_right` instead
warning: LeanExe/Extract/ScalarExpr.lean:206:54: `if_pos` has been deprecated: Use `ite_eq_left` instead
warning: LeanExe/Extract/ScalarExpr.lean:207:54: `if_neg` has been deprecated: Use `ite_eq_right` instead
warning: LeanExe/Extract/ScalarExpr.lean:238:54: `if_pos` has been deprecated: Use `ite_eq_left` instead
warning: LeanExe/Extract/ScalarExpr.lean:239:54: `if_neg` has been deprecated: Use `ite_eq_right` instead
warning: LeanExe/Extract/ScalarExpr.lean:253:54: `if_pos` has been deprecated: Use `ite_eq_left` instead
warning: LeanExe/Extract/ScalarExpr.lean:254:54: `if_neg` has been deprecated: Use `ite_eq_right` instead
warning: LeanExe/Extract/ScalarExpr.lean:1018:54: `if_neg` has been deprecated: Use `ite_eq_right` instead
warning: LeanExe/Extract/ScalarExpr.lean:1128:63: `if_neg` has been deprecated: Use `ite_eq_right` instead
warning: LeanExe/Extract/ScalarExpr.lean:1376:47: `if_neg` has been deprecated: Use `ite_eq_right` instead
warning: LeanExe/Extract/ScalarExpr.lean:1398:18: `if_neg` has been deprecated: Use `ite_eq_right` instead
warning: LeanExe/Extract/ScalarExpr.lean:1420:18: `if_neg` has been deprecated: Use `ite_eq_right` instead
warning: LeanExe/Extract/ScalarExpr.lean:1442:18: `if_neg` has been deprecated: Use `ite_eq_right` instead
warning: LeanExe/Extract/ScalarExpr.lean:1464:18: `if_neg` has been deprecated: Use `ite_eq_right` instead
warning: LeanExe/Extract/ScalarExpr.lean:1488:18: `if_neg` has been deprecated: Use `ite_eq_right` instead
warning: LeanExe/Extract/ScalarExpr.lean:1512:18: `if_neg` has been deprecated: Use `ite_eq_right` instead
warning: LeanExe/Extract/ScalarExpr.lean:1530:46: `if_neg` has been deprecated: Use `ite_eq_right` instead
warning: LeanExe/Extract/ScalarExpr.lean:1549:46: `if_neg` has been deprecated: Use `ite_eq_right` instead
warning: LeanExe/Extract/ScalarExpr.lean:1568:50: `if_neg` has been deprecated: Use `ite_eq_right` instead
Build completed successfully (125 jobs).
