cli-build: passed
admission-test: passed
reserved-exports: passed
fixture: passed
native-results: passed
compile-constant: passed
compile-publicInputIdWord: passed
compile-publicInputIdResult: passed
compile-publicBoolHelpersNested: passed
compile-publicBoolHelpersRepeated: passed
compile-publicBoolHelpersWrapped: passed
compile-publicBoolHelpersInputId: passed
compile-publicBoolHelpersWord: passed
compile-publicBoolHelpersUnused: passed
compile-predicateBodyWordRepeated: passed
compile-predicateBodyWordBoolean: passed
compile-predicateBodyWordUnused: passed
compile-predicateBodyWordCapture: passed
compile-predicateBodyWordProposition: passed
compile-predicateBodyWordDo: passed
compile-booleanHelperBodyNested: passed
compile-booleanHelperBodyWrapped: passed
compile-booleanHelperBodyMixed: passed
compile-booleanHelperBodyCaptures: passed
compile-booleanHelperBodyUnused: passed
compile-booleanHelperBodyChoice: passed
compile-publicFlagWord: passed
compile-publicFlagResult: passed
compile-rangePredicateOuterWordFromBoolean: passed
compile-rangePredicateOuterBooleanFromBoolean: passed
compile-rangePredicateOuterWordConditional: passed
compile-rangePredicateOuterBooleanConditional: passed
compile-rangePredicateOuterDerivedUnused: passed
compile-rangePredicateOuterDerivedWrapped: passed
compile-rangePredicateOuterChoiceCapture: passed
compile-rangePredicateOuterChoiceNested: passed
compile-rangePredicateOuterFlagWord: passed
compile-rangePredicateOuterFlagBoolean: passed
compile-rangePredicateOuterFlagWrapped: passed
compile-rangePredicateOuterFlagUnused: passed
compile-rangePredicateOuterFlagCapture: passed
compile-rangePredicateOuterFlagBound: passed
compile-rangePredicateOuterFlagNested: passed
compile-rangePredicateOuterFlagId: passed
compile-rangePredicateOuterBodyWord: passed
compile-rangePredicateOuterBodyBoolean: passed
compile-rangePredicateOuterBodyBound: passed
compile-rangePredicateOuterBodyInitial: passed
compile-rangePredicateOuterBodyTail: passed
compile-rangePredicateOuterBodyCapture: passed
compile-rangePredicateOuterBodyWrapped: passed
compile-rangePredicateOuterBodyNested: passed
compile-rangePredicateOuterBodyId: passed
compile-rangePredicateBodyBreakWord: passed
compile-rangePredicateBodyBreakBoolean: passed
compile-rangePredicateBodyContinueWord: passed
compile-rangePredicateBodyContinueBoolean: passed
Passed 1005 native Lean / independent Wasm engine comparisons across 52 declarations.
