cli-build: passed
admission-test: passed
reserved-exports: passed
fixture: passed
native-results: passed
compile-constant: passed
compile-savedMixedNegation: passed
compile-callMixedNegation: passed
compile-decisionLetUnused: passed
compile-decisionLetLeft: passed
compile-decisionLetRight: passed
compile-decisionLetDependent: passed
compile-decisionLetSaved: passed
compile-decisionLetHelper: passed
compile-localNotFlag: passed
compile-localNotCall: passed
compile-localNotNested: passed
compile-localNotDecision: passed
compile-localNotLet: passed
compile-localNotHelper: passed
compile-compareBEq: passed
compile-mixedGuardDo: passed
compile-rangePropositionLetStep: passed
compile-rangePropositionLetContinue: passed
compile-rangePropositionLetOuter: passed
compile-rangePropositionLetHelper: passed
compile-rangeDecisionLetStep: passed
compile-rangeDecisionLetContinue: passed
compile-rangeDecisionLetOuter: passed
compile-rangeDecisionLetHelper: passed
compile-rangeLocalNotStep: passed
compile-rangeLocalNotContinue: passed
compile-rangeLocalNotOuter: passed
compile-rangeLocalNotHelper: passed
compile-rangeBooleanPredicateResultStep: passed
Passed 537 native Lean / independent Wasm engine comparisons across 30 declarations.
