leanrun: LEANRUN_LOCAL=1; macOS has no cgroup CPU/memory/swap limits or ionice
leanrun: explicitly authorized inherited priority; nice unavailable
✔ [27/31] Built LeanExe.Source.ScalarBooleanLocal (1.6s)
✔ [28/31] Built LeanExe.Source.ScalarBooleanEqualityForm (1.0s)
✔ [29/31] Built LeanExe.Source.ScalarBooleanChoiceForm (1.0s)
✔ [30/45] Built LeanExe.Source.ScalarBooleanConditionInputs (923ms)
✔ [42/47] Built LeanExe.Extract.ScalarGuardLowering (864ms)
✔ [44/64] Built LeanExe.Extract.ScalarBooleanWordNegation (899ms)
✔ [59/65] Built LeanExe.Extract.ScalarBooleanGuard (885ms)
⚠ [61/68] Replayed LeanExe.Extract.ScalarGuardSyntax
warning: LeanExe/Extract/ScalarGuardSyntax.lean:367:4: try 'simp' instead of 'simpa'

Note: This linter can be disabled with `set_option linter.unnecessarySimpa false`
✔ [62/68] Built LeanExe.Extract.ScalarBooleanChoiceLowering (901ms)
✔ [64/71] Built LeanExe.Extract.ScalarGuard (1.0s)
✔ [65/71] Built LeanExe.Extract.ScalarBooleanLetVariables (879ms)
✔ [66/72] Built LeanExe.Extract.ScalarBooleanLocalCore (1.1s)
✔ [67/73] Built LeanExe.Extract.ScalarBooleanLocalFacts (1.4s)
✔ [68/73] Built LeanExe.Extract.ScalarBooleanLocalAcceptance (1.4s)
✔ [69/75] Built LeanExe.Extract.ScalarPropositionGuard (871ms)
✔ [70/78] Built LeanExe.Extract.ScalarBooleanLocalCorrectness (1.1s)
✔ [73/85] Built LeanExe.Extract.ScalarBooleanLocal (843ms)
✔ [74/85] Built LeanExe.Extract.ScalarBooleanRelation (993ms)
✔ [75/86] Built LeanExe.Extract.ScalarBooleanLocalParser (14s)
✔ [76/86] Built LeanExe.Source.ScalarBooleanLocalValues (868ms)
✔ [77/86] Built LeanExe.Extract.ScalarBooleanLocalParserEquations (956ms)
✔ [79/89] Built LeanExe.Extract.ScalarBooleanLocalSyntax (1.6s)
✔ [80/89] Built LeanExe.Source.ScalarBooleanAction (853ms)
✔ [81/89] Built LeanExe.Extract.ScalarBooleanLocalBindings (928ms)
✔ [82/89] Built LeanExe.Extract.ScalarBooleanAction (840ms)
✔ [83/94] Built LeanExe.Extract.ScalarBooleanPredicateBindings (918ms)
✔ [84/94] Built LeanExe.Extract.ScalarBooleanBind (882ms)
✔ [86/96] Built LeanExe.Extract.ScalarBooleanPredicateJunction (948ms)
✔ [89/98] Built LeanExe.Extract.ScalarBooleanPredicateEquality (886ms)
✔ [92/98] Built LeanExe.Extract.ScalarBooleanPredicateChoice (894ms)
✔ [96/102] Built LeanExe.Extract.ScalarBooleanCondition (957ms)
✔ [100/102] Built LeanExe.Source.ScalarBooleanPropositionChoiceForm (896ms)
✔ [101/105] Built LeanExe.Extract.ScalarBooleanPredicatePropositionChoice (898ms)
✔ [102/106] Built LeanExe.Source.ScalarDependentBranch (882ms)
✔ [103/107] Built LeanExe.Extract.ScalarDependentBranch (894ms)
✔ [106/114] Built LeanExe.Extract.ScalarBooleanLocalDependentBranch (867ms)
✔ [112/114] Built LeanExe.Source.Scalar (1.5s)
⚠ [113/114] Built LeanExe.Extract.ScalarExprCore (15s)
warning: LeanExe/Extract/ScalarExprCore.lean:343:31: Variable name `wrapper` is not explicitly referenced.

Hint: The binding can be removed (if unused) or named `_` (if used implicitly). Alternatively, prefix the name with `_` to silence this warning:
  [apply] _wrapper

Note: This linter can be disabled with `set_option linter.unusedVariables false`
warning: LeanExe/Extract/ScalarExprCore.lean:351:31: Variable name `name` is not explicitly referenced.

Hint: The binding can be removed (if unused) or named `_` (if used implicitly). Alternatively, prefix the name with `_` to silence this warning:
  [apply] _name

Note: This linter can be disabled with `set_option linter.unusedVariables false`
warning: LeanExe/Extract/ScalarExprCore.lean:351:36: Variable name `form` is not explicitly referenced.

Hint: The binding can be removed (if unused) or named `_` (if used implicitly). Alternatively, prefix the name with `_` to silence this warning:
  [apply] _form

Note: This linter can be disabled with `set_option linter.unusedVariables false`
warning: LeanExe/Extract/ScalarExprCore.lean:351:52: Variable name `type` is not explicitly referenced.

Hint: The binding can be removed (if unused) or named `_` (if used implicitly). Alternatively, prefix the name with `_` to silence this warning:
  [apply] _type

Note: This linter can be disabled with `set_option linter.unusedVariables false`
warning: LeanExe/Extract/ScalarExprCore.lean:360:35: Variable name `name` is not explicitly referenced.

Hint: The binding can be removed (if unused) or named `_` (if used implicitly). Alternatively, prefix the name with `_` to silence this warning:
  [apply] _name

Note: This linter can be disabled with `set_option linter.unusedVariables false`
warning: LeanExe/Extract/ScalarExprCore.lean:360:40: Variable name `form` is not explicitly referenced.

Hint: The binding can be removed (if unused) or named `_` (if used implicitly). Alternatively, prefix the name with `_` to silence this warning:
  [apply] _form

Note: This linter can be disabled with `set_option linter.unusedVariables false`
warning: LeanExe/Extract/ScalarExprCore.lean:360:56: Variable name `type` is not explicitly referenced.

Hint: The binding can be removed (if unused) or named `_` (if used implicitly). Alternatively, prefix the name with `_` to silence this warning:
  [apply] _type

Note: This linter can be disabled with `set_option linter.unusedVariables false`
⚠ [114/114] Built LeanExe.Extract.ScalarExpr (1.6s)
warning: LeanExe/Extract/ScalarExpr.lean:172:54: `if_pos` has been deprecated: Use `ite_eq_left` instead
warning: LeanExe/Extract/ScalarExpr.lean:173:54: `if_neg` has been deprecated: Use `ite_eq_right` instead
warning: LeanExe/Extract/ScalarExpr.lean:188:54: `if_pos` has been deprecated: Use `ite_eq_left` instead
warning: LeanExe/Extract/ScalarExpr.lean:189:54: `if_neg` has been deprecated: Use `ite_eq_right` instead
warning: LeanExe/Extract/ScalarExpr.lean:223:54: `if_pos` has been deprecated: Use `ite_eq_left` instead
warning: LeanExe/Extract/ScalarExpr.lean:224:54: `if_neg` has been deprecated: Use `ite_eq_right` instead
warning: LeanExe/Extract/ScalarExpr.lean:238:54: `if_pos` has been deprecated: Use `ite_eq_left` instead
warning: LeanExe/Extract/ScalarExpr.lean:239:54: `if_neg` has been deprecated: Use `ite_eq_right` instead
warning: LeanExe/Extract/ScalarExpr.lean:921:54: `if_neg` has been deprecated: Use `ite_eq_right` instead
warning: LeanExe/Extract/ScalarExpr.lean:1020:63: `if_neg` has been deprecated: Use `ite_eq_right` instead
warning: LeanExe/Extract/ScalarExpr.lean:1244:47: `if_neg` has been deprecated: Use `ite_eq_right` instead
warning: LeanExe/Extract/ScalarExpr.lean:1266:18: `if_neg` has been deprecated: Use `ite_eq_right` instead
warning: LeanExe/Extract/ScalarExpr.lean:1288:18: `if_neg` has been deprecated: Use `ite_eq_right` instead
warning: LeanExe/Extract/ScalarExpr.lean:1310:18: `if_neg` has been deprecated: Use `ite_eq_right` instead
warning: LeanExe/Extract/ScalarExpr.lean:1332:18: `if_neg` has been deprecated: Use `ite_eq_right` instead
warning: LeanExe/Extract/ScalarExpr.lean:1356:18: `if_neg` has been deprecated: Use `ite_eq_right` instead
warning: LeanExe/Extract/ScalarExpr.lean:1380:18: `if_neg` has been deprecated: Use `ite_eq_right` instead
warning: LeanExe/Extract/ScalarExpr.lean:1398:46: `if_neg` has been deprecated: Use `ite_eq_right` instead
warning: LeanExe/Extract/ScalarExpr.lean:1417:46: `if_neg` has been deprecated: Use `ite_eq_right` instead
warning: LeanExe/Extract/ScalarExpr.lean:1436:50: `if_neg` has been deprecated: Use `ite_eq_right` instead
Build completed successfully (114 jobs).
