cli-build: passed
admission-test: passed
reserved-exports: passed
fixture: passed
native-results: passed
compile-constant: passed
compile-publicInputIdWord: passed
compile-publicInputIdResult: passed
compile-publicFlagWord: passed
compile-publicFlagResult: passed
compile-rangeBoolManyHelperBinaryRepeat: passed
compile-rangeBoolManyHelperFiveFlag: passed
compile-rangeBoolManyHelperFiveId: passed
compile-rangeBoolUnitHelperRepeat: passed
compile-rangeBoolUnitHelperFlag: passed
compile-rangeBoolUnitHelperId: passed
compile-rangeBoolOuterConditionEqual: passed
compile-rangeBoolOuterConditionOrder: passed
compile-rangeBoolOuterConditionFlag: passed
compile-rangeBoolOuterConditionNested: passed
compile-rangeBoolOuterConditionHelper: passed
compile-rangeBoolOuterConditionId: passed
compile-rangeBoolMixedConditionScalarLeft: passed
compile-rangeBoolMixedConditionScalarRight: passed
compile-rangeBoolMixedConditionFlag: passed
compile-rangeBoolMixedConditionNested: passed
compile-rangeBoolMixedConditionHelper: passed
compile-rangeBoolMixedConditionBooleanHelper: passed
compile-rangeBoolMixedConditionContinue: passed
compile-rangeBoolMixedConditionStride: passed
compile-rangeBoolMixedConditionId: passed
compile-rangeBoolMixedConditionCapture: passed
compile-rangeBoolLetIdInput: passed
Passed 609 native Lean / independent Wasm engine comparisons across 28 declarations.
