⚠ [1/128] Replayed LeanExe.Examples.AsciiDigits
warning: LeanExe/Examples/AsciiDigits.lean:103:30: `if_false` has been deprecated: Use `ite_false` instead
warning: LeanExe/Examples/AsciiDigits.lean:109:78: `if_true` has been deprecated: Use `ite_true` instead
⚠ [84/128] Replayed LeanExe.IR.ScalarRangeSlots
warning: LeanExe/IR/ScalarRangeSlots.lean:25:2: try 'simp' instead of 'simpa'

Note: This linter can be disabled with `set_option linter.unnecessarySimpa false`
warning: LeanExe/IR/ScalarRangeSlots.lean:29:20: This simp argument is unused:
  read_suffix

Hint: Omit it from the simp argument list.
  [apply] simp [rangeStore]

Note: This linter can be disabled with `set_option linter.unusedSimpArgs false`
warning: LeanExe/IR/ScalarRangeSlots.lean:33:20: This simp argument is unused:
  read_suffix

Hint: Omit it from the simp argument list.
  [apply] simp [rangeStore]

Note: This linter can be disabled with `set_option linter.unusedSimpArgs false`
⚠ [110/128] Replayed LeanExe.IR.ScalarRangeExitSlots
warning: LeanExe/IR/ScalarRangeExitSlots.lean:18:2: try 'simp' instead of 'simpa'

Note: This linter can be disabled with `set_option linter.unnecessarySimpa false`
⚠ [115/128] Replayed LeanExe.Extract.ScalarFunc
warning: LeanExe/Extract/ScalarFunc.lean:76:28: This simp argument is unused:
  bind

Hint: Omit it from the simp argument list.
  [apply] simp only [rangeCase, pure, Option.bind_eq_some_iff, Option.some.injEq] at compiled

Note: This linter can be disabled with `set_option linter.unusedSimpArgs false`
✔ [127/268] Built LeanExe.Extract.Eval (1.0s)
✔ [153/268] Built LeanExe.Source.ScalarBooleanLocal:c.o (296ms)
✔ [166/268] Built LeanExe.Extract.ScalarBooleanLocalSyntax:c.o (881ms)
✔ [167/268] Built LeanExe.Extract.ScalarBooleanAction:c.o (548ms)
✔ [191/268] Built LeanExe.Extract.ScalarGuardLowering:c.o (113ms)
✔ [194/268] Built LeanExe.Extract.ScalarBooleanLocal:c.o (281ms)
✔ [258/268] Built LeanExe.Extract.Report (1.5s)
✔ [262/268] Built LeanExe.Extract.OwnershipReport (1.1s)
✔ [264/268] Built LeanExe.CLI (1.2s)
✔ [266/268] Built Main (928ms)
✔ [268/268] Built «lean-wasm»:exe (510ms)
Build completed successfully (268 jobs).
