⚠ [1/137] Replayed LeanExe.Examples.AsciiDigits
warning: LeanExe/Examples/AsciiDigits.lean:103:30: `if_false` has been deprecated: Use `ite_false` instead
warning: LeanExe/Examples/AsciiDigits.lean:109:78: `if_true` has been deprecated: Use `ite_true` instead
⚠ [93/137] Replayed LeanExe.IR.ScalarRangeSlots
warning: LeanExe/IR/ScalarRangeSlots.lean:25:2: try 'simp' instead of 'simpa'

Note: This linter can be disabled with `set_option linter.unnecessarySimpa false`
warning: LeanExe/IR/ScalarRangeSlots.lean:29:20: This simp argument is unused:
  read_suffix

Hint: Omit it from the simp argument list.
  [apply] simp [rangeStore]

Note: This linter can be disabled with `set_option linter.unusedSimpArgs false`
warning: LeanExe/IR/ScalarRangeSlots.lean:33:20: This simp argument is unused:
  read_suffix

Hint: Omit it from the simp argument list.
  [apply] simp [rangeStore]

Note: This linter can be disabled with `set_option linter.unusedSimpArgs false`
⚠ [119/137] Replayed LeanExe.IR.ScalarRangeExitSlots
warning: LeanExe/IR/ScalarRangeExitSlots.lean:18:2: try 'simp' instead of 'simpa'

Note: This linter can be disabled with `set_option linter.unnecessarySimpa false`
⚠ [124/137] Replayed LeanExe.Extract.ScalarFunc
warning: LeanExe/Extract/ScalarFunc.lean:76:28: This simp argument is unused:
  bind

Hint: Omit it from the simp argument list.
  [apply] simp only [rangeCase, pure, Option.bind_eq_some_iff, Option.some.injEq] at compiled

Note: This linter can be disabled with `set_option linter.unusedSimpArgs false`
✔ [136/286] Built LeanExe.Extract.Eval (990ms)
✔ [165/286] Built LeanExe.Source.ScalarBooleanLet:c.o (117ms)
✔ [166/286] Built LeanExe.Source.ScalarBooleanLocal:c.o (580ms)
✔ [179/286] Built LeanExe.Extract.ScalarBooleanLetTypes:c.o (88ms)
✔ [180/286] Built LeanExe.Extract.ScalarBooleanLocalParser:c.o (1.5s)
✔ [182/286] Built LeanExe.Extract.ScalarBooleanLocalParserEquations:c.o (1.2s)
✔ [183/286] Built LeanExe.Extract.ScalarBooleanLocalSyntax:c.o (1.5s)
✔ [194/286] Built LeanExe.Source.ScalarHead:c.o (166ms)
✔ [195/286] Built LeanExe.Extract.ScalarHead:c.o (325ms)
✔ [196/286] Built LeanExe.Extract.ScalarCall:c.o (249ms)
✔ [212/286] Built LeanExe.Extract.ScalarBooleanLocal:c.o (407ms)
✔ [224/286] Built LeanExe.Extract.ScalarExprCore:c.o (3.0s)
✔ [276/286] Built LeanExe.Extract.Report (1.5s)
✔ [280/286] Built LeanExe.Extract.OwnershipReport (1.1s)
✔ [282/286] Built LeanExe.CLI (1.2s)
✔ [284/286] Built Main (924ms)
✔ [286/286] Built «lean-wasm»:exe (516ms)
Build completed successfully (286 jobs).
