leanrun: LEANRUN_LOCAL=1; macOS has no cgroup CPU/memory/swap limits or ionice
leanrun: explicitly authorized inherited priority; nice unavailable
fun x y =>
  (have value := x + y;
      have value := value.run * 3;
      have flag := value.run.run == y;
      flag || x == 0).toUInt64 +
    y
Lean.Expr.lam
  `x
  (Lean.Expr.const `UInt64 [])
  (Lean.Expr.lam
    `y
    (Lean.Expr.const `UInt64 [])
    (Lean.Expr.app
      (Lean.Expr.app
        (Lean.Expr.app
          (Lean.Expr.app
            (Lean.Expr.app
              (Lean.Expr.app
                (Lean.Expr.const `HAdd.hAdd [Lean.Level.zero, Lean.Level.zero, Lean.Level.zero])
                (Lean.Expr.const `UInt64 []))
              (Lean.Expr.const `UInt64 []))
            (Lean.Expr.const `UInt64 []))
          (Lean.Expr.app
            (Lean.Expr.app (Lean.Expr.const `instHAdd [Lean.Level.zero]) (Lean.Expr.const `UInt64 []))
            (Lean.Expr.const `instAddUInt64 [])))
        (Lean.Expr.app
          (Lean.Expr.const `Bool.toUInt64 [])
          (Lean.Expr.letE
            `value
            (Lean.Expr.app (Lean.Expr.const `Id [Lean.Level.zero]) (Lean.Expr.const `UInt64 []))
            (Lean.Expr.app
              (Lean.Expr.app
                (Lean.Expr.app
                  (Lean.Expr.app
                    (Lean.Expr.app
                      (Lean.Expr.app
                        (Lean.Expr.const `HAdd.hAdd [Lean.Level.zero, Lean.Level.zero, Lean.Level.zero])
                        (Lean.Expr.const `UInt64 []))
                      (Lean.Expr.const `UInt64 []))
                    (Lean.Expr.const `UInt64 []))
                  (Lean.Expr.app
                    (Lean.Expr.app (Lean.Expr.const `instHAdd [Lean.Level.zero]) (Lean.Expr.const `UInt64 []))
                    (Lean.Expr.const `instAddUInt64 [])))
                (Lean.Expr.bvar 1))
              (Lean.Expr.bvar 0))
            (Lean.Expr.letE
              `value
              (Lean.Expr.app
                (Lean.Expr.const `Id [Lean.Level.zero])
                (Lean.Expr.app (Lean.Expr.const `Id [Lean.Level.zero]) (Lean.Expr.const `UInt64 [])))
              (Lean.Expr.app
                (Lean.Expr.app
                  (Lean.Expr.app
                    (Lean.Expr.app
                      (Lean.Expr.app
                        (Lean.Expr.app
                          (Lean.Expr.const `HMul.hMul [Lean.Level.zero, Lean.Level.zero, Lean.Level.zero])
                          (Lean.Expr.const `UInt64 []))
                        (Lean.Expr.const `UInt64 []))
                      (Lean.Expr.app
                        (Lean.Expr.const `Id [Lean.Level.zero])
                        (Lean.Expr.app (Lean.Expr.const `Id [Lean.Level.zero]) (Lean.Expr.const `UInt64 []))))
                    (Lean.Expr.app
                      (Lean.Expr.app (Lean.Expr.const `instHMul [Lean.Level.zero]) (Lean.Expr.const `UInt64 []))
                      (Lean.Expr.const `instMulUInt64 [])))
                  (Lean.Expr.app
                    (Lean.Expr.app (Lean.Expr.const `Id.run [Lean.Level.zero]) (Lean.Expr.const `UInt64 []))
                    (Lean.Expr.bvar 0)))
                (Lean.Expr.app
                  (Lean.Expr.app
                    (Lean.Expr.app (Lean.Expr.const `OfNat.ofNat [Lean.Level.zero]) (Lean.Expr.const `UInt64 []))
                    (Lean.Expr.lit (Lean.Literal.natVal 3)))
                  (Lean.Expr.app (Lean.Expr.const `UInt64.instOfNat []) (Lean.Expr.lit (Lean.Literal.natVal 3)))))
              (Lean.Expr.letE
                `flag
                (Lean.Expr.app (Lean.Expr.const `Id [Lean.Level.zero]) (Lean.Expr.const `Bool []))
                (Lean.Expr.app
                  (Lean.Expr.app
                    (Lean.Expr.app
                      (Lean.Expr.app (Lean.Expr.const `BEq.beq [Lean.Level.zero]) (Lean.Expr.const `UInt64 []))
                      (Lean.Expr.app
                        (Lean.Expr.app
                          (Lean.Expr.const `instBEqOfDecidableEq [Lean.Level.zero])
                          (Lean.Expr.const `UInt64 []))
                        (Lean.Expr.const `instDecidableEqUInt64 [])))
                    (Lean.Expr.app
                      (Lean.Expr.app (Lean.Expr.const `Id.run [Lean.Level.zero]) (Lean.Expr.const `UInt64 []))
                      (Lean.Expr.app
                        (Lean.Expr.app
                          (Lean.Expr.const `Id.run [Lean.Level.zero])
                          (Lean.Expr.app (Lean.Expr.const `Id [Lean.Level.zero]) (Lean.Expr.const `UInt64 [])))
                        (Lean.Expr.bvar 0))))
                  (Lean.Expr.bvar 2))
                (Lean.Expr.app
                  (Lean.Expr.app (Lean.Expr.const `Bool.or []) (Lean.Expr.bvar 0))
                  (Lean.Expr.app
                    (Lean.Expr.app
                      (Lean.Expr.app
                        (Lean.Expr.app (Lean.Expr.const `BEq.beq [Lean.Level.zero]) (Lean.Expr.const `UInt64 []))
                        (Lean.Expr.app
                          (Lean.Expr.app
                            (Lean.Expr.const `instBEqOfDecidableEq [Lean.Level.zero])
                            (Lean.Expr.const `UInt64 []))
                          (Lean.Expr.const `instDecidableEqUInt64 [])))
                      (Lean.Expr.bvar 4))
                    (Lean.Expr.app
                      (Lean.Expr.app
                        (Lean.Expr.app (Lean.Expr.const `OfNat.ofNat [Lean.Level.zero]) (Lean.Expr.const `UInt64 []))
                        (Lean.Expr.lit (Lean.Literal.natVal 0)))
                      (Lean.Expr.app (Lean.Expr.const `UInt64.instOfNat []) (Lean.Expr.lit (Lean.Literal.natVal 0))))))
                true)
              true)
            true)))
      (Lean.Expr.bvar 0))
    (Lean.BinderInfo.default))
  (Lean.BinderInfo.default)
variables: []
operand accepted: true
operand accepted: false
have value := #1 + #0;
Id.run value * 3
Lean.Expr.letE
  `value
  (Lean.Expr.const `UInt64 [])
  (Lean.Expr.app
    (Lean.Expr.app
      (Lean.Expr.app
        (Lean.Expr.app
          (Lean.Expr.app
            (Lean.Expr.app
              (Lean.Expr.const `HAdd.hAdd [Lean.Level.zero, Lean.Level.zero, Lean.Level.zero])
              (Lean.Expr.const `UInt64 []))
            (Lean.Expr.const `UInt64 []))
          (Lean.Expr.const `UInt64 []))
        (Lean.Expr.app
          (Lean.Expr.app (Lean.Expr.const `instHAdd [Lean.Level.zero]) (Lean.Expr.const `UInt64 []))
          (Lean.Expr.const `instAddUInt64 [])))
      (Lean.Expr.bvar 1))
    (Lean.Expr.bvar 0))
  (Lean.Expr.app
    (Lean.Expr.app
      (Lean.Expr.app
        (Lean.Expr.app
          (Lean.Expr.app
            (Lean.Expr.app
              (Lean.Expr.const `HMul.hMul [Lean.Level.zero, Lean.Level.zero, Lean.Level.zero])
              (Lean.Expr.const `UInt64 []))
            (Lean.Expr.const `UInt64 []))
          (Lean.Expr.app
            (Lean.Expr.const `Id [Lean.Level.zero])
            (Lean.Expr.app (Lean.Expr.const `Id [Lean.Level.zero]) (Lean.Expr.const `UInt64 []))))
        (Lean.Expr.app
          (Lean.Expr.app (Lean.Expr.const `instHMul [Lean.Level.zero]) (Lean.Expr.const `UInt64 []))
          (Lean.Expr.const `instMulUInt64 [])))
      (Lean.Expr.app
        (Lean.Expr.app (Lean.Expr.const `Id.run [Lean.Level.zero]) (Lean.Expr.const `UInt64 []))
        (Lean.Expr.bvar 0)))
    (Lean.Expr.app
      (Lean.Expr.app
        (Lean.Expr.app (Lean.Expr.const `OfNat.ofNat [Lean.Level.zero]) (Lean.Expr.const `UInt64 []))
        (Lean.Expr.lit (Lean.Literal.natVal 3)))
      (Lean.Expr.app (Lean.Expr.const `UInt64.instOfNat []) (Lean.Expr.lit (Lean.Literal.natVal 3)))))
  true
operand accepted: false
have value := #1 + #0;
have value := Id.run value * 3;
(Id.run value).run
Lean.Expr.letE
  `value
  (Lean.Expr.const `UInt64 [])
  (Lean.Expr.app
    (Lean.Expr.app
      (Lean.Expr.app
        (Lean.Expr.app
          (Lean.Expr.app
            (Lean.Expr.app
              (Lean.Expr.const `HAdd.hAdd [Lean.Level.zero, Lean.Level.zero, Lean.Level.zero])
              (Lean.Expr.const `UInt64 []))
            (Lean.Expr.const `UInt64 []))
          (Lean.Expr.const `UInt64 []))
        (Lean.Expr.app
          (Lean.Expr.app (Lean.Expr.const `instHAdd [Lean.Level.zero]) (Lean.Expr.const `UInt64 []))
          (Lean.Expr.const `instAddUInt64 [])))
      (Lean.Expr.bvar 1))
    (Lean.Expr.bvar 0))
  (Lean.Expr.letE
    `value
    (Lean.Expr.const `UInt64 [])
    (Lean.Expr.app
      (Lean.Expr.app
        (Lean.Expr.app
          (Lean.Expr.app
            (Lean.Expr.app
              (Lean.Expr.app
                (Lean.Expr.const `HMul.hMul [Lean.Level.zero, Lean.Level.zero, Lean.Level.zero])
                (Lean.Expr.const `UInt64 []))
              (Lean.Expr.const `UInt64 []))
            (Lean.Expr.app
              (Lean.Expr.const `Id [Lean.Level.zero])
              (Lean.Expr.app (Lean.Expr.const `Id [Lean.Level.zero]) (Lean.Expr.const `UInt64 []))))
          (Lean.Expr.app
            (Lean.Expr.app (Lean.Expr.const `instHMul [Lean.Level.zero]) (Lean.Expr.const `UInt64 []))
            (Lean.Expr.const `instMulUInt64 [])))
        (Lean.Expr.app
          (Lean.Expr.app (Lean.Expr.const `Id.run [Lean.Level.zero]) (Lean.Expr.const `UInt64 []))
          (Lean.Expr.bvar 0)))
      (Lean.Expr.app
        (Lean.Expr.app
          (Lean.Expr.app (Lean.Expr.const `OfNat.ofNat [Lean.Level.zero]) (Lean.Expr.const `UInt64 []))
          (Lean.Expr.lit (Lean.Literal.natVal 3)))
        (Lean.Expr.app (Lean.Expr.const `UInt64.instOfNat []) (Lean.Expr.lit (Lean.Literal.natVal 3)))))
    (Lean.Expr.app
      (Lean.Expr.app (Lean.Expr.const `Id.run [Lean.Level.zero]) (Lean.Expr.const `UInt64 []))
      (Lean.Expr.app
        (Lean.Expr.app
          (Lean.Expr.const `Id.run [Lean.Level.zero])
          (Lean.Expr.app (Lean.Expr.const `Id [Lean.Level.zero]) (Lean.Expr.const `UInt64 [])))
        (Lean.Expr.bvar 0)))
    true)
  true
operand accepted: false
have value := #1 + #0;
have value := Id.run value * 3;
#0
Lean.Expr.letE
  `value
  (Lean.Expr.const `UInt64 [])
  (Lean.Expr.app
    (Lean.Expr.app
      (Lean.Expr.app
        (Lean.Expr.app
          (Lean.Expr.app
            (Lean.Expr.app
              (Lean.Expr.const `HAdd.hAdd [Lean.Level.zero, Lean.Level.zero, Lean.Level.zero])
              (Lean.Expr.const `UInt64 []))
            (Lean.Expr.const `UInt64 []))
          (Lean.Expr.const `UInt64 []))
        (Lean.Expr.app
          (Lean.Expr.app (Lean.Expr.const `instHAdd [Lean.Level.zero]) (Lean.Expr.const `UInt64 []))
          (Lean.Expr.const `instAddUInt64 [])))
      (Lean.Expr.bvar 1))
    (Lean.Expr.bvar 0))
  (Lean.Expr.letE
    `value
    (Lean.Expr.const `UInt64 [])
    (Lean.Expr.app
      (Lean.Expr.app
        (Lean.Expr.app
          (Lean.Expr.app
            (Lean.Expr.app
              (Lean.Expr.app
                (Lean.Expr.const `HMul.hMul [Lean.Level.zero, Lean.Level.zero, Lean.Level.zero])
                (Lean.Expr.const `UInt64 []))
              (Lean.Expr.const `UInt64 []))
            (Lean.Expr.app
              (Lean.Expr.const `Id [Lean.Level.zero])
              (Lean.Expr.app (Lean.Expr.const `Id [Lean.Level.zero]) (Lean.Expr.const `UInt64 []))))
          (Lean.Expr.app
            (Lean.Expr.app (Lean.Expr.const `instHMul [Lean.Level.zero]) (Lean.Expr.const `UInt64 []))
            (Lean.Expr.const `instMulUInt64 [])))
        (Lean.Expr.app
          (Lean.Expr.app (Lean.Expr.const `Id.run [Lean.Level.zero]) (Lean.Expr.const `UInt64 []))
          (Lean.Expr.bvar 0)))
      (Lean.Expr.app
        (Lean.Expr.app
          (Lean.Expr.app (Lean.Expr.const `OfNat.ofNat [Lean.Level.zero]) (Lean.Expr.const `UInt64 []))
          (Lean.Expr.lit (Lean.Literal.natVal 3)))
        (Lean.Expr.app (Lean.Expr.const `UInt64.instOfNat []) (Lean.Expr.lit (Lean.Literal.natVal 3)))))
    (Lean.Expr.bvar 2)
    true)
  true
operand accepted: false
have value := #1 + #0;
have value := Id.run value * 3;
have flag := (Id.run value).run == #0;
#1
Lean.Expr.letE
  `value
  (Lean.Expr.const `UInt64 [])
  (Lean.Expr.app
    (Lean.Expr.app
      (Lean.Expr.app
        (Lean.Expr.app
          (Lean.Expr.app
            (Lean.Expr.app
              (Lean.Expr.const `HAdd.hAdd [Lean.Level.zero, Lean.Level.zero, Lean.Level.zero])
              (Lean.Expr.const `UInt64 []))
            (Lean.Expr.const `UInt64 []))
          (Lean.Expr.const `UInt64 []))
        (Lean.Expr.app
          (Lean.Expr.app (Lean.Expr.const `instHAdd [Lean.Level.zero]) (Lean.Expr.const `UInt64 []))
          (Lean.Expr.const `instAddUInt64 [])))
      (Lean.Expr.bvar 1))
    (Lean.Expr.bvar 0))
  (Lean.Expr.letE
    `value
    (Lean.Expr.const `UInt64 [])
    (Lean.Expr.app
      (Lean.Expr.app
        (Lean.Expr.app
          (Lean.Expr.app
            (Lean.Expr.app
              (Lean.Expr.app
                (Lean.Expr.const `HMul.hMul [Lean.Level.zero, Lean.Level.zero, Lean.Level.zero])
                (Lean.Expr.const `UInt64 []))
              (Lean.Expr.const `UInt64 []))
            (Lean.Expr.app
              (Lean.Expr.const `Id [Lean.Level.zero])
              (Lean.Expr.app (Lean.Expr.const `Id [Lean.Level.zero]) (Lean.Expr.const `UInt64 []))))
          (Lean.Expr.app
            (Lean.Expr.app (Lean.Expr.const `instHMul [Lean.Level.zero]) (Lean.Expr.const `UInt64 []))
            (Lean.Expr.const `instMulUInt64 [])))
        (Lean.Expr.app
          (Lean.Expr.app (Lean.Expr.const `Id.run [Lean.Level.zero]) (Lean.Expr.const `UInt64 []))
          (Lean.Expr.bvar 0)))
      (Lean.Expr.app
        (Lean.Expr.app
          (Lean.Expr.app (Lean.Expr.const `OfNat.ofNat [Lean.Level.zero]) (Lean.Expr.const `UInt64 []))
          (Lean.Expr.lit (Lean.Literal.natVal 3)))
        (Lean.Expr.app (Lean.Expr.const `UInt64.instOfNat []) (Lean.Expr.lit (Lean.Literal.natVal 3)))))
    (Lean.Expr.letE
      `flag
      (Lean.Expr.const `Bool [])
      (Lean.Expr.app
        (Lean.Expr.app
          (Lean.Expr.app
            (Lean.Expr.app (Lean.Expr.const `BEq.beq [Lean.Level.zero]) (Lean.Expr.const `UInt64 []))
            (Lean.Expr.app
              (Lean.Expr.app (Lean.Expr.const `instBEqOfDecidableEq [Lean.Level.zero]) (Lean.Expr.const `UInt64 []))
              (Lean.Expr.const `instDecidableEqUInt64 [])))
          (Lean.Expr.app
            (Lean.Expr.app (Lean.Expr.const `Id.run [Lean.Level.zero]) (Lean.Expr.const `UInt64 []))
            (Lean.Expr.app
              (Lean.Expr.app
                (Lean.Expr.const `Id.run [Lean.Level.zero])
                (Lean.Expr.app (Lean.Expr.const `Id [Lean.Level.zero]) (Lean.Expr.const `UInt64 [])))
              (Lean.Expr.bvar 0))))
        (Lean.Expr.bvar 2))
      (Lean.Expr.bvar 4)
      true)
    true)
  true
operand accepted: false
have value := #1 + #0;
have value := Id.run value * 3;
have flag := (Id.run value).run == #0;
0
Lean.Expr.letE
  `value
  (Lean.Expr.const `UInt64 [])
  (Lean.Expr.app
    (Lean.Expr.app
      (Lean.Expr.app
        (Lean.Expr.app
          (Lean.Expr.app
            (Lean.Expr.app
              (Lean.Expr.const `HAdd.hAdd [Lean.Level.zero, Lean.Level.zero, Lean.Level.zero])
              (Lean.Expr.const `UInt64 []))
            (Lean.Expr.const `UInt64 []))
          (Lean.Expr.const `UInt64 []))
        (Lean.Expr.app
          (Lean.Expr.app (Lean.Expr.const `instHAdd [Lean.Level.zero]) (Lean.Expr.const `UInt64 []))
          (Lean.Expr.const `instAddUInt64 [])))
      (Lean.Expr.bvar 1))
    (Lean.Expr.bvar 0))
  (Lean.Expr.letE
    `value
    (Lean.Expr.const `UInt64 [])
    (Lean.Expr.app
      (Lean.Expr.app
        (Lean.Expr.app
          (Lean.Expr.app
            (Lean.Expr.app
              (Lean.Expr.app
                (Lean.Expr.const `HMul.hMul [Lean.Level.zero, Lean.Level.zero, Lean.Level.zero])
                (Lean.Expr.const `UInt64 []))
              (Lean.Expr.const `UInt64 []))
            (Lean.Expr.app
              (Lean.Expr.const `Id [Lean.Level.zero])
              (Lean.Expr.app (Lean.Expr.const `Id [Lean.Level.zero]) (Lean.Expr.const `UInt64 []))))
          (Lean.Expr.app
            (Lean.Expr.app (Lean.Expr.const `instHMul [Lean.Level.zero]) (Lean.Expr.const `UInt64 []))
            (Lean.Expr.const `instMulUInt64 [])))
        (Lean.Expr.app
          (Lean.Expr.app (Lean.Expr.const `Id.run [Lean.Level.zero]) (Lean.Expr.const `UInt64 []))
          (Lean.Expr.bvar 0)))
      (Lean.Expr.app
        (Lean.Expr.app
          (Lean.Expr.app (Lean.Expr.const `OfNat.ofNat [Lean.Level.zero]) (Lean.Expr.const `UInt64 []))
          (Lean.Expr.lit (Lean.Literal.natVal 3)))
        (Lean.Expr.app (Lean.Expr.const `UInt64.instOfNat []) (Lean.Expr.lit (Lean.Literal.natVal 3)))))
    (Lean.Expr.letE
      `flag
      (Lean.Expr.const `Bool [])
      (Lean.Expr.app
        (Lean.Expr.app
          (Lean.Expr.app
            (Lean.Expr.app (Lean.Expr.const `BEq.beq [Lean.Level.zero]) (Lean.Expr.const `UInt64 []))
            (Lean.Expr.app
              (Lean.Expr.app (Lean.Expr.const `instBEqOfDecidableEq [Lean.Level.zero]) (Lean.Expr.const `UInt64 []))
              (Lean.Expr.const `instDecidableEqUInt64 [])))
          (Lean.Expr.app
            (Lean.Expr.app (Lean.Expr.const `Id.run [Lean.Level.zero]) (Lean.Expr.const `UInt64 []))
            (Lean.Expr.app
              (Lean.Expr.app
                (Lean.Expr.const `Id.run [Lean.Level.zero])
                (Lean.Expr.app (Lean.Expr.const `Id [Lean.Level.zero]) (Lean.Expr.const `UInt64 [])))
              (Lean.Expr.bvar 0))))
        (Lean.Expr.bvar 2))
      (Lean.Expr.app
        (Lean.Expr.app
          (Lean.Expr.app (Lean.Expr.const `OfNat.ofNat [Lean.Level.zero]) (Lean.Expr.const `UInt64 []))
          (Lean.Expr.lit (Lean.Literal.natVal 0)))
        (Lean.Expr.app (Lean.Expr.const `UInt64.instOfNat []) (Lean.Expr.lit (Lean.Literal.natVal 0))))
      true)
    true)
  true
