cli-build: passed
admission-test: passed
reserved-exports: passed
fixture: passed
native-results: passed
compile-constant: passed
compile-publicInputIdWord: passed
compile-publicInputIdResult: passed
compile-publicBoolHelpersNested: passed
compile-publicBoolHelpersRepeated: passed
compile-publicBoolHelpersWrapped: passed
compile-publicBoolHelpersInputId: passed
compile-publicBoolHelpersWord: passed
compile-publicBoolHelpersUnused: passed
compile-booleanHelperRelationChoiceLeft: passed
compile-booleanHelperRelationChoiceRight: passed
compile-booleanHelperRelationChoiceFalse: passed
compile-booleanHelperRelationChoiceDependent: passed
compile-booleanHelperRelationChoiceTrue: passed
compile-booleanHelperRelationChoiceNested: passed
compile-booleanHelperPropositionChoiceWord: passed
compile-booleanHelperPropositionChoiceLe: passed
compile-booleanHelperPropositionChoiceCompound: passed
compile-booleanHelperPropositionChoiceDependent: passed
compile-booleanHelperPropositionChoiceNegated: passed
compile-booleanHelperPropositionChoiceLet: passed
compile-booleanHelperChoiceCondition: passed
compile-booleanHelperChoiceYes: passed
compile-booleanHelperChoiceNo: passed
compile-booleanHelperChoiceDependent: passed
compile-booleanHelperChoiceNested: passed
compile-booleanHelperChoiceUnused: passed
compile-publicFlagWord: passed
compile-publicFlagResult: passed
compile-rangeWordBoolHelperId: passed
compile-rangeWordChooseLoops: passed
compile-rangeWordChooseHelpers: passed
compile-rangeWordChooseSetupWord: passed
compile-rangeWordChooseSetupFlag: passed
compile-rangeWordChooseSetupDo: passed
compile-rangeWordChooseSetupNested: passed
compile-rangeWordChooseSavedResult: passed
compile-rangeWordChooseShowResult: passed
compile-rangeWordChooseSetupExit: passed
compile-rangeWordChooseSetupContinue: passed
compile-rangeWordChooseSetupStride: passed
compile-rangeWordChooseSetupId: passed
compile-rangeHelperRelationChoiceStep: passed
compile-rangeHelperRelationChoiceExit: passed
compile-rangeHelperRelationChoiceContinue: passed
compile-rangeHelperRelationChoiceTail: passed
compile-rangeHelperPropositionChoiceStep: passed
compile-rangeHelperPropositionChoiceExit: passed
compile-rangeHelperPropositionChoiceContinue: passed
compile-rangeHelperPropositionChoiceTail: passed
compile-rangeHelperChoiceStep: passed
compile-rangeHelperChoiceExit: passed
compile-rangeHelperChoiceContinue: passed
compile-rangeHelperChoiceTail: passed
Passed 993 native Lean / independent Wasm engine comparisons across 54 declarations.
