leanrun: LEANRUN_LOCAL=1; macOS has no cgroup CPU/memory/swap limits or ionice
leanrun: explicitly authorized inherited priority; nice unavailable
DecideInspect.explicit: fun x y =>
  have flag := decide (x < y);
  if flag = true then x + y else x - y
Lean.Expr.lam
  `x
  (Lean.Expr.const `UInt64 [])
  (Lean.Expr.lam
    `y
    (Lean.Expr.const `UInt64 [])
    (Lean.Expr.letE
      `flag
      (Lean.Expr.const `Bool [])
      (Lean.Expr.app
        (Lean.Expr.app
          (Lean.Expr.const `Decidable.decide [])
          (Lean.Expr.app
            (Lean.Expr.app
              (Lean.Expr.app
                (Lean.Expr.app (Lean.Expr.const `LT.lt [Lean.Level.zero]) (Lean.Expr.const `UInt64 []))
                (Lean.Expr.const `instLTUInt64 []))
              (Lean.Expr.bvar 1))
            (Lean.Expr.bvar 0)))
        (Lean.Expr.app (Lean.Expr.app (Lean.Expr.const `UInt64.decLt []) (Lean.Expr.bvar 1)) (Lean.Expr.bvar 0)))
      (Lean.Expr.app
        (Lean.Expr.app
          (Lean.Expr.app
            (Lean.Expr.app
              (Lean.Expr.app (Lean.Expr.const `ite [Lean.Level.succ (Lean.Level.zero)]) (Lean.Expr.const `UInt64 []))
              (Lean.Expr.app
                (Lean.Expr.app
                  (Lean.Expr.app (Lean.Expr.const `Eq [Lean.Level.succ (Lean.Level.zero)]) (Lean.Expr.const `Bool []))
                  (Lean.Expr.bvar 0))
                (Lean.Expr.const `Bool.true [])))
            (Lean.Expr.app
              (Lean.Expr.app (Lean.Expr.const `instDecidableEqBool []) (Lean.Expr.bvar 0))
              (Lean.Expr.const `Bool.true [])))
          (Lean.Expr.app
            (Lean.Expr.app
              (Lean.Expr.app
                (Lean.Expr.app
                  (Lean.Expr.app
                    (Lean.Expr.app
                      (Lean.Expr.const `HAdd.hAdd [Lean.Level.zero, Lean.Level.zero, Lean.Level.zero])
                      (Lean.Expr.const `UInt64 []))
                    (Lean.Expr.const `UInt64 []))
                  (Lean.Expr.const `UInt64 []))
                (Lean.Expr.app
                  (Lean.Expr.app (Lean.Expr.const `instHAdd [Lean.Level.zero]) (Lean.Expr.const `UInt64 []))
                  (Lean.Expr.const `instAddUInt64 [])))
              (Lean.Expr.bvar 2))
            (Lean.Expr.bvar 1)))
        (Lean.Expr.app
          (Lean.Expr.app
            (Lean.Expr.app
              (Lean.Expr.app
                (Lean.Expr.app
                  (Lean.Expr.app
                    (Lean.Expr.const `HSub.hSub [Lean.Level.zero, Lean.Level.zero, Lean.Level.zero])
                    (Lean.Expr.const `UInt64 []))
                  (Lean.Expr.const `UInt64 []))
                (Lean.Expr.const `UInt64 []))
              (Lean.Expr.app
                (Lean.Expr.app (Lean.Expr.const `instHSub [Lean.Level.zero]) (Lean.Expr.const `UInt64 []))
                (Lean.Expr.const `instSubUInt64 [])))
            (Lean.Expr.bvar 2))
          (Lean.Expr.bvar 1)))
      true)
    (Lean.BinderInfo.default))
  (Lean.BinderInfo.default)
accepted: false
DecideInspect.implicit: fun x y =>
  have flag := decide (x ≤ y);
  if flag = true then x + y else x - y
Lean.Expr.lam
  `x
  (Lean.Expr.const `UInt64 [])
  (Lean.Expr.lam
    `y
    (Lean.Expr.const `UInt64 [])
    (Lean.Expr.letE
      `flag
      (Lean.Expr.const `Bool [])
      (Lean.Expr.app
        (Lean.Expr.app
          (Lean.Expr.const `Decidable.decide [])
          (Lean.Expr.app
            (Lean.Expr.app
              (Lean.Expr.app
                (Lean.Expr.app (Lean.Expr.const `LE.le [Lean.Level.zero]) (Lean.Expr.const `UInt64 []))
                (Lean.Expr.const `instLEUInt64 []))
              (Lean.Expr.bvar 1))
            (Lean.Expr.bvar 0)))
        (Lean.Expr.app (Lean.Expr.app (Lean.Expr.const `UInt64.decLe []) (Lean.Expr.bvar 1)) (Lean.Expr.bvar 0)))
      (Lean.Expr.app
        (Lean.Expr.app
          (Lean.Expr.app
            (Lean.Expr.app
              (Lean.Expr.app (Lean.Expr.const `ite [Lean.Level.succ (Lean.Level.zero)]) (Lean.Expr.const `UInt64 []))
              (Lean.Expr.app
                (Lean.Expr.app
                  (Lean.Expr.app (Lean.Expr.const `Eq [Lean.Level.succ (Lean.Level.zero)]) (Lean.Expr.const `Bool []))
                  (Lean.Expr.bvar 0))
                (Lean.Expr.const `Bool.true [])))
            (Lean.Expr.app
              (Lean.Expr.app (Lean.Expr.const `instDecidableEqBool []) (Lean.Expr.bvar 0))
              (Lean.Expr.const `Bool.true [])))
          (Lean.Expr.app
            (Lean.Expr.app
              (Lean.Expr.app
                (Lean.Expr.app
                  (Lean.Expr.app
                    (Lean.Expr.app
                      (Lean.Expr.const `HAdd.hAdd [Lean.Level.zero, Lean.Level.zero, Lean.Level.zero])
                      (Lean.Expr.const `UInt64 []))
                    (Lean.Expr.const `UInt64 []))
                  (Lean.Expr.const `UInt64 []))
                (Lean.Expr.app
                  (Lean.Expr.app (Lean.Expr.const `instHAdd [Lean.Level.zero]) (Lean.Expr.const `UInt64 []))
                  (Lean.Expr.const `instAddUInt64 [])))
              (Lean.Expr.bvar 2))
            (Lean.Expr.bvar 1)))
        (Lean.Expr.app
          (Lean.Expr.app
            (Lean.Expr.app
              (Lean.Expr.app
                (Lean.Expr.app
                  (Lean.Expr.app
                    (Lean.Expr.const `HSub.hSub [Lean.Level.zero, Lean.Level.zero, Lean.Level.zero])
                    (Lean.Expr.const `UInt64 []))
                  (Lean.Expr.const `UInt64 []))
                (Lean.Expr.const `UInt64 []))
              (Lean.Expr.app
                (Lean.Expr.app (Lean.Expr.const `instHSub [Lean.Level.zero]) (Lean.Expr.const `UInt64 []))
                (Lean.Expr.const `instSubUInt64 [])))
            (Lean.Expr.bvar 2))
          (Lean.Expr.bvar 1)))
      true)
    (Lean.BinderInfo.default))
  (Lean.BinderInfo.default)
accepted: false
DecideInspect.compound: fun x y =>
  have flag := decide (x < y ∧ y ≠ 0 ∨ ¬x = y);
  if (!flag) = true then x + y else x - y
Lean.Expr.lam
  `x
  (Lean.Expr.const `UInt64 [])
  (Lean.Expr.lam
    `y
    (Lean.Expr.const `UInt64 [])
    (Lean.Expr.letE
      `flag
      (Lean.Expr.const `Bool [])
      (Lean.Expr.app
        (Lean.Expr.app
          (Lean.Expr.const `Decidable.decide [])
          (Lean.Expr.app
            (Lean.Expr.app
              (Lean.Expr.const `Or [])
              (Lean.Expr.app
                (Lean.Expr.app
                  (Lean.Expr.const `And [])
                  (Lean.Expr.app
                    (Lean.Expr.app
                      (Lean.Expr.app
                        (Lean.Expr.app (Lean.Expr.const `LT.lt [Lean.Level.zero]) (Lean.Expr.const `UInt64 []))
                        (Lean.Expr.const `instLTUInt64 []))
                      (Lean.Expr.bvar 1))
                    (Lean.Expr.bvar 0)))
                (Lean.Expr.app
                  (Lean.Expr.app
                    (Lean.Expr.app
                      (Lean.Expr.const `Ne [Lean.Level.succ (Lean.Level.zero)])
                      (Lean.Expr.const `UInt64 []))
                    (Lean.Expr.bvar 0))
                  (Lean.Expr.app
                    (Lean.Expr.app
                      (Lean.Expr.app (Lean.Expr.const `OfNat.ofNat [Lean.Level.zero]) (Lean.Expr.const `UInt64 []))
                      (Lean.Expr.lit (Lean.Literal.natVal 0)))
                    (Lean.Expr.app (Lean.Expr.const `UInt64.instOfNat []) (Lean.Expr.lit (Lean.Literal.natVal 0)))))))
            (Lean.Expr.app
              (Lean.Expr.const `Not [])
              (Lean.Expr.app
                (Lean.Expr.app
                  (Lean.Expr.app (Lean.Expr.const `Eq [Lean.Level.succ (Lean.Level.zero)]) (Lean.Expr.const `UInt64 []))
                  (Lean.Expr.bvar 1))
                (Lean.Expr.bvar 0)))))
        (Lean.Expr.app
          (Lean.Expr.app
            (Lean.Expr.app
              (Lean.Expr.app
                (Lean.Expr.const `instDecidableOr [])
                (Lean.Expr.app
                  (Lean.Expr.app
                    (Lean.Expr.const `And [])
                    (Lean.Expr.app
                      (Lean.Expr.app
                        (Lean.Expr.app
                          (Lean.Expr.app (Lean.Expr.const `LT.lt [Lean.Level.zero]) (Lean.Expr.const `UInt64 []))
                          (Lean.Expr.const `instLTUInt64 []))
                        (Lean.Expr.bvar 1))
                      (Lean.Expr.bvar 0)))
                  (Lean.Expr.app
                    (Lean.Expr.app
                      (Lean.Expr.app
                        (Lean.Expr.const `Ne [Lean.Level.succ (Lean.Level.zero)])
                        (Lean.Expr.const `UInt64 []))
                      (Lean.Expr.bvar 0))
                    (Lean.Expr.app
                      (Lean.Expr.app
                        (Lean.Expr.app (Lean.Expr.const `OfNat.ofNat [Lean.Level.zero]) (Lean.Expr.const `UInt64 []))
                        (Lean.Expr.lit (Lean.Literal.natVal 0)))
                      (Lean.Expr.app (Lean.Expr.const `UInt64.instOfNat []) (Lean.Expr.lit (Lean.Literal.natVal 0)))))))
              (Lean.Expr.app
                (Lean.Expr.const `Not [])
                (Lean.Expr.app
                  (Lean.Expr.app
                    (Lean.Expr.app
                      (Lean.Expr.const `Eq [Lean.Level.succ (Lean.Level.zero)])
                      (Lean.Expr.const `UInt64 []))
                    (Lean.Expr.bvar 1))
                  (Lean.Expr.bvar 0))))
            (Lean.Expr.app
              (Lean.Expr.app
                (Lean.Expr.app
                  (Lean.Expr.app
                    (Lean.Expr.const `instDecidableAnd [])
                    (Lean.Expr.app
                      (Lean.Expr.app
                        (Lean.Expr.app
                          (Lean.Expr.app (Lean.Expr.const `LT.lt [Lean.Level.zero]) (Lean.Expr.const `UInt64 []))
                          (Lean.Expr.const `instLTUInt64 []))
                        (Lean.Expr.bvar 1))
                      (Lean.Expr.bvar 0)))
                  (Lean.Expr.app
                    (Lean.Expr.app
                      (Lean.Expr.app
                        (Lean.Expr.const `Ne [Lean.Level.succ (Lean.Level.zero)])
                        (Lean.Expr.const `UInt64 []))
                      (Lean.Expr.bvar 0))
                    (Lean.Expr.app
                      (Lean.Expr.app
                        (Lean.Expr.app (Lean.Expr.const `OfNat.ofNat [Lean.Level.zero]) (Lean.Expr.const `UInt64 []))
                        (Lean.Expr.lit (Lean.Literal.natVal 0)))
                      (Lean.Expr.app (Lean.Expr.const `UInt64.instOfNat []) (Lean.Expr.lit (Lean.Literal.natVal 0))))))
                (Lean.Expr.app
                  (Lean.Expr.app (Lean.Expr.const `UInt64.decLt []) (Lean.Expr.bvar 1))
                  (Lean.Expr.bvar 0)))
              (Lean.Expr.app
                (Lean.Expr.app
                  (Lean.Expr.const `instDecidableNot [])
                  (Lean.Expr.app
                    (Lean.Expr.app
                      (Lean.Expr.app
                        (Lean.Expr.const `Eq [Lean.Level.succ (Lean.Level.zero)])
                        (Lean.Expr.const `UInt64 []))
                      (Lean.Expr.bvar 0))
                    (Lean.Expr.app
                      (Lean.Expr.app
                        (Lean.Expr.app (Lean.Expr.const `OfNat.ofNat [Lean.Level.zero]) (Lean.Expr.const `UInt64 []))
                        (Lean.Expr.lit (Lean.Literal.natVal 0)))
                      (Lean.Expr.app (Lean.Expr.const `UInt64.instOfNat []) (Lean.Expr.lit (Lean.Literal.natVal 0))))))
                (Lean.Expr.app
                  (Lean.Expr.app (Lean.Expr.const `instDecidableEqUInt64 []) (Lean.Expr.bvar 0))
                  (Lean.Expr.app
                    (Lean.Expr.app
                      (Lean.Expr.app (Lean.Expr.const `OfNat.ofNat [Lean.Level.zero]) (Lean.Expr.const `UInt64 []))
                      (Lean.Expr.lit (Lean.Literal.natVal 0)))
                    (Lean.Expr.app (Lean.Expr.const `UInt64.instOfNat []) (Lean.Expr.lit (Lean.Literal.natVal 0))))))))
          (Lean.Expr.app
            (Lean.Expr.app
              (Lean.Expr.const `instDecidableNot [])
              (Lean.Expr.app
                (Lean.Expr.app
                  (Lean.Expr.app (Lean.Expr.const `Eq [Lean.Level.succ (Lean.Level.zero)]) (Lean.Expr.const `UInt64 []))
                  (Lean.Expr.bvar 1))
                (Lean.Expr.bvar 0)))
            (Lean.Expr.app
              (Lean.Expr.app (Lean.Expr.const `instDecidableEqUInt64 []) (Lean.Expr.bvar 1))
              (Lean.Expr.bvar 0)))))
      (Lean.Expr.app
        (Lean.Expr.app
          (Lean.Expr.app
            (Lean.Expr.app
              (Lean.Expr.app (Lean.Expr.const `ite [Lean.Level.succ (Lean.Level.zero)]) (Lean.Expr.const `UInt64 []))
              (Lean.Expr.app
                (Lean.Expr.app
                  (Lean.Expr.app (Lean.Expr.const `Eq [Lean.Level.succ (Lean.Level.zero)]) (Lean.Expr.const `Bool []))
                  (Lean.Expr.app (Lean.Expr.const `Bool.not []) (Lean.Expr.bvar 0)))
                (Lean.Expr.const `Bool.true [])))
            (Lean.Expr.app
              (Lean.Expr.app
                (Lean.Expr.const `instDecidableEqBool [])
                (Lean.Expr.app (Lean.Expr.const `Bool.not []) (Lean.Expr.bvar 0)))
              (Lean.Expr.const `Bool.true [])))
          (Lean.Expr.app
            (Lean.Expr.app
              (Lean.Expr.app
                (Lean.Expr.app
                  (Lean.Expr.app
                    (Lean.Expr.app
                      (Lean.Expr.const `HAdd.hAdd [Lean.Level.zero, Lean.Level.zero, Lean.Level.zero])
                      (Lean.Expr.const `UInt64 []))
                    (Lean.Expr.const `UInt64 []))
                  (Lean.Expr.const `UInt64 []))
                (Lean.Expr.app
                  (Lean.Expr.app (Lean.Expr.const `instHAdd [Lean.Level.zero]) (Lean.Expr.const `UInt64 []))
                  (Lean.Expr.const `instAddUInt64 [])))
              (Lean.Expr.bvar 2))
            (Lean.Expr.bvar 1)))
        (Lean.Expr.app
          (Lean.Expr.app
            (Lean.Expr.app
              (Lean.Expr.app
                (Lean.Expr.app
                  (Lean.Expr.app
                    (Lean.Expr.const `HSub.hSub [Lean.Level.zero, Lean.Level.zero, Lean.Level.zero])
                    (Lean.Expr.const `UInt64 []))
                  (Lean.Expr.const `UInt64 []))
                (Lean.Expr.const `UInt64 []))
              (Lean.Expr.app
                (Lean.Expr.app (Lean.Expr.const `instHSub [Lean.Level.zero]) (Lean.Expr.const `UInt64 []))
                (Lean.Expr.const `instSubUInt64 [])))
            (Lean.Expr.bvar 2))
          (Lean.Expr.bvar 1)))
      true)
    (Lean.BinderInfo.default))
  (Lean.BinderInfo.default)
accepted: false
DecideInspect.boolean: fun x y =>
  have f := fun flag => if flag = true then x + y else x - y;
  f (decide ((x == y) = true))
Lean.Expr.lam
  `x
  (Lean.Expr.const `UInt64 [])
  (Lean.Expr.lam
    `y
    (Lean.Expr.const `UInt64 [])
    (Lean.Expr.letE
      `f
      (Lean.Expr.forallE `flag (Lean.Expr.const `Bool []) (Lean.Expr.const `UInt64 []) (Lean.BinderInfo.default))
      (Lean.Expr.lam
        `flag
        (Lean.Expr.const `Bool [])
        (Lean.Expr.app
          (Lean.Expr.app
            (Lean.Expr.app
              (Lean.Expr.app
                (Lean.Expr.app (Lean.Expr.const `ite [Lean.Level.succ (Lean.Level.zero)]) (Lean.Expr.const `UInt64 []))
                (Lean.Expr.app
                  (Lean.Expr.app
                    (Lean.Expr.app (Lean.Expr.const `Eq [Lean.Level.succ (Lean.Level.zero)]) (Lean.Expr.const `Bool []))
                    (Lean.Expr.bvar 0))
                  (Lean.Expr.const `Bool.true [])))
              (Lean.Expr.app
                (Lean.Expr.app (Lean.Expr.const `instDecidableEqBool []) (Lean.Expr.bvar 0))
                (Lean.Expr.const `Bool.true [])))
            (Lean.Expr.app
              (Lean.Expr.app
                (Lean.Expr.app
                  (Lean.Expr.app
                    (Lean.Expr.app
                      (Lean.Expr.app
                        (Lean.Expr.const `HAdd.hAdd [Lean.Level.zero, Lean.Level.zero, Lean.Level.zero])
                        (Lean.Expr.const `UInt64 []))
                      (Lean.Expr.const `UInt64 []))
                    (Lean.Expr.const `UInt64 []))
                  (Lean.Expr.app
                    (Lean.Expr.app (Lean.Expr.const `instHAdd [Lean.Level.zero]) (Lean.Expr.const `UInt64 []))
                    (Lean.Expr.const `instAddUInt64 [])))
                (Lean.Expr.bvar 2))
              (Lean.Expr.bvar 1)))
          (Lean.Expr.app
            (Lean.Expr.app
              (Lean.Expr.app
                (Lean.Expr.app
                  (Lean.Expr.app
                    (Lean.Expr.app
                      (Lean.Expr.const `HSub.hSub [Lean.Level.zero, Lean.Level.zero, Lean.Level.zero])
                      (Lean.Expr.const `UInt64 []))
                    (Lean.Expr.const `UInt64 []))
                  (Lean.Expr.const `UInt64 []))
                (Lean.Expr.app
                  (Lean.Expr.app (Lean.Expr.const `instHSub [Lean.Level.zero]) (Lean.Expr.const `UInt64 []))
                  (Lean.Expr.const `instSubUInt64 [])))
              (Lean.Expr.bvar 2))
            (Lean.Expr.bvar 1)))
        (Lean.BinderInfo.default))
      (Lean.Expr.app
        (Lean.Expr.bvar 0)
        (Lean.Expr.app
          (Lean.Expr.app
            (Lean.Expr.const `Decidable.decide [])
            (Lean.Expr.app
              (Lean.Expr.app
                (Lean.Expr.app (Lean.Expr.const `Eq [Lean.Level.succ (Lean.Level.zero)]) (Lean.Expr.const `Bool []))
                (Lean.Expr.app
                  (Lean.Expr.app
                    (Lean.Expr.app
                      (Lean.Expr.app (Lean.Expr.const `BEq.beq [Lean.Level.zero]) (Lean.Expr.const `UInt64 []))
                      (Lean.Expr.app
                        (Lean.Expr.app
                          (Lean.Expr.const `instBEqOfDecidableEq [Lean.Level.zero])
                          (Lean.Expr.const `UInt64 []))
                        (Lean.Expr.const `instDecidableEqUInt64 [])))
                    (Lean.Expr.bvar 2))
                  (Lean.Expr.bvar 1)))
              (Lean.Expr.const `Bool.true [])))
          (Lean.Expr.app
            (Lean.Expr.app
              (Lean.Expr.const `instDecidableEqBool [])
              (Lean.Expr.app
                (Lean.Expr.app
                  (Lean.Expr.app
                    (Lean.Expr.app (Lean.Expr.const `BEq.beq [Lean.Level.zero]) (Lean.Expr.const `UInt64 []))
                    (Lean.Expr.app
                      (Lean.Expr.app
                        (Lean.Expr.const `instBEqOfDecidableEq [Lean.Level.zero])
                        (Lean.Expr.const `UInt64 []))
                      (Lean.Expr.const `instDecidableEqUInt64 [])))
                  (Lean.Expr.bvar 2))
                (Lean.Expr.bvar 1)))
            (Lean.Expr.const `Bool.true []))))
      true)
    (Lean.BinderInfo.default))
  (Lean.BinderInfo.default)
accepted: false
DecideInspect.rangeBoolFnBreak: fun count seed =>
  (have a := seed;
    do
    let __s ←
      forIn [:count.toNat] a fun i __s =>
          have a := __s;
          have a := a + UInt64.ofNat i + 1;
          have __do_jp := fun flag => if flag = true then pure (ForInStep.done a) else pure (ForInStep.yield a);
          if a % 7 = 0 then do
            let flag ← pure true
            __do_jp flag
          else do
            let flag ← pure (decide (UInt64.ofNat i ≥ 12))
            __do_jp flag
    have a : UInt64 := __s
    pure a).run
Lean.Expr.lam
  `count
  (Lean.Expr.const `UInt64 [])
  (Lean.Expr.lam
    `seed
    (Lean.Expr.const `UInt64 [])
    (Lean.Expr.app
      (Lean.Expr.app (Lean.Expr.const `Id.run [Lean.Level.zero]) (Lean.Expr.const `UInt64 []))
      (Lean.Expr.letE
        `a
        (Lean.Expr.const `UInt64 [])
        (Lean.Expr.bvar 0)
        (Lean.Expr.app
          (Lean.Expr.app
            (Lean.Expr.app
              (Lean.Expr.app
                (Lean.Expr.app
                  (Lean.Expr.app
                    (Lean.Expr.const `Bind.bind [Lean.Level.zero, Lean.Level.zero])
                    (Lean.Expr.const `Id [Lean.Level.zero]))
                  (Lean.Expr.app
                    (Lean.Expr.app
                      (Lean.Expr.const `Monad.toBind [Lean.Level.zero, Lean.Level.zero])
                      (Lean.Expr.const `Id [Lean.Level.zero]))
                    (Lean.Expr.const `Id.instMonad [Lean.Level.zero])))
                (Lean.Expr.const `UInt64 []))
              (Lean.Expr.const `UInt64 []))
            (Lean.Expr.app
              (Lean.Expr.app
                (Lean.Expr.app
                  (Lean.Expr.app
                    (Lean.Expr.app
                      (Lean.Expr.app
                        (Lean.Expr.app
                          (Lean.Expr.app
                            (Lean.Expr.const
                              `ForIn.forIn
                              [Lean.Level.zero, Lean.Level.zero, Lean.Level.zero, Lean.Level.zero])
                            (Lean.Expr.const `Id [Lean.Level.zero]))
                          (Lean.Expr.const `Std.Legacy.Range []))
                        (Lean.Expr.const `Nat []))
                      (Lean.Expr.app
                        (Lean.Expr.app
                          (Lean.Expr.app
                            (Lean.Expr.app
                              (Lean.Expr.app
                                (Lean.Expr.const
                                  `instForInOfForIn'
                                  [Lean.Level.zero, Lean.Level.zero, Lean.Level.zero, Lean.Level.zero])
                                (Lean.Expr.const `Id [Lean.Level.zero]))
                              (Lean.Expr.const `Std.Legacy.Range []))
                            (Lean.Expr.const `Nat []))
                          (Lean.Expr.app
                            (Lean.Expr.app
                              (Lean.Expr.const `inferInstance [Lean.Level.succ (Lean.Level.zero)])
                              (Lean.Expr.app
                                (Lean.Expr.app
                                  (Lean.Expr.const `Membership [Lean.Level.zero, Lean.Level.zero])
                                  (Lean.Expr.const `Nat []))
                                (Lean.Expr.const `Std.Legacy.Range [])))
                            (Lean.Expr.const `Std.Legacy.instMembershipNatRange [])))
                        (Lean.Expr.app
                          (Lean.Expr.app
                            (Lean.Expr.const
                              `Std.Legacy.Range.instForIn'NatInferInstanceMembershipOfMonad
                              [Lean.Level.zero, Lean.Level.zero])
                            (Lean.Expr.const `Id [Lean.Level.zero]))
                          (Lean.Expr.const `Id.instMonad [Lean.Level.zero]))))
                    (Lean.Expr.const `UInt64 []))
                  (Lean.Expr.app
                    (Lean.Expr.app
                      (Lean.Expr.app
                        (Lean.Expr.app
                          (Lean.Expr.const `Std.Legacy.Range.mk [])
                          (Lean.Expr.app
                            (Lean.Expr.app
                              (Lean.Expr.app (Lean.Expr.const `OfNat.ofNat [Lean.Level.zero]) (Lean.Expr.const `Nat []))
                              (Lean.Expr.lit (Lean.Literal.natVal 0)))
                            (Lean.Expr.app (Lean.Expr.const `instOfNatNat []) (Lean.Expr.lit (Lean.Literal.natVal 0)))))
                        (Lean.Expr.app (Lean.Expr.const `UInt64.toNat []) (Lean.Expr.bvar 2)))
                      (Lean.Expr.app
                        (Lean.Expr.app
                          (Lean.Expr.app (Lean.Expr.const `OfNat.ofNat [Lean.Level.zero]) (Lean.Expr.const `Nat []))
                          (Lean.Expr.lit (Lean.Literal.natVal 1)))
                        (Lean.Expr.app (Lean.Expr.const `instOfNatNat []) (Lean.Expr.lit (Lean.Literal.natVal 1)))))
                    (Lean.Expr.const `Nat.zero_lt_one [])))
                (Lean.Expr.bvar 0))
              (Lean.Expr.lam
                `i
                (Lean.Expr.const `Nat [])
                (Lean.Expr.lam
                  (Lean.Name.mkNum (Lean.Name.mkStr (Lean.Name.mkStr (Lean.Name.mkNum `__s.«_@»._stdin 2027267761) "_hygCtx") "_hyg") 31)
                  (Lean.Expr.const `UInt64 [])
                  (Lean.Expr.letE
                    `a
                    (Lean.Expr.const `UInt64 [])
                    (Lean.Expr.bvar 0)
                    (Lean.Expr.letE
                      `a
                      (Lean.Expr.const `UInt64 [])
                      (Lean.Expr.app
                        (Lean.Expr.app
                          (Lean.Expr.app
                            (Lean.Expr.app
                              (Lean.Expr.app
                                (Lean.Expr.app
                                  (Lean.Expr.const `HAdd.hAdd [Lean.Level.zero, Lean.Level.zero, Lean.Level.zero])
                                  (Lean.Expr.const `UInt64 []))
                                (Lean.Expr.const `UInt64 []))
                              (Lean.Expr.const `UInt64 []))
                            (Lean.Expr.app
                              (Lean.Expr.app (Lean.Expr.const `instHAdd [Lean.Level.zero]) (Lean.Expr.const `UInt64 []))
                              (Lean.Expr.const `instAddUInt64 [])))
                          (Lean.Expr.app
                            (Lean.Expr.app
                              (Lean.Expr.app
                                (Lean.Expr.app
                                  (Lean.Expr.app
                                    (Lean.Expr.app
                                      (Lean.Expr.const `HAdd.hAdd [Lean.Level.zero, Lean.Level.zero, Lean.Level.zero])
                                      (Lean.Expr.const `UInt64 []))
                                    (Lean.Expr.const `UInt64 []))
                                  (Lean.Expr.const `UInt64 []))
                                (Lean.Expr.app
                                  (Lean.Expr.app
                                    (Lean.Expr.const `instHAdd [Lean.Level.zero])
                                    (Lean.Expr.const `UInt64 []))
                                  (Lean.Expr.const `instAddUInt64 [])))
                              (Lean.Expr.bvar 0))
                            (Lean.Expr.app (Lean.Expr.const `UInt64.ofNat []) (Lean.Expr.bvar 2))))
                        (Lean.Expr.app
                          (Lean.Expr.app
                            (Lean.Expr.app
                              (Lean.Expr.const `OfNat.ofNat [Lean.Level.zero])
                              (Lean.Expr.const `UInt64 []))
                            (Lean.Expr.lit (Lean.Literal.natVal 1)))
                          (Lean.Expr.app
                            (Lean.Expr.const `UInt64.instOfNat [])
                            (Lean.Expr.lit (Lean.Literal.natVal 1)))))
                      (Lean.Expr.letE
                        (Lean.Name.mkNum (Lean.Name.mkStr (Lean.Name.mkStr (Lean.Name.mkNum `__do_jp.«_@»._stdin 2027267761) "_hygCtx") "_hyg") 50)
                        (Lean.Expr.forallE
                          (Lean.Name.mkNum (Lean.Name.mkStr (Lean.Name.mkStr (Lean.Name.mkNum `x.«_@»._stdin 2027267761) "_hygCtx") "_hyg") 51)
                          (Lean.Expr.const `Bool [])
                          (Lean.Expr.app
                            (Lean.Expr.const `Id [Lean.Level.zero])
                            (Lean.Expr.app (Lean.Expr.const `ForInStep [Lean.Level.zero]) (Lean.Expr.const `UInt64 [])))
                          (Lean.BinderInfo.default))
                        (Lean.Expr.lam
                          `flag
                          (Lean.Expr.const `Bool [])
                          (Lean.Expr.app
                            (Lean.Expr.app
                              (Lean.Expr.app
                                (Lean.Expr.app
                                  (Lean.Expr.app
                                    (Lean.Expr.const `ite [Lean.Level.succ (Lean.Level.zero)])
                                    (Lean.Expr.app
                                      (Lean.Expr.const `Id [Lean.Level.zero])
                                      (Lean.Expr.app
                                        (Lean.Expr.const `ForInStep [Lean.Level.zero])
                                        (Lean.Expr.const `UInt64 []))))
                                  (Lean.Expr.app
                                    (Lean.Expr.app
                                      (Lean.Expr.app
                                        (Lean.Expr.const `Eq [Lean.Level.succ (Lean.Level.zero)])
                                        (Lean.Expr.const `Bool []))
                                      (Lean.Expr.bvar 0))
                                    (Lean.Expr.const `Bool.true [])))
                                (Lean.Expr.app
                                  (Lean.Expr.app (Lean.Expr.const `instDecidableEqBool []) (Lean.Expr.bvar 0))
                                  (Lean.Expr.const `Bool.true [])))
                              (Lean.Expr.app
                                (Lean.Expr.app
                                  (Lean.Expr.app
                                    (Lean.Expr.app
                                      (Lean.Expr.const `Pure.pure [Lean.Level.zero, Lean.Level.zero])
                                      (Lean.Expr.const `Id [Lean.Level.zero]))
                                    (Lean.Expr.app
                                      (Lean.Expr.app
                                        (Lean.Expr.const `Applicative.toPure [Lean.Level.zero, Lean.Level.zero])
                                        (Lean.Expr.const `Id [Lean.Level.zero]))
                                      (Lean.Expr.app
                                        (Lean.Expr.app
                                          (Lean.Expr.const `Monad.toApplicative [Lean.Level.zero, Lean.Level.zero])
                                          (Lean.Expr.const `Id [Lean.Level.zero]))
                                        (Lean.Expr.const `Id.instMonad [Lean.Level.zero]))))
                                  (Lean.Expr.app
                                    (Lean.Expr.const `ForInStep [Lean.Level.zero])
                                    (Lean.Expr.const `UInt64 [])))
                                (Lean.Expr.app
                                  (Lean.Expr.app
                                    (Lean.Expr.const `ForInStep.done [Lean.Level.zero])
                                    (Lean.Expr.const `UInt64 []))
                                  (Lean.Expr.bvar 1))))
                            (Lean.Expr.app
                              (Lean.Expr.app
                                (Lean.Expr.app
                                  (Lean.Expr.app
                                    (Lean.Expr.const `Pure.pure [Lean.Level.zero, Lean.Level.zero])
                                    (Lean.Expr.const `Id [Lean.Level.zero]))
                                  (Lean.Expr.app
                                    (Lean.Expr.app
                                      (Lean.Expr.const `Applicative.toPure [Lean.Level.zero, Lean.Level.zero])
                                      (Lean.Expr.const `Id [Lean.Level.zero]))
                                    (Lean.Expr.app
                                      (Lean.Expr.app
                                        (Lean.Expr.const `Monad.toApplicative [Lean.Level.zero, Lean.Level.zero])
                                        (Lean.Expr.const `Id [Lean.Level.zero]))
                                      (Lean.Expr.const `Id.instMonad [Lean.Level.zero]))))
                                (Lean.Expr.app
                                  (Lean.Expr.const `ForInStep [Lean.Level.zero])
                                  (Lean.Expr.const `UInt64 [])))
                              (Lean.Expr.app
                                (Lean.Expr.app
                                  (Lean.Expr.const `ForInStep.yield [Lean.Level.zero])
                                  (Lean.Expr.const `UInt64 []))
                                (Lean.Expr.bvar 1))))
                          (Lean.BinderInfo.default))
                        (Lean.Expr.app
                          (Lean.Expr.app
                            (Lean.Expr.app
                              (Lean.Expr.app
                                (Lean.Expr.app
                                  (Lean.Expr.const `ite [Lean.Level.succ (Lean.Level.zero)])
                                  (Lean.Expr.app
                                    (Lean.Expr.const `Id [Lean.Level.zero])
                                    (Lean.Expr.app
                                      (Lean.Expr.const `ForInStep [Lean.Level.zero])
                                      (Lean.Expr.const `UInt64 []))))
                                (Lean.Expr.app
                                  (Lean.Expr.app
                                    (Lean.Expr.app
                                      (Lean.Expr.const `Eq [Lean.Level.succ (Lean.Level.zero)])
                                      (Lean.Expr.const `UInt64 []))
                                    (Lean.Expr.app
                                      (Lean.Expr.app
                                        (Lean.Expr.app
                                          (Lean.Expr.app
                                            (Lean.Expr.app
                                              (Lean.Expr.app
                                                (Lean.Expr.const
                                                  `HMod.hMod
                                                  [Lean.Level.zero, Lean.Level.zero, Lean.Level.zero])
                                                (Lean.Expr.const `UInt64 []))
                                              (Lean.Expr.const `UInt64 []))
                                            (Lean.Expr.const `UInt64 []))
                                          (Lean.Expr.app
                                            (Lean.Expr.app
                                              (Lean.Expr.const `instHMod [Lean.Level.zero])
                                              (Lean.Expr.const `UInt64 []))
                                            (Lean.Expr.const `instModUInt64 [])))
                                        (Lean.Expr.bvar 1))
                                      (Lean.Expr.app
                                        (Lean.Expr.app
                                          (Lean.Expr.app
                                            (Lean.Expr.const `OfNat.ofNat [Lean.Level.zero])
                                            (Lean.Expr.const `UInt64 []))
                                          (Lean.Expr.lit (Lean.Literal.natVal 7)))
                                        (Lean.Expr.app
                                          (Lean.Expr.const `UInt64.instOfNat [])
                                          (Lean.Expr.lit (Lean.Literal.natVal 7))))))
                                  (Lean.Expr.app
                                    (Lean.Expr.app
                                      (Lean.Expr.app
                                        (Lean.Expr.const `OfNat.ofNat [Lean.Level.zero])
                                        (Lean.Expr.const `UInt64 []))
                                      (Lean.Expr.lit (Lean.Literal.natVal 0)))
                                    (Lean.Expr.app
                                      (Lean.Expr.const `UInt64.instOfNat [])
                                      (Lean.Expr.lit (Lean.Literal.natVal 0))))))
                              (Lean.Expr.app
                                (Lean.Expr.app
                                  (Lean.Expr.const `instDecidableEqUInt64 [])
                                  (Lean.Expr.app
                                    (Lean.Expr.app
                                      (Lean.Expr.app
                                        (Lean.Expr.app
                                          (Lean.Expr.app
                                            (Lean.Expr.app
                                              (Lean.Expr.const
                                                `HMod.hMod
                                                [Lean.Level.zero, Lean.Level.zero, Lean.Level.zero])
                                              (Lean.Expr.const `UInt64 []))
                                            (Lean.Expr.const `UInt64 []))
                                          (Lean.Expr.const `UInt64 []))
                                        (Lean.Expr.app
                                          (Lean.Expr.app
                                            (Lean.Expr.const `instHMod [Lean.Level.zero])
                                            (Lean.Expr.const `UInt64 []))
                                          (Lean.Expr.const `instModUInt64 [])))
                                      (Lean.Expr.bvar 1))
                                    (Lean.Expr.app
                                      (Lean.Expr.app
                                        (Lean.Expr.app
                                          (Lean.Expr.const `OfNat.ofNat [Lean.Level.zero])
                                          (Lean.Expr.const `UInt64 []))
                                        (Lean.Expr.lit (Lean.Literal.natVal 7)))
                                      (Lean.Expr.app
                                        (Lean.Expr.const `UInt64.instOfNat [])
                                        (Lean.Expr.lit (Lean.Literal.natVal 7))))))
                                (Lean.Expr.app
                                  (Lean.Expr.app
                                    (Lean.Expr.app
                                      (Lean.Expr.const `OfNat.ofNat [Lean.Level.zero])
                                      (Lean.Expr.const `UInt64 []))
                                    (Lean.Expr.lit (Lean.Literal.natVal 0)))
                                  (Lean.Expr.app
                                    (Lean.Expr.const `UInt64.instOfNat [])
                                    (Lean.Expr.lit (Lean.Literal.natVal 0))))))
                            (Lean.Expr.app
                              (Lean.Expr.app
                                (Lean.Expr.app
                                  (Lean.Expr.app
                                    (Lean.Expr.app
                                      (Lean.Expr.app
                                        (Lean.Expr.const `Bind.bind [Lean.Level.zero, Lean.Level.zero])
                                        (Lean.Expr.const `Id [Lean.Level.zero]))
                                      (Lean.Expr.app
                                        (Lean.Expr.app
                                          (Lean.Expr.const `Monad.toBind [Lean.Level.zero, Lean.Level.zero])
                                          (Lean.Expr.const `Id [Lean.Level.zero]))
                                        (Lean.Expr.const `Id.instMonad [Lean.Level.zero])))
                                    (Lean.Expr.const `Bool []))
                                  (Lean.Expr.app
                                    (Lean.Expr.const `ForInStep [Lean.Level.zero])
                                    (Lean.Expr.const `UInt64 [])))
                                (Lean.Expr.app
                                  (Lean.Expr.app
                                    (Lean.Expr.app
                                      (Lean.Expr.app
                                        (Lean.Expr.const `Pure.pure [Lean.Level.zero, Lean.Level.zero])
                                        (Lean.Expr.const `Id [Lean.Level.zero]))
                                      (Lean.Expr.app
                                        (Lean.Expr.app
                                          (Lean.Expr.const `Applicative.toPure [Lean.Level.zero, Lean.Level.zero])
                                          (Lean.Expr.const `Id [Lean.Level.zero]))
                                        (Lean.Expr.app
                                          (Lean.Expr.app
                                            (Lean.Expr.const `Monad.toApplicative [Lean.Level.zero, Lean.Level.zero])
                                            (Lean.Expr.const `Id [Lean.Level.zero]))
                                          (Lean.Expr.const `Id.instMonad [Lean.Level.zero]))))
                                    (Lean.Expr.const `Bool []))
                                  (Lean.Expr.const `Bool.true [])))
                              (Lean.Expr.lam
                                `flag
                                (Lean.Expr.const `Bool [])
                                (Lean.Expr.app (Lean.Expr.bvar 1) (Lean.Expr.bvar 0))
                                (Lean.BinderInfo.default))))
                          (Lean.Expr.app
                            (Lean.Expr.app
                              (Lean.Expr.app
                                (Lean.Expr.app
                                  (Lean.Expr.app
                                    (Lean.Expr.app
                                      (Lean.Expr.const `Bind.bind [Lean.Level.zero, Lean.Level.zero])
                                      (Lean.Expr.const `Id [Lean.Level.zero]))
                                    (Lean.Expr.app
                                      (Lean.Expr.app
                                        (Lean.Expr.const `Monad.toBind [Lean.Level.zero, Lean.Level.zero])
                                        (Lean.Expr.const `Id [Lean.Level.zero]))
                                      (Lean.Expr.const `Id.instMonad [Lean.Level.zero])))
                                  (Lean.Expr.const `Bool []))
                                (Lean.Expr.app
                                  (Lean.Expr.const `ForInStep [Lean.Level.zero])
                                  (Lean.Expr.const `UInt64 [])))
                              (Lean.Expr.app
                                (Lean.Expr.app
                                  (Lean.Expr.app
                                    (Lean.Expr.app
                                      (Lean.Expr.const `Pure.pure [Lean.Level.zero, Lean.Level.zero])
                                      (Lean.Expr.const `Id [Lean.Level.zero]))
                                    (Lean.Expr.app
                                      (Lean.Expr.app
                                        (Lean.Expr.const `Applicative.toPure [Lean.Level.zero, Lean.Level.zero])
                                        (Lean.Expr.const `Id [Lean.Level.zero]))
                                      (Lean.Expr.app
                                        (Lean.Expr.app
                                          (Lean.Expr.const `Monad.toApplicative [Lean.Level.zero, Lean.Level.zero])
                                          (Lean.Expr.const `Id [Lean.Level.zero]))
                                        (Lean.Expr.const `Id.instMonad [Lean.Level.zero]))))
                                  (Lean.Expr.const `Bool []))
                                (Lean.Expr.app
                                  (Lean.Expr.app
                                    (Lean.Expr.const `Decidable.decide [])
                                    (Lean.Expr.app
                                      (Lean.Expr.app
                                        (Lean.Expr.app
                                          (Lean.Expr.app
                                            (Lean.Expr.const `GE.ge [Lean.Level.zero])
                                            (Lean.Expr.const `UInt64 []))
                                          (Lean.Expr.const `instLEUInt64 []))
                                        (Lean.Expr.app (Lean.Expr.const `UInt64.ofNat []) (Lean.Expr.bvar 4)))
                                      (Lean.Expr.app
                                        (Lean.Expr.app
                                          (Lean.Expr.app
                                            (Lean.Expr.const `OfNat.ofNat [Lean.Level.zero])
                                            (Lean.Expr.const `UInt64 []))
                                          (Lean.Expr.lit (Lean.Literal.natVal 12)))
                                        (Lean.Expr.app
                                          (Lean.Expr.const `UInt64.instOfNat [])
                                          (Lean.Expr.lit (Lean.Literal.natVal 12))))))
                                  (Lean.Expr.app
                                    (Lean.Expr.app
                                      (Lean.Expr.const `UInt64.decLe [])
                                      (Lean.Expr.app
                                        (Lean.Expr.app
                                          (Lean.Expr.app
                                            (Lean.Expr.const `OfNat.ofNat [Lean.Level.zero])
                                            (Lean.Expr.const `UInt64 []))
                                          (Lean.Expr.lit (Lean.Literal.natVal 12)))
                                        (Lean.Expr.app
                                          (Lean.Expr.const `UInt64.instOfNat [])
                                          (Lean.Expr.lit (Lean.Literal.natVal 12)))))
                                    (Lean.Expr.app (Lean.Expr.const `UInt64.ofNat []) (Lean.Expr.bvar 4))))))
                            (Lean.Expr.lam
                              `flag
                              (Lean.Expr.const `Bool [])
                              (Lean.Expr.app (Lean.Expr.bvar 1) (Lean.Expr.bvar 0))
                              (Lean.BinderInfo.default))))
                        true)
                      true)
                    true)
                  (Lean.BinderInfo.default))
                (Lean.BinderInfo.default))))
          (Lean.Expr.lam
            (Lean.Name.mkNum (Lean.Name.mkStr (Lean.Name.mkStr (Lean.Name.mkNum `__s.«_@»._stdin 2027267761) "_hygCtx") "_hyg") 31)
            (Lean.Expr.const `UInt64 [])
            (Lean.Expr.letE
              `a
              (Lean.Expr.const `UInt64 [])
              (Lean.Expr.bvar 0)
              (Lean.Expr.app
                (Lean.Expr.app
                  (Lean.Expr.app
                    (Lean.Expr.app
                      (Lean.Expr.const `Pure.pure [Lean.Level.zero, Lean.Level.zero])
                      (Lean.Expr.const `Id [Lean.Level.zero]))
                    (Lean.Expr.app
                      (Lean.Expr.app
                        (Lean.Expr.const `Applicative.toPure [Lean.Level.zero, Lean.Level.zero])
                        (Lean.Expr.const `Id [Lean.Level.zero]))
                      (Lean.Expr.app
                        (Lean.Expr.app
                          (Lean.Expr.const `Monad.toApplicative [Lean.Level.zero, Lean.Level.zero])
                          (Lean.Expr.const `Id [Lean.Level.zero]))
                        (Lean.Expr.const `Id.instMonad [Lean.Level.zero]))))
                  (Lean.Expr.const `UInt64 []))
                (Lean.Expr.bvar 0))
              true)
            (Lean.BinderInfo.default)))
        true))
    (Lean.BinderInfo.default))
  (Lean.BinderInfo.default)
accepted: false
