cli-build: passed
admission-test: passed
reserved-exports: passed
fixture: passed
native-results: passed
compile-constant: passed
compile-booleanResultBindBool: passed
compile-booleanResultBindWord: passed
compile-booleanResultBindNested: passed
compile-booleanResultBindCapture: passed
compile-booleanResultBindUnused: passed
compile-booleanResultBindCondition: passed
compile-savedMixedLeft: passed
compile-savedMixedRight: passed
compile-savedMixedPair: passed
compile-savedMixedNegation: passed
compile-savedMixedDecision: passed
compile-savedMixedHelper: passed
compile-compareBEq: passed
compile-mixedGuardDo: passed
compile-rangeBooleanWordBoundResultStep: passed
compile-rangeBooleanWordBoundResultCondition: passed
compile-rangeBooleanWordBoundResultOuter: passed
compile-rangeBooleanWordBoundResultHelper: passed
compile-rangeBooleanResultBindStep: passed
compile-rangeBooleanResultBindCondition: passed
compile-rangeBooleanResultBindOuter: passed
compile-rangeBooleanResultBindHelper: passed
compile-rangeSavedMixedStep: passed
compile-rangeSavedMixedContinue: passed
compile-rangeSavedMixedOuter: passed
compile-rangeSavedMixedHelper: passed
compile-rangeBooleanPredicateResultStep: passed
Passed 509 native Lean / independent Wasm engine comparisons across 28 declarations.
