leanrun: LEANRUN_LOCAL=1; macOS has no cgroup CPU/memory/swap limits or ionice
leanrun: explicitly authorized inherited priority; nice unavailable
✔ [26/29] Built LeanExe.Source.ScalarBooleanEqualityForm (1.1s)
✔ [27/29] Built LeanExe.Source.ScalarBooleanChoiceForm (1.0s)
✔ [28/29] Built LeanExe.Source.ScalarBooleanConditionInputs (908ms)
✔ [43/60] Built LeanExe.Extract.ScalarBooleanWordNegation (851ms)
⚠ [56/66] Replayed LeanExe.Extract.ScalarGuardSyntax
warning: LeanExe/Extract/ScalarGuardSyntax.lean:294:4: try 'simp' instead of 'simpa'

Note: This linter can be disabled with `set_option linter.unnecessarySimpa false`
✔ [58/66] Built LeanExe.Extract.ScalarBooleanChoiceLowering (921ms)
✔ [60/66] Built LeanExe.Extract.ScalarBooleanLetVariables (906ms)
✔ [61/67] Built LeanExe.Extract.ScalarBooleanLocalCore (1.1s)
✔ [62/67] Built LeanExe.Extract.ScalarBooleanLocalFacts (1.4s)
✔ [63/69] Built LeanExe.Extract.ScalarBooleanLocalAcceptance (1.5s)
✔ [65/70] Built LeanExe.Extract.ScalarBooleanLocalCorrectness (1.0s)
✔ [67/83] Built LeanExe.Extract.ScalarBooleanLocal (890ms)
✔ [75/83] Built LeanExe.Source.ScalarBooleanLocalValues (880ms)
✔ [77/86] Built LeanExe.Extract.ScalarBooleanLocalBindings (930ms)
✔ [78/86] Built LeanExe.Extract.ScalarBooleanPredicateBindings (897ms)
✔ [79/86] Built LeanExe.Source.ScalarBooleanAction (875ms)
✔ [80/86] Built LeanExe.Extract.ScalarBooleanPredicateJunction (918ms)
✔ [81/86] Built LeanExe.Extract.ScalarBooleanAction (890ms)
✔ [82/90] Built LeanExe.Extract.ScalarBooleanPredicateEquality (914ms)
✔ [83/91] Built LeanExe.Extract.ScalarBooleanBind (927ms)
✔ [84/91] Built LeanExe.Extract.ScalarBooleanPredicateChoice (899ms)
✔ [87/99] Built LeanExe.Extract.ScalarBooleanCondition (962ms)
✔ [97/102] Built LeanExe.Source.ScalarBooleanPropositionChoiceForm (894ms)
✔ [98/102] Built LeanExe.Extract.ScalarBooleanPredicatePropositionChoice (925ms)
✔ [99/103] Built LeanExe.Source.ScalarDependentBranch (870ms)
✔ [100/105] Built LeanExe.Extract.ScalarDependentBranch (929ms)
✔ [103/111] Built LeanExe.Extract.ScalarBooleanLocalDependentBranch (873ms)
✔ [109/111] Built LeanExe.Source.Scalar (1.5s)
⚠ [110/111] Built LeanExe.Extract.ScalarExprCore (15s)
warning: LeanExe/Extract/ScalarExprCore.lean:343:31: Variable name `wrapper` is not explicitly referenced.

Hint: The binding can be removed (if unused) or named `_` (if used implicitly). Alternatively, prefix the name with `_` to silence this warning:
  [apply] _wrapper

Note: This linter can be disabled with `set_option linter.unusedVariables false`
warning: LeanExe/Extract/ScalarExprCore.lean:351:31: Variable name `name` is not explicitly referenced.

Hint: The binding can be removed (if unused) or named `_` (if used implicitly). Alternatively, prefix the name with `_` to silence this warning:
  [apply] _name

Note: This linter can be disabled with `set_option linter.unusedVariables false`
warning: LeanExe/Extract/ScalarExprCore.lean:351:36: Variable name `form` is not explicitly referenced.

Hint: The binding can be removed (if unused) or named `_` (if used implicitly). Alternatively, prefix the name with `_` to silence this warning:
  [apply] _form

Note: This linter can be disabled with `set_option linter.unusedVariables false`
warning: LeanExe/Extract/ScalarExprCore.lean:351:52: Variable name `type` is not explicitly referenced.

Hint: The binding can be removed (if unused) or named `_` (if used implicitly). Alternatively, prefix the name with `_` to silence this warning:
  [apply] _type

Note: This linter can be disabled with `set_option linter.unusedVariables false`
warning: LeanExe/Extract/ScalarExprCore.lean:360:35: Variable name `name` is not explicitly referenced.

Hint: The binding can be removed (if unused) or named `_` (if used implicitly). Alternatively, prefix the name with `_` to silence this warning:
  [apply] _name

Note: This linter can be disabled with `set_option linter.unusedVariables false`
warning: LeanExe/Extract/ScalarExprCore.lean:360:40: Variable name `form` is not explicitly referenced.

Hint: The binding can be removed (if unused) or named `_` (if used implicitly). Alternatively, prefix the name with `_` to silence this warning:
  [apply] _form

Note: This linter can be disabled with `set_option linter.unusedVariables false`
warning: LeanExe/Extract/ScalarExprCore.lean:360:56: Variable name `type` is not explicitly referenced.

Hint: The binding can be removed (if unused) or named `_` (if used implicitly). Alternatively, prefix the name with `_` to silence this warning:
  [apply] _type

Note: This linter can be disabled with `set_option linter.unusedVariables false`
⚠ [111/111] Built LeanExe.Extract.ScalarExpr (1.5s)
warning: LeanExe/Extract/ScalarExpr.lean:172:54: `if_pos` has been deprecated: Use `ite_eq_left` instead
warning: LeanExe/Extract/ScalarExpr.lean:173:54: `if_neg` has been deprecated: Use `ite_eq_right` instead
warning: LeanExe/Extract/ScalarExpr.lean:188:54: `if_pos` has been deprecated: Use `ite_eq_left` instead
warning: LeanExe/Extract/ScalarExpr.lean:189:54: `if_neg` has been deprecated: Use `ite_eq_right` instead
warning: LeanExe/Extract/ScalarExpr.lean:223:54: `if_pos` has been deprecated: Use `ite_eq_left` instead
warning: LeanExe/Extract/ScalarExpr.lean:224:54: `if_neg` has been deprecated: Use `ite_eq_right` instead
warning: LeanExe/Extract/ScalarExpr.lean:238:54: `if_pos` has been deprecated: Use `ite_eq_left` instead
warning: LeanExe/Extract/ScalarExpr.lean:239:54: `if_neg` has been deprecated: Use `ite_eq_right` instead
warning: LeanExe/Extract/ScalarExpr.lean:921:54: `if_neg` has been deprecated: Use `ite_eq_right` instead
warning: LeanExe/Extract/ScalarExpr.lean:1020:63: `if_neg` has been deprecated: Use `ite_eq_right` instead
warning: LeanExe/Extract/ScalarExpr.lean:1244:47: `if_neg` has been deprecated: Use `ite_eq_right` instead
warning: LeanExe/Extract/ScalarExpr.lean:1266:18: `if_neg` has been deprecated: Use `ite_eq_right` instead
warning: LeanExe/Extract/ScalarExpr.lean:1288:18: `if_neg` has been deprecated: Use `ite_eq_right` instead
warning: LeanExe/Extract/ScalarExpr.lean:1310:18: `if_neg` has been deprecated: Use `ite_eq_right` instead
warning: LeanExe/Extract/ScalarExpr.lean:1332:18: `if_neg` has been deprecated: Use `ite_eq_right` instead
warning: LeanExe/Extract/ScalarExpr.lean:1356:18: `if_neg` has been deprecated: Use `ite_eq_right` instead
warning: LeanExe/Extract/ScalarExpr.lean:1380:18: `if_neg` has been deprecated: Use `ite_eq_right` instead
warning: LeanExe/Extract/ScalarExpr.lean:1398:46: `if_neg` has been deprecated: Use `ite_eq_right` instead
warning: LeanExe/Extract/ScalarExpr.lean:1417:46: `if_neg` has been deprecated: Use `ite_eq_right` instead
warning: LeanExe/Extract/ScalarExpr.lean:1436:50: `if_neg` has been deprecated: Use `ite_eq_right` instead
Build completed successfully (111 jobs).
