cli-build: passed
admission-test: passed
reserved-exports: passed
fixture: passed
native-results: passed
compile-constant: passed
compile-publicInputIdWord: passed
compile-publicInputIdResult: passed
compile-publicFlagWord: passed
compile-publicFlagResult: passed
compile-rangeBoolDirectWord: passed
compile-rangeBoolDirectFlag: passed
compile-rangeBoolDirectId: passed
compile-rangeBoolWrappedCallWord: passed
compile-rangeBoolWrappedCallFlag: passed
compile-rangeBoolWrappedCallId: passed
compile-rangeBoolForwardedWord: passed
compile-rangeBoolForwardedFlag: passed
compile-rangeBoolForwardedBooleanArgument: passed
compile-rangeBoolForwardedNested: passed
compile-rangeBoolForwardedExit: passed
compile-rangeBoolForwardedId: passed
compile-rangeBoolConditionalCallSaved: passed
compile-rangeBoolConditionalCallNested: passed
compile-rangeBoolConditionalCallExit: passed
compile-rangeBoolConditionalCallContinue: passed
compile-rangeBoolConditionalCallCapture: passed
compile-rangeBoolConditionalCallHelper: passed
compile-rangeBoolConditionalCallFlag: passed
compile-rangeBoolConditionalCallStride: passed
compile-rangeBoolConditionalCallWord: passed
compile-rangeBoolConditionalCallId: passed
compile-rangeBoolLetIdInput: passed
Passed 609 native Lean / independent Wasm engine comparisons across 28 declarations.
