cli-build: passed
admission-test: passed
reserved-exports: passed
fixture: passed
native-results: passed
compile-constant: passed
compile-booleanPredicateLet: passed
compile-booleanPredicateLetNested: passed
compile-booleanPredicateLetChoice: passed
compile-booleanPredicateLetCapture: passed
compile-booleanPredicateLetUnused: passed
compile-booleanPredicateLetBody: passed
compile-booleanPredicateProposition: passed
compile-booleanPredicatePropositionBody: passed
compile-booleanPredicateChoice: passed
compile-booleanPredicateChoiceBody: passed
compile-booleanPredicateDecideEqual: passed
compile-booleanPredicateJunctionArgument: passed
compile-booleanPredicateCompose: passed
compile-compareBEq: passed
compile-mixedGuardDo: passed
compile-propChoiceClosed: passed
compile-propChoiceCapture: passed
compile-rangeBooleanPredicateLetStep: passed
compile-rangeBooleanPredicateLetContinue: passed
compile-rangeBooleanPredicateLetOuter: passed
compile-rangeBooleanPredicateLetOuterCapture: passed
compile-rangeBooleanPredicatePropositionStep: passed
compile-rangeBooleanPredicatePropositionOuter: passed
compile-rangeBooleanPredicateChoiceStep: passed
compile-rangeBooleanPredicateChoiceOuter: passed
compile-rangePropChoiceBounds: passed
compile-rangePropChoiceOuter: passed
Passed 479 native Lean / independent Wasm engine comparisons across 28 declarations.
