leanrun: LEANRUN_LOCAL=1; macOS has no cgroup CPU/memory/swap limits or ionice
leanrun: explicitly authorized inherited priority; nice unavailable
⚠ [47/107] Replayed LeanExe.Extract.ScalarGuardSyntax
warning: LeanExe/Extract/ScalarGuardSyntax.lean:219:4: try 'simp' instead of 'simpa'

Note: This linter can be disabled with `set_option linter.unnecessarySimpa false`
✔ [104/107] Built LeanExe.Source.Scalar (1.4s)
✔ [105/109] Built LeanExe.Extract.ScalarExprCore (14s)
⚠ [106/111] Built LeanExe.Extract.ScalarExpr (1.5s)
warning: LeanExe/Extract/ScalarExpr.lean:177:54: `if_pos` has been deprecated: Use `ite_eq_left` instead
warning: LeanExe/Extract/ScalarExpr.lean:178:54: `if_neg` has been deprecated: Use `ite_eq_right` instead
warning: LeanExe/Extract/ScalarExpr.lean:192:54: `if_pos` has been deprecated: Use `ite_eq_left` instead
warning: LeanExe/Extract/ScalarExpr.lean:193:54: `if_neg` has been deprecated: Use `ite_eq_right` instead
warning: LeanExe/Extract/ScalarExpr.lean:254:15: This simp argument is unused:
  bind

Hint: Omit it from the simp argument list.
  [apply] simp only [pure, Option.bind_eq_some_iff, Option.some.injEq] at compiled

Note: This linter can be disabled with `set_option linter.unusedSimpArgs false`
warning: LeanExe/Extract/ScalarExpr.lean:267:15: This simp argument is unused:
  bind

Hint: Omit it from the simp argument list.
  [apply] simp only [pure, Option.bind_eq_some_iff, Option.some.injEq] at compiled

Note: This linter can be disabled with `set_option linter.unusedSimpArgs false`
warning: LeanExe/Extract/ScalarExpr.lean:1108:47: `if_neg` has been deprecated: Use `ite_eq_right` instead
warning: LeanExe/Extract/ScalarExpr.lean:1130:18: `if_neg` has been deprecated: Use `ite_eq_right` instead
warning: LeanExe/Extract/ScalarExpr.lean:1152:18: `if_neg` has been deprecated: Use `ite_eq_right` instead
warning: LeanExe/Extract/ScalarExpr.lean:1174:18: `if_neg` has been deprecated: Use `ite_eq_right` instead
warning: LeanExe/Extract/ScalarExpr.lean:1196:18: `if_neg` has been deprecated: Use `ite_eq_right` instead
warning: LeanExe/Extract/ScalarExpr.lean:1220:18: `if_neg` has been deprecated: Use `ite_eq_right` instead
warning: LeanExe/Extract/ScalarExpr.lean:1244:18: `if_neg` has been deprecated: Use `ite_eq_right` instead
warning: LeanExe/Extract/ScalarExpr.lean:1553:17: This simp argument is unused:
  bind

Hint: Omit it from the simp argument list.
  [apply] simp only [pure, Option.bind_eq_some_iff, Option.some.injEq] at compiled

Note: This linter can be disabled with `set_option linter.unusedSimpArgs false`
warning: LeanExe/Extract/ScalarExpr.lean:1572:17: This simp argument is unused:
  bind

Hint: Omit it from the simp argument list.
  [apply] simp only [pure, Option.bind_eq_some_iff, Option.some.injEq] at compiled

Note: This linter can be disabled with `set_option linter.unusedSimpArgs false`
✔ [109/114] Built LeanExe.Source.ScalarRangeSupported (894ms)
✔ [110/114] Built LeanExe.Extract.ScalarRange (2.4s)
⚠ [112/114] Replayed LeanExe.IR.ScalarRangeSlots
warning: LeanExe/IR/ScalarRangeSlots.lean:25:2: try 'simp' instead of 'simpa'

Note: This linter can be disabled with `set_option linter.unnecessarySimpa false`
warning: LeanExe/IR/ScalarRangeSlots.lean:29:20: This simp argument is unused:
  read_suffix

Hint: Omit it from the simp argument list.
  [apply] simp [rangeStore]

Note: This linter can be disabled with `set_option linter.unusedSimpArgs false`
warning: LeanExe/IR/ScalarRangeSlots.lean:33:20: This simp argument is unused:
  read_suffix

Hint: Omit it from the simp argument list.
  [apply] simp [rangeStore]

Note: This linter can be disabled with `set_option linter.unusedSimpArgs false`
✔ [113/127] Built LeanExe.Extract.ScalarRangeCorrectness (938ms)
✔ [121/127] Built LeanExe.Source.ScalarManyFunctionSemantics (899ms)
✔ [122/128] Built LeanExe.Source.ScalarStep (1.5s)
✔ [123/131] Built LeanExe.Extract.ScalarStep (9.1s)
⚠ [125/131] Built LeanExe.Extract.ScalarStepEquations (9.7s)
warning: LeanExe/Extract/ScalarStepEquations.lean:155:33: This simp argument is unused:
  BooleanType.expr

Hint: Omit it from the simp argument list.
  [apply] simp

Note: This linter can be disabled with `set_option linter.unusedSimpArgs false`
✔ [127/131] Built LeanExe.Extract.ScalarStepSupported (8.3s)
✔ [128/134] Built LeanExe.Extract.ScalarStepAcceptance (1.2s)
✔ [131/137] Built LeanExe.Source.ScalarRangeCount (1.1s)
✔ [132/138] Built LeanExe.Source.ScalarRangeStrideSyntax (892ms)
✔ [133/138] Built LeanExe.Extract.ScalarRangeCount (1.0s)
✔ [134/141] Built LeanExe.Source.ScalarRangeExitSyntax (902ms)
✔ [135/141] Built LeanExe.Extract.ScalarRangeStrideSyntax (912ms)
✔ [136/143] Built LeanExe.Source.ScalarRangeExitSupported (1.1s)
✔ [138/143] Built LeanExe.Extract.ScalarRangeExitSyntax (1.1s)
⚠ [140/146] Replayed LeanExe.IR.ScalarRangeExitSlots
warning: LeanExe/IR/ScalarRangeExitSlots.lean:18:2: try 'simp' instead of 'simpa'

Note: This linter can be disabled with `set_option linter.unnecessarySimpa false`
✔ [141/146] Built LeanExe.Extract.ScalarStepCorrectness (1.1s)
✔ [142/146] Built LeanExe.Extract.ScalarRangeExit (8.0s)
✔ [144/146] Built LeanExe.Extract.ScalarRangeExitCorrectness (1.1s)
✔ [145/146] Built LeanExe.Source.ScalarFunction (999ms)
⚠ [146/146] Built LeanExe.Extract.ScalarFunc (1.0s)
warning: LeanExe/Extract/ScalarFunc.lean:76:28: This simp argument is unused:
  bind

Hint: Omit it from the simp argument list.
  [apply] simp only [rangeCase, pure, Option.bind_eq_some_iff, Option.some.injEq] at compiled

Note: This linter can be disabled with `set_option linter.unusedSimpArgs false`
Build completed successfully (146 jobs).
