leanrun: LEANRUN_LOCAL=1; macOS has no cgroup CPU/memory/swap limits or ionice
leanrun: explicitly authorized inherited priority; nice unavailable
LeanExe/Extract/ScalarExprCore.lean:421:58: error(lean.unknownIdentifier): Unknown identifier `expression`
LeanExe/Extract/ScalarExprCore.lean:421:86: error(lean.unknownIdentifier): Unknown identifier `_member`
LeanExe/Extract/ScalarExprCore.lean:421:74: error: Tactic `assumption` failed

locals : List ScalarBinding
sourceType body : Lean.Expr
⊢ booleanLocalOperands? ?m.6158 = some sorry
LeanExe/Extract/ScalarExprCore.lean:421:58: error(lean.unknownIdentifier): Unknown identifier `expression`
LeanExe/Extract/ScalarExprCore.lean:421:86: error(lean.unknownIdentifier): Unknown identifier `_member`
LeanExe/Extract/ScalarExprCore.lean:421:74: error: Tactic `assumption` failed

locals : List ScalarBinding
sourceType body : Lean.Expr
⊢ booleanLocalOperands? ?m.6158 = some sorry
LeanExe/Extract/ScalarExprCore.lean:421:58: error(lean.unknownIdentifier): Unknown identifier `expression`
LeanExe/Extract/ScalarExprCore.lean:421:74: error: Tactic `assumption` failed

locals : List ScalarBinding
input output value : Lean.Expr
binderName✝ : Lean.Name
domain body : Lean.Expr
binderInfo✝ : Lean.BinderInfo
action : Source.Scalar.BooleanAction
_action : booleanAction? value = some action
operand : Lean.Expr
_member : operand ∈ action.leaf.operands
⊢ booleanLocalOperands? ?m.6158 = some sorry
LeanExe/Extract/ScalarExprCore.lean:421:58: error(lean.unknownIdentifier): Unknown identifier `expression`
LeanExe/Extract/ScalarExprCore.lean:421:86: error(lean.unknownIdentifier): Unknown identifier `_member`
LeanExe/Extract/ScalarExprCore.lean:421:74: error: Tactic `assumption` failed

locals : List ScalarBinding
input output value : Lean.Expr
binderName✝ : Lean.Name
domain body : Lean.Expr
binderInfo✝ : Lean.BinderInfo
action : Source.Scalar.BooleanAction
_action : booleanAction? value = some action
c : IR.Cond
⊢ booleanLocalOperands? ?m.6158 = some sorry
LeanExe/Extract/ScalarExprCore.lean:421:58: error(lean.unknownIdentifier): Unknown identifier `expression`
LeanExe/Extract/ScalarExprCore.lean:421:86: error(lean.unknownIdentifier): Unknown identifier `_member`
LeanExe/Extract/ScalarExprCore.lean:421:74: error: Tactic `assumption` failed

locals : List ScalarBinding
input output value : Lean.Expr
binderName✝ : Lean.Name
domain body : Lean.Expr
binderInfo✝ : Lean.BinderInfo
⊢ booleanLocalOperands? ?m.6158 = some sorry
LeanExe/Extract/ScalarExprCore.lean:421:58: error(lean.unknownIdentifier): Unknown identifier `expression`
LeanExe/Extract/ScalarExprCore.lean:421:86: error(lean.unknownIdentifier): Unknown identifier `_member`
LeanExe/Extract/ScalarExprCore.lean:421:74: error: Tactic `assumption` failed

locals : List ScalarBinding
input output value : Lean.Expr
binderName✝ : Lean.Name
domain body : Lean.Expr
binderInfo✝ : Lean.BinderInfo
bound : IR.Expr
⊢ booleanLocalOperands? ?m.6158 = some sorry
LeanExe/Extract/ScalarExprCore.lean:421:58: error(lean.unknownIdentifier): Unknown identifier `expression`
LeanExe/Extract/ScalarExprCore.lean:421:74: error: Tactic `assumption` failed

locals : List ScalarBinding
type condition evidence onTrue onFalse : Lean.Expr
_h : comparison? condition evidence = none
_g : compoundGuard? condition evidence = none
guard : Source.Scalar.BooleanLocalGuard
_booleanGuard : booleanLocalGuard? condition evidence = some guard
operand : Lean.Expr
_member : operand ∈ guard.value.operands
⊢ booleanLocalOperands? ?m.6158 = some sorry
LeanExe/Extract/ScalarExprCore.lean:421:58: error(lean.unknownIdentifier): Unknown identifier `expression`
LeanExe/Extract/ScalarExprCore.lean:421:86: error(lean.unknownIdentifier): Unknown identifier `_member`
LeanExe/Extract/ScalarExprCore.lean:421:74: error: Tactic `assumption` failed

locals : List ScalarBinding
type condition evidence onTrue onFalse : Lean.Expr
_h : comparison? condition evidence = none
_g : compoundGuard? condition evidence = none
guard : Source.Scalar.BooleanLocalGuard
_booleanGuard : booleanLocalGuard? condition evidence = some guard
⊢ booleanLocalOperands? ?m.6158 = some sorry
LeanExe/Extract/ScalarExprCore.lean:421:58: error(lean.unknownIdentifier): Unknown identifier `expression`
LeanExe/Extract/ScalarExprCore.lean:421:86: error(lean.unknownIdentifier): Unknown identifier `_member`
LeanExe/Extract/ScalarExprCore.lean:421:74: error: Tactic `assumption` failed

locals : List ScalarBinding
type condition evidence onTrue onFalse : Lean.Expr
_h : comparison? condition evidence = none
_g : compoundGuard? condition evidence = none
guard : Source.Scalar.BooleanLocalGuard
_booleanGuard : booleanLocalGuard? condition evidence = some guard
⊢ booleanLocalOperands? ?m.6158 = some sorry
LeanExe/Extract/ScalarExprCore.lean:421:58: error(lean.unknownIdentifier): Unknown identifier `expression`
LeanExe/Extract/ScalarExprCore.lean:421:74: error: Tactic `assumption` failed

locals : List ScalarBinding
type condition evidence onTrue onFalse : Lean.Expr
_h : comparison? condition evidence = none
guard : Source.Scalar.CompoundGuard
_g : compoundGuard? condition evidence = some guard
operand : Lean.Expr
_member : operand ∈ guard.tree.operands
⊢ booleanLocalOperands? ?m.6158 = some sorry
LeanExe/Extract/ScalarExprCore.lean:421:58: error(lean.unknownIdentifier): Unknown identifier `expression`
LeanExe/Extract/ScalarExprCore.lean:421:86: error(lean.unknownIdentifier): Unknown identifier `_member`
LeanExe/Extract/ScalarExprCore.lean:421:74: error: Tactic `assumption` failed

locals : List ScalarBinding
type condition evidence onTrue onFalse : Lean.Expr
_h : comparison? condition evidence = none
guard : Source.Scalar.CompoundGuard
_g : compoundGuard? condition evidence = some guard
⊢ booleanLocalOperands? ?m.6158 = some sorry
LeanExe/Extract/ScalarExprCore.lean:421:58: error(lean.unknownIdentifier): Unknown identifier `expression`
LeanExe/Extract/ScalarExprCore.lean:421:86: error(lean.unknownIdentifier): Unknown identifier `_member`
LeanExe/Extract/ScalarExprCore.lean:421:74: error: Tactic `assumption` failed

locals : List ScalarBinding
type condition evidence onTrue onFalse : Lean.Expr
_h : comparison? condition evidence = none
guard : Source.Scalar.CompoundGuard
_g : compoundGuard? condition evidence = some guard
⊢ booleanLocalOperands? ?m.6158 = some sorry
LeanExe/Extract/ScalarExprCore.lean:421:58: error(lean.unknownIdentifier): Unknown identifier `expression`
LeanExe/Extract/ScalarExprCore.lean:421:86: error(lean.unknownIdentifier): Unknown identifier `_member`
LeanExe/Extract/ScalarExprCore.lean:421:74: error: Tactic `assumption` failed

locals : List ScalarBinding
type condition evidence onTrue onFalse : Lean.Expr
op : Source.Scalar.Comparison
left right : Lean.Expr
_h : comparison? condition evidence = some (op, left, right)
⊢ booleanLocalOperands? ?m.6158 = some sorry
LeanExe/Extract/ScalarExprCore.lean:421:58: error(lean.unknownIdentifier): Unknown identifier `expression`
LeanExe/Extract/ScalarExprCore.lean:421:86: error(lean.unknownIdentifier): Unknown identifier `_member`
LeanExe/Extract/ScalarExprCore.lean:421:74: error: Tactic `assumption` failed

locals : List ScalarBinding
type condition evidence onTrue onFalse : Lean.Expr
op : Source.Scalar.Comparison
left right : Lean.Expr
_h : comparison? condition evidence = some (op, left, right)
⊢ booleanLocalOperands? ?m.6158 = some sorry
LeanExe/Extract/ScalarExprCore.lean:421:58: error(lean.unknownIdentifier): Unknown identifier `expression`
LeanExe/Extract/ScalarExprCore.lean:421:86: error(lean.unknownIdentifier): Unknown identifier `_member`
LeanExe/Extract/ScalarExprCore.lean:421:74: error: Tactic `assumption` failed

locals : List ScalarBinding
type condition evidence onTrue onFalse : Lean.Expr
op : Source.Scalar.Comparison
left right : Lean.Expr
_h : comparison? condition evidence = some (op, left, right)
⊢ booleanLocalOperands? ?m.6158 = some sorry
LeanExe/Extract/ScalarExprCore.lean:421:58: error(lean.unknownIdentifier): Unknown identifier `expression`
LeanExe/Extract/ScalarExprCore.lean:421:86: error(lean.unknownIdentifier): Unknown identifier `_member`
LeanExe/Extract/ScalarExprCore.lean:421:74: error: Tactic `assumption` failed

locals : List ScalarBinding
type condition evidence onTrue onFalse : Lean.Expr
op : Source.Scalar.Comparison
left right : Lean.Expr
_h : comparison? condition evidence = some (op, left, right)
⊢ booleanLocalOperands? ?m.6158 = some sorry
LeanExe/Extract/ScalarExprCore.lean:421:58: error(lean.unknownIdentifier): Unknown identifier `expression`
LeanExe/Extract/ScalarExprCore.lean:421:86: error(lean.unknownIdentifier): Unknown identifier `_member`
LeanExe/Extract/ScalarExprCore.lean:421:74: error: Tactic `assumption` failed

locals : List ScalarBinding
index : Nat
argument : Lean.Expr
⊢ booleanLocalOperands? ?m.6158 = some sorry
LeanExe/Extract/ScalarExprCore.lean:421:58: error(lean.unknownIdentifier): Unknown identifier `expression`
LeanExe/Extract/ScalarExprCore.lean:421:86: error(lean.unknownIdentifier): Unknown identifier `_member`
LeanExe/Extract/ScalarExprCore.lean:421:74: error: Tactic `assumption` failed

locals : List ScalarBinding
index : Nat
argument : Lean.Expr
⊢ booleanLocalOperands? ?m.6158 = some sorry
LeanExe/Extract/ScalarExprCore.lean:421:58: error(lean.unknownIdentifier): Unknown identifier `expression`
LeanExe/Extract/ScalarExprCore.lean:421:86: error(lean.unknownIdentifier): Unknown identifier `_member`
LeanExe/Extract/ScalarExprCore.lean:421:74: error: Tactic `assumption` failed

locals : List ScalarBinding
index : Nat
first second : Lean.Expr
⊢ booleanLocalOperands? ?m.6158 = some sorry
LeanExe/Extract/ScalarExprCore.lean:421:58: error(lean.unknownIdentifier): Unknown identifier `expression`
LeanExe/Extract/ScalarExprCore.lean:421:86: error(lean.unknownIdentifier): Unknown identifier `_member`
LeanExe/Extract/ScalarExprCore.lean:421:74: error: Tactic `assumption` failed

locals : List ScalarBinding
index : Nat
first second : Lean.Expr
⊢ booleanLocalOperands? ?m.6158 = some sorry
LeanExe/Extract/ScalarExprCore.lean:421:58: error(lean.unknownIdentifier): Unknown identifier `expression`
LeanExe/Extract/ScalarExprCore.lean:421:86: error(lean.unknownIdentifier): Unknown identifier `_member`
LeanExe/Extract/ScalarExprCore.lean:421:74: error: Tactic `assumption` failed

locals : List ScalarBinding
argument : Lean.Expr
⊢ booleanLocalOperands? ?m.6158 = some sorry
LeanExe/Extract/ScalarExprCore.lean:421:58: error(lean.unknownIdentifier): Unknown identifier `expression`
LeanExe/Extract/ScalarExprCore.lean:421:86: error(lean.unknownIdentifier): Unknown identifier `_member`
LeanExe/Extract/ScalarExprCore.lean:421:74: error: Tactic `assumption` failed

locals : List ScalarBinding
argument : Lean.Expr
⊢ booleanLocalOperands? ?m.6158 = some sorry
LeanExe/Extract/ScalarExprCore.lean:421:58: error(lean.unknownIdentifier): Unknown identifier `expression`
LeanExe/Extract/ScalarExprCore.lean:421:86: error(lean.unknownIdentifier): Unknown identifier `_member`
LeanExe/Extract/ScalarExprCore.lean:421:74: error: Tactic `assumption` failed

locals : List ScalarBinding
left right : Lean.Expr
⊢ booleanLocalOperands? ?m.6158 = some sorry
LeanExe/Extract/ScalarExprCore.lean:421:58: error(lean.unknownIdentifier): Unknown identifier `expression`
LeanExe/Extract/ScalarExprCore.lean:421:86: error(lean.unknownIdentifier): Unknown identifier `_member`
LeanExe/Extract/ScalarExprCore.lean:421:74: error: Tactic `assumption` failed

locals : List ScalarBinding
left right : Lean.Expr
⊢ booleanLocalOperands? ?m.6158 = some sorry
LeanExe/Extract/ScalarExprCore.lean:421:58: error(lean.unknownIdentifier): Unknown identifier `expression`
LeanExe/Extract/ScalarExprCore.lean:421:86: error(lean.unknownIdentifier): Unknown identifier `_member`
LeanExe/Extract/ScalarExprCore.lean:421:74: error: Tactic `assumption` failed

locals : List ScalarBinding
left right : Lean.Expr
⊢ booleanLocalOperands? ?m.6158 = some sorry
LeanExe/Extract/ScalarExprCore.lean:421:58: error(lean.unknownIdentifier): Unknown identifier `expression`
LeanExe/Extract/ScalarExprCore.lean:421:86: error(lean.unknownIdentifier): Unknown identifier `_member`
LeanExe/Extract/ScalarExprCore.lean:421:74: error: Tactic `assumption` failed

locals : List ScalarBinding
left right : Lean.Expr
⊢ booleanLocalOperands? ?m.6158 = some sorry
LeanExe/Extract/ScalarExprCore.lean:421:58: error(lean.unknownIdentifier): Unknown identifier `expression`
LeanExe/Extract/ScalarExprCore.lean:421:74: error: Tactic `assumption` failed

locals : List ScalarBinding
type condition evidence : Lean.Expr
binderName✝¹ : Lean.Name
trueDomain onTrue : Lean.Expr
binderInfo✝¹ : Lean.BinderInfo
binderName✝ : Lean.Name
falseDomain onFalse : Lean.Expr
binderInfo✝ : Lean.BinderInfo
_guard : dependentGuard? condition evidence trueDomain falseDomain = none
guard : Source.Scalar.BooleanLocalGuard
_booleanGuard : booleanLocalDependentGuard? condition evidence trueDomain falseDomain = some guard
operand : Lean.Expr
_member : operand ∈ guard.value.operands
⊢ booleanLocalOperands? ?m.6158 = some sorry
LeanExe/Extract/ScalarExprCore.lean:421:58: error(lean.unknownIdentifier): Unknown identifier `expression`
LeanExe/Extract/ScalarExprCore.lean:421:86: error(lean.unknownIdentifier): Unknown identifier `_member`
LeanExe/Extract/ScalarExprCore.lean:421:74: error: Tactic `assumption` failed

locals : List ScalarBinding
type condition evidence : Lean.Expr
binderName✝¹ : Lean.Name
trueDomain onTrue : Lean.Expr
binderInfo✝¹ : Lean.BinderInfo
binderName✝ : Lean.Name
falseDomain onFalse : Lean.Expr
binderInfo✝ : Lean.BinderInfo
_guard : dependentGuard? condition evidence trueDomain falseDomain = none
guard : Source.Scalar.BooleanLocalGuard
_booleanGuard : booleanLocalDependentGuard? condition evidence trueDomain falseDomain = some guard
⊢ booleanLocalOperands? ?m.6158 = some sorry
LeanExe/Extract/ScalarExprCore.lean:421:58: error(lean.unknownIdentifier): Unknown identifier `expression`
LeanExe/Extract/ScalarExprCore.lean:421:86: error(lean.unknownIdentifier): Unknown identifier `_member`
LeanExe/Extract/ScalarExprCore.lean:421:74: error: Tactic `assumption` failed

locals : List ScalarBinding
type condition evidence : Lean.Expr
binderName✝¹ : Lean.Name
trueDomain onTrue : Lean.Expr
binderInfo✝¹ : Lean.BinderInfo
binderName✝ : Lean.Name
falseDomain onFalse : Lean.Expr
binderInfo✝ : Lean.BinderInfo
_guard : dependentGuard? condition evidence trueDomain falseDomain = none
guard : Source.Scalar.BooleanLocalGuard
_booleanGuard : booleanLocalDependentGuard? condition evidence trueDomain falseDomain = some guard
⊢ booleanLocalOperands? ?m.6158 = some sorry
LeanExe/Extract/ScalarExprCore.lean:421:58: error(lean.unknownIdentifier): Unknown identifier `expression`
LeanExe/Extract/ScalarExprCore.lean:421:74: error: Tactic `assumption` failed

locals : List ScalarBinding
type condition evidence : Lean.Expr
binderName✝¹ : Lean.Name
trueDomain onTrue : Lean.Expr
binderInfo✝¹ : Lean.BinderInfo
binderName✝ : Lean.Name
falseDomain onFalse : Lean.Expr
binderInfo✝ : Lean.BinderInfo
guard : Source.Scalar.DecidedGuard
_guard : dependentGuard? condition evidence trueDomain falseDomain = some guard
operand : Lean.Expr
_member : operand ∈ guard.tree.operands
⊢ booleanLocalOperands? ?m.6158 = some sorry
LeanExe/Extract/ScalarExprCore.lean:421:58: error(lean.unknownIdentifier): Unknown identifier `expression`
LeanExe/Extract/ScalarExprCore.lean:421:86: error(lean.unknownIdentifier): Unknown identifier `_member`
LeanExe/Extract/ScalarExprCore.lean:421:74: error: Tactic `assumption` failed

locals : List ScalarBinding
type condition evidence : Lean.Expr
binderName✝¹ : Lean.Name
trueDomain onTrue : Lean.Expr
binderInfo✝¹ : Lean.BinderInfo
binderName✝ : Lean.Name
falseDomain onFalse : Lean.Expr
binderInfo✝ : Lean.BinderInfo
guard : Source.Scalar.DecidedGuard
_guard : dependentGuard? condition evidence trueDomain falseDomain = some guard
⊢ booleanLocalOperands? ?m.6158 = some sorry
LeanExe/Extract/ScalarExprCore.lean:421:58: error(lean.unknownIdentifier): Unknown identifier `expression`
LeanExe/Extract/ScalarExprCore.lean:421:86: error(lean.unknownIdentifier): Unknown identifier `_member`
LeanExe/Extract/ScalarExprCore.lean:421:74: error: Tactic `assumption` failed

locals : List ScalarBinding
type condition evidence : Lean.Expr
binderName✝¹ : Lean.Name
trueDomain onTrue : Lean.Expr
binderInfo✝¹ : Lean.BinderInfo
binderName✝ : Lean.Name
falseDomain onFalse : Lean.Expr
binderInfo✝ : Lean.BinderInfo
guard : Source.Scalar.DecidedGuard
_guard : dependentGuard? condition evidence trueDomain falseDomain = some guard
⊢ booleanLocalOperands? ?m.6158 = some sorry
LeanExe/Extract/ScalarExprCore.lean:421:58: error(lean.unknownIdentifier): Unknown identifier `expression`
LeanExe/Extract/ScalarExprCore.lean:421:86: error(lean.unknownIdentifier): Unknown identifier `_member`
LeanExe/Extract/ScalarExprCore.lean:421:74: error: Tactic `assumption` failed

locals : List ScalarBinding
head left right : Lean.Expr
⊢ booleanLocalOperands? ?m.6158 = some sorry
LeanExe/Extract/ScalarExprCore.lean:421:58: error(lean.unknownIdentifier): Unknown identifier `expression`
LeanExe/Extract/ScalarExprCore.lean:421:86: error(lean.unknownIdentifier): Unknown identifier `_member`
LeanExe/Extract/ScalarExprCore.lean:421:74: error: Tactic `assumption` failed

locals : List ScalarBinding
head left right : Lean.Expr
⊢ booleanLocalOperands? ?m.6158 = some sorry
LeanExe/Extract/ScalarExprCore.lean:421:95: error: omega could not prove the goal:
a possible counterexample may satisfy the constraints
  c ≥ 0
  b ≥ 0
  b - c ≥ 0
  a ≥ 0
  a - b ≥ 1
where
 a := ↑(sizeOf value)
 b := ↑(sizeOf operand)
 c := ↑(sizeOf (Lean.Expr.letE declName✝ (Lean.Expr.const `Bool []) value body nondep✝))
LeanExe/Extract/ScalarExprCore.lean:421:86: error(lean.unknownIdentifier): Unknown identifier `_member`
LeanExe/Extract/ScalarExprCore.lean:421:58: error(lean.unknownIdentifier): Unknown identifier `expression`
LeanExe/Extract/ScalarExprCore.lean:421:86: error: maximum number of errors (100; from option `maxErrors`) reached, exiting
