⚠ [1/93] Replayed LeanExe.Examples.AsciiDigits
warning: LeanExe/Examples/AsciiDigits.lean:103:30: `if_false` has been deprecated: Use `ite_false` instead
warning: LeanExe/Examples/AsciiDigits.lean:109:78: `if_true` has been deprecated: Use `ite_true` instead
⚠ [51/93] Replayed LeanExe.IR.ScalarRangeSlots
warning: LeanExe/IR/ScalarRangeSlots.lean:25:2: try 'simp' instead of 'simpa'

Note: This linter can be disabled with `set_option linter.unnecessarySimpa false`
warning: LeanExe/IR/ScalarRangeSlots.lean:29:20: This simp argument is unused:
  read_suffix

Hint: Omit it from the simp argument list.
  [apply] simp [rangeStore]

Note: This linter can be disabled with `set_option linter.unusedSimpArgs false`
warning: LeanExe/IR/ScalarRangeSlots.lean:33:20: This simp argument is unused:
  read_suffix

Hint: Omit it from the simp argument list.
  [apply] simp [rangeStore]

Note: This linter can be disabled with `set_option linter.unusedSimpArgs false`
⚠ [75/93] Replayed LeanExe.IR.ScalarRangeExitSlots
warning: LeanExe/IR/ScalarRangeExitSlots.lean:18:2: try 'simp' instead of 'simpa'

Note: This linter can be disabled with `set_option linter.unnecessarySimpa false`
⚠ [80/93] Replayed LeanExe.Extract.ScalarFunc
warning: LeanExe/Extract/ScalarFunc.lean:76:28: This simp argument is unused:
  bind

Hint: Omit it from the simp argument list.
  [apply] simp only [rangeCase, pure, Option.bind_eq_some_iff, Option.some.injEq] at compiled

Note: This linter can be disabled with `set_option linter.unusedSimpArgs false`
✔ [92/198] Built LeanExe.Extract.Eval (993ms)
✔ [122/198] Built LeanExe.Source.ScalarGuardCommon:c.o (184ms)
✔ [123/198] Built LeanExe.Source.ScalarBooleanGuard:c.o (150ms)
✔ [124/198] Built LeanExe.Source.ScalarGuard:c.o (246ms)
✔ [125/198] Built LeanExe.Source.ScalarCompoundGuard:c.o (129ms)
✔ [129/198] Built LeanExe.Extract.ScalarBooleanGuardSyntax:c.o (208ms)
✔ [130/198] Built LeanExe.Extract.ScalarGuardSyntax:c.o (173ms)
✔ [132/198] Built LeanExe.Extract.ScalarBooleanGuard:c.o (165ms)
✔ [134/198] Built LeanExe.Extract.ScalarGuard:c.o (114ms)
✔ [188/198] Built LeanExe.Extract.Report (1.5s)
✔ [192/198] Built LeanExe.Extract.OwnershipReport (1.1s)
✔ [194/198] Built LeanExe.CLI (1.2s)
✔ [196/198] Built Main (901ms)
✔ [198/198] Built «lean-wasm»:exe (509ms)
Build completed successfully (198 jobs).
