cli-build: passed
admission-test: passed
reserved-exports: passed
fixture: passed
native-results: passed
compile-constant: passed
compile-publicInputIdWord: passed
compile-publicInputIdResult: passed
compile-publicFlagWord: passed
compile-publicFlagResult: passed
compile-rangeBoolSavedCallWord: passed
compile-rangeBoolSavedCallFlag: passed
compile-rangeBoolSavedCallId: passed
compile-rangeBoolWrappedChoiceWord: passed
compile-rangeBoolWrappedChoiceFlag: passed
compile-rangeBoolWrappedChoiceId: passed
compile-rangeBoolResultLet: passed
compile-rangeBoolResultDo: passed
compile-rangeBoolResultFlag: passed
compile-rangeBoolResultExit: passed
compile-rangeBoolResultContinue: passed
compile-rangeBoolResultId: passed
compile-rangeLetBool: passed
compile-rangeWordFromBoolLet: passed
compile-rangeWordFromBoolDo: passed
compile-rangeWordFromBoolFlag: passed
compile-rangeWordFromBoolHelper: passed
compile-rangeWordFromBoolConverted: passed
compile-rangeWordFromBoolMixed: passed
compile-rangeWordFromBoolExit: passed
compile-rangeWordFromBoolContinue: passed
compile-rangeWordFromBoolStride: passed
compile-rangeWordFromBoolId: passed
compile-rangeBoolLetIdInput: passed
Passed 633 native Lean / independent Wasm engine comparisons across 29 declarations.
