leanrun: LEANRUN_LOCAL=1; macOS has no cgroup CPU/memory/swap limits or ionice
leanrun: explicitly authorized inherited priority; nice unavailable
def booleanInputNested : (x y : UInt64) → UInt64 :=
fun (x y : UInt64) =>
  have f : Id.{0} (Id.{0} Bool) → Id.{0} (Id.{0} Bool) := fun (b : Id.{0} (Id.{0} Bool)) =>
    Bool.and b (@bne.{0} UInt64 (@instBEqOfDecidableEq.{0} UInt64 instDecidableEqUInt64) x y);
  have g : Id.{0} Bool → Id.{0} UInt64 := fun (b : Id.{0} Bool) =>
    @HAdd.hAdd.{0, 0, 0} UInt64 UInt64 UInt64 (@instHAdd.{0} UInt64 instAddUInt64) (Bool.toUInt64 (f b)) y;
  @HAdd.hAdd.{0, 0, 0} UInt64 UInt64 UInt64 (@instHAdd.{0} UInt64 instAddUInt64)
    (@Id.run.{0} UInt64
      (g
        (f
          (@BEq.beq.{0} UInt64 (@instBEqOfDecidableEq.{0} UInt64 instDecidableEqUInt64) x
            (@OfNat.ofNat.{0} UInt64 (nat_lit 0) (@UInt64.instOfNat (nat_lit 0)))))))
    (@Id.run.{0} UInt64 (g (@bne.{0} UInt64 (@instBEqOfDecidableEq.{0} UInt64 instDecidableEqUInt64) x y)))
def booleanInputBind : (x y : UInt64) → UInt64 :=
fun (x y : UInt64) =>
  @Id.run.{0} UInt64
    (have f : Id.{0} Bool → Id.{0} (Id.{0} UInt64) := fun (b : Id.{0} Bool) =>
      @Bind.bind.{0, 0} Id.{0} (@Monad.toBind.{0, 0} Id.{0} Id.instMonad.{0}) Bool (Id.{0} UInt64)
        (@Pure.pure.{0, 0} Id.{0}
          (@Applicative.toPure.{0, 0} Id.{0} (@Monad.toApplicative.{0, 0} Id.{0} Id.instMonad.{0})) Bool
          (Bool.or b (@BEq.beq.{0} UInt64 (@instBEqOfDecidableEq.{0} UInt64 instDecidableEqUInt64) x y)))
        fun (saved : Bool) =>
        @Pure.pure.{0, 0} Id.{0}
          (@Applicative.toPure.{0, 0} Id.{0} (@Monad.toApplicative.{0, 0} Id.{0} Id.instMonad.{0})) (Id.{0} UInt64)
          (@ite.{1} (Id.{0} UInt64) (@Eq.{1} Bool saved Bool.true) (instDecidableEqBool saved Bool.true)
            (@HAdd.hAdd.{0, 0, 0} UInt64 UInt64 (Id.{0} UInt64) (@instHAdd.{0} UInt64 instAddUInt64) x
              (@OfNat.ofNat.{0} UInt64 (nat_lit 3) (@UInt64.instOfNat (nat_lit 3))))
            (@HAdd.hAdd.{0, 0, 0} UInt64 UInt64 (Id.{0} UInt64) (@instHAdd.{0} UInt64 instAddUInt64) y
              (@OfNat.ofNat.{0} UInt64 (nat_lit 7) (@UInt64.instOfNat (nat_lit 7)))));
    @Bind.bind.{0, 0} Id.{0} (@Monad.toBind.{0, 0} Id.{0} Id.instMonad.{0}) (Id.{0} UInt64) UInt64
      (f
        (@BEq.beq.{0} UInt64 (@instBEqOfDecidableEq.{0} UInt64 instDecidableEqUInt64) x
          (@OfNat.ofNat.{0} UInt64 (nat_lit 0) (@UInt64.instOfNat (nat_lit 0)))))
      fun (a : Id.{0} UInt64) =>
      @Bind.bind.{0, 0} Id.{0} (@Monad.toBind.{0, 0} Id.{0} Id.instMonad.{0}) (Id.{0} UInt64) UInt64
        (f
          (@Decidable.decide (@LT.lt.{0} UInt64 instLTUInt64 (@Id.run.{0} UInt64 a) y)
            (UInt64.decLt (@Id.run.{0} UInt64 a) y)))
        fun (__do_lift : Id.{0} UInt64) =>
        @Pure.pure.{0, 0} Id.{0}
          (@Applicative.toPure.{0, 0} Id.{0} (@Monad.toApplicative.{0, 0} Id.{0} Id.instMonad.{0})) UInt64
          (@HAdd.hAdd.{0, 0, 0} UInt64 UInt64 UInt64 (@instHAdd.{0} UInt64 instAddUInt64) (@Id.run.{0} UInt64 a)
            (@Id.run.{0} UInt64 __do_lift)))
