cli-build: passed
admission-test: passed
reserved-exports: passed
fixture: passed
native-results: passed
compile-constant: passed
compile-localNotFlag: passed
compile-localNotCall: passed
compile-localNotNested: passed
compile-localNotDecision: passed
compile-localNotLet: passed
compile-localNotHelper: passed
compile-booleanInputWord: passed
compile-booleanInputPredicate: passed
compile-booleanInputNested: passed
compile-booleanInputUnused: passed
compile-booleanInputDecision: passed
compile-booleanInputBind: passed
compile-compareBEq: passed
compile-mixedGuardDo: passed
compile-rangeDecisionLetStep: passed
compile-rangeDecisionLetContinue: passed
compile-rangeDecisionLetOuter: passed
compile-rangeDecisionLetHelper: passed
compile-rangeLocalNotStep: passed
compile-rangeLocalNotContinue: passed
compile-rangeLocalNotOuter: passed
compile-rangeLocalNotHelper: passed
compile-rangeBooleanInputStep: passed
compile-rangeBooleanInputContinue: passed
compile-rangeBooleanInputOuter: passed
compile-rangeBooleanInputHelper: passed
compile-rangeBooleanPredicateResultStep: passed
Passed 509 native Lean / independent Wasm engine comparisons across 28 declarations.
