leanrun: LEANRUN_LOCAL=1; macOS has no cgroup CPU/memory/swap limits or ionice
leanrun: explicitly authorized inherited priority; nice unavailable
test/scalar_boolean_input.lean:6:54: error: Application type mismatch: The argument
  b
has type
  Id Bool
but is expected to have type
  Prop
in the application
  @ite ?m.2 b
test/scalar_boolean_input.lean:16:2: error(lean.synthInstanceFailed): failed to synthesize instance of type class
  HAdd (Id UInt64) (Id UInt64) ?m.15

Hint: Type class instance resolution failures can be inspected with the `set_option trace.Meta.synthInstance true` command.
test/scalar_boolean_input.lean:19:60: error: Application type mismatch: The argument
  b
has type
  Id Bool
but is expected to have type
  Prop
in the application
  @ite ?m.2 b
test/scalar_boolean_input.lean:32:19: error(lean.synthInstanceFailed): failed to synthesize instance of type class
  LT (Id UInt64)

Hint: Type class instance resolution failures can be inspected with the `set_option trace.Meta.synthInstance true` command.
test/scalar_boolean_input.lean:32:9: error(lean.synthInstanceFailed): failed to synthesize instance of type class
  HAdd (Id UInt64) (Id UInt64) ?m.57

Hint: Type class instance resolution failures can be inspected with the `set_option trace.Meta.synthInstance true` command.
test/scalar_boolean_input.lean:46:7: error: Application type mismatch: The argument
  f (i.toUInt64 == seed)
has type
  Id Bool
but is expected to have type
  Prop
in the application
  @ite ?m.16 (f (i.toUInt64 == seed))
test/scalar_boolean_input.lean:78:0: error: Aborting evaluation since the expression depends on the 'sorry' axiom, which can lead to runtime instability and crashes.

To attempt to evaluate anyway despite the risks, use the '#eval!' command.
