cli-build: passed
admission-test: passed
reserved-exports: passed
fixture: passed
native-results: passed
compile-constant: passed
compile-publicInputIdWord: passed
compile-publicInputIdResult: passed
compile-publicFlagWord: passed
compile-publicFlagResult: passed
compile-rangeBoolForwardedWord: passed
compile-rangeBoolForwardedFlag: passed
compile-rangeBoolForwardedId: passed
compile-rangeBoolConditionalCallSaved: passed
compile-rangeBoolConditionalCallFlag: passed
compile-rangeBoolConditionalCallId: passed
compile-rangeBoolSavedCallWord: passed
compile-rangeBoolSavedCallFlag: passed
compile-rangeBoolSavedCallBooleanArgument: passed
compile-rangeBoolSavedCallNested: passed
compile-rangeBoolSavedCallExit: passed
compile-rangeBoolSavedCallId: passed
compile-rangeBoolWrappedChoiceWord: passed
compile-rangeBoolWrappedChoiceFlag: passed
compile-rangeBoolWrappedChoiceBooleanArgument: passed
compile-rangeBoolWrappedChoiceWordCapture: passed
compile-rangeBoolWrappedChoiceBooleanCapture: passed
compile-rangeBoolWrappedChoiceNested: passed
compile-rangeBoolWrappedChoiceExit: passed
compile-rangeBoolWrappedChoiceContinue: passed
compile-rangeBoolWrappedChoiceStride: passed
compile-rangeBoolWrappedChoiceId: passed
compile-rangeBoolLetIdInput: passed
Passed 609 native Lean / independent Wasm engine comparisons across 28 declarations.
