leanrun: LEANRUN_LOCAL=1; macOS has no cgroup CPU/memory/swap limits or ionice
leanrun: explicitly authorized inherited priority; nice unavailable
✔ [3031/3034] Built LeanExe.Wasm.Leb (282ms)
✔ [3032/3036] Built Project.Compiler.ByteLists (2.8s)
✔ [3033/3036] Built LeanExe.Wasm.LebTheorems (265ms)
⚠ [3034/3037] Built LeanExe.Examples.AsciiDigits (289ms)
warning: LeanExe/Examples/AsciiDigits.lean:103:30: `if_false` has been deprecated: Use `ite_false` instead
warning: LeanExe/Examples/AsciiDigits.lean:109:78: `if_true` has been deprecated: Use `ite_true` instead
✔ [3035/3038] Built LeanExe.Core (294ms)
✔ [3036/3040] Built LeanExe.Float64 (232ms)
✔ [3037/3040] Built LeanExe.Float32 (235ms)
✔ [3038/3043] Built LeanExe.Packed (234ms)
✔ [3039/3043] Built LeanExe.Wasm.Instr (469ms)
✔ [3040/3046] Built LeanExe.IR.Core (2.9s)
✔ [3041/3046] Built LeanExe.Wasm.ScalarDescriptor (1.5s)
✔ [3042/3046] Built LeanExe.Wasm.Image (472ms)
✔ [3043/3048] Built LeanExe.Wasm.Annotations (2.1s)
✔ [3044/3048] Built LeanExe.Wasm.Image.Emit (378ms)
✔ [3045/3050] Built Project.Artifact.Binary.Syntax (655ms)
✔ [3046/3052] Built LeanExe.Wasm.Binary (7.4s)
✔ [3047/3053] Built Project.Artifact.Binary.Grammar (412ms)
✔ [3048/3053] Built Project.Artifact.Binary.Cursor (330ms)
⚠ [3049/3055] Built Project.Artifact.Binary.Proof.Cursor (384ms)
warning: Project/Artifact/Binary/Proof/Cursor.lean:131:8: `if_pos` has been deprecated: Use `ite_eq_left` instead
warning: Project/Artifact/Binary/Proof/Cursor.lean:145:8: `if_neg` has been deprecated: Use `ite_eq_right` instead
warning: Project/Artifact/Binary/Proof/Cursor.lean:156:8: `if_pos` has been deprecated: Use `ite_eq_left` instead
warning: Project/Artifact/Binary/Proof/Cursor.lean:162:8: `if_neg` has been deprecated: Use `ite_eq_right` instead
warning: Project/Artifact/Binary/Proof/Cursor.lean:180:8: `if_pos` has been deprecated: Use `ite_eq_left` instead
warning: Project/Artifact/Binary/Proof/Cursor.lean:180:8: `if_pos` has been deprecated: Use `ite_eq_left` instead
warning: Project/Artifact/Binary/Proof/Cursor.lean:191:8: `if_neg` has been deprecated: Use `ite_eq_right` instead
✔ [3050/3059] Built Project.Artifact.Binary.Leb (270ms)
⚠ [3051/3059] Built Project.Compiler.SignedLebBits (2.0s)
warning: Project/Compiler/SignedLebBits.lean:16:35: This simp argument is unused:
  BitVec.getLsbD_zero

Hint: Omit it from the simp argument list.
  [apply] simp only [BitVec.getLsbD_and, BitVec.getLsbD_ofNat]

Note: This linter can be disabled with `set_option linter.unusedSimpArgs false`
warning: Project/Compiler/SignedLebBits.lean:31:10: This simp argument is unused:
  BitVec.getLsbD_or

Hint: Omit it from the simp argument list.
  [apply] simp [BitVec.getLsbD_ushiftRight, BitVec.getLsbD_sshiftRight, BitVec.getLsbD_ofNat,
    BitVec.getElem_sshiftRight, top, topElem, sign]

Note: This linter can be disabled with `set_option linter.unusedSimpArgs false`
warning: Project/Compiler/SignedLebBits.lean:31:29: This simp argument is unused:
  BitVec.getLsbD_ushiftRight

Hint: Omit it from the simp argument list.
  [apply] simp [BitVec.getLsbD_or, BitVec.getLsbD_sshiftRight, BitVec.getLsbD_ofNat, BitVec.getElem_sshiftRight, top,
    topElem, sign]

Note: This linter can be disabled with `set_option linter.unusedSimpArgs false`
warning: Project/Compiler/SignedLebBits.lean:31:57: This simp argument is unused:
  BitVec.getLsbD_sshiftRight

Hint: Omit it from the simp argument list.
  [apply] simp [BitVec.getLsbD_or, BitVec.getLsbD_ushiftRight, BitVec.getLsbD_ofNat, BitVec.getElem_sshiftRight, top,
    topElem, sign]

Note: This linter can be disabled with `set_option linter.unusedSimpArgs false`
warning: Project/Compiler/SignedLebBits.lean:32:6: This simp argument is unused:
  BitVec.getLsbD_ofNat

Hint: Omit it from the simp argument list.
  [apply] simp [BitVec.getLsbD_or, BitVec.getLsbD_ushiftRight, BitVec.getLsbD_sshiftRight, BitVec.getElem_sshiftRight,
    top, topElem, sign]

Note: This linter can be disabled with `set_option linter.unusedSimpArgs false`
warning: Project/Compiler/SignedLebBits.lean:32:56: This simp argument is unused:
  top

Hint: Omit it from the simp argument list.
  [apply] simp [BitVec.getLsbD_or, BitVec.getLsbD_ushiftRight, BitVec.getLsbD_sshiftRight, BitVec.getLsbD_ofNat,
    BitVec.getElem_sshiftRight, topElem, sign]

Note: This linter can be disabled with `set_option linter.unusedSimpArgs false`
⚠ [3052/3059] Built Project.Artifact.Binary.Proof.Leb (1.4s)
warning: Project/Artifact/Binary/Proof/Leb.lean:10:5: Ambiguous namespace `Parser`: it is interpreted as `_root_.Wasm.Binary.Parser` because this `open` occurs inside `namespace Wasm.Binary.Leb.Proof`, while `_root_.Parser` is silently not opened. Specify the namespace unambiguously, e.g. `_root_.Wasm.Binary.Parser`. The warning can sometimes also be addressed by moving the `open` outside of the surrounding `namespace`.

Note: This linter can be disabled with `set_option linter.ambiguousOpen false`
⚠ [3053/3061] Built Project.Compiler.SignedLebStop (2.9s)
warning: Project/Compiler/SignedLebStop.lean:11:15: This simp argument is unused:
  bit

Hint: Omit it from the simp argument list.
  [apply] simp only [Bool.false_eq_true, ite_false, ite_true, BitVec.getLsbD_and, BitVec.getLsbD_ofNat,
    BitVec.getLsbD_zero, Nat.testBit_two_pow]

Note: This linter can be disabled with `set_option linter.unusedSimpArgs false`
warning: Project/Compiler/SignedLebStop.lean:12:28: This simp argument is unused:
  BitVec.getLsbD_zero

Hint: Omit it from the simp argument list.
  [apply] simp only [bit, Bool.false_eq_true, ite_false, ite_true, BitVec.getLsbD_and, BitVec.getLsbD_ofNat,
    Nat.testBit_two_pow]

Note: This linter can be disabled with `set_option linter.unusedSimpArgs false`
warning: Project/Compiler/SignedLebStop.lean:16:42: This simp argument is unused:
  Bool.false_and

Hint: Omit it from the simp argument list.
  [apply] simp only [bit, bound, decide_true, Bool.true_and, Bool.and_true]

Note: This linter can be disabled with `set_option linter.unusedSimpArgs false`
warning: Project/Compiler/SignedLebStop.lean:16:58: This simp argument is unused:
  Bool.true_and

Hint: Omit it from the simp argument list.
  [apply] simp only [bit, bound, decide_true, Bool.false_and, Bool.and_true]

Note: This linter can be disabled with `set_option linter.unusedSimpArgs false`
warning: Project/Compiler/SignedLebStop.lean:16:88: Used `tac1 <;> tac2` where `(tac1; tac2)` would suffice

Note: This linter can be disabled with `set_option linter.unnecessarySeqFocus false`
warning: Project/Compiler/SignedLebStop.lean:66:49: This simp argument is unused:
  false_and

Hint: Omit it from the simp argument list.
  [apply] simp only [show (0 : UInt64) ≠ 64 by decide, show (64 : UInt64) ≠ 0 by decide, and_false, or_false, false_or,
    eq_self, and_true, true_and]

Note: This linter can be disabled with `set_option linter.unusedSimpArgs false`
warning: Project/Compiler/SignedLebStop.lean:66:99: This simp argument is unused:
  true_and

Hint: Omit it from the simp argument list.
  [apply] simp only [show (0 : UInt64) ≠ 64 by decide, show (64 : UInt64) ≠ 0 by decide, and_false, false_and, or_false,
    false_or, eq_self, and_true]

Note: This linter can be disabled with `set_option linter.unusedSimpArgs false`
⚠ [3054/3061] Built Project.Compiler.SignedLebTrace (2.0s)
warning: Project/Compiler/SignedLebTrace.lean:77:10: `if_pos` has been deprecated: Use `ite_eq_left` instead
warning: Project/Compiler/SignedLebTrace.lean:87:10: `if_neg` has been deprecated: Use `ite_eq_right` instead
⚠ [3055/3063] Built Project.Compiler.UnsignedLeb (3.7s)
warning: Project/Compiler/UnsignedLeb.lean:32:36: This simp argument is unused:
  UInt64.toNat_add

Hint: Omit it from the simp argument list.
  [apply] simp [UInt64.toNat_toUInt8, UInt64.toNat_mod, Nat.mod_eq_of_lt low]

Note: This linter can be disabled with `set_option linter.unusedSimpArgs false`
warning: Project/Compiler/UnsignedLeb.lean:33:10: This simp argument is unused:
  Nat.mod_eq_of_lt low

Hint: Omit it from the simp argument list.
  [apply] simp [UInt64.toNat_toUInt8, UInt64.toNat_add, UInt64.toNat_mod]

Note: This linter can be disabled with `set_option linter.unusedSimpArgs false`
warning: Project/Compiler/UnsignedLeb.lean:46:10: `if_pos` has been deprecated: Use `ite_eq_left` instead
warning: Project/Compiler/UnsignedLeb.lean:52:10: `if_neg` has been deprecated: Use `ite_eq_right` instead
⚠ [3056/3063] Built Project.Compiler.Parsing (2.8s)
warning: Project/Compiler/Parsing.lean:52:56: This simp argument is unused:
  List.getElem?_append_right

Hint: Omit it from the simp argument list.
  [apply] simp [Wasm.Binary.Parser.readByte, cursor, available, List.length_append]

Note: This linter can be disabled with `set_option linter.unusedSimpArgs false`
warning: Project/Compiler/Parsing.lean:59:56: This simp argument is unused:
  List.getElem?_append_right

Hint: Omit it from the simp argument list.
  [apply] simp [Wasm.Binary.Parser.peekByte, cursor, available]

Note: This linter can be disabled with `set_option linter.unusedSimpArgs false`
⚠ [3057/3063] Built Project.Compiler.SignedLeb (2.8s)
warning: Project/Compiler/SignedLeb.lean:38:17: This simp argument is unused:
  h

Hint: Omit it from the simp argument list.
  [apply] simp only [ite_true, ByteArray.push, Array.toList_push, native_low_byte]

Note: This linter can be disabled with `set_option linter.unusedSimpArgs false`
warning: Project/Compiler/SignedLeb.lean:38:20: This simp argument is unused:
  ite_true

Hint: Omit it from the simp argument list.
  [apply] simp only [h, ByteArray.push, Array.toList_push, native_low_byte]

Note: This linter can be disabled with `set_option linter.unusedSimpArgs false`
warning: Project/Compiler/SignedLeb.lean:40:17: This simp argument is unused:
  h

Hint: Omit it from the simp argument list.
  [apply] simp only [ite_false, ih, ByteArray.push, Array.toList_push, native_high_byte, sar7_signed, List.append_assoc,
    List.singleton_append]

Note: This linter can be disabled with `set_option linter.unusedSimpArgs false`
warning: Project/Compiler/SignedLeb.lean:40:20: This simp argument is unused:
  ite_false

Hint: Omit it from the simp argument list.
  [apply] simp only [h, ih, ByteArray.push, Array.toList_push, native_high_byte, sar7_signed, List.append_assoc,
    List.singleton_append]

Note: This linter can be disabled with `set_option linter.unusedSimpArgs false`
warning: Project/Compiler/SignedLeb.lean:49:4: This simp argument is unused:
  List.nil_append

Hint: Omit it from the simp argument list.
  [apply] simp only [LeanExe.Wasm.Leb.s64lebU64, native_bytes, ByteArray.empty, Array.toList_empty]

Note: This linter can be disabled with `set_option linter.unusedSimpArgs false`
warning: Project/Compiler/SignedLeb.lean:49:21: This simp argument is unused:
  Array.toList_empty

Hint: Omit it from the simp argument list.
  [apply] simp only [LeanExe.Wasm.Leb.s64lebU64, native_bytes, ByteArray.empty, List.nil_append]

Note: This linter can be disabled with `set_option linter.unusedSimpArgs false`
✔ [3058/3063] Built Project.Artifact.Binary.Primitives (270ms)
✔ [3059/3063] Built Project.Compiler.LebParsing (3.5s)
⚠ [3060/3063] Built Project.Compiler.ArithmeticEncoding (4.1s)
warning: Project/Compiler/ArithmeticEncoding.lean:42:26: This simp argument is unused:
  ByteArray.toList_data_append

Hint: Omit it from the simp argument list.
  [apply] simp [byteArray_toList]

Note: This linter can be disabled with `set_option linter.unusedSimpArgs false`
⚠ [3061/3073] Built Project.Compiler.ContainerParsing (3.6s)
warning: Project/Compiler/ContainerParsing.lean:20:6: `if_pos` has been deprecated: Use `ite_eq_left` instead
⚠ [3062/3073] Built Project.Compiler.ContainerEncoding (3.5s)
warning: Project/Compiler/ContainerEncoding.lean:10:4: This simp argument is unused:
  ByteArray.toList_data_append

Hint: Omit it from the simp argument list.
  [apply] simp [byteVec, LeanExe.Wasm.Leb.byteVecBytes, u32leb, byteArray_toList, ByteArray.size]

Note: This linter can be disabled with `set_option linter.unusedSimpArgs false`
warning: Project/Compiler/ContainerEncoding.lean:15:4: This simp argument is unused:
  ByteArray.toList_data_append

Hint: Omit it from the simp argument list.
  [apply] simp [wasmSection, LeanExe.Wasm.Leb.sectionBytes, u32leb, byteArray_toList, ByteArray.push, ByteArray.size]

Note: This linter can be disabled with `set_option linter.unusedSimpArgs false`
✔ [3063/3073] Built Project.Artifact.Binary.Decode (438ms)
✔ [3064/3077] Built Project.Compiler.ArithmeticParsing (3.0s)
✔ [3065/3077] Built Project.Compiler.LebLengths (3.6s)
✔ [3066/3079] Built Project.Compiler.SequenceParsing (3.7s)
✔ [3067/3079] Built Project.Compiler.StructuredParsing (4.0s)
✔ [3068/3079] Built LeanExe.Wasm.ArithmeticBounds (1.0s)
✔ [3069/3079] Built Project.Compiler.FunctionParsing (3.6s)
✔ [3070/3079] Built Project.Compiler.HeaderParsing (3.6s)
✔ [3071/3079] Built Project.Compiler.PayloadVectors (3.6s)
✔ [3072/3079] Built Project.Compiler.MetadataParsing (3.6s)
⚠ [3073/3087] Built Project.Compiler.FixedPayloads (3.7s)
warning: Project/Compiler/FixedPayloads.lean:18:15: This simp argument is unused:
  memoryItems

Hint: Omit it from the simp argument list.
  [apply] simp only [List.mem_cons, List.not_mem_nil, or_false] at member

Note: This linter can be disabled with `set_option linter.unusedSimpArgs false`
warning: Project/Compiler/FixedPayloads.lean:50:15: This simp argument is unused:
  globalItems

Hint: Omit it from the simp argument list.
  [apply] simp only [List.mem_cons, List.not_mem_nil, or_false] at member

Note: This linter can be disabled with `set_option linter.unusedSimpArgs false`
⚠ [3074/3088] Built Project.Compiler.SectionParsing (3.6s)
warning: Project/Compiler/SectionParsing.lean:25:17: Unused tactic linter: `omega` does nothing

Note: This linter can be disabled with `set_option linter.unusedTactic false`
warning: Project/Compiler/SectionParsing.lean:25:17: this tactic is never executed

Note: This linter can be disabled with `set_option linter.unreachableTactic false`
warning: Project/Compiler/SectionParsing.lean:25:33: Used `tac1 <;> tac2` where `(tac1; tac2)` would suffice

Note: This linter can be disabled with `set_option linter.unnecessarySeqFocus false`
⚠ [3075/3088] Built Project.Compiler.UserPayloads (3.7s)
warning: Project/Compiler/UserPayloads.lean:32:15: This simp argument is unused:
  typeItems

Hint: Omit it from the simp argument list.
  [apply] simp only [LeanExe.Wasm.ArithmeticBounds.typeItems, List.mem_cons, List.not_mem_nil, or_false] at member

Note: This linter can be disabled with `set_option linter.unusedSimpArgs false`
warning: Project/Compiler/UserPayloads.lean:32:26: This simp argument is unused:
  LeanExe.Wasm.ArithmeticBounds.typeItems

Hint: Omit it from the simp argument list.
  [apply] simp only [typeItems, List.mem_cons, List.not_mem_nil, or_false] at member

Note: This linter can be disabled with `set_option linter.unusedSimpArgs false`
warning: Project/Compiler/UserPayloads.lean:76:15: This simp argument is unused:
  exportItems

Hint: Omit it from the simp argument list.
  [apply] simp only [LeanExe.Wasm.ArithmeticBounds.exportItems, List.mem_cons, List.not_mem_nil, or_false] at member

Note: This linter can be disabled with `set_option linter.unusedSimpArgs false`
warning: Project/Compiler/UserPayloads.lean:76:28: This simp argument is unused:
  LeanExe.Wasm.ArithmeticBounds.exportItems

Hint: Omit it from the simp argument list.
  [apply] simp only [exportItems, List.mem_cons, List.not_mem_nil, or_false] at member

Note: This linter can be disabled with `set_option linter.unusedSimpArgs false`
warning: Project/Compiler/UserPayloads.lean:92:26: This simp argument is unused:
  exportItems

Hint: Omit it from the simp argument list.
  [apply] simp [LeanExe.Wasm.Binary.CoreWasm.exportSection, LeanExe.Wasm.Binary.CoreWasm.enumerate,
    LeanExe.Wasm.Binary.CoreWasm.enumerateAux, named, exportPayload, LeanExe.Wasm.ArithmeticBounds.exportPayload,
    LeanExe.Wasm.ArithmeticBounds.exportItems, LeanExe.Wasm.Binary.CoreWasm.runtimeStatGlobal]

Note: This linter can be disabled with `set_option linter.unusedSimpArgs false`
✔ [3076/3088] Built Project.Compiler.FixedPayloadBounds (3.6s)
✔ [3077/3088] Built Project.Compiler.RuntimeAtoms (3.7s)
✔ [3078/3088] Built Project.Compiler.ModuleParsing (3.6s)
✔ [3079/3088] Built Project.Artifact.Binary.Validate (509ms)
⚠ [3080/3089] Built Project.Compiler.RuntimeStructure (3.6s)
warning: Project/Compiler/RuntimeStructure.lean:53:52: This simp argument is unused:
  List.append_assoc

Hint: Omit it from the simp argument list.
  [apply] simp [Control.source, Control.tag, LeanExe.Wasm.Binary.CoreWasm.encodeInstr, LeanExe.Wasm.Image.emitInstr,
    image_sequence, empty]

Note: This linter can be disabled with `set_option linter.unusedSimpArgs false`
warning: Project/Compiler/RuntimeStructure.lean:53:71: This simp argument is unused:
  empty

Hint: Omit it from the simp argument list.
  [apply] simp [Control.source, Control.tag, LeanExe.Wasm.Binary.CoreWasm.encodeInstr, LeanExe.Wasm.Image.emitInstr,
    image_sequence, List.append_assoc]

Note: This linter can be disabled with `set_option linter.unusedSimpArgs false`
⚠ [3081/3089] Built Project.Compiler.ModuleSections (3.6s)
warning: Project/Compiler/ModuleSections.lean:65:4: Unused tactic linter: `(try dsimp)` does nothing

Note: This linter can be disabled with `set_option linter.unusedTactic false`
warning: Project/Compiler/ModuleSections.lean:66:4: Unused tactic linter: `(try dsimp)` does nothing

Note: This linter can be disabled with `set_option linter.unusedTactic false`
warning: Project/Compiler/ModuleSections.lean:70:4: Unused tactic linter: `(try dsimp)` does nothing

Note: This linter can be disabled with `set_option linter.unusedTactic false`
warning: Project/Compiler/ModuleSections.lean:76:4: Unused tactic linter: `(try dsimp)` does nothing

Note: This linter can be disabled with `set_option linter.unusedTactic false`
warning: Project/Compiler/ModuleSections.lean:83:4: Unused tactic linter: `(try dsimp)` does nothing

Note: This linter can be disabled with `set_option linter.unusedTactic false`
warning: Project/Compiler/ModuleSections.lean:90:4: Unused tactic linter: `(try dsimp)` does nothing

Note: This linter can be disabled with `set_option linter.unusedTactic false`
✔ [3082/3089] Built Project.Compiler.RuntimeParsing (3.9s)
✔ [3083/3089] Built LeanExe.Extract.Env (1.0s)
✔ [3084/3091] Built Project.Compiler.RuntimeBodies (7.6s)
✔ [3085/3094] Built Project.Compiler.RuntimeLengths (3.9s)
✔ [3086/3094] Built LeanExe.Extract.Syntax (1.0s)
✔ [3087/3094] Built Project.Compiler.RuntimeFunctionParsing (3.9s)
✔ [3088/3094] Built LeanExe.Runtime (249ms)
✔ [3089/3094] Built LeanExe.Extract.Types (1.9s)
⚠ [3090/3098] Built Project.Compiler.CodePayloads (3.6s)
warning: Project/Compiler/CodePayloads.lean:34:15: This simp argument is unused:
  codeItems

Hint: Omit it from the simp argument list.
  [apply] simp only [LeanExe.Wasm.ArithmeticBounds.codeItems, List.mem_cons, List.not_mem_nil, or_false] at member

Note: This linter can be disabled with `set_option linter.unusedSimpArgs false`
warning: Project/Compiler/CodePayloads.lean:34:26: This simp argument is unused:
  LeanExe.Wasm.ArithmeticBounds.codeItems

Hint: Omit it from the simp argument list.
  [apply] simp only [codeItems, List.mem_cons, List.not_mem_nil, or_false] at member

Note: This linter can be disabled with `set_option linter.unusedSimpArgs false`
✔ [3091/3098] Built LeanExe.Extract.Values (2.5s)
✔ [3092/3098] Built Project.Compiler.ArithmeticModuleBytes (3.6s)
✔ [3093/3098] Built LeanExe.Extract.Storage (1.3s)
✔ [3094/3098] Built LeanExe.Extract.ReleaseCheck (1.1s)
✔ [3095/3098] Built LeanExe.Extract.Patterns (1.4s)
✔ [3096/3100] Built LeanExe.Extract.Demand (1.5s)
✔ [3097/3102] Built LeanExe.Extract.StructuralRec (1.3s)
✔ [3098/3104] Built LeanExe.IR.ScalarSemantics (1.1s)
✔ [3099/3108] Built LeanExe.Source.ScalarHead (996ms)
✔ [3100/3108] Built LeanExe.Extract.ScalarPrimitive (1.1s)
✔ [3101/3108] Built LeanExe.Source.Scalar (1.0s)
✔ [3102/3108] Built LeanExe.Extract.ScalarHead (4.2s)
✔ [3103/3108] Built LeanExe.Source.ScalarFunction (1.0s)
✔ [3104/3108] Built LeanExe.Extract.ScalarExpr (1.4s)
✔ [3105/3108] Built LeanExe.Extract.ScalarFunc (1.1s)
✔ [3106/3108] Built LeanExe.Extract.Core (6.1s)
⚠ [3107/3112] Built Project.Compiler.MetadataValidation (3.7s)
warning: Project/Compiler/MetadataValidation.lean:70:50: This simp argument is unused:
  ite_false

Hint: Omit it from the simp argument list.
  [apply] simp only [Validator.duplicateName?, missing]

Note: This linter can be disabled with `set_option linter.unusedSimpArgs false`
✔ [3108/3112] Built LeanExe.Wasm.ScalarAdmission (1.2s)
✔ [3109/3112] Built LeanExe.Wasm.ScalarSemantics (3.4s)
✔ [3110/3112] Built LeanExe.Wasm.ArithmeticAdmission (1.0s)
✔ [3111/3113] Built Project.Compiler.ArithmeticEmission (3.7s)
⚠ [3112/3118] Built Interpreter.Wasm.Mem (370ms)
warning: Interpreter/Wasm/Mem.lean:133:10: `if_neg` has been deprecated: Use `ite_eq_right` instead
warning: Interpreter/Wasm/Mem.lean:152:8: `if_pos` has been deprecated: Use `ite_eq_left` instead
warning: Interpreter/Wasm/Mem.lean:152:19: `if_pos` has been deprecated: Use `ite_eq_left` instead
warning: Interpreter/Wasm/Mem.lean:153:8: `if_neg` has been deprecated: Use `ite_eq_right` instead
warning: Interpreter/Wasm/Mem.lean:155:20: `if_pos` has been deprecated: Use `ite_eq_left` instead
warning: Interpreter/Wasm/Mem.lean:155:32: `if_pos` has been deprecated: Use `ite_eq_left` instead
warning: Interpreter/Wasm/Mem.lean:156:10: `if_neg` has been deprecated: Use `ite_eq_right` instead
warning: Interpreter/Wasm/Mem.lean:156:21: `if_neg` has been deprecated: Use `ite_eq_right` instead
warning: Interpreter/Wasm/Mem.lean:219:10: `dif_pos` has been deprecated: Use `dite_eq_left` instead
warning: Interpreter/Wasm/Mem.lean:222:10: `dif_pos` has been deprecated: Use `dite_eq_left` instead
warning: Interpreter/Wasm/Mem.lean:226:10: `dif_neg` has been deprecated: Use `dite_eq_right` instead
warning: Interpreter/Wasm/Mem.lean:228:12: `dif_pos` has been deprecated: Use `dite_eq_left` instead
warning: Interpreter/Wasm/Mem.lean:231:12: `dif_pos` has been deprecated: Use `dite_eq_left` instead
warning: Interpreter/Wasm/Mem.lean:233:12: `dif_neg` has been deprecated: Use `dite_eq_right` instead
warning: Interpreter/Wasm/Mem.lean:236:12: `dif_neg` has been deprecated: Use `dite_eq_right` instead
warning: Interpreter/Wasm/Mem.lean:246:10: `dif_neg` has been deprecated: Use `dite_eq_right` instead
warning: Interpreter/Wasm/Mem.lean:266:12: `dif_neg` has been deprecated: Use `dite_eq_right` instead
warning: Interpreter/Wasm/Mem.lean:300:44: `if_pos` has been deprecated: Use `ite_eq_left` instead
✔ [3113/3119] Built Interpreter.Wasm.IEEE32 (395ms)
✔ [3114/3120] Built Interpreter.Wasm.IEEE64 (357ms)
✔ [3115/3123] Built Interpreter.Wasm.Float (272ms)
✔ [3116/3126] Built Interpreter.Wasm.Simd (631ms)
✔ [3117/3126] Built Interpreter.Wasm.Syntax (2.1s)
✔ [3118/3127] Built Interpreter.Wasm.Host (278ms)
✔ [3119/3131] Built Interpreter.Wasm.Locals (262ms)
✔ [3120/3134] Built Interpreter.Wasm.Continuation (298ms)
✔ [3121/3134] Built Interpreter.Wasm.Semantics (15s)
✔ [3122/3134] Built Project.Artifact.Binary.Translate (289ms)
⚠ [3123/3134] Built Interpreter.Wasm.Semantics.Lemmas (8.5s)
warning: Interpreter/Wasm/Semantics/Lemmas.lean:162:25: `if_pos` has been deprecated: Use `ite_eq_left` instead
warning: Interpreter/Wasm/Semantics/Lemmas.lean:166:50: `if_pos` has been deprecated: Use `ite_eq_left` instead
warning: Interpreter/Wasm/Semantics/Lemmas.lean:168:25: `if_neg` has been deprecated: Use `ite_eq_right` instead
warning: Interpreter/Wasm/Semantics/Lemmas.lean:172:50: `if_neg` has been deprecated: Use `ite_eq_right` instead
warning: Interpreter/Wasm/Semantics/Lemmas.lean:224:40: `if_pos` has been deprecated: Use `ite_eq_left` instead
warning: Interpreter/Wasm/Semantics/Lemmas.lean:226:38: `if_pos` has been deprecated: Use `ite_eq_left` instead
warning: Interpreter/Wasm/Semantics/Lemmas.lean:229:38: `if_neg` has been deprecated: Use `ite_eq_right` instead
warning: Interpreter/Wasm/Semantics/Lemmas.lean:262:40: `if_pos` has been deprecated: Use `ite_eq_left` instead
warning: Interpreter/Wasm/Semantics/Lemmas.lean:264:38: `if_pos` has been deprecated: Use `ite_eq_left` instead
warning: Interpreter/Wasm/Semantics/Lemmas.lean:267:38: `if_neg` has been deprecated: Use `ite_eq_right` instead
warning: Interpreter/Wasm/Semantics/Lemmas.lean:433:15: `if_pos` has been deprecated: Use `ite_eq_left` instead
warning: Interpreter/Wasm/Semantics/Lemmas.lean:443:15: `if_neg` has been deprecated: Use `ite_eq_right` instead
warning: Interpreter/Wasm/Semantics/Lemmas.lean:513:66: `if_pos` has been deprecated: Use `ite_eq_left` instead
✔ [3124/3134] Built Interpreter.Wasm.Wp.Defs (2.8s)
⚠ [3125/3137] Built Project.Compiler.ControlAnnotations (2.9s)
warning: Project/Compiler/ControlAnnotations.lean:77:25: `if_pos` has been deprecated: Use `ite_eq_left` instead
warning: Project/Compiler/ControlAnnotations.lean:79:25: `if_neg` has been deprecated: Use `ite_eq_right` instead
✔ [3126/3137] Built Interpreter.Wasm.Wp.Atomic (11s)
✔ [3127/3137] Built Interpreter.Wasm.Wp.Structural (2.8s)
✔ [3128/3137] Built Interpreter.Wasm.Wp.Block (2.9s)
✔ [3129/3152] Built Interpreter.Wasm.Wp.Loop (2.0s)
✔ [3130/3152] Built Interpreter.Wasm.Wp.Tactic (2.9s)
✔ [3131/3152] Built LeanExe.Wasm.ScalarCertificate (1.9s)
⚠ [3132/3155] Built Project.ProofKit.ScalarTransition (5.0s)
warning: Project/ProofKit/ScalarTransition.lean:86:45: `if_pos` has been deprecated: Use `ite_eq_left` instead
warning: Project/ProofKit/ScalarTransition.lean:100:12: `if_false` has been deprecated: Use `ite_false` instead
warning: Project/ProofKit/ScalarTransition.lean:100:22: `if_true` has been deprecated: Use `ite_true` instead
warning: Project/ProofKit/ScalarTransition.lean:665:16: `if_pos` has been deprecated: Use `ite_eq_left` instead
warning: Project/ProofKit/ScalarTransition.lean:667:16: `if_neg` has been deprecated: Use `ite_eq_right` instead
warning: Project/ProofKit/ScalarTransition.lean:708:16: `if_pos` has been deprecated: Use `ite_eq_left` instead
warning: Project/ProofKit/ScalarTransition.lean:711:16: `if_neg` has been deprecated: Use `ite_eq_right` instead
warning: Project/ProofKit/ScalarTransition.lean:827:12: `if_neg` has been deprecated: Use `ite_eq_right` instead
warning: Project/ProofKit/ScalarTransition.lean:837:12: `if_pos` has been deprecated: Use `ite_eq_left` instead
warning: Project/ProofKit/ScalarTransition.lean:857:12: `if_neg` has been deprecated: Use `ite_eq_right` instead
warning: Project/ProofKit/ScalarTransition.lean:869:12: `if_pos` has been deprecated: Use `ite_eq_left` instead
warning: Project/ProofKit/ScalarTransition.lean:885:12: `if_neg` has been deprecated: Use `ite_eq_right` instead
warning: Project/ProofKit/ScalarTransition.lean:899:12: `if_pos` has been deprecated: Use `ite_eq_left` instead
warning: Project/ProofKit/ScalarTransition.lean:958:12: `if_neg` has been deprecated: Use `ite_eq_right` instead
warning: Project/ProofKit/ScalarTransition.lean:970:12: `if_pos` has been deprecated: Use `ite_eq_left` instead
✔ [3133/3155] Built LeanExe.Wasm.ScalarFunctionCertificate (1.1s)
✔ [3134/3155] Built Project.Compiler.RuntimeValidation (3.6s)
⚠ [3135/3156] Built Project.Compiler.ScalarLowering (5.1s)
warning: Project/Compiler/ScalarLowering.lean:49:50: Used `tac1 <;> tac2` where `(tac1; tac2)` would suffice

Note: This linter can be disabled with `set_option linter.unnecessarySeqFocus false`
warning: Project/Compiler/ScalarLowering.lean:112:116: This simp argument is unused:
  LeanExe.Wasm.ScalarDescriptor.instBEqU64Op

Hint: Omit it from the simp argument list.
  [apply] simp [LeanExe.Wasm.ScalarDescriptor.U64Op.ctorIdx, LeanExe.Wasm.ScalarDescriptor.instBEqU64Op.beq, BEq.beq,
    LeanExe.Wasm.ScalarDescriptor.Expr.emit, expression, operation, Project.ProofKit.ScalarTransition.Expr.program,
    LeanExe.Wasm.ScalarDescriptor.U64Op.instruction, Project.ProofKit.ScalarTransition.U64Op.instruction,
    program_append, program, instruction, expression_program a, expression_program b]

Note: This linter can be disabled with `set_option linter.unusedSimpArgs false`
✔ [3136/3156] Built Project.Compiler.KernelReduction (1.0s)
⚠ [3137/3157] Built LeanExe.Wasm.ScalarScratch (2.4s)
warning: LeanExe/Wasm/ScalarScratch.lean:24:19: This simp argument is unused:
  instBEqU64Op

Hint: Omit it from the simp argument list.
  [apply] simp [Binary.CoreWasm.exprScratch, Expr.scratchWidth, ia, ib, BEq.beq, instBEqU64Op.beq, U64Op.ctorIdx,
    Nat.add_comm]

Note: This linter can be disabled with `set_option linter.unusedSimpArgs false`
✔ [3138/3157] Built Project.Compiler.ScalarState (3.7s)
✔ [3139/3159] Built Project.Compiler.ArithmeticTranslation (4.0s)
ℹ [3140/3159] Built Project.Compiler.RuntimeRetainValidation (3.6s)
info: Project/Compiler/RuntimeRetainValidation.lean:14:0: 'Project.Compiler.ArithmeticModule.retain_valid' depends on axioms: [propext]
ℹ [3141/3159] Built Project.Compiler.RuntimeAllocValidation (3.6s)
info: Project/Compiler/RuntimeAllocValidation.lean:14:0: 'Project.Compiler.ArithmeticModule.alloc_valid' depends on axioms: [propext]
ℹ [3142/3159] Built Project.Compiler.RuntimeReleaseValidation (3.6s)
info: Project/Compiler/RuntimeReleaseValidation.lean:14:0: 'Project.Compiler.ArithmeticModule.release_valid' depends on axioms: [propext]
⚠ [3143/3159] Built Project.Compiler.ScalarEvaluation (6.3s)
warning: Project/Compiler/ScalarEvaluation.lean:24:6: try 'simp' instead of 'simpa'

Note: This linter can be disabled with `set_option linter.unnecessarySimpa false`
ℹ [3144/3159] Built Project.Artifact.Binary.ValidationParts (269ms)
info: Project/Artifact/Binary/ValidationParts.lean:25:0: 'Wasm.Binary.validateFunctionPairs_eq_cons' depends on axioms: [propext]
info: Project/Artifact/Binary/ValidationParts.lean:26:0: 'Wasm.Binary.validateRaw_eq_of_parts' depends on axioms: [propext]
✔ [3145/3159] Built Project.Compiler.ScalarExecution (3.5s)
✔ [3147/3164] Built Project.Compiler.ScalarFunction (3.6s)
✔ [3148/3164] Built LeanExe.Extract.ScalarEntryCorrectness (1.0s)
✔ [3149/3164] Built Project.Compiler.ArithmeticFunctionBytes (3.5s)
✔ [3150/3164] Built LeanExe.Extract.Arithmetic (1.0s)
✔ [3151/3164] Built Project.Compiler.SourceFunctionBytes (3.6s)
⚠ [3152/3164] Built LeanExe.Extract.ArithmeticCorrectness (1.1s)
warning: LeanExe/Extract/ArithmeticCorrectness.lean:56:56: `if_false` has been deprecated: Use `ite_false` instead
warning: LeanExe/Extract/ArithmeticCorrectness.lean:56:66: `if_true` has been deprecated: Use `ite_true` instead
warning: LeanExe/Extract/ArithmeticCorrectness.lean:56:56: `if_false` has been deprecated: Use `ite_false` instead
warning: LeanExe/Extract/ArithmeticCorrectness.lean:56:66: `if_true` has been deprecated: Use `ite_true` instead
warning: LeanExe/Extract/ArithmeticCorrectness.lean:56:56: `if_false` has been deprecated: Use `ite_false` instead
warning: LeanExe/Extract/ArithmeticCorrectness.lean:56:66: `if_true` has been deprecated: Use `ite_true` instead
warning: LeanExe/Extract/ArithmeticCorrectness.lean:56:56: `if_false` has been deprecated: Use `ite_false` instead
warning: LeanExe/Extract/ArithmeticCorrectness.lean:56:66: `if_true` has been deprecated: Use `ite_true` instead
warning: LeanExe/Extract/ArithmeticCorrectness.lean:67:51: `if_false` has been deprecated: Use `ite_false` instead
warning: LeanExe/Extract/ArithmeticCorrectness.lean:55:73: This simp argument is unused:
  Bool.false_or

Hint: Omit it from the simp argument list.
  [apply] simp only [compileEnvironment, lookup, safe, total, Bool.or_false, Bool.or_true, Bool.true_or,
    Bool.false_eq_true, if_false, if_true] at compiled

Note: This linter can be disabled with `set_option linter.unusedSimpArgs false`
warning: LeanExe/Extract/ArithmeticCorrectness.lean:56:22: This simp argument is unused:
  Bool.true_or

Hint: Omit it from the simp argument list.
  [apply] simp only [compileEnvironment, lookup, safe, total, Bool.or_false, Bool.false_or, Bool.or_true,
    Bool.false_eq_true, if_false, if_true] at compiled

Note: This linter can be disabled with `set_option linter.unusedSimpArgs false`
✔ [3153/3164] Built Project.Compiler.SourceModuleBytes (3.6s)
⚠ [3154/3164] Built Project.Compiler.ModuleInvocation (3.6s)
warning: Project/Compiler/ModuleInvocation.lean:32:4: This simp argument is unused:
  UInt32.toNat_ofNat_of_lt' bound

Hint: Omit it from the simp argument list.
  [apply] simp [userFunction, Wasm.Function.toLocals, declared, i64Locals, Translation.expandLocals, ValType.toTalos,
    Wasm.ValueType.zero, ScalarLowering.functionState, Project.ProofKit.ScalarTransition.State.toLocals]

Note: This linter can be disabled with `set_option linter.unusedSimpArgs false`
✔ [3155/3164] Built Project.Compiler.SourceInvocation (3.5s)
✔ [3156/3164] Built Project.Compiler.ValidationRules (4.0s)
✔ [3157/3164] Built Project.Compiler.TypedSequences (3.6s)
✔ [3158/3164] Built Project.Compiler.TypedConditionals (3.6s)
✔ [3159/3164] Built Project.Compiler.ArithmeticTyping (3.6s)
⚠ [3160/3164] Built Project.Compiler.FunctionTyping (3.6s)
warning: Project/Compiler/FunctionTyping.lean:39:5: Variable name `results` is not explicitly referenced.

Hint: The binding can be removed (if unused) or named `_` (if used implicitly). Alternatively, prefix the name with `_` to silence this warning:
  [apply] _results

Note: This linter can be disabled with `set_option linter.unusedVariables false`
✔ [3161/3164] Built Project.Compiler.SourceFunctionValidation (3.6s)
✔ [3162/3164] Built Project.Compiler.ModuleValidation (3.5s)
✔ [3163/3164] Built Project.Compiler.SourceCorrectness (3.6s)
ℹ [3164/3164] Built Project.Compiler.ArithmeticCompilerAudit (3.5s)
info: Project/Compiler/ArithmeticCompilerAudit.lean:3:0: 'LeanExe.Extract.Arithmetic.compileEnvironment_accepts' depends on axioms: [propext, Classical.choice, Quot.sound]
info: Project/Compiler/ArithmeticCompilerAudit.lean:4:0: 'LeanExe.Extract.Arithmetic.compileEnvironment_success' depends on axioms: [propext, Classical.choice, Quot.sound]
info: Project/Compiler/ArithmeticCompilerAudit.lean:5:0: 'Project.Compiler.ArithmeticModule.retain_valid' depends on axioms: [propext]
info: Project/Compiler/ArithmeticCompilerAudit.lean:6:0: 'Project.Compiler.ArithmeticModule.alloc_valid' depends on axioms: [propext]
info: Project/Compiler/ArithmeticCompilerAudit.lean:7:0: 'Project.Compiler.ArithmeticModule.release_valid' depends on axioms: [propext]
info: Project/Compiler/ArithmeticCompilerAudit.lean:8:0: 'Project.Compiler.ArithmeticModule.extracted_module_valid' depends on axioms: [propext, Classical.choice, Quot.sound]
info: Project/Compiler/ArithmeticCompilerAudit.lean:9:0: 'Project.Compiler.ArithmeticModule.extracted_correct' depends on axioms: [propext, Classical.choice, Quot.sound]
info: Project/Compiler/ArithmeticCompilerAudit.lean:10:0: 'Project.Compiler.ArithmeticModule.compileEnvironment_correct' depends on axioms: [propext,
 Classical.choice,
 Quot.sound]
info: Project/Compiler/ArithmeticCompilerAudit.lean:11:0: 'Project.Compiler.ArithmeticModule.compileEnvironment_sound' depends on axioms: [propext, Classical.choice, Quot.sound]
Build completed successfully (3164 jobs).
