cli-build: passed
admission-test: passed
reserved-exports: passed
fixture: passed
native-results: passed
compile-constant: passed
compile-publicInputIdWord: passed
compile-publicInputIdResult: passed
compile-booleanPropRelationDecision: passed
compile-booleanPropRelationMixed: passed
compile-booleanPropRelationNegated: passed
compile-booleanPropRelationWords: passed
compile-booleanPropRelationHelpers: passed
compile-booleanPropRelationLet: passed
compile-booleanPropLetRelationWord: passed
compile-booleanPropLetRelationDecision: passed
compile-booleanPropLetRelationDependent: passed
compile-booleanPropLetRelationNested: passed
compile-booleanPropLetRelationHelper: passed
compile-booleanPropLetRelationUnused: passed
compile-publicFlagWord: passed
compile-publicFlagResult: passed
compile-rangeWordBoolHelperId: passed
compile-rangeWordChooseLoops: passed
compile-rangeWordChooseHelpers: passed
compile-rangeWordChooseSetupWord: passed
compile-rangeWordChooseSetupFlag: passed
compile-rangeWordChooseSetupDo: passed
compile-rangeWordChooseSetupNested: passed
compile-rangeWordChooseSavedResult: passed
compile-rangeWordChooseShowResult: passed
compile-rangeWordChooseSetupExit: passed
compile-rangeWordChooseSetupContinue: passed
compile-rangeWordChooseSetupStride: passed
compile-rangeWordChooseSetupId: passed
compile-rangeBoolRelationStep: passed
compile-rangeBoolRelationExit: passed
compile-rangeBoolRelationContinue: passed
compile-rangeBoolRelationTail: passed
compile-rangeBoolLetRelationStep: passed
compile-rangeBoolLetRelationExit: passed
compile-rangeBoolLetRelationContinue: passed
compile-rangeBoolLetRelationTail: passed
Passed 729 native Lean / independent Wasm engine comparisons across 38 declarations.
