leanrun: LEANRUN_LOCAL=1; macOS has no cgroup CPU/memory/swap limits or ionice
leanrun: explicitly authorized inherited priority; nice unavailable
✔ [15/26] Built LeanExe.Source.ScalarBooleanPropositionLeaf (1.0s)
✔ [16/27] Built LeanExe.Source.ScalarGuard (1.2s)
✔ [18/32] Built LeanExe.Source.ScalarGuardCondition (899ms)
✔ [25/32] Built LeanExe.Source.ScalarGuardDecision (940ms)
✔ [26/32] Built LeanExe.Source.ScalarDecidedGuard (885ms)
✔ [27/33] Built LeanExe.Source.ScalarPropositionGuard (1.0s)
✔ [29/35] Built LeanExe.Source.ScalarBooleanLocal (1.6s)
✔ [31/35] Built LeanExe.Source.ScalarBooleanEqualityForm (1.1s)
✔ [32/35] Built LeanExe.Source.ScalarBooleanChoiceForm (1.1s)
✔ [33/46] Built LeanExe.Source.ScalarBooleanConditionInputs (907ms)
✔ [43/48] Built LeanExe.Extract.ScalarGuardLowering (896ms)
✔ [45/50] Built LeanExe.Extract.ScalarBooleanWordNegation (875ms)
✔ [48/59] Built LeanExe.Source.ScalarCompoundGuard (944ms)
✔ [57/66] Built LeanExe.Extract.ScalarBooleanPropositionLeaf (1.1s)
✔ [60/67] Built LeanExe.Extract.ScalarGuardDecision (987ms)
✔ [62/68] Built LeanExe.Extract.ScalarBooleanGuard (942ms)
✔ [63/68] Built LeanExe.Extract.ScalarBooleanChoiceLowering (909ms)
⚠ [64/71] Built LeanExe.Extract.ScalarGuardSyntax (1.4s)
warning: LeanExe/Extract/ScalarGuardSyntax.lean:384:4: try 'simp' instead of 'simpa'

Note: This linter can be disabled with `set_option linter.unnecessarySimpa false`
✔ [65/71] Built LeanExe.Extract.ScalarBooleanPropositionLowering (923ms)
✔ [67/74] Built LeanExe.Extract.ScalarGuard (1.0s)
✔ [68/74] Built LeanExe.Extract.ScalarBooleanLetVariables (901ms)
✔ [69/75] Built LeanExe.Extract.ScalarBooleanLocalCore (1.1s)
✔ [70/75] Built LeanExe.Extract.ScalarBooleanLocalFacts (1.4s)
✔ [71/75] Built LeanExe.Extract.ScalarBooleanLocalAcceptance (1.4s)
✔ [72/77] Built LeanExe.Extract.ScalarPropositionGuard (949ms)
✔ [73/79] Built LeanExe.Extract.ScalarBooleanLocalCorrectness (1000ms)
✔ [75/89] Built LeanExe.Extract.ScalarBooleanLocal (912ms)
✔ [78/89] Built LeanExe.Extract.ScalarBooleanRelation (944ms)
✔ [79/90] Built LeanExe.Extract.ScalarBooleanLocalParser (14s)
✔ [80/90] Built LeanExe.Source.ScalarBooleanLocalValues (867ms)
✔ [81/90] Built LeanExe.Extract.ScalarBooleanLocalParserEquations (973ms)
✔ [83/90] Built LeanExe.Extract.ScalarBooleanLocalSyntax (1.6s)
✔ [84/93] Built LeanExe.Extract.ScalarBooleanLocalBindings (913ms)
✔ [85/93] Built LeanExe.Source.ScalarBooleanAction (882ms)
✔ [86/93] Built LeanExe.Extract.ScalarBooleanPredicateBindings (885ms)
✔ [87/93] Built LeanExe.Extract.ScalarBooleanAction (896ms)
✔ [88/98] Built LeanExe.Extract.ScalarBooleanPredicateJunction (924ms)
✔ [89/98] Built LeanExe.Extract.ScalarBooleanBind (906ms)
✔ [91/100] Built LeanExe.Extract.ScalarBooleanPredicateEquality (926ms)
✔ [94/100] Built LeanExe.Extract.ScalarBooleanPredicateChoice (884ms)
✔ [97/106] Built LeanExe.Extract.ScalarBooleanCondition (998ms)
✔ [104/109] Built LeanExe.Source.ScalarBooleanPropositionChoiceForm (903ms)
✔ [105/109] Built LeanExe.Extract.ScalarBooleanPredicatePropositionChoice (876ms)
✔ [106/111] Built LeanExe.Source.ScalarDependentBranch (879ms)
✔ [108/112] Built LeanExe.Extract.ScalarDependentBranch (895ms)
✔ [111/118] Built LeanExe.Extract.ScalarBooleanLocalDependentBranch (882ms)
✔ [117/118] Built LeanExe.Source.Scalar (1.5s)
⚠ [118/118] Built LeanExe.Extract.ScalarExprCore (16s)
warning: LeanExe/Extract/ScalarExprCore.lean:353:31: Variable name `wrapper` is not explicitly referenced.

Hint: The binding can be removed (if unused) or named `_` (if used implicitly). Alternatively, prefix the name with `_` to silence this warning:
  [apply] _wrapper

Note: This linter can be disabled with `set_option linter.unusedVariables false`
warning: LeanExe/Extract/ScalarExprCore.lean:361:31: Variable name `name` is not explicitly referenced.

Hint: The binding can be removed (if unused) or named `_` (if used implicitly). Alternatively, prefix the name with `_` to silence this warning:
  [apply] _name

Note: This linter can be disabled with `set_option linter.unusedVariables false`
warning: LeanExe/Extract/ScalarExprCore.lean:361:36: Variable name `form` is not explicitly referenced.

Hint: The binding can be removed (if unused) or named `_` (if used implicitly). Alternatively, prefix the name with `_` to silence this warning:
  [apply] _form

Note: This linter can be disabled with `set_option linter.unusedVariables false`
warning: LeanExe/Extract/ScalarExprCore.lean:361:52: Variable name `type` is not explicitly referenced.

Hint: The binding can be removed (if unused) or named `_` (if used implicitly). Alternatively, prefix the name with `_` to silence this warning:
  [apply] _type

Note: This linter can be disabled with `set_option linter.unusedVariables false`
warning: LeanExe/Extract/ScalarExprCore.lean:370:35: Variable name `name` is not explicitly referenced.

Hint: The binding can be removed (if unused) or named `_` (if used implicitly). Alternatively, prefix the name with `_` to silence this warning:
  [apply] _name

Note: This linter can be disabled with `set_option linter.unusedVariables false`
warning: LeanExe/Extract/ScalarExprCore.lean:370:40: Variable name `form` is not explicitly referenced.

Hint: The binding can be removed (if unused) or named `_` (if used implicitly). Alternatively, prefix the name with `_` to silence this warning:
  [apply] _form

Note: This linter can be disabled with `set_option linter.unusedVariables false`
warning: LeanExe/Extract/ScalarExprCore.lean:370:56: Variable name `type` is not explicitly referenced.

Hint: The binding can be removed (if unused) or named `_` (if used implicitly). Alternatively, prefix the name with `_` to silence this warning:
  [apply] _type

Note: This linter can be disabled with `set_option linter.unusedVariables false`
warning: LeanExe/Extract/ScalarExprCore.lean:425:12: Variable name `bounds` is not explicitly referenced.

Hint: The binding can be removed (if unused) or named `_` (if used implicitly). Alternatively, prefix the name with `_` to silence this warning:
  [apply] _bounds

Note: This linter can be disabled with `set_option linter.unusedVariables false`
Build completed successfully (118 jobs).
