cli-build: passed
admission-test: passed
reserved-exports: passed
fixture: passed
native-results: passed
compile-constant: passed
compile-publicInputIdWord: passed
compile-publicInputIdResult: passed
compile-publicBoolHelpersNested: passed
compile-publicBoolHelpersRepeated: passed
compile-publicBoolHelpersWrapped: passed
compile-publicBoolHelpersInputId: passed
compile-publicBoolHelpersWord: passed
compile-publicBoolHelpersUnused: passed
compile-predicateBodyWordRepeated: passed
compile-predicateBodyWordBoolean: passed
compile-predicateBodyWordUnused: passed
compile-predicateBodyWordCapture: passed
compile-predicateBodyWordProposition: passed
compile-predicateBodyWordDo: passed
compile-booleanHelperBodyNested: passed
compile-booleanHelperBodyWrapped: passed
compile-booleanHelperBodyMixed: passed
compile-booleanHelperBodyCaptures: passed
compile-booleanHelperBodyUnused: passed
compile-booleanHelperBodyChoice: passed
compile-publicFlagWord: passed
compile-publicFlagResult: passed
compile-rangeBooleanAccumulatorToggle: passed
compile-rangeBooleanAccumulatorIndex: passed
compile-rangeBooleanAccumulatorChoice: passed
compile-rangeBooleanAccumulatorBreak: passed
compile-rangeBooleanAccumulatorContinue: passed
compile-rangeBooleanAccumulatorStride: passed
compile-rangeBooleanAccumulatorPredicate: passed
compile-rangeBooleanAccumulatorInitial: passed
compile-rangeBooleanAccumulatorWordTail: passed
compile-rangeBooleanAccumulatorInput: passed
compile-rangeBooleanAccumulatorHigh: passed
compile-rangeBooleanAccumulatorHuge: passed
compile-rangePredicateOuterWordFromBoolean: passed
compile-rangePredicateOuterBooleanFromBoolean: passed
compile-rangePredicateOuterWordConditional: passed
compile-rangePredicateOuterBooleanConditional: passed
compile-rangePredicateOuterDerivedUnused: passed
compile-rangePredicateOuterDerivedWrapped: passed
compile-rangePredicateOuterChoiceCapture: passed
compile-rangePredicateOuterChoiceNested: passed
compile-rangePredicateOuterBodyWord: passed
compile-rangePredicateOuterBodyBoolean: passed
compile-rangePredicateOuterBodyBound: passed
compile-rangePredicateOuterBodyInitial: passed
compile-rangePredicateOuterBodyTail: passed
compile-rangePredicateOuterBodyCapture: passed
compile-rangePredicateOuterBodyWrapped: passed
compile-rangePredicateOuterBodyNested: passed
compile-rangePredicateOuterBodyId: passed
compile-rangePredicateBodyBreakWord: passed
compile-rangePredicateBodyBreakBoolean: passed
compile-rangePredicateBodyContinueWord: passed
compile-rangePredicateBodyContinueBoolean: passed
Passed 1101 native Lean / independent Wasm engine comparisons across 56 declarations.
