leanrun: LEANRUN_LOCAL=1; macOS has no cgroup CPU/memory/swap limits or ionice
leanrun: explicitly authorized inherited priority; nice unavailable
test/scalar_boolean_accumulator.lean:99:25: error(lean.synthInstanceFailed): failed to synthesize instance of type class
  OfNat Lean.MessageData 0
numerals are polymorphic in Lean, but the numeral `0` cannot be used in a context where the expected type is
  Lean.MessageData
due to the absence of the instance above

Hint: Type class instance resolution failures can be inspected with the `set_option trace.Meta.synthInstance true` command.
test/scalar_boolean_accumulator.lean:113:24: error(lean.synthInstanceFailed): failed to synthesize instance of type class
  OfNat Lean.MessageData 288
numerals are polymorphic in Lean, but the numeral `288` cannot be used in a context where the expected type is
  Lean.MessageData
due to the absence of the instance above

Hint: Type class instance resolution failures can be inspected with the `set_option trace.Meta.synthInstance true` command.
test/scalar_boolean_accumulator.lean:113:9: error(lean.synthInstanceFailed): failed to synthesize instance of type class
  BEq Lean.MessageData

Hint: Adding the command `deriving instance BEq for Lean.MessageData` may allow Lean to derive the missing instance.
test/scalar_boolean_accumulator.lean:112:23: error(lean.synthInstanceFailed): failed to synthesize instance of type class
  HAdd Lean.MessageData Nat Lean.MessageData

Hint: Type class instance resolution failures can be inspected with the `set_option trace.Meta.synthInstance true` command.
