cli-build: passed
admission-test: passed
reserved-exports: passed
fixture: passed
native-results: passed
compile-constant: passed
compile-publicInputIdWord: passed
compile-publicInputIdResult: passed
compile-publicFlagWord: passed
compile-publicFlagResult: passed
compile-rangeWordFromBoolHelper: passed
compile-rangeWordFromBoolId: passed
compile-rangeWordBoolSetupWord: passed
compile-rangeWordBoolSetupFlag: passed
compile-rangeWordBoolSetupDo: passed
compile-rangeWordBoolSetupNested: passed
compile-rangeWordBoolSavedResult: passed
compile-rangeWordBoolShowResult: passed
compile-rangeWordBoolSetupExit: passed
compile-rangeWordBoolSetupContinue: passed
compile-rangeWordBoolSetupStride: passed
compile-rangeWordBoolSetupId: passed
compile-rangeWordBoolHelperWord: passed
compile-rangeWordBoolHelperBoolean: passed
compile-rangeWordBoolHelperPredicate: passed
compile-rangeWordBoolHelperBooleanPredicate: passed
compile-rangeWordBoolHelperBinary: passed
compile-rangeWordBoolHelperMany: passed
compile-rangeWordBoolHelperManyFive: passed
compile-rangeWordBoolHelperUnit: passed
compile-rangeWordBoolHelperPunit: passed
compile-rangeWordBoolHelperId: passed
compile-rangeBoolLetIdInput: passed
Passed 609 native Lean / independent Wasm engine comparisons across 28 declarations.
