cli-build: passed
admission-test: passed
reserved-exports: passed
fixture: passed
native-results: passed
compile-constant: passed
compile-booleanPredicateBind: passed
compile-booleanPredicateBindNested: passed
compile-booleanPredicateBindChoice: passed
compile-booleanPredicateBindCapture: passed
compile-booleanPredicateBindUnused: passed
compile-booleanPredicateBindBody: passed
compile-compareBEq: passed
compile-mixedGuardDo: passed
compile-rangeBooleanPredicateOuterLetCapture: passed
compile-rangeBooleanPredicateLoopBindBreak: passed
compile-rangeBooleanPredicateLoopBindContinue: passed
compile-rangeBooleanPredicateLoopBindChoice: passed
compile-rangeBooleanPredicateLoopBindCapture: passed
compile-rangeBooleanPredicateOuterBindBounds: passed
compile-rangeBooleanPredicateOuterBindCapture: passed
compile-rangeBooleanPredicateOuterBindChoice: passed
compile-rangeBooleanPredicateOuterBindDirect: passed
compile-rangeBooleanPredicateBindStep: passed
compile-rangeBooleanPredicateBindCondition: passed
compile-rangeBooleanPredicateBindOuter: passed
compile-rangeBooleanPredicateBindOuterCapture: passed
compile-rangeBooleanPredicateWrapperStep: passed
compile-rangeBooleanPredicateWrapperContinue: passed
compile-rangeBooleanPredicateWrapperOuter: passed
compile-rangeBooleanPredicateWrapperCapture: passed
Passed 521 native Lean / independent Wasm engine comparisons across 26 declarations.
