cli-build: passed
admission-test: passed
reserved-exports: passed
fixture: passed
native-results: passed
compile-constant: passed
compile-booleanPredicateWrapper: passed
compile-booleanPredicateWrapperNested: passed
compile-booleanPredicateWrapperLet: passed
compile-booleanPredicateWrapperCondition: passed
compile-booleanPredicateWrapperArgument: passed
compile-booleanPredicateWrapperBody: passed
compile-booleanPredicateCondition: passed
compile-booleanPredicateConditionRelations: passed
compile-booleanPredicateConditionDependent: passed
compile-booleanPredicateConditionNested: passed
compile-booleanPredicateConditionCapture: passed
compile-booleanPredicateConditionBody: passed
compile-compareBEq: passed
compile-mixedGuardDo: passed
compile-rangeBooleanPredicateOuterLetCapture: passed
compile-rangeBooleanPredicateConditionBreak: passed
compile-rangeBooleanPredicateConditionSkip: passed
compile-rangeBooleanPredicateConditionEq: passed
compile-rangeBooleanPredicateConditionNe: passed
compile-rangeBooleanPredicateConditionProof: passed
compile-rangeBooleanPredicateConditionOuterBreak: passed
compile-rangeBooleanPredicateConditionNestedStep: passed
compile-rangeBooleanPredicateConditionIdStep: passed
compile-rangeBooleanPredicateWrapperStep: passed
compile-rangeBooleanPredicateWrapperContinue: passed
compile-rangeBooleanPredicateWrapperOuter: passed
compile-rangeBooleanPredicateWrapperCapture: passed
Passed 509 native Lean / independent Wasm engine comparisons across 28 declarations.
