leanrun: LEANRUN_LOCAL=1; macOS has no cgroup CPU/memory/swap limits or ionice
leanrun: explicitly authorized inherited priority; nice unavailable
Lean.Expr.lam
  `x
  (Lean.Expr.const `UInt64 [])
  (Lean.Expr.lam
    `y
    (Lean.Expr.const `UInt64 [])
    (Lean.Expr.letE
      `outer
      (Lean.Expr.const `Bool [])
      (Lean.Expr.app
        (Lean.Expr.app
          (Lean.Expr.app
            (Lean.Expr.app (Lean.Expr.const `bne [Lean.Level.zero]) (Lean.Expr.const `UInt64 []))
            (Lean.Expr.app
              (Lean.Expr.app (Lean.Expr.const `instBEqOfDecidableEq [Lean.Level.zero]) (Lean.Expr.const `UInt64 []))
              (Lean.Expr.const `instDecidableEqUInt64 [])))
          (Lean.Expr.bvar 1))
        (Lean.Expr.bvar 0))
      (Lean.Expr.letE
        `f
        (Lean.Expr.forallE
          `a
          (Lean.Expr.const `UInt64 [])
          (Lean.Expr.forallE
            `b
            (Lean.Expr.const `UInt64 [])
            (Lean.Expr.forallE `c (Lean.Expr.const `UInt64 []) (Lean.Expr.const `UInt64 []) (Lean.BinderInfo.default))
            (Lean.BinderInfo.default))
          (Lean.BinderInfo.default))
        (Lean.Expr.lam
          `a
          (Lean.Expr.const `UInt64 [])
          (Lean.Expr.lam
            `b
            (Lean.Expr.const `UInt64 [])
            (Lean.Expr.lam
              `c
              (Lean.Expr.const `UInt64 [])
              (Lean.Expr.letE
                `inner
                (Lean.Expr.const `Bool [])
                (Lean.Expr.app
                  (Lean.Expr.app
                    (Lean.Expr.const `Bool.or [])
                    (Lean.Expr.app
                      (Lean.Expr.app
                        (Lean.Expr.app
                          (Lean.Expr.app (Lean.Expr.const `BEq.beq [Lean.Level.zero]) (Lean.Expr.const `UInt64 []))
                          (Lean.Expr.app
                            (Lean.Expr.app
                              (Lean.Expr.const `instBEqOfDecidableEq [Lean.Level.zero])
                              (Lean.Expr.const `UInt64 []))
                            (Lean.Expr.const `instDecidableEqUInt64 [])))
                        (Lean.Expr.bvar 2))
                      (Lean.Expr.bvar 1)))
                  (Lean.Expr.app
                    (Lean.Expr.app
                      (Lean.Expr.app
                        (Lean.Expr.app (Lean.Expr.const `BEq.beq [Lean.Level.zero]) (Lean.Expr.const `UInt64 []))
                        (Lean.Expr.app
                          (Lean.Expr.app
                            (Lean.Expr.const `instBEqOfDecidableEq [Lean.Level.zero])
                            (Lean.Expr.const `UInt64 []))
                          (Lean.Expr.const `instDecidableEqUInt64 [])))
                      (Lean.Expr.bvar 1))
                    (Lean.Expr.bvar 0)))
                (Lean.Expr.app
                  (Lean.Expr.app
                    (Lean.Expr.app
                      (Lean.Expr.app
                        (Lean.Expr.app
                          (Lean.Expr.const `dite [Lean.Level.succ (Lean.Level.zero)])
                          (Lean.Expr.const `UInt64 []))
                        (Lean.Expr.app
                          (Lean.Expr.app
                            (Lean.Expr.app
                              (Lean.Expr.const `Eq [Lean.Level.succ (Lean.Level.zero)])
                              (Lean.Expr.const `Bool []))
                            (Lean.Expr.app
                              (Lean.Expr.app (Lean.Expr.const `Bool.and []) (Lean.Expr.bvar 4))
                              (Lean.Expr.app (Lean.Expr.const `Bool.not []) (Lean.Expr.bvar 0))))
                          (Lean.Expr.const `Bool.true [])))
                      (Lean.Expr.app
                        (Lean.Expr.app
                          (Lean.Expr.const `instDecidableEqBool [])
                          (Lean.Expr.app
                            (Lean.Expr.app (Lean.Expr.const `Bool.and []) (Lean.Expr.bvar 4))
                            (Lean.Expr.app (Lean.Expr.const `Bool.not []) (Lean.Expr.bvar 0))))
                        (Lean.Expr.const `Bool.true [])))
                    (Lean.Expr.lam
                      `_h
                      (Lean.Expr.app
                        (Lean.Expr.app
                          (Lean.Expr.app
                            (Lean.Expr.const `Eq [Lean.Level.succ (Lean.Level.zero)])
                            (Lean.Expr.const `Bool []))
                          (Lean.Expr.app
                            (Lean.Expr.app (Lean.Expr.const `Bool.and []) (Lean.Expr.bvar 4))
                            (Lean.Expr.app (Lean.Expr.const `Bool.not []) (Lean.Expr.bvar 0))))
                        (Lean.Expr.const `Bool.true []))
                      (Lean.Expr.app
                        (Lean.Expr.app
                          (Lean.Expr.app
                            (Lean.Expr.app
                              (Lean.Expr.app
                                (Lean.Expr.app
                                  (Lean.Expr.const `HSub.hSub [Lean.Level.zero, Lean.Level.zero, Lean.Level.zero])
                                  (Lean.Expr.const `UInt64 []))
                                (Lean.Expr.const `UInt64 []))
                              (Lean.Expr.const `UInt64 []))
                            (Lean.Expr.app
                              (Lean.Expr.app (Lean.Expr.const `instHSub [Lean.Level.zero]) (Lean.Expr.const `UInt64 []))
                              (Lean.Expr.const `instSubUInt64 [])))
                          (Lean.Expr.app
                            (Lean.Expr.app
                              (Lean.Expr.app
                                (Lean.Expr.app
                                  (Lean.Expr.app
                                    (Lean.Expr.app
                                      (Lean.Expr.const `HAdd.hAdd [Lean.Level.zero, Lean.Level.zero, Lean.Level.zero])
                                      (Lean.Expr.const `UInt64 []))
                                    (Lean.Expr.const `UInt64 []))
                                  (Lean.Expr.const `UInt64 []))
                                (Lean.Expr.app
                                  (Lean.Expr.app
                                    (Lean.Expr.const `instHAdd [Lean.Level.zero])
                                    (Lean.Expr.const `UInt64 []))
                                  (Lean.Expr.const `instAddUInt64 [])))
                              (Lean.Expr.bvar 4))
                            (Lean.Expr.app
                              (Lean.Expr.app
                                (Lean.Expr.app
                                  (Lean.Expr.app
                                    (Lean.Expr.app
                                      (Lean.Expr.app
                                        (Lean.Expr.const `HMul.hMul [Lean.Level.zero, Lean.Level.zero, Lean.Level.zero])
                                        (Lean.Expr.const `UInt64 []))
                                      (Lean.Expr.const `UInt64 []))
                                    (Lean.Expr.const `UInt64 []))
                                  (Lean.Expr.app
                                    (Lean.Expr.app
                                      (Lean.Expr.const `instHMul [Lean.Level.zero])
                                      (Lean.Expr.const `UInt64 []))
                                    (Lean.Expr.const `instMulUInt64 [])))
                                (Lean.Expr.bvar 3))
                              (Lean.Expr.app
                                (Lean.Expr.app
                                  (Lean.Expr.app
                                    (Lean.Expr.const `OfNat.ofNat [Lean.Level.zero])
                                    (Lean.Expr.const `UInt64 []))
                                  (Lean.Expr.lit (Lean.Literal.natVal 3)))
                                (Lean.Expr.app
                                  (Lean.Expr.const `UInt64.instOfNat [])
                                  (Lean.Expr.lit (Lean.Literal.natVal 3)))))))
                        (Lean.Expr.bvar 2))
                      (Lean.BinderInfo.default)))
                  (Lean.Expr.lam
                    `_h
                    (Lean.Expr.app
                      (Lean.Expr.const `Not [])
                      (Lean.Expr.app
                        (Lean.Expr.app
                          (Lean.Expr.app
                            (Lean.Expr.const `Eq [Lean.Level.succ (Lean.Level.zero)])
                            (Lean.Expr.const `Bool []))
                          (Lean.Expr.app
                            (Lean.Expr.app (Lean.Expr.const `Bool.and []) (Lean.Expr.bvar 4))
                            (Lean.Expr.app (Lean.Expr.const `Bool.not []) (Lean.Expr.bvar 0))))
                        (Lean.Expr.const `Bool.true [])))
                    (Lean.Expr.app
                      (Lean.Expr.app
                        (Lean.Expr.app
                          (Lean.Expr.app
                            (Lean.Expr.app
                              (Lean.Expr.app
                                (Lean.Expr.const `HAdd.hAdd [Lean.Level.zero, Lean.Level.zero, Lean.Level.zero])
                                (Lean.Expr.const `UInt64 []))
                              (Lean.Expr.const `UInt64 []))
                            (Lean.Expr.const `UInt64 []))
                          (Lean.Expr.app
                            (Lean.Expr.app (Lean.Expr.const `instHAdd [Lean.Level.zero]) (Lean.Expr.const `UInt64 []))
                            (Lean.Expr.const `instAddUInt64 [])))
                        (Lean.Expr.app
                          (Lean.Expr.app
                            (Lean.Expr.app
                              (Lean.Expr.app
                                (Lean.Expr.app
                                  (Lean.Expr.app
                                    (Lean.Expr.const `HSub.hSub [Lean.Level.zero, Lean.Level.zero, Lean.Level.zero])
                                    (Lean.Expr.const `UInt64 []))
                                  (Lean.Expr.const `UInt64 []))
                                (Lean.Expr.const `UInt64 []))
                              (Lean.Expr.app
                                (Lean.Expr.app
                                  (Lean.Expr.const `instHSub [Lean.Level.zero])
                                  (Lean.Expr.const `UInt64 []))
                                (Lean.Expr.const `instSubUInt64 [])))
                            (Lean.Expr.bvar 4))
                          (Lean.Expr.app
                            (Lean.Expr.app
                              (Lean.Expr.app
                                (Lean.Expr.app
                                  (Lean.Expr.app
                                    (Lean.Expr.app
                                      (Lean.Expr.const `HMul.hMul [Lean.Level.zero, Lean.Level.zero, Lean.Level.zero])
                                      (Lean.Expr.const `UInt64 []))
                                    (Lean.Expr.const `UInt64 []))
                                  (Lean.Expr.const `UInt64 []))
                                (Lean.Expr.app
                                  (Lean.Expr.app
                                    (Lean.Expr.const `instHMul [Lean.Level.zero])
                                    (Lean.Expr.const `UInt64 []))
                                  (Lean.Expr.const `instMulUInt64 [])))
                              (Lean.Expr.bvar 3))
                            (Lean.Expr.app
                              (Lean.Expr.const `UInt64.ofNat [])
                              (Lean.Expr.app
                                (Lean.Expr.app
                                  (Lean.Expr.app
                                    (Lean.Expr.const `OfNat.ofNat [Lean.Level.zero])
                                    (Lean.Expr.mdata
                                      { entries := [(`borrowed, Lean.DataValue.ofBool true)] }
                                      (Lean.Expr.const `Nat [])))
                                  (Lean.Expr.lit (Lean.Literal.natVal 5)))
                                (Lean.Expr.app
                                  (Lean.Expr.const `instOfNatNat [])
                                  (Lean.Expr.lit (Lean.Literal.natVal 5))))))))
                      (Lean.Expr.bvar 2))
                    (Lean.BinderInfo.default)))
                true)
              (Lean.BinderInfo.default))
            (Lean.BinderInfo.default))
          (Lean.BinderInfo.default))
        (Lean.Expr.app
          (Lean.Expr.app (Lean.Expr.app (Lean.Expr.bvar 0) (Lean.Expr.bvar 3)) (Lean.Expr.bvar 2))
          (Lean.Expr.app
            (Lean.Expr.app
              (Lean.Expr.app
                (Lean.Expr.app
                  (Lean.Expr.app
                    (Lean.Expr.app
                      (Lean.Expr.const `HAdd.hAdd [Lean.Level.zero, Lean.Level.zero, Lean.Level.zero])
                      (Lean.Expr.const `UInt64 []))
                    (Lean.Expr.const `UInt64 []))
                  (Lean.Expr.const `UInt64 []))
                (Lean.Expr.app
                  (Lean.Expr.app (Lean.Expr.const `instHAdd [Lean.Level.zero]) (Lean.Expr.const `UInt64 []))
                  (Lean.Expr.const `instAddUInt64 [])))
              (Lean.Expr.bvar 3))
            (Lean.Expr.app
              (Lean.Expr.app
                (Lean.Expr.app (Lean.Expr.const `OfNat.ofNat [Lean.Level.zero]) (Lean.Expr.const `UInt64 []))
                (Lean.Expr.lit (Lean.Literal.natVal 7)))
              (Lean.Expr.app (Lean.Expr.const `UInt64.instOfNat []) (Lean.Expr.lit (Lean.Literal.natVal 7))))))
        true)
      true)
    (Lean.BinderInfo.default))
  (Lean.BinderInfo.default)
