⚠ [1/138] Replayed LeanExe.Examples.AsciiDigits
warning: LeanExe/Examples/AsciiDigits.lean:103:30: `if_false` has been deprecated: Use `ite_false` instead
warning: LeanExe/Examples/AsciiDigits.lean:109:78: `if_true` has been deprecated: Use `ite_true` instead
⚠ [94/138] Replayed LeanExe.IR.ScalarRangeSlots
warning: LeanExe/IR/ScalarRangeSlots.lean:25:2: try 'simp' instead of 'simpa'

Note: This linter can be disabled with `set_option linter.unnecessarySimpa false`
warning: LeanExe/IR/ScalarRangeSlots.lean:29:20: This simp argument is unused:
  read_suffix

Hint: Omit it from the simp argument list.
  [apply] simp [rangeStore]

Note: This linter can be disabled with `set_option linter.unusedSimpArgs false`
warning: LeanExe/IR/ScalarRangeSlots.lean:33:20: This simp argument is unused:
  read_suffix

Hint: Omit it from the simp argument list.
  [apply] simp [rangeStore]

Note: This linter can be disabled with `set_option linter.unusedSimpArgs false`
⚠ [120/138] Replayed LeanExe.IR.ScalarRangeExitSlots
warning: LeanExe/IR/ScalarRangeExitSlots.lean:18:2: try 'simp' instead of 'simpa'

Note: This linter can be disabled with `set_option linter.unnecessarySimpa false`
⚠ [125/138] Replayed LeanExe.Extract.ScalarFunc
warning: LeanExe/Extract/ScalarFunc.lean:76:28: This simp argument is unused:
  bind

Hint: Omit it from the simp argument list.
  [apply] simp only [rangeCase, pure, Option.bind_eq_some_iff, Option.some.injEq] at compiled

Note: This linter can be disabled with `set_option linter.unusedSimpArgs false`
✔ [137/288] Built LeanExe.Extract.Eval (1.0s)
✔ [166/288] Built LeanExe.Source.ScalarBooleanWrapper:c.o (123ms)
✔ [168/288] Built LeanExe.Source.ScalarBooleanLocal:c.o (698ms)
✔ [169/288] Built LeanExe.Source.ScalarBooleanAction:c.o (96ms)
✔ [182/288] Built LeanExe.Extract.ScalarBooleanLocalParser:c.o (2.2s)
✔ [184/288] Built LeanExe.Extract.ScalarBooleanLocalParserEquations:c.o (160ms)
✔ [185/288] Built LeanExe.Extract.ScalarBooleanLocalSyntax:c.o (545ms)
✔ [186/288] Built LeanExe.Extract.ScalarBooleanAction:c.o (92ms)
✔ [214/288] Built LeanExe.Extract.ScalarBooleanLocal:c.o (461ms)
✔ [225/288] Built LeanExe.Extract.ScalarExprCore:c.o (2.8s)
✔ [242/288] Built LeanExe.Extract.ScalarStep:c.o (2.9s)
✔ [260/288] Built LeanExe.Extract.ScalarRangeExit:c.o (2.1s)
✔ [278/288] Built LeanExe.Extract.Report (1.5s)
✔ [282/288] Built LeanExe.Extract.OwnershipReport (1.1s)
✔ [284/288] Built LeanExe.CLI (1.2s)
✔ [286/288] Built Main (917ms)
✔ [288/288] Built «lean-wasm»:exe (528ms)
Build completed successfully (288 jobs).
