cli-build: passed
admission-test: passed
reserved-exports: passed
fixture: passed
native-results: passed
compile-constant: passed
compile-publicInputIdWord: passed
compile-publicInputIdResult: passed
compile-publicFlagWord: passed
compile-publicFlagResult: passed
compile-rangeBoolOuterConditionEqual: passed
compile-rangeBoolOuterConditionFlag: passed
compile-rangeBoolOuterConditionId: passed
compile-rangeBoolMixedConditionScalarLeft: passed
compile-rangeBoolMixedConditionFlag: passed
compile-rangeBoolMixedConditionId: passed
compile-rangeBoolDirectWord: passed
compile-rangeBoolDirectFlag: passed
compile-rangeBoolDirectBooleanArgument: passed
compile-rangeBoolDirectNested: passed
compile-rangeBoolDirectExit: passed
compile-rangeBoolDirectId: passed
compile-rangeBoolWrappedCallWord: passed
compile-rangeBoolWrappedCallFlag: passed
compile-rangeBoolWrappedCallBooleanArgument: passed
compile-rangeBoolWrappedCallWordCapture: passed
compile-rangeBoolWrappedCallBooleanCapture: passed
compile-rangeBoolWrappedCallNested: passed
compile-rangeBoolWrappedCallExit: passed
compile-rangeBoolWrappedCallContinue: passed
compile-rangeBoolWrappedCallStride: passed
compile-rangeBoolWrappedCallId: passed
compile-rangeBoolLetIdInput: passed
Passed 609 native Lean / independent Wasm engine comparisons across 28 declarations.
