cli-build: passed
admission-test: passed
reserved-exports: passed
fixture: passed
native-results: passed
compile-rangeConstant: passed
compile-rangeIndexed: passed
compile-rangeIndexFree: passed
compile-rangeBindings: passed
compile-rangeChoice: passed
compile-rangeBeforeAfter: passed
compile-rangeCaptured: passed
compile-rangeLocalFunction: passed
compile-rangeChainedFunctions: passed
compile-rangeUnusedFunction: passed
compile-rangeMonadic: passed
compile-rangeNestedDo: passed
compile-rangeUnusedBind: passed
compile-rangeMonadicJoined: passed
compile-rangeBranchUpdates: passed
compile-rangeContinue: passed
compile-rangeNestedBranches: passed
Passed 385 native Lean / independent Wasm engine comparisons across 17 declarations.
