leanrun: LEANRUN_LOCAL=1; macOS has no cgroup CPU/memory/swap limits or ionice
leanrun: explicitly authorized inherited priority; nice unavailable
✔ [34/37] Built LeanExe.Source.ScalarBooleanPropositionLeaf (1.0s)
✔ [35/45] Built LeanExe.Source.ScalarGuard (1.1s)
✔ [36/51] Built LeanExe.Source.ScalarGuardCondition (895ms)
✔ [44/51] Built LeanExe.Source.ScalarGuardDecision (943ms)
✔ [45/53] Built LeanExe.Source.ScalarDecidedGuard (884ms)
✔ [46/54] Built LeanExe.Source.ScalarPropositionGuard (967ms)
✔ [47/54] Built LeanExe.Source.ScalarBooleanLocal (1.6s)
✔ [48/55] Built LeanExe.Source.ScalarBooleanJoined (901ms)
✔ [49/55] Built LeanExe.Source.ScalarBooleanEqualityForm (1.1s)
✔ [50/55] Built LeanExe.Source.ScalarBooleanSelected (1.0s)
✔ [51/55] Built LeanExe.Source.ScalarBooleanNegated (885ms)
✔ [52/56] Built LeanExe.Source.ScalarBooleanRelated (975ms)
✔ [53/56] Built LeanExe.Source.ScalarBooleanGuardedSelection (946ms)
✔ [54/56] Built LeanExe.Source.ScalarBooleanRelationSelection (1.1s)
✔ [55/57] Built LeanExe.Source.ScalarBooleanWrapped (871ms)
✔ [56/58] Built LeanExe.Source.ScalarBooleanHelper (948ms)
✔ [57/80] Built LeanExe.Source.ScalarCompoundGuard (941ms)
✔ [76/95] Built LeanExe.Extract.ScalarBooleanPropositionLeaf (1.1s)
✔ [80/96] Built LeanExe.Extract.ScalarGuardDecision (978ms)
✔ [81/96] Built LeanExe.Source.ScalarBooleanScopeGuard (959ms)
⚠ [82/96] Built LeanExe.Extract.ScalarGuardSyntax (1.4s)
warning: LeanExe/Extract/ScalarGuardSyntax.lean:384:4: try 'simp' instead of 'simpa'

Note: This linter can be disabled with `set_option linter.unnecessarySimpa false`
✔ [83/100] Built LeanExe.Extract.ScalarBooleanRelation (962ms)
✔ [84/100] Built LeanExe.Extract.ScalarPropositionGuard (905ms)
✔ [85/100] Built LeanExe.Source.ScalarDependentBranch (865ms)
✔ [86/101] Built LeanExe.Extract.ScalarBooleanLocalParser (14s)
✔ [87/101] Built LeanExe.Extract.ScalarDependentBranch (883ms)
✔ [88/101] Built LeanExe.Extract.ScalarBooleanLocalParserEquations (1.0s)
✔ [89/102] Built LeanExe.Source.ScalarBooleanConditionInputs (916ms)
✔ [90/102] Built LeanExe.Extract.ScalarBooleanLocalSyntax (1.6s)
✔ [91/102] Built LeanExe.Source.ScalarBooleanChoiceForm (1.0s)
✔ [92/102] Built LeanExe.Extract.ScalarBooleanLocalDependentBranch (895ms)
✔ [93/104] Built LeanExe.Extract.ScalarBooleanHelper (1.0s)
✔ [94/104] Built LeanExe.Extract.ScalarGuardLowering (924ms)
✔ [95/104] Built LeanExe.Extract.ScalarBooleanScopeGuard (1.1s)
✔ [96/104] Built LeanExe.Extract.ScalarBooleanWrapped (1.5s)
✔ [97/104] Built LeanExe.Extract.ScalarBooleanWordNegation (876ms)
✔ [98/107] Built LeanExe.Extract.ScalarBooleanNegated (964ms)
✔ [100/107] Built LeanExe.Extract.ScalarBooleanJoined (969ms)
✔ [102/107] Built LeanExe.Extract.ScalarBooleanRelated (1.6s)
✔ [104/107] Built LeanExe.Extract.ScalarBooleanSelected (1.5s)
✔ [105/110] Built LeanExe.Extract.ScalarBooleanGuardedSelection (1.1s)
✔ [106/111] Built LeanExe.Extract.ScalarBooleanRelationSelection (1.1s)
✔ [107/112] Built LeanExe.Extract.ScalarBooleanGuard (960ms)
✔ [108/115] Built LeanExe.Extract.ScalarBooleanChoiceLowering (872ms)
✔ [109/115] Built LeanExe.Extract.ScalarBooleanPropositionLowering (896ms)
✔ [111/125] Built LeanExe.Extract.ScalarGuard (1.1s)
✔ [112/126] Built LeanExe.Extract.ScalarBooleanLetVariables (892ms)
✔ [113/126] Built LeanExe.Source.ScalarBooleanLocalValues (884ms)
✔ [114/126] Built LeanExe.Extract.ScalarBooleanLocalCore (1.1s)
✔ [116/126] Built LeanExe.Extract.ScalarBooleanLocalFacts (1.4s)
✔ [117/129] Built LeanExe.Extract.ScalarBooleanLocalAcceptance (1.4s)
✔ [118/129] Built LeanExe.Extract.ScalarBooleanLocalCorrectness (1.0s)
✔ [119/131] Built LeanExe.Source.ScalarBooleanAction (877ms)
✔ [120/131] Built LeanExe.Extract.ScalarBooleanLocal (887ms)
✔ [121/132] Built LeanExe.Extract.ScalarBooleanAction (869ms)
✔ [123/132] Built LeanExe.Extract.ScalarBooleanLocalBindings (905ms)
✔ [124/134] Built LeanExe.Extract.ScalarBooleanBind (906ms)
✔ [127/136] Built LeanExe.Extract.ScalarBooleanPredicateBindings (870ms)
✔ [129/136] Built LeanExe.Extract.ScalarBooleanPredicateJunction (932ms)
✔ [132/138] Built LeanExe.Extract.ScalarBooleanPredicateEquality (886ms)
✔ [134/138] Built LeanExe.Extract.ScalarBooleanPredicateChoice (938ms)
✔ [135/142] Built LeanExe.Source.ScalarBooleanPropositionChoiceForm (880ms)
✔ [136/142] Built LeanExe.Extract.ScalarBooleanCondition (983ms)
✔ [138/143] Built LeanExe.Extract.ScalarBooleanPredicatePropositionChoice (878ms)
✔ [139/145] Built LeanExe.Source.Scalar (1.7s)
⚠ [141/150] Built LeanExe.Extract.ScalarExprCore (17s)
warning: LeanExe/Extract/ScalarExprCore.lean:436:31: Variable name `wrapper` is not explicitly referenced.

Hint: The binding can be removed (if unused) or named `_` (if used implicitly). Alternatively, prefix the name with `_` to silence this warning:
  [apply] _wrapper

Note: This linter can be disabled with `set_option linter.unusedVariables false`
warning: LeanExe/Extract/ScalarExprCore.lean:444:31: Variable name `name` is not explicitly referenced.

Hint: The binding can be removed (if unused) or named `_` (if used implicitly). Alternatively, prefix the name with `_` to silence this warning:
  [apply] _name

Note: This linter can be disabled with `set_option linter.unusedVariables false`
warning: LeanExe/Extract/ScalarExprCore.lean:444:36: Variable name `form` is not explicitly referenced.

Hint: The binding can be removed (if unused) or named `_` (if used implicitly). Alternatively, prefix the name with `_` to silence this warning:
  [apply] _form

Note: This linter can be disabled with `set_option linter.unusedVariables false`
warning: LeanExe/Extract/ScalarExprCore.lean:444:52: Variable name `type` is not explicitly referenced.

Hint: The binding can be removed (if unused) or named `_` (if used implicitly). Alternatively, prefix the name with `_` to silence this warning:
  [apply] _type

Note: This linter can be disabled with `set_option linter.unusedVariables false`
warning: LeanExe/Extract/ScalarExprCore.lean:453:35: Variable name `name` is not explicitly referenced.

Hint: The binding can be removed (if unused) or named `_` (if used implicitly). Alternatively, prefix the name with `_` to silence this warning:
  [apply] _name

Note: This linter can be disabled with `set_option linter.unusedVariables false`
warning: LeanExe/Extract/ScalarExprCore.lean:453:40: Variable name `form` is not explicitly referenced.

Hint: The binding can be removed (if unused) or named `_` (if used implicitly). Alternatively, prefix the name with `_` to silence this warning:
  [apply] _form

Note: This linter can be disabled with `set_option linter.unusedVariables false`
warning: LeanExe/Extract/ScalarExprCore.lean:453:56: Variable name `type` is not explicitly referenced.

Hint: The binding can be removed (if unused) or named `_` (if used implicitly). Alternatively, prefix the name with `_` to silence this warning:
  [apply] _type

Note: This linter can be disabled with `set_option linter.unusedVariables false`
warning: LeanExe/Extract/ScalarExprCore.lean:520:12: Variable name `bounds` is not explicitly referenced.

Hint: The binding can be removed (if unused) or named `_` (if used implicitly). Alternatively, prefix the name with `_` to silence this warning:
  [apply] _bounds

Note: This linter can be disabled with `set_option linter.unusedVariables false`
⚠ [143/151] Built LeanExe.Extract.ScalarExpr (1.7s)
warning: LeanExe/Extract/ScalarExpr.lean:190:54: `if_pos` has been deprecated: Use `ite_eq_left` instead
warning: LeanExe/Extract/ScalarExpr.lean:191:54: `if_neg` has been deprecated: Use `ite_eq_right` instead
warning: LeanExe/Extract/ScalarExpr.lean:206:54: `if_pos` has been deprecated: Use `ite_eq_left` instead
warning: LeanExe/Extract/ScalarExpr.lean:207:54: `if_neg` has been deprecated: Use `ite_eq_right` instead
warning: LeanExe/Extract/ScalarExpr.lean:238:54: `if_pos` has been deprecated: Use `ite_eq_left` instead
warning: LeanExe/Extract/ScalarExpr.lean:239:54: `if_neg` has been deprecated: Use `ite_eq_right` instead
warning: LeanExe/Extract/ScalarExpr.lean:253:54: `if_pos` has been deprecated: Use `ite_eq_left` instead
warning: LeanExe/Extract/ScalarExpr.lean:254:54: `if_neg` has been deprecated: Use `ite_eq_right` instead
warning: LeanExe/Extract/ScalarExpr.lean:1095:54: `if_neg` has been deprecated: Use `ite_eq_right` instead
warning: LeanExe/Extract/ScalarExpr.lean:1205:63: `if_neg` has been deprecated: Use `ite_eq_right` instead
warning: LeanExe/Extract/ScalarExpr.lean:1497:47: `if_neg` has been deprecated: Use `ite_eq_right` instead
warning: LeanExe/Extract/ScalarExpr.lean:1519:18: `if_neg` has been deprecated: Use `ite_eq_right` instead
warning: LeanExe/Extract/ScalarExpr.lean:1541:18: `if_neg` has been deprecated: Use `ite_eq_right` instead
warning: LeanExe/Extract/ScalarExpr.lean:1563:18: `if_neg` has been deprecated: Use `ite_eq_right` instead
warning: LeanExe/Extract/ScalarExpr.lean:1585:18: `if_neg` has been deprecated: Use `ite_eq_right` instead
warning: LeanExe/Extract/ScalarExpr.lean:1609:18: `if_neg` has been deprecated: Use `ite_eq_right` instead
warning: LeanExe/Extract/ScalarExpr.lean:1633:18: `if_neg` has been deprecated: Use `ite_eq_right` instead
warning: LeanExe/Extract/ScalarExpr.lean:1651:46: `if_neg` has been deprecated: Use `ite_eq_right` instead
warning: LeanExe/Extract/ScalarExpr.lean:1670:46: `if_neg` has been deprecated: Use `ite_eq_right` instead
warning: LeanExe/Extract/ScalarExpr.lean:1689:50: `if_neg` has been deprecated: Use `ite_eq_right` instead
✔ [145/152] Built LeanExe.Source.ScalarManyFunctionSemantics (930ms)
✔ [146/152] Built LeanExe.Source.ScalarStep (1.5s)
✔ [148/155] Built LeanExe.Extract.ScalarStep (9.1s)
⚠ [149/155] Built LeanExe.Extract.ScalarStepEquations (9.6s)
warning: LeanExe/Extract/ScalarStepEquations.lean:177:33: This simp argument is unused:
  BooleanType.expr

Hint: Omit it from the simp argument list.
  [apply] simp

Note: This linter can be disabled with `set_option linter.unusedSimpArgs false`
⚠ [151/155] Built LeanExe.Extract.ScalarStepSupported (8.1s)
warning: LeanExe/Extract/ScalarStepSupported.lean:106:54: `if_neg` has been deprecated: Use `ite_eq_right` instead
warning: LeanExe/Extract/ScalarStepSupported.lean:459:63: `if_neg` has been deprecated: Use `ite_eq_right` instead
✔ [152/158] Built LeanExe.Extract.ScalarStepAcceptance (1.2s)
✔ [155/162] Built LeanExe.Source.ScalarRangeCount (1.2s)
✔ [156/162] Built LeanExe.Extract.ScalarRangeCount (1.0s)
✔ [157/162] Built LeanExe.Source.ScalarRangeStrideSyntax (935ms)
✔ [158/164] Built LeanExe.Extract.ScalarRangeStrideSyntax (860ms)
✔ [159/167] Built LeanExe.Source.ScalarRangeExitSyntax (921ms)
✔ [161/168] Built LeanExe.Source.ScalarRangeExitSupported (1.1s)
✔ [162/170] Built LeanExe.Extract.ScalarRangeExitSyntax (1.1s)
⚠ [163/170] Replayed LeanExe.IR.ScalarRangeSlots
warning: LeanExe/IR/ScalarRangeSlots.lean:25:2: try 'simp' instead of 'simpa'

Note: This linter can be disabled with `set_option linter.unnecessarySimpa false`
warning: LeanExe/IR/ScalarRangeSlots.lean:29:20: This simp argument is unused:
  read_suffix

Hint: Omit it from the simp argument list.
  [apply] simp [rangeStore]

Note: This linter can be disabled with `set_option linter.unusedSimpArgs false`
warning: LeanExe/IR/ScalarRangeSlots.lean:33:20: This simp argument is unused:
  read_suffix

Hint: Omit it from the simp argument list.
  [apply] simp [rangeStore]

Note: This linter can be disabled with `set_option linter.unusedSimpArgs false`
⚠ [165/170] Replayed LeanExe.IR.ScalarRangeExitSlots
warning: LeanExe/IR/ScalarRangeExitSlots.lean:18:2: try 'simp' instead of 'simpa'

Note: This linter can be disabled with `set_option linter.unnecessarySimpa false`
✔ [167/174] Built LeanExe.Extract.ScalarRangeExit (7.8s)
✔ [169/174] Built LeanExe.Extract.ScalarBooleanRangeContinuation (1.6s)
✔ [170/176] Built LeanExe.Extract.ScalarRangeBinding (922ms)
✔ [172/176] Built LeanExe.Source.ScalarBooleanRange (1.1s)
⚠ [173/176] Built LeanExe.Extract.ScalarStepCorrectness (1.1s)
warning: LeanExe/Extract/ScalarStepCorrectness.lean:325:23: This simp argument is unused:
  Option.bind_some

Hint: Omit it from the simp argument list.
  [apply] simp only [bind, Option.bind_eq_some_iff] at compiled

Note: This linter can be disabled with `set_option linter.unusedSimpArgs false`
✔ [174/181] Built LeanExe.Extract.ScalarBooleanRange (7.0s)
✔ [175/181] Built LeanExe.Extract.ScalarRangeExitCorrectness (1.1s)
✔ [176/185] Built LeanExe.Extract.ScalarStepInvariant (1.1s)
✔ [177/185] Built LeanExe.Source.ScalarBooleanWordRange (1.1s)
✔ [178/185] Built LeanExe.Extract.ScalarRangeExitInvariant (1.0s)
✔ [179/185] Built LeanExe.Source.ScalarWordRange (1.1s)
✔ [180/187] Built LeanExe.Extract.ScalarBooleanRangeChoice (949ms)
✔ [181/190] Built LeanExe.Extract.ScalarBooleanRangeInvariant (947ms)
✔ [182/190] Built LeanExe.Extract.ScalarBooleanRangeCorrectness (1.2s)
✔ [185/190] Built LeanExe.Source.ScalarRangeSupported (892ms)
✔ [186/191] Built LeanExe.Extract.ScalarBooleanWordRange (8.9s)
✔ [187/191] Built LeanExe.Extract.ScalarRange (2.5s)
