cli-build: passed
admission-test: passed
reserved-exports: passed
fixture: passed
native-results: passed
compile-constant: passed
compile-publicInputIdWord: passed
compile-publicInputIdResult: passed
compile-publicFlagWord: passed
compile-publicFlagResult: passed
compile-rangeBoolWordHelperRepeat: passed
compile-rangeBoolWordHelperNested: passed
compile-rangeBoolWordHelperFlag: passed
compile-rangeBoolWordHelperExit: passed
compile-rangeBoolWordHelperContinue: passed
compile-rangeBoolWordHelperId: passed
compile-rangeBoolBooleanHelperRepeat: passed
compile-rangeBoolBooleanHelperCount: passed
compile-rangeBoolBooleanHelperInitial: passed
compile-rangeBoolBooleanHelperNested: passed
compile-rangeBoolBooleanHelperFlag: passed
compile-rangeBoolBooleanHelperExit: passed
compile-rangeBoolBooleanHelperContinue: passed
compile-rangeBoolBooleanHelperStride: passed
compile-rangeBoolBooleanHelperId: passed
compile-rangeBoolBooleanHelperShadow: passed
compile-rangeBoolLetIdWord: passed
compile-rangeBoolLetIdFlag: passed
compile-rangeBoolLetIdResult: passed
compile-rangeBoolLetIdMixed: passed
compile-rangeBoolLetIdExit: passed
compile-rangeBoolLetIdContinue: passed
compile-rangeBoolLetIdInput: passed
Passed 609 native Lean / independent Wasm engine comparisons across 28 declarations.
