cli-build: passed
admission-test: passed
reserved-exports: passed
fixture: passed
native-results: passed
compile-constant: passed
compile-publicInputIdWord: passed
compile-publicInputIdResult: passed
compile-publicFlagWord: passed
compile-publicFlagResult: passed
compile-rangeBoolWordHelperRepeat: passed
compile-rangeBoolWordHelperId: passed
compile-rangeBoolBooleanHelperRepeat: passed
compile-rangeBoolBooleanHelperFlag: passed
compile-rangeBoolPredicateHelperRepeat: passed
compile-rangeBoolPredicateHelperNested: passed
compile-rangeBoolPredicateHelperExit: passed
compile-rangeBoolPredicateHelperId: passed
compile-rangeBoolBooleanPredicateHelperRepeat: passed
compile-rangeBoolBooleanPredicateHelperFlag: passed
compile-rangeBoolBooleanPredicateHelperNested: passed
compile-rangeBoolBooleanPredicateHelperId: passed
compile-rangeBoolHelperInputIdWord: passed
compile-rangeBoolHelperInputIdBooleanWord: passed
compile-rangeBoolHelperInputIdPredicate: passed
compile-rangeBoolHelperInputIdBooleanPredicate: passed
compile-rangeBoolHelperInputIdRepeated: passed
compile-rangeBoolHelperInputIdBound: passed
compile-rangeBoolHelperInputIdExit: passed
compile-rangeBoolHelperInputIdContinue: passed
compile-rangeBoolHelperInputIdMixed: passed
compile-rangeBoolHelperInputIdShadow: passed
compile-rangeBoolLetIdInput: passed
Passed 609 native Lean / independent Wasm engine comparisons across 28 declarations.
