cli-build: passed
admission-test: passed
reserved-exports: passed
fixture: passed
native-results: passed
compile-constant: passed
compile-boundConstant: passed
compile-doConstant: passed
compile-rangeConstant: passed
compile-wrapping: passed
compile-quotient: passed
compile-remainder: passed
compile-shifts: passed
compile-nested: passed
compile-order: passed
compile-bindings: passed
compile-shadowed: passed
compile-nestedBindings: passed
compile-unusedBinding: passed
compile-compareEq: passed
compile-compareLt: passed
compile-compareLe: passed
compile-compareBEq: passed
compile-compareBNe: passed
compile-nestedChoice: passed
compile-choiceBindings: passed
compile-choiceOperands: passed
compile-doReturn: passed
compile-doBind: passed
compile-doUpdates: passed
compile-doEarly: passed
compile-doNested: passed
compile-doBranches: passed
compile-localFunction: passed
compile-capturedShadow: passed
compile-chainedFunctions: passed
compile-nestedFunctions: passed
compile-unusedFunction: passed
compile-doJoined: passed
compile-doBranchUpdates: passed
compile-rangeIndexed: passed
compile-rangeIndexFree: passed
compile-rangeBindings: passed
compile-rangeChoice: passed
compile-rangeBeforeAfter: passed
compile-rangeCaptured: passed
Passed 582 native Lean / independent Wasm engine comparisons across 41 declarations.
