leanrun: LEANRUN_LOCAL=1; macOS has no cgroup CPU/memory/swap limits or ionice
leanrun: explicitly authorized inherited priority; nice unavailable
⚠ [78/151] Replayed LeanExe.Extract.ScalarGuardSyntax
warning: LeanExe/Extract/ScalarGuardSyntax.lean:384:4: try 'simp' instead of 'simpa'

Note: This linter can be disabled with `set_option linter.unnecessarySimpa false`
⚠ [140/151] Replayed LeanExe.Extract.ScalarExprCore
warning: LeanExe/Extract/ScalarExprCore.lean:432:31: Variable name `wrapper` is not explicitly referenced.

Hint: The binding can be removed (if unused) or named `_` (if used implicitly). Alternatively, prefix the name with `_` to silence this warning:
  [apply] _wrapper

Note: This linter can be disabled with `set_option linter.unusedVariables false`
warning: LeanExe/Extract/ScalarExprCore.lean:440:31: Variable name `name` is not explicitly referenced.

Hint: The binding can be removed (if unused) or named `_` (if used implicitly). Alternatively, prefix the name with `_` to silence this warning:
  [apply] _name

Note: This linter can be disabled with `set_option linter.unusedVariables false`
warning: LeanExe/Extract/ScalarExprCore.lean:440:36: Variable name `form` is not explicitly referenced.

Hint: The binding can be removed (if unused) or named `_` (if used implicitly). Alternatively, prefix the name with `_` to silence this warning:
  [apply] _form

Note: This linter can be disabled with `set_option linter.unusedVariables false`
warning: LeanExe/Extract/ScalarExprCore.lean:440:52: Variable name `type` is not explicitly referenced.

Hint: The binding can be removed (if unused) or named `_` (if used implicitly). Alternatively, prefix the name with `_` to silence this warning:
  [apply] _type

Note: This linter can be disabled with `set_option linter.unusedVariables false`
warning: LeanExe/Extract/ScalarExprCore.lean:449:35: Variable name `name` is not explicitly referenced.

Hint: The binding can be removed (if unused) or named `_` (if used implicitly). Alternatively, prefix the name with `_` to silence this warning:
  [apply] _name

Note: This linter can be disabled with `set_option linter.unusedVariables false`
warning: LeanExe/Extract/ScalarExprCore.lean:449:40: Variable name `form` is not explicitly referenced.

Hint: The binding can be removed (if unused) or named `_` (if used implicitly). Alternatively, prefix the name with `_` to silence this warning:
  [apply] _form

Note: This linter can be disabled with `set_option linter.unusedVariables false`
warning: LeanExe/Extract/ScalarExprCore.lean:449:56: Variable name `type` is not explicitly referenced.

Hint: The binding can be removed (if unused) or named `_` (if used implicitly). Alternatively, prefix the name with `_` to silence this warning:
  [apply] _type

Note: This linter can be disabled with `set_option linter.unusedVariables false`
warning: LeanExe/Extract/ScalarExprCore.lean:516:12: Variable name `bounds` is not explicitly referenced.

Hint: The binding can be removed (if unused) or named `_` (if used implicitly). Alternatively, prefix the name with `_` to silence this warning:
  [apply] _bounds

Note: This linter can be disabled with `set_option linter.unusedVariables false`
⚠ [141/151] Replayed LeanExe.Extract.ScalarExpr
warning: LeanExe/Extract/ScalarExpr.lean:190:54: `if_pos` has been deprecated: Use `ite_eq_left` instead
warning: LeanExe/Extract/ScalarExpr.lean:191:54: `if_neg` has been deprecated: Use `ite_eq_right` instead
warning: LeanExe/Extract/ScalarExpr.lean:206:54: `if_pos` has been deprecated: Use `ite_eq_left` instead
warning: LeanExe/Extract/ScalarExpr.lean:207:54: `if_neg` has been deprecated: Use `ite_eq_right` instead
warning: LeanExe/Extract/ScalarExpr.lean:238:54: `if_pos` has been deprecated: Use `ite_eq_left` instead
warning: LeanExe/Extract/ScalarExpr.lean:239:54: `if_neg` has been deprecated: Use `ite_eq_right` instead
warning: LeanExe/Extract/ScalarExpr.lean:253:54: `if_pos` has been deprecated: Use `ite_eq_left` instead
warning: LeanExe/Extract/ScalarExpr.lean:254:54: `if_neg` has been deprecated: Use `ite_eq_right` instead
warning: LeanExe/Extract/ScalarExpr.lean:1095:54: `if_neg` has been deprecated: Use `ite_eq_right` instead
warning: LeanExe/Extract/ScalarExpr.lean:1205:63: `if_neg` has been deprecated: Use `ite_eq_right` instead
warning: LeanExe/Extract/ScalarExpr.lean:1485:47: `if_neg` has been deprecated: Use `ite_eq_right` instead
warning: LeanExe/Extract/ScalarExpr.lean:1507:18: `if_neg` has been deprecated: Use `ite_eq_right` instead
warning: LeanExe/Extract/ScalarExpr.lean:1529:18: `if_neg` has been deprecated: Use `ite_eq_right` instead
warning: LeanExe/Extract/ScalarExpr.lean:1551:18: `if_neg` has been deprecated: Use `ite_eq_right` instead
warning: LeanExe/Extract/ScalarExpr.lean:1573:18: `if_neg` has been deprecated: Use `ite_eq_right` instead
warning: LeanExe/Extract/ScalarExpr.lean:1597:18: `if_neg` has been deprecated: Use `ite_eq_right` instead
warning: LeanExe/Extract/ScalarExpr.lean:1621:18: `if_neg` has been deprecated: Use `ite_eq_right` instead
warning: LeanExe/Extract/ScalarExpr.lean:1639:46: `if_neg` has been deprecated: Use `ite_eq_right` instead
warning: LeanExe/Extract/ScalarExpr.lean:1658:46: `if_neg` has been deprecated: Use `ite_eq_right` instead
warning: LeanExe/Extract/ScalarExpr.lean:1677:50: `if_neg` has been deprecated: Use `ite_eq_right` instead
✔ [145/151] Built LeanExe.Source.ScalarManyFunctionSemantics (936ms)
✔ [146/152] Built LeanExe.Source.ScalarStep (1.5s)
✔ [147/152] Built LeanExe.Extract.ScalarStep (8.9s)
⚠ [149/155] Built LeanExe.Extract.ScalarStepEquations (9.5s)
warning: LeanExe/Extract/ScalarStepEquations.lean:177:33: This simp argument is unused:
  BooleanType.expr

Hint: Omit it from the simp argument list.
  [apply] simp

Note: This linter can be disabled with `set_option linter.unusedSimpArgs false`
⚠ [151/155] Built LeanExe.Extract.ScalarStepSupported (8.1s)
warning: LeanExe/Extract/ScalarStepSupported.lean:106:54: `if_neg` has been deprecated: Use `ite_eq_right` instead
warning: LeanExe/Extract/ScalarStepSupported.lean:459:63: `if_neg` has been deprecated: Use `ite_eq_right` instead
✔ [152/158] Built LeanExe.Extract.ScalarStepAcceptance (1.2s)
✔ [155/161] Built LeanExe.Source.ScalarRangeCount (1.1s)
✔ [156/162] Built LeanExe.Source.ScalarRangeStrideSyntax (901ms)
✔ [157/162] Built LeanExe.Extract.ScalarRangeCount (1.1s)
✔ [158/162] Built LeanExe.Source.ScalarRangeExitSyntax (891ms)
✔ [159/162] Built LeanExe.Extract.ScalarRangeStrideSyntax (914ms)
✔ [160/164] Built LeanExe.Source.ScalarRangeExitSupported (1.1s)
✔ [161/170] Built LeanExe.Extract.ScalarRangeExitSyntax (1.1s)
⚠ [163/170] Replayed LeanExe.IR.ScalarRangeSlots
warning: LeanExe/IR/ScalarRangeSlots.lean:25:2: try 'simp' instead of 'simpa'

Note: This linter can be disabled with `set_option linter.unnecessarySimpa false`
warning: LeanExe/IR/ScalarRangeSlots.lean:29:20: This simp argument is unused:
  read_suffix

Hint: Omit it from the simp argument list.
  [apply] simp [rangeStore]

Note: This linter can be disabled with `set_option linter.unusedSimpArgs false`
warning: LeanExe/IR/ScalarRangeSlots.lean:33:20: This simp argument is unused:
  read_suffix

Hint: Omit it from the simp argument list.
  [apply] simp [rangeStore]

Note: This linter can be disabled with `set_option linter.unusedSimpArgs false`
⚠ [165/170] Replayed LeanExe.IR.ScalarRangeExitSlots
warning: LeanExe/IR/ScalarRangeExitSlots.lean:18:2: try 'simp' instead of 'simpa'

Note: This linter can be disabled with `set_option linter.unnecessarySimpa false`
✔ [166/170] Built LeanExe.Extract.ScalarRangeExit (7.8s)
✔ [168/172] Built LeanExe.Extract.ScalarRangeBinding (953ms)
✔ [169/174] Built LeanExe.Extract.ScalarBooleanRangeContinuation (1.6s)
✔ [172/176] Built LeanExe.Source.ScalarBooleanRange (1.1s)
⚠ [173/176] Built LeanExe.Extract.ScalarStepCorrectness (1.2s)
warning: LeanExe/Extract/ScalarStepCorrectness.lean:325:23: This simp argument is unused:
  Option.bind_some

Hint: Omit it from the simp argument list.
  [apply] simp only [bind, Option.bind_eq_some_iff] at compiled

Note: This linter can be disabled with `set_option linter.unusedSimpArgs false`
✔ [174/180] Built LeanExe.Extract.ScalarBooleanRange (7.0s)
✔ [175/181] Built LeanExe.Extract.ScalarRangeExitCorrectness (1.1s)
✔ [176/185] Built LeanExe.Extract.ScalarStepInvariant (1.1s)
✔ [177/185] Built LeanExe.Source.ScalarBooleanWordRange (1.1s)
✔ [178/185] Built LeanExe.Extract.ScalarRangeExitInvariant (1.0s)
✔ [179/185] Built LeanExe.Source.ScalarWordRange (1.1s)
✔ [180/185] Built LeanExe.Extract.ScalarBooleanRangeChoice (921ms)
✔ [181/187] Built LeanExe.Extract.ScalarBooleanRangeInvariant (1.0s)
✔ [182/190] Built LeanExe.Extract.ScalarBooleanRangeCorrectness (1.2s)
✔ [184/190] Built LeanExe.Extract.ScalarBooleanWordRange (8.9s)
✔ [186/190] Built LeanExe.Source.ScalarRangeSupported (922ms)
✔ [187/191] Built LeanExe.Extract.ScalarWordRange (8.0s)
✔ [189/196] Built LeanExe.Extract.ScalarRange (2.4s)
✔ [191/196] Built LeanExe.Extract.ScalarRangeCorrectness (952ms)
✔ [194/196] Built LeanExe.Source.ScalarFunction (1.0s)
✔ [195/196] Built LeanExe.Extract.ScalarSignature (1.1s)
✔ [196/196] Built LeanExe.Extract.ScalarFunc (1.1s)
Build completed successfully (196 jobs).
