cli-build: passed
admission-test: passed
reserved-exports: passed
fixture: passed
native-results: passed
compile-constant: passed
compile-publicInputIdWord: passed
compile-publicInputIdResult: passed
compile-publicFlagWord: passed
compile-publicFlagResult: passed
compile-rangeWordFromBoolHelper: passed
compile-rangeWordBoolSetupWord: passed
compile-rangeWordBoolSavedResult: passed
compile-rangeWordBoolHelperWord: passed
compile-rangeWordBoolHelperBoolean: passed
compile-rangeWordBoolHelperPredicate: passed
compile-rangeWordBoolHelperBooleanPredicate: passed
compile-rangeWordBoolHelperBinary: passed
compile-rangeWordBoolHelperMany: passed
compile-rangeWordBoolHelperManyFive: passed
compile-rangeWordBoolHelperUnit: passed
compile-rangeWordBoolHelperPunit: passed
compile-rangeWordBoolHelperId: passed
compile-rangeWordChooseLoops: passed
compile-rangeWordChooseScalarLeft: passed
compile-rangeWordChooseScalarRight: passed
compile-rangeWordChooseNested: passed
compile-rangeWordChooseBooleanLoop: passed
compile-rangeWordChooseExit: passed
compile-rangeWordChooseContinue: passed
compile-rangeWordChooseStride: passed
compile-rangeWordChooseHelpers: passed
compile-rangeWordChooseId: passed
Passed 609 native Lean / independent Wasm engine comparisons across 28 declarations.
