leanrun: LEANRUN_LOCAL=1; macOS has no cgroup CPU/memory/swap limits or ionice
leanrun: explicitly authorized inherited priority; nice unavailable
theorem LeanExe.Extract.Core.booleanLocalOperands?.induct : ∀ (motive : Lean.Expr → Prop),
  (∀ (left right : Lean.Expr),
      motive left → motive right → motive (((Lean.Expr.const `Bool.and []).app left).app right)) →
    (∀ (left right : Lean.Expr),
        motive left → motive right → motive (((Lean.Expr.const `Bool.or []).app left).app right)) →
      (∀ (inner : Lean.Expr), motive inner → motive ((Lean.Expr.const `Bool.not []).app inner)) →
        motive (Lean.Expr.const `Bool.true []) →
          motive (Lean.Expr.const `Bool.false []) →
            (∀ (index : Nat), motive (Lean.Expr.bvar index)) →
              (∀ (left right evidence yes no : Lean.Expr),
                  LeanExe.Source.ExprEquality.same evidence
                        (LeanExe.Source.Scalar.booleanRelationEvidence false left right) =
                      true →
                    motive left →
                      motive right →
                        motive yes →
                          motive no →
                            motive
                              ((((((Lean.Expr.const `ite [Lean.Level.zero.succ]).app (Lean.Expr.const `Bool [])).app
                                            ((((Lean.Expr.const `Eq [Lean.Level.zero.succ]).app
                                                      (Lean.Expr.const `Bool [])).app
                                                  left).app
                                              right)).app
                                        evidence).app
                                    yes).app
                                no)) →
                (∀ (left right evidence yes no : Lean.Expr),
                    ¬LeanExe.Source.ExprEquality.same evidence
                            (LeanExe.Source.Scalar.booleanRelationEvidence false left right) =
                          true →
                      motive
                        ((((((Lean.Expr.const `ite [Lean.Level.zero.succ]).app (Lean.Expr.const `Bool [])).app
                                      ((((Lean.Expr.const `Eq [Lean.Level.zero.succ]).app
                                                (Lean.Expr.const `Bool [])).app
                                            left).app
                                        right)).app
                                  evidence).app
                              yes).app
                          no)) →
                  (∀ (left right evidence yes no : Lean.Expr),
                      LeanExe.Source.ExprEquality.same evidence
                            (LeanExe.Source.Scalar.booleanRelationEvidence true left right) =
                          true →
                        motive left →
                          motive right →
                            motive yes →
                              motive no →
                                motive
                                  ((((((Lean.Expr.const `ite [Lean.Level.zero.succ]).app (Lean.Expr.const `Bool [])).app
                                                ((((Lean.Expr.const `Ne [Lean.Level.zero.succ]).app
                                                          (Lean.Expr.const `Bool [])).app
                                                      left).app
                                                  right)).app
                                            evidence).app
                                        yes).app
                                    no)) →
                    (∀ (left right evidence yes no : Lean.Expr),
                        ¬LeanExe.Source.ExprEquality.same evidence
                                (LeanExe.Source.Scalar.booleanRelationEvidence true left right) =
                              true →
                          motive
                            ((((((Lean.Expr.const `ite [Lean.Level.zero.succ]).app (Lean.Expr.const `Bool [])).app
                                          ((((Lean.Expr.const `Ne [Lean.Level.zero.succ]).app
                                                    (Lean.Expr.const `Bool [])).app
                                                left).app
                                            right)).app
                                      evidence).app
                                  yes).app
                              no)) →
                      (∀ (condition evidence yes no : Lean.Expr),
                          (∀ (left right : Lean.Expr),
                              condition =
                                  (((Lean.Expr.const `Eq [Lean.Level.zero.succ]).app (Lean.Expr.const `Bool [])).app
                                        left).app
                                    right →
                                False) →
                            (∀ (left right : Lean.Expr),
                                condition =
                                    (((Lean.Expr.const `Ne [Lean.Level.zero.succ]).app (Lean.Expr.const `Bool [])).app
                                          left).app
                                      right →
                                  False) →
                              motive yes →
                                motive no →
                                  motive
                                    ((((((Lean.Expr.const `ite [Lean.Level.zero.succ]).app
                                                      (Lean.Expr.const `Bool [])).app
                                                  condition).app
                                              evidence).app
                                          yes).app
                                      no)) →
                        (∀ (left right evidence : Lean.Expr) (tn : Lean.Name) (td yesBody : Lean.Expr)
                            (ti : Lean.BinderInfo) (fn : Lean.Name) (fd noBody : Lean.Expr) (fi : Lean.BinderInfo),
                            LeanExe.Source.ExprEquality.same evidence
                                  (LeanExe.Source.Scalar.booleanRelationEvidence false left right) =
                                true →
                              LeanExe.Extract.Core.booleanProofBodies?
                                    (LeanExe.Source.Scalar.booleanRelationCondition false left right) td yesBody fd
                                    noBody =
                                  none →
                                motive
                                  ((((((Lean.Expr.const `dite [Lean.Level.zero.succ]).app
                                                    (Lean.Expr.const `Bool [])).app
                                                ((((Lean.Expr.const `Eq [Lean.Level.zero.succ]).app
                                                          (Lean.Expr.const `Bool [])).app
                                                      left).app
                                                  right)).app
                                            evidence).app
                                        (Lean.Expr.lam tn td yesBody ti)).app
                                    (Lean.Expr.lam fn fd noBody fi))) →
                          (∀ (left right evidence : Lean.Expr) (tn : Lean.Name) (td yesBody : Lean.Expr)
                              (ti : Lean.BinderInfo) (fn : Lean.Name) (fd noBody : Lean.Expr) (fi : Lean.BinderInfo),
                              LeanExe.Source.ExprEquality.same evidence
                                    (LeanExe.Source.Scalar.booleanRelationEvidence false left right) =
                                  true →
                                ∀ (yes no : Lean.Expr),
                                  LeanExe.Extract.Core.booleanProofBodies?
                                        (LeanExe.Source.Scalar.booleanRelationCondition false left right) td yesBody fd
                                        noBody =
                                      some (yes, no) →
                                    motive left →
                                      motive right →
                                        motive yes →
                                          motive no →
                                            motive
                                              ((((((Lean.Expr.const `dite [Lean.Level.zero.succ]).app
                                                                (Lean.Expr.const `Bool [])).app
                                                            ((((Lean.Expr.const `Eq [Lean.Level.zero.succ]).app
                                                                      (Lean.Expr.const `Bool [])).app
                                                                  left).app
                                                              right)).app
                                                        evidence).app
                                                    (Lean.Expr.lam tn td yesBody ti)).app
                                                (Lean.Expr.lam fn fd noBody fi))) →
                            (∀ (left right evidence : Lean.Expr) (tn : Lean.Name) (td yesBody : Lean.Expr)
                                (ti : Lean.BinderInfo) (fn : Lean.Name) (fd noBody : Lean.Expr) (fi : Lean.BinderInfo),
                                ¬LeanExe.Source.ExprEquality.same evidence
                                        (LeanExe.Source.Scalar.booleanRelationEvidence false left right) =
                                      true →
                                  motive
                                    ((((((Lean.Expr.const `dite [Lean.Level.zero.succ]).app
                                                      (Lean.Expr.const `Bool [])).app
                                                  ((((Lean.Expr.const `Eq [Lean.Level.zero.succ]).app
                                                            (Lean.Expr.const `Bool [])).app
                                                        left).app
                                                    right)).app
                                              evidence).app
                                          (Lean.Expr.lam tn td yesBody ti)).app
                                      (Lean.Expr.lam fn fd noBody fi))) →
                              (∀ (left right evidence : Lean.Expr) (tn : Lean.Name) (td yesBody : Lean.Expr)
                                  (ti : Lean.BinderInfo) (fn : Lean.Name) (fd noBody : Lean.Expr)
                                  (fi : Lean.BinderInfo),
                                  LeanExe.Source.ExprEquality.same evidence
                                        (LeanExe.Source.Scalar.booleanRelationEvidence true left right) =
                                      true →
                                    LeanExe.Extract.Core.booleanProofBodies?
                                          (LeanExe.Source.Scalar.booleanRelationCondition true left right) td yesBody fd
                                          noBody =
                                        none →
                                      motive
                                        ((((((Lean.Expr.const `dite [Lean.Level.zero.succ]).app
                                                          (Lean.Expr.const `Bool [])).app
                                                      ((((Lean.Expr.const `Ne [Lean.Level.zero.succ]).app
                                                                (Lean.Expr.const `Bool [])).app
                                                            left).app
                                                        right)).app
                                                  evidence).app
                                              (Lean.Expr.lam tn td yesBody ti)).app
                                          (Lean.Expr.lam fn fd noBody fi))) →
                                (∀ (left right evidence : Lean.Expr) (tn : Lean.Name) (td yesBody : Lean.Expr)
                                    (ti : Lean.BinderInfo) (fn : Lean.Name) (fd noBody : Lean.Expr)
                                    (fi : Lean.BinderInfo),
                                    LeanExe.Source.ExprEquality.same evidence
                                          (LeanExe.Source.Scalar.booleanRelationEvidence true left right) =
                                        true →
                                      ∀ (yes no : Lean.Expr),
                                        LeanExe.Extract.Core.booleanProofBodies?
                                              (LeanExe.Source.Scalar.booleanRelationCondition true left right) td
                                              yesBody fd noBody =
                                            some (yes, no) →
                                          motive left →
                                            motive right →
                                              motive yes →
                                                motive no →
                                                  motive
                                                    ((((((Lean.Expr.const `dite [Lean.Level.zero.succ]).app
                                                                      (Lean.Expr.const `Bool [])).app
                                                                  ((((Lean.Expr.const `Ne [Lean.Level.zero.succ]).app
                                                                            (Lean.Expr.const `Bool [])).app
                                                                        left).app
                                                                    right)).app
                                                              evidence).app
                                                          (Lean.Expr.lam tn td yesBody ti)).app
                                                      (Lean.Expr.lam fn fd noBody fi))) →
                                  (∀ (left right evidence : Lean.Expr) (tn : Lean.Name) (td yesBody : Lean.Expr)
                                      (ti : Lean.BinderInfo) (fn : Lean.Name) (fd noBody : Lean.Expr)
                                      (fi : Lean.BinderInfo),
                                      ¬LeanExe.Source.ExprEquality.same evidence
                                              (LeanExe.Source.Scalar.booleanRelationEvidence true left right) =
                                            true →
                                        motive
                                          ((((((Lean.Expr.const `dite [Lean.Level.zero.succ]).app
                                                            (Lean.Expr.const `Bool [])).app
                                                        ((((Lean.Expr.const `Ne [Lean.Level.zero.succ]).app
                                                                  (Lean.Expr.const `Bool [])).app
                                                              left).app
                                                          right)).app
                                                    evidence).app
                                                (Lean.Expr.lam tn td yesBody ti)).app
                                            (Lean.Expr.lam fn fd noBody fi))) →
                                    (∀ (condition evidence : Lean.Expr) (tn : Lean.Name) (td yesBody : Lean.Expr)
                                        (ti : Lean.BinderInfo) (fn : Lean.Name) (fd noBody : Lean.Expr)
                                        (fi : Lean.BinderInfo),
                                        (∀ (left right : Lean.Expr),
                                            condition =
                                                (((Lean.Expr.const `Eq [Lean.Level.zero.succ]).app
                                                          (Lean.Expr.const `Bool [])).app
                                                      left).app
                                                  right →
                                              False) →
                                          (∀ (left right : Lean.Expr),
                                              condition =
                                                  (((Lean.Expr.const `Ne [Lean.Level.zero.succ]).app
                                                            (Lean.Expr.const `Bool [])).app
                                                        left).app
                                                    right →
                                                False) →
                                            LeanExe.Extract.Core.booleanProofBodies? condition td yesBody fd noBody =
                                                none →
                                              motive
                                                ((((((Lean.Expr.const `dite [Lean.Level.zero.succ]).app
                                                                  (Lean.Expr.const `Bool [])).app
                                                              condition).app
                                                          evidence).app
                                                      (Lean.Expr.lam tn td yesBody ti)).app
                                                  (Lean.Expr.lam fn fd noBody fi))) →
                                      (∀ (condition evidence : Lean.Expr) (tn : Lean.Name) (td yesBody : Lean.Expr)
                                          (ti : Lean.BinderInfo) (fn : Lean.Name) (fd noBody : Lean.Expr)
                                          (fi : Lean.BinderInfo),
                                          (∀ (left right : Lean.Expr),
                                              condition =
                                                  (((Lean.Expr.const `Eq [Lean.Level.zero.succ]).app
                                                            (Lean.Expr.const `Bool [])).app
                                                        left).app
                                                    right →
                                                False) →
                                            (∀ (left right : Lean.Expr),
                                                condition =
                                                    (((Lean.Expr.const `Ne [Lean.Level.zero.succ]).app
                                                              (Lean.Expr.const `Bool [])).app
                                                          left).app
                                                      right →
                                                  False) →
                                              ∀ (yes no : Lean.Expr),
                                                LeanExe.Extract.Core.booleanProofBodies? condition td yesBody fd
                                                      noBody =
                                                    some (yes, no) →
                                                  motive yes →
                                                    motive no →
                                                      motive
                                                        ((((((Lean.Expr.const `dite [Lean.Level.zero.succ]).app
                                                                          (Lean.Expr.const `Bool [])).app
                                                                      condition).app
                                                                  evidence).app
                                                              (Lean.Expr.lam tn td yesBody ti)).app
                                                          (Lean.Expr.lam fn fd noBody fi))) →
                                        (∀ (left right evidence : Lean.Expr),
                                            LeanExe.Source.ExprEquality.same evidence
                                                  (LeanExe.Source.Scalar.booleanRelationEvidence false left right) =
                                                true →
                                              motive left →
                                                motive right →
                                                  motive
                                                    (((Lean.Expr.const `Decidable.decide []).app
                                                          ((((Lean.Expr.const `Eq [Lean.Level.zero.succ]).app
                                                                    (Lean.Expr.const `Bool [])).app
                                                                left).app
                                                            right)).app
                                                      evidence)) →
                                          (∀ (left right evidence : Lean.Expr),
                                              ¬LeanExe.Source.ExprEquality.same evidence
                                                      (LeanExe.Source.Scalar.booleanRelationEvidence false left right) =
                                                    true →
                                                motive
                                                  (((Lean.Expr.const `Decidable.decide []).app
                                                        ((((Lean.Expr.const `Eq [Lean.Level.zero.succ]).app
                                                                  (Lean.Expr.const `Bool [])).app
                                                              left).app
                                                          right)).app
                                                    evidence)) →
                                            (∀ (left right evidence : Lean.Expr),
                                                LeanExe.Source.ExprEquality.same evidence
                                                      (LeanExe.Source.Scalar.booleanRelationEvidence true left right) =
                                                    true →
                                                  motive left →
                                                    motive right →
                                                      motive
                                                        (((Lean.Expr.const `Decidable.decide []).app
                                                              ((((Lean.Expr.const `Ne [Lean.Level.zero.succ]).app
                                                                        (Lean.Expr.const `Bool [])).app
                                                                    left).app
                                                                right)).app
                                                          evidence)) →
                                              (∀ (left right evidence : Lean.Expr),
                                                  ¬LeanExe.Source.ExprEquality.same evidence
                                                          (LeanExe.Source.Scalar.booleanRelationEvidence true left
                                                            right) =
                                                        true →
                                                    motive
                                                      (((Lean.Expr.const `Decidable.decide []).app
                                                            ((((Lean.Expr.const `Ne [Lean.Level.zero.succ]).app
                                                                      (Lean.Expr.const `Bool [])).app
                                                                  left).app
                                                              right)).app
                                                        evidence)) →
                                                (∀ (condition evidence : Lean.Expr),
                                                    (∀ (left right : Lean.Expr),
                                                        condition =
                                                            (((Lean.Expr.const `Eq [Lean.Level.zero.succ]).app
                                                                      (Lean.Expr.const `Bool [])).app
                                                                  left).app
                                                              right →
                                                          False) →
                                                      (∀ (left right : Lean.Expr),
                                                          condition =
                                                              (((Lean.Expr.const `Ne [Lean.Level.zero.succ]).app
                                                                        (Lean.Expr.const `Bool [])).app
                                                                    left).app
                                                                right →
                                                            False) →
                                                        motive
                                                          (((Lean.Expr.const `Decidable.decide []).app condition).app
                                                            evidence)) →
                                                  (∀ (left right : Lean.Expr),
                                                      motive left →
                                                        motive right →
                                                          motive
                                                            (((((Lean.Expr.const `BEq.beq [Lean.Level.zero]).app
                                                                          (Lean.Expr.const `Bool [])).app
                                                                      (((Lean.Expr.const `instBEqOfDecidableEq
                                                                                [Lean.Level.zero]).app
                                                                            (Lean.Expr.const `Bool [])).app
                                                                        (Lean.Expr.const `instDecidableEqBool []))).app
                                                                  left).app
                                                              right)) →
                                                    (∀ (left right : Lean.Expr),
                                                        motive left →
                                                          motive right →
                                                            motive
                                                              (((((Lean.Expr.const `bne [Lean.Level.zero]).app
                                                                            (Lean.Expr.const `Bool [])).app
                                                                        (((Lean.Expr.const `instBEqOfDecidableEq
                                                                                  [Lean.Level.zero]).app
                                                                              (Lean.Expr.const `Bool [])).app
                                                                          (Lean.Expr.const `instDecidableEqBool
                                                                            []))).app
                                                                    left).app
                                                                right)) →
                                                      (∀ (name : Lean.Name) (type value body : Lean.Expr)
                                                          (nondep : Bool)
                                                          (application :
                                                            LeanExe.Source.Scalar.BooleanFunctionApplication),
                                                          LeanExe.Extract.Core.booleanFunctionApplication?
                                                                (Lean.Expr.letE name type value body nondep) =
                                                              some application →
                                                            ∀ (annotation : LeanExe.Source.Scalar.ResultType),
                                                              LeanExe.Extract.Core.scalarResultType? application.input =
                                                                  some annotation →
                                                                motive application.body →
                                                                  motive (Lean.Expr.letE name type value body nondep)) →
                                                        (∀ (name : Lean.Name) (type value body : Lean.Expr)
                                                            (nondep : Bool)
                                                            (application :
                                                              LeanExe.Source.Scalar.BooleanFunctionApplication),
                                                            LeanExe.Extract.Core.booleanFunctionApplication?
                                                                  (Lean.Expr.letE name type value body nondep) =
                                                                some application →
                                                              LeanExe.Extract.Core.scalarResultType? application.input =
                                                                  none →
                                                                motive application.argument →
                                                                  motive application.body →
                                                                    motive
                                                                      (Lean.Expr.letE name type value body nondep)) →
                                                          (∀ (name : Lean.Name) (type value body : Lean.Expr)
                                                              (nondep : Bool),
                                                              LeanExe.Extract.Core.booleanFunctionApplication?
                                                                    (Lean.Expr.letE name type value body nondep) =
                                                                  none →
                                                                ∀ (annotation : LeanExe.Source.Scalar.ResultType),
                                                                  LeanExe.Extract.Core.scalarResultType? type =
                                                                      some annotation →
                                                                    motive body →
                                                                      motive
                                                                        (Lean.Expr.letE name type value body nondep)) →
                                                            (∀ (name : Lean.Name) (type value body : Lean.Expr)
                                                                (nondep : Bool),
                                                                LeanExe.Extract.Core.booleanFunctionApplication?
                                                                      (Lean.Expr.letE name type value body nondep) =
                                                                    none →
                                                                  LeanExe.Extract.Core.scalarResultType? type = none →
                                                                    motive value →
                                                                      motive body →
                                                                        motive
                                                                          (Lean.Expr.letE name type value body
                                                                            nondep)) →
                                                              (∀ (type body : Lean.Expr),
                                                                  motive body →
                                                                    motive
                                                                      (((Lean.Expr.const `Id.run [Lean.Level.zero]).app
                                                                            type).app
                                                                        body)) →
                                                                (∀ (type body : Lean.Expr),
                                                                    motive body →
                                                                      motive
                                                                        (((((Lean.Expr.const `Pure.pure
                                                                                          [Lean.Level.zero,
                                                                                            Lean.Level.zero]).app
                                                                                      (Lean.Expr.const `Id
                                                                                        [Lean.Level.zero])).app
                                                                                  (((Lean.Expr.const `Applicative.toPure
                                                                                            [Lean.Level.zero,
                                                                                              Lean.Level.zero]).app
                                                                                        (Lean.Expr.const `Id
                                                                                          [Lean.Level.zero])).app
                                                                                    (((Lean.Expr.const
                                                                                              `Monad.toApplicative
                                                                                              [Lean.Level.zero,
                                                                                                Lean.Level.zero]).app
                                                                                          (Lean.Expr.const `Id
                                                                                            [Lean.Level.zero])).app
                                                                                      (Lean.Expr.const `Id.instMonad
                                                                                        [Lean.Level.zero])))).app
                                                                              type).app
                                                                          body)) →
                                                                  (∀ (data : Lean.MData) (body : Lean.Expr),
                                                                      motive body →
                                                                        motive (Lean.Expr.mdata data body)) →
                                                                    (∀ (name : Lean.Name) (type body : Lean.Expr)
                                                                        (binder : Lean.BinderInfo) (value : Lean.Expr)
                                                                        (annotation : LeanExe.Source.Scalar.ResultType),
                                                                        LeanExe.Extract.Core.scalarResultType? type =
                                                                            some annotation →
                                                                          motive body →
                                                                            motive
                                                                              ((Lean.Expr.lam name type body binder).app
                                                                                value)) →
                                                                      (∀ (name : Lean.Name) (type body : Lean.Expr)
                                                                          (binder : Lean.BinderInfo)
                                                                          (value : Lean.Expr),
                                                                          LeanExe.Extract.Core.scalarResultType? type =
                                                                              none →
                                                                            motive value →
                                                                              motive body →
                                                                                motive
                                                                                  ((Lean.Expr.lam name type body
                                                                                        binder).app
                                                                                    value)) →
                                                                        (∀ (output value : Lean.Expr) (name : Lean.Name)
                                                                            (domain body : Lean.Expr)
                                                                            (binder : Lean.BinderInfo),
                                                                            motive body →
                                                                              motive value →
                                                                                motive
                                                                                  (((((((Lean.Expr.const `Bind.bind
                                                                                                            [Lean.Level.zero,
                                                                                                              Lean.Level.zero]).app
                                                                                                        (Lean.Expr.const
                                                                                                          `Id
                                                                                                          [Lean.Level.zero])).app
                                                                                                    (((Lean.Expr.const
                                                                                                              `Monad.toBind
                                                                                                              [Lean.Level.zero,
                                                                                                                Lean.Level.zero]).app
                                                                                                          (Lean.Expr.const
                                                                                                            `Id
                                                                                                            [Lean.Level.zero])).app
                                                                                                      (Lean.Expr.const
                                                                                                        `Id.instMonad
                                                                                                        [Lean.Level.zero]))).app
                                                                                                domain).app
                                                                                            output).app
                                                                                        value).app
                                                                                    (Lean.Expr.lam name domain body
                                                                                      binder))) →
                                                                          (∀ (input output value : Lean.Expr)
                                                                              (name : Lean.Name)
                                                                              (domain body : Lean.Expr)
                                                                              (binder : Lean.BinderInfo),
                                                                              ¬input = domain →
                                                                                motive
                                                                                  (((((((Lean.Expr.const `Bind.bind
                                                                                                            [Lean.Level.zero,
                                                                                                              Lean.Level.zero]).app
                                                                                                        (Lean.Expr.const
                                                                                                          `Id
                                                                                                          [Lean.Level.zero])).app
                                                                                                    (((Lean.Expr.const
                                                                                                              `Monad.toBind
                                                                                                              [Lean.Level.zero,
                                                                                                                Lean.Level.zero]).app
                                                                                                          (Lean.Expr.const
                                                                                                            `Id
                                                                                                            [Lean.Level.zero])).app
                                                                                                      (Lean.Expr.const
                                                                                                        `Id.instMonad
                                                                                                        [Lean.Level.zero]))).app
                                                                                                input).app
                                                                                            output).app
                                                                                        value).app
                                                                                    (Lean.Expr.lam name domain body
                                                                                      binder))) →
                                                                            (∀ (index : Nat) (argument : Lean.Expr),
                                                                                motive
                                                                                  ((Lean.Expr.bvar index).app
                                                                                    argument)) →
                                                                              (∀ (expression : Lean.Expr),
                                                                                  (∀ (left right : Lean.Expr),
                                                                                      expression =
                                                                                          ((Lean.Expr.const `Bool.and
                                                                                                    []).app
                                                                                                left).app
                                                                                            right →
                                                                                        False) →
                                                                                    (∀ (left right : Lean.Expr),
                                                                                        expression =
                                                                                            ((Lean.Expr.const `Bool.or
                                                                                                      []).app
                                                                                                  left).app
                                                                                              right →
                                                                                          False) →
                                                                                      (∀ (inner : Lean.Expr),
                                                                                          expression =
                                                                                              (Lean.Expr.const `Bool.not
                                                                                                    []).app
                                                                                                inner →
                                                                                            False) →
                                                                                        (expression =
                                                                                              Lean.Expr.const `Bool.true
                                                                                                [] →
                                                                                            False) →
                                                                                          (expression =
                                                                                                Lean.Expr.const
                                                                                                  `Bool.false [] →
                                                                                              False) →
                                                                                            (∀ (index : Nat),
                                                                                                expression =
                                                                                                    Lean.Expr.bvar
                                                                                                      index →
                                                                                                  False) →
                                                                                              (∀
                                                                                                  (left right evidence
                                                                                                    yes no : Lean.Expr),
                                                                                                  expression = ⋯ →
                                                                                                    False) →
                                                                                                (∀
                                                                                                    (left right evidence
                                                                                                      yes no :
                                                                                                      Lean.Expr),
                                                                                                    ⋯ → False) →
                                                                                                  (∀
                                                                                                      (condition
                                                                                                        evidence yes
                                                                                                        no : Lean.Expr),
                                                                                                      ⋯) →
                                                                                                    ⋯ → ⋯) →
                                                                                ∀ (a : Lean.Expr), motive a :=
fun motive case1 case2 case3 case4 case5 case6 case7 case8 case9 case10 case11 case12 case13 case14 case15 case16 case17
    case18 case19 case20 case21 case22 case23 case24 case25 case26 case27 case28 case29 case30 case31 case32 case33
    case34 case35 case36 case37 case38 case39 a =>
  WellFounded.Nat.fix (fun x => sizeOf x)
    (fun x a =>
      Eq.mpr (Eq.refl (motive x))
        (LeanExe.Extract.Core.booleanLocalOperands?.match_9.splitter✝
          (fun x_1 =>
            x = x_1 →
              (∀ (y : Lean.Expr), InvImage (fun x1 x2 => x1 < x2) (fun x => sizeOf x) y x_1 → motive y) → motive x_1)
          x
          (fun left right x x_1 =>
            Eq.mpr (Eq.refl (motive (((Lean.Expr.const `Bool.and []).app left).app right)))
              (case1 left right (id (x_1 left (LeanExe.Extract.Core.booleanLocalOperands?._proof_1 left right)))
                (id (x_1 right (LeanExe.Extract.Core.booleanLocalOperands?._proof_2 left right)))))
          (fun left right x x_1 =>
            Eq.mpr (Eq.refl (motive (((Lean.Expr.const `Bool.or []).app left).app right)))
              (case2 left right (id (x_1 left (LeanExe.Extract.Core.booleanLocalOperands?._proof_3 left right)))
                (id (x_1 right (LeanExe.Extract.Core.booleanLocalOperands?._proof_4 left right)))))
          (fun inner x x_1 =>
            Eq.mpr (Eq.refl (motive ((Lean.Expr.const `Bool.not []).app inner)))
              (case3 inner (id (x_1 inner (LeanExe.Extract.Core.booleanLocalOperands?._proof_5 inner)))))
          (Function.const Unit fun x x_1 => Eq.mpr (Eq.refl (motive (Lean.Expr.const `Bool.true []))) case4)
          (Function.const Unit fun x x_1 => Eq.mpr (Eq.refl (motive (Lean.Expr.const `Bool.false []))) case5)
          (fun index x x_1 => Eq.mpr (Eq.refl (motive (Lean.Expr.bvar index))) (case6 index))
          (fun left right evidence yes no x x_1 =>
            Eq.mpr
              (Eq.refl
                (motive
                  ((((((Lean.Expr.const `ite [Lean.Level.zero.succ]).app (Lean.Expr.const `Bool [])).app
                                ((((Lean.Expr.const `Eq [Lean.Level.zero.succ]).app (Lean.Expr.const `Bool [])).app
                                      left).app
                                  right)).app
                            evidence).app
                        yes).app
                    no)))
              (if h :
                  LeanExe.Source.ExprEquality.same evidence
                      (LeanExe.Source.Scalar.booleanRelationEvidence false left right) =
                    true then
                Eq.mpr
                  (Eq.refl
                    (motive
                      ((((((Lean.Expr.const `ite [Lean.Level.zero.succ]).app (Lean.Expr.const `Bool [])).app
                                    ((((Lean.Expr.const `Eq [Lean.Level.zero.succ]).app (Lean.Expr.const `Bool [])).app
                                          left).app
                                      right)).app
                                evidence).app
                            yes).app
                        no)))
                  (case7 left right evidence yes no h
                    (id (x_1 left (LeanExe.Extract.Core.booleanLocalOperands?._proof_6 left right evidence yes no)))
                    (id (x_1 right (LeanExe.Extract.Core.booleanLocalOperands?._proof_7 left right evidence yes no)))
                    (id (x_1 yes (LeanExe.Extract.Core.booleanLocalOperands?._proof_8 left right evidence yes no)))
                    (id (x_1 no (LeanExe.Extract.Core.booleanLocalOperands?._proof_9 left right evidence yes no))))
              else
                Eq.mpr
                  (Eq.refl
                    (motive
                      ((((((Lean.Expr.const `ite [Lean.Level.zero.succ]).app (Lean.Expr.const `Bool [])).app
                                    ((((Lean.Expr.const `Eq [Lean.Level.zero.succ]).app (Lean.Expr.const `Bool [])).app
                                          left).app
                                      right)).app
                                evidence).app
                            yes).app
                        no)))
                  (case8 left right evidence yes no h)))
          (fun left right evidence yes no x x_1 =>
            Eq.mpr
              (Eq.refl
                (motive
                  ((((((Lean.Expr.const `ite [Lean.Level.zero.succ]).app (Lean.Expr.const `Bool [])).app
                                ((((Lean.Expr.const `Ne [Lean.Level.zero.succ]).app (Lean.Expr.const `Bool [])).app
                                      left).app
                                  right)).app
                            evidence).app
                        yes).app
                    no)))
              (if h :
                  LeanExe.Source.ExprEquality.same evidence
                      (LeanExe.Source.Scalar.booleanRelationEvidence true left right) =
                    true then
                Eq.mpr
                  (Eq.refl
                    (motive
                      ((((((Lean.Expr.const `ite [Lean.Level.zero.succ]).app (Lean.Expr.const `Bool [])).app
                                    ((((Lean.Expr.const `Ne [Lean.Level.zero.succ]).app (Lean.Expr.const `Bool [])).app
                                          left).app
                                      right)).app
                                evidence).app
                            yes).app
                        no)))
                  (case9 left right evidence yes no h
                    (id (x_1 left (LeanExe.Extract.Core.booleanLocalOperands?._proof_10 left right evidence yes no)))
                    (id (x_1 right (LeanExe.Extract.Core.booleanLocalOperands?._proof_11 left right evidence yes no)))
                    (id (x_1 yes (LeanExe.Extract.Core.booleanLocalOperands?._proof_12 left right evidence yes no)))
                    (id (x_1 no (LeanExe.Extract.Core.booleanLocalOperands?._proof_13 left right evidence yes no))))
              else
                Eq.mpr
                  (Eq.refl
                    (motive
                      ((((((Lean.Expr.const `ite [Lean.Level.zero.succ]).app (Lean.Expr.const `Bool [])).app
                                    ((((Lean.Expr.const `Ne [Lean.Level.zero.succ]).app (Lean.Expr.const `Bool [])).app
                                          left).app
                                      right)).app
                                evidence).app
                            yes).app
                        no)))
                  (case10 left right evidence yes no h)))
          (fun condition evidence yes no x_1 x_2 x x_3 =>
            Eq.mpr
              (Eq.refl
                (motive
                  ((((((Lean.Expr.const `ite [Lean.Level.zero.succ]).app (Lean.Expr.const `Bool [])).app condition).app
                            evidence).app
                        yes).app
                    no)))
              (case11 condition evidence yes no x_1 x_2
                (id (x_3 yes (LeanExe.Extract.Core.booleanLocalOperands?._proof_14 condition evidence yes no)))
                (id (x_3 no (LeanExe.Extract.Core.booleanLocalOperands?._proof_15 condition evidence yes no)))))
          (fun left right evidence tn td yesBody ti fn fd noBody fi x x_1 =>
            Eq.mpr
              (Eq.refl
                (motive
                  ((((((Lean.Expr.const `dite [Lean.Level.zero.succ]).app (Lean.Expr.const `Bool [])).app
                                ((((Lean.Expr.const `Eq [Lean.Level.zero.succ]).app (Lean.Expr.const `Bool [])).app
                                      left).app
                                  right)).app
                            evidence).app
                        (Lean.Expr.lam tn td yesBody ti)).app
                    (Lean.Expr.lam fn fd noBody fi))))
              (if h :
                  LeanExe.Source.ExprEquality.same evidence
                      (LeanExe.Source.Scalar.booleanRelationEvidence false left right) =
                    true then
                Eq.mpr
                  (Eq.refl
                    (motive
                      ((((((Lean.Expr.const `dite [Lean.Level.zero.succ]).app (Lean.Expr.const `Bool [])).app
                                    ((((Lean.Expr.const `Eq [Lean.Level.zero.succ]).app (Lean.Expr.const `Bool [])).app
                                          left).app
                                      right)).app
                                evidence).app
                            (Lean.Expr.lam tn td yesBody ti)).app
                        (Lean.Expr.lam fn fd noBody fi))))
                  (LeanExe.Extract.Core.booleanLocalOperands?.match_1.splitter✝
                    (fun x =>
                      motive
                        ((((((Lean.Expr.const `dite [Lean.Level.zero.succ]).app (Lean.Expr.const `Bool [])).app
                                      ((((Lean.Expr.const `Eq [Lean.Level.zero.succ]).app
                                                (Lean.Expr.const `Bool [])).app
                                            left).app
                                        right)).app
                                  evidence).app
                              (Lean.Expr.lam tn td yesBody ti)).app
                          (Lean.Expr.lam fn fd noBody fi)))
                    (LeanExe.Extract.Core.booleanProofBodies?
                      (LeanExe.Source.Scalar.booleanRelationCondition false left right) td yesBody fd noBody)
                    (fun _bodies =>
                      Eq.mpr
                        (Eq.refl
                          (motive
                            ((((((Lean.Expr.const `dite [Lean.Level.zero.succ]).app (Lean.Expr.const `Bool [])).app
                                          ((((Lean.Expr.const `Eq [Lean.Level.zero.succ]).app
                                                    (Lean.Expr.const `Bool [])).app
                                                left).app
                                            right)).app
                                      evidence).app
                                  (Lean.Expr.lam tn td yesBody ti)).app
                              (Lean.Expr.lam fn fd noBody fi))))
                        (case12 left right evidence tn td yesBody ti fn fd noBody fi h _bodies))
                    fun yes no _bodies =>
                    Eq.mpr
                      (Eq.refl
                        (motive
                          ((((((Lean.Expr.const `dite [Lean.Level.zero.succ]).app (Lean.Expr.const `Bool [])).app
                                        ((((Lean.Expr.const `Eq [Lean.Level.zero.succ]).app
                                                  (Lean.Expr.const `Bool [])).app
                                              left).app
                                          right)).app
                                    evidence).app
                                (Lean.Expr.lam tn td yesBody ti)).app
                            (Lean.Expr.lam fn fd noBody fi))))
                      (case13 left right evidence tn td yesBody ti fn fd noBody fi h yes no _bodies
                        (id
                          (x_1 left
                            (LeanExe.Extract.Core.booleanLocalOperands?._proof_16 left right evidence tn td yesBody ti
                              fn fd noBody fi)))
                        (id
                          (x_1 right
                            (LeanExe.Extract.Core.booleanLocalOperands?._proof_17 left right evidence tn td yesBody ti
                              fn fd noBody fi)))
                        (id
                          (x_1 yes
                            (LeanExe.Extract.Core.booleanLocalOperands?._proof_18 left right evidence tn td yesBody ti
                              fn fd noBody fi yes no _bodies)))
                        (id
                          (x_1 no
                            (LeanExe.Extract.Core.booleanLocalOperands?._proof_19 left right evidence tn td yesBody ti
                              fn fd noBody fi yes no _bodies)))))
              else
                Eq.mpr
                  (Eq.refl
                    (motive
                      ((((((Lean.Expr.const `dite [Lean.Level.zero.succ]).app (Lean.Expr.const `Bool [])).app
                                    ((((Lean.Expr.const `Eq [Lean.Level.zero.succ]).app (Lean.Expr.const `Bool [])).app
                                          left).app
                                      right)).app
                                evidence).app
                            (Lean.Expr.lam tn td yesBody ti)).app
                        (Lean.Expr.lam fn fd noBody fi))))
                  (case14 left right evidence tn td yesBody ti fn fd noBody fi h)))
          (fun left right evidence tn td yesBody ti fn fd noBody fi x x_1 =>
            Eq.mpr
              (Eq.refl
                (motive
                  ((((((Lean.Expr.const `dite [Lean.Level.zero.succ]).app (Lean.Expr.const `Bool [])).app
                                ((((Lean.Expr.const `Ne [Lean.Level.zero.succ]).app (Lean.Expr.const `Bool [])).app
                                      left).app
                                  right)).app
                            evidence).app
                        (Lean.Expr.lam tn td yesBody ti)).app
                    (Lean.Expr.lam fn fd noBody fi))))
              (if h :
                  LeanExe.Source.ExprEquality.same evidence
                      (LeanExe.Source.Scalar.booleanRelationEvidence true left right) =
                    true then
                Eq.mpr
                  (Eq.refl
                    (motive
                      ((((((Lean.Expr.const `dite [Lean.Level.zero.succ]).app (Lean.Expr.const `Bool [])).app
                                    ((((Lean.Expr.const `Ne [Lean.Level.zero.succ]).app (Lean.Expr.const `Bool [])).app
                                          left).app
                                      right)).app
                                evidence).app
                            (Lean.Expr.lam tn td yesBody ti)).app
                        (Lean.Expr.lam fn fd noBody fi))))
                  (LeanExe.Extract.Core.booleanLocalOperands?.match_1.splitter✝
                    (fun x =>
                      motive
                        ((((((Lean.Expr.const `dite [Lean.Level.zero.succ]).app (Lean.Expr.const `Bool [])).app
                                      ((((Lean.Expr.const `Ne [Lean.Level.zero.succ]).app
                                                (Lean.Expr.const `Bool [])).app
                                            left).app
                                        right)).app
                                  evidence).app
                              (Lean.Expr.lam tn td yesBody ti)).app
                          (Lean.Expr.lam fn fd noBody fi)))
                    (LeanExe.Extract.Core.booleanProofBodies?
                      (LeanExe.Source.Scalar.booleanRelationCondition true left right) td yesBody fd noBody)
                    (fun _bodies =>
                      Eq.mpr
                        (Eq.refl
                          (motive
                            ((((((Lean.Expr.const `dite [Lean.Level.zero.succ]).app (Lean.Expr.const `Bool [])).app
                                          ((((Lean.Expr.const `Ne [Lean.Level.zero.succ]).app
                                                    (Lean.Expr.const `Bool [])).app
                                                left).app
                                            right)).app
                                      evidence).app
                                  (Lean.Expr.lam tn td yesBody ti)).app
                              (Lean.Expr.lam fn fd noBody fi))))
                        (case15 left right evidence tn td yesBody ti fn fd noBody fi h _bodies))
                    fun yes no _bodies =>
                    Eq.mpr
                      (Eq.refl
                        (motive
                          ((((((Lean.Expr.const `dite [Lean.Level.zero.succ]).app (Lean.Expr.const `Bool [])).app
                                        ((((Lean.Expr.const `Ne [Lean.Level.zero.succ]).app
                                                  (Lean.Expr.const `Bool [])).app
                                              left).app
                                          right)).app
                                    evidence).app
                                (Lean.Expr.lam tn td yesBody ti)).app
                            (Lean.Expr.lam fn fd noBody fi))))
                      (case16 left right evidence tn td yesBody ti fn fd noBody fi h yes no _bodies
                        (id
                          (x_1 left
                            (LeanExe.Extract.Core.booleanLocalOperands?._proof_20 left right evidence tn td yesBody ti
                              fn fd noBody fi)))
                        (id
                          (x_1 right
                            (LeanExe.Extract.Core.booleanLocalOperands?._proof_21 left right evidence tn td yesBody ti
                              fn fd noBody fi)))
                        (id
                          (x_1 yes
                            (LeanExe.Extract.Core.booleanLocalOperands?._proof_22 left right evidence tn td yesBody ti
                              fn fd noBody fi yes no _bodies)))
                        (id
                          (x_1 no
                            (LeanExe.Extract.Core.booleanLocalOperands?._proof_23 left right evidence tn td yesBody ti
                              fn fd noBody fi yes no _bodies)))))
              else
                Eq.mpr
                  (Eq.refl
                    (motive
                      ((((((Lean.Expr.const `dite [Lean.Level.zero.succ]).app (Lean.Expr.const `Bool [])).app
                                    ((((Lean.Expr.const `Ne [Lean.Level.zero.succ]).app (Lean.Expr.const `Bool [])).app
                                          left).app
                                      right)).app
                                evidence).app
                            (Lean.Expr.lam tn td yesBody ti)).app
                        (Lean.Expr.lam fn fd noBody fi))))
                  (case17 left right evidence tn td yesBody ti fn fd noBody fi h)))
          (fun condition evidence tn td yesBody ti fn fd noBody fi x_1 x_2 x x_3 =>
            Eq.mpr
              (Eq.refl
                (motive
                  ((((((Lean.Expr.const `dite [Lean.Level.zero.succ]).app (Lean.Expr.const `Bool [])).app condition).app
                            evidence).app
                        (Lean.Expr.lam tn td yesBody ti)).app
                    (Lean.Expr.lam fn fd noBody fi))))
              (LeanExe.Extract.Core.booleanLocalOperands?.match_1.splitter✝
                (fun x =>
                  motive
                    ((((((Lean.Expr.const `dite [Lean.Level.zero.succ]).app (Lean.Expr.const `Bool [])).app
                                  condition).app
                              evidence).app
                          (Lean.Expr.lam tn td yesBody ti)).app
                      (Lean.Expr.lam fn fd noBody fi)))
                (LeanExe.Extract.Core.booleanProofBodies? condition td yesBody fd noBody)
                (fun _bodies =>
                  Eq.mpr
                    (Eq.refl
                      (motive
                        ((((((Lean.Expr.const `dite [Lean.Level.zero.succ]).app (Lean.Expr.const `Bool [])).app
                                      condition).app
                                  evidence).app
                              (Lean.Expr.lam tn td yesBody ti)).app
                          (Lean.Expr.lam fn fd noBody fi))))
                    (case18 condition evidence tn td yesBody ti fn fd noBody fi x_1 x_2 _bodies))
                fun yes no _bodies =>
                Eq.mpr
                  (Eq.refl
                    (motive
                      ((((((Lean.Expr.const `dite [Lean.Level.zero.succ]).app (Lean.Expr.const `Bool [])).app
                                    condition).app
                                evidence).app
                            (Lean.Expr.lam tn td yesBody ti)).app
                        (Lean.Expr.lam fn fd noBody fi))))
                  (case19 condition evidence tn td yesBody ti fn fd noBody fi x_1 x_2 yes no _bodies
                    (id
                      (x_3 yes
                        (LeanExe.Extract.Core.booleanLocalOperands?._proof_24 condition evidence tn td yesBody ti fn fd
                          noBody fi yes no _bodies)))
                    (id
                      (x_3 no
                        (LeanExe.Extract.Core.booleanLocalOperands?._proof_25 condition evidence tn td yesBody ti fn fd
                          noBody fi yes no _bodies))))))
          (fun left right evidence x x_1 =>
            Eq.mpr
              (Eq.refl
                (motive
                  (((Lean.Expr.const `Decidable.decide []).app
                        ((((Lean.Expr.const `Eq [Lean.Level.zero.succ]).app (Lean.Expr.const `Bool [])).app left).app
                          right)).app
                    evidence)))
              (if h :
                  LeanExe.Source.ExprEquality.same evidence
                      (LeanExe.Source.Scalar.booleanRelationEvidence false left right) =
                    true then
                Eq.mpr
                  (Eq.refl
                    (motive
                      (((Lean.Expr.const `Decidable.decide []).app
                            ((((Lean.Expr.const `Eq [Lean.Level.zero.succ]).app (Lean.Expr.const `Bool [])).app
                                  left).app
                              right)).app
                        evidence)))
                  (case20 left right evidence h
                    (id (x_1 left (LeanExe.Extract.Core.booleanLocalOperands?._proof_26 left right evidence)))
                    (id (x_1 right (LeanExe.Extract.Core.booleanLocalOperands?._proof_27 left right evidence))))
              else
                Eq.mpr
                  (Eq.refl
                    (motive
                      (((Lean.Expr.const `Decidable.decide []).app
                            ((((Lean.Expr.const `Eq [Lean.Level.zero.succ]).app (Lean.Expr.const `Bool [])).app
                                  left).app
                              right)).app
                        evidence)))
                  (case21 left right evidence h)))
          (fun left right evidence x x_1 =>
            Eq.mpr
              (Eq.refl
                (motive
                  (((Lean.Expr.const `Decidable.decide []).app
                        ((((Lean.Expr.const `Ne [Lean.Level.zero.succ]).app (Lean.Expr.const `Bool [])).app left).app
                          right)).app
                    evidence)))
              (if h :
                  LeanExe.Source.ExprEquality.same evidence
                      (LeanExe.Source.Scalar.booleanRelationEvidence true left right) =
                    true then
                Eq.mpr
                  (Eq.refl
                    (motive
                      (((Lean.Expr.const `Decidable.decide []).app
                            ((((Lean.Expr.const `Ne [Lean.Level.zero.succ]).app (Lean.Expr.const `Bool [])).app
                                  left).app
                              right)).app
                        evidence)))
                  (case22 left right evidence h
                    (id (x_1 left (LeanExe.Extract.Core.booleanLocalOperands?._proof_28 left right evidence)))
                    (id (x_1 right (LeanExe.Extract.Core.booleanLocalOperands?._proof_29 left right evidence))))
              else
                Eq.mpr
                  (Eq.refl
                    (motive
                      (((Lean.Expr.const `Decidable.decide []).app
                            ((((Lean.Expr.const `Ne [Lean.Level.zero.succ]).app (Lean.Expr.const `Bool [])).app
                                  left).app
                              right)).app
                        evidence)))
                  (case23 left right evidence h)))
          (fun condition evidence x_1 x_2 x x_3 =>
            Eq.mpr (Eq.refl (motive (((Lean.Expr.const `Decidable.decide []).app condition).app evidence)))
              (case24 condition evidence x_1 x_2))
          (fun left right x x_1 =>
            Eq.mpr
              (Eq.refl
                (motive
                  (((((Lean.Expr.const `BEq.beq [Lean.Level.zero]).app (Lean.Expr.const `Bool [])).app
                            (((Lean.Expr.const `instBEqOfDecidableEq [Lean.Level.zero]).app
                                  (Lean.Expr.const `Bool [])).app
                              (Lean.Expr.const `instDecidableEqBool []))).app
                        left).app
                    right)))
              (case25 left right (id (x_1 left (LeanExe.Extract.Core.booleanLocalOperands?._proof_30 left right)))
                (id (x_1 right (LeanExe.Extract.Core.booleanLocalOperands?._proof_31 left right)))))
          (fun left right x x_1 =>
            Eq.mpr
              (Eq.refl
                (motive
                  (((((Lean.Expr.const `bne [Lean.Level.zero]).app (Lean.Expr.const `Bool [])).app
                            (((Lean.Expr.const `instBEqOfDecidableEq [Lean.Level.zero]).app
                                  (Lean.Expr.const `Bool [])).app
                              (Lean.Expr.const `instDecidableEqBool []))).app
                        left).app
                    right)))
              (case26 left right (id (x_1 left (LeanExe.Extract.Core.booleanLocalOperands?._proof_32 left right)))
                (id (x_1 right (LeanExe.Extract.Core.booleanLocalOperands?._proof_33 left right)))))
          (fun name type value body nondep x x_1 =>
            Eq.mpr (Eq.refl (motive (Lean.Expr.letE name type value body nondep)))
              (LeanExe.Extract.Core.booleanLocalOperands?.match_5.splitter✝
                (fun x => motive (Lean.Expr.letE name type value body nondep))
                (LeanExe.Extract.Core.booleanFunctionApplication? (Lean.Expr.letE name type value body nondep))
                (fun application _named =>
                  Eq.mpr (Eq.refl (motive (Lean.Expr.letE name type value body nondep)))
                    (LeanExe.Extract.Core.booleanLocalOperands?.match_3.splitter✝
                      (fun x =>
                        LeanExe.Extract.Core.scalarResultType? application.input = x →
                          motive (Lean.Expr.letE name type value body nondep))
                      (LeanExe.Extract.Core.scalarResultType? application.input)
                      (fun annotation x =>
                        Eq.mpr (Eq.refl (motive (Lean.Expr.letE name type value body nondep)))
                          (case27 name type value body nondep application _named annotation x
                            (id
                              (x_1 application.body
                                (LeanExe.Extract.Core.booleanLocalOperands?._proof_34 name type value body nondep
                                  application _named)))))
                      (Function.const Unit fun x =>
                        Eq.mpr (Eq.refl (motive (Lean.Expr.letE name type value body nondep)))
                          (case28 name type value body nondep application _named x
                            (id
                              (x_1 application.argument
                                (LeanExe.Extract.Core.booleanLocalOperands?._proof_35 name type value body nondep
                                  application _named)))
                            (id
                              (x_1 application.body
                                (LeanExe.Extract.Core.booleanLocalOperands?._proof_34 name type value body nondep
                                  application _named)))))
                      (Eq.refl (LeanExe.Extract.Core.scalarResultType? application.input))))
                fun _named =>
                Eq.mpr (Eq.refl (motive (Lean.Expr.letE name type value body nondep)))
                  (LeanExe.Extract.Core.booleanLocalOperands?.match_3.splitter✝
                    (fun x =>
                      LeanExe.Extract.Core.scalarResultType? type = x →
                        motive (Lean.Expr.letE name type value body nondep))
                    (LeanExe.Extract.Core.scalarResultType? type)
                    (fun annotation x =>
                      Eq.mpr (Eq.refl (motive (Lean.Expr.letE name type value body nondep)))
                        (case29 name type value body nondep _named annotation x
                          (id
                            (x_1 body
                              (LeanExe.Extract.Core.booleanLocalOperands?._proof_36 name type value body nondep)))))
                    (Function.const Unit fun x =>
                      Eq.mpr (Eq.refl (motive (Lean.Expr.letE name type value body nondep)))
                        (case30 name type value body nondep _named x
                          (id
                            (x_1 value
                              (LeanExe.Extract.Core.booleanLocalOperands?._proof_37 name type value body nondep)))
                          (id
                            (x_1 body
                              (LeanExe.Extract.Core.booleanLocalOperands?._proof_38 name type value body nondep)))))
                    (Eq.refl (LeanExe.Extract.Core.scalarResultType? type)))))
          (fun type body x x_1 =>
            Eq.mpr (Eq.refl (motive (((Lean.Expr.const `Id.run [Lean.Level.zero]).app type).app body)))
              (case31 type body (id (x_1 body (LeanExe.Extract.Core.booleanLocalOperands?._proof_39 type body)))))
          (fun type body x x_1 =>
            Eq.mpr
              (Eq.refl
                (motive
                  (((((Lean.Expr.const `Pure.pure [Lean.Level.zero, Lean.Level.zero]).app
                                (Lean.Expr.const `Id [Lean.Level.zero])).app
                            (((Lean.Expr.const `Applicative.toPure [Lean.Level.zero, Lean.Level.zero]).app
                                  (Lean.Expr.const `Id [Lean.Level.zero])).app
                              (((Lean.Expr.const `Monad.toApplicative [Lean.Level.zero, Lean.Level.zero]).app
                                    (Lean.Expr.const `Id [Lean.Level.zero])).app
                                (Lean.Expr.const `Id.instMonad [Lean.Level.zero])))).app
                        type).app
                    body)))
              (case32 type body (id (x_1 body (LeanExe.Extract.Core.booleanLocalOperands?._proof_40 type body)))))
          (fun data body x x_1 =>
            Eq.mpr (Eq.refl (motive (Lean.Expr.mdata data body)))
              (case33 data body (id (x_1 body (LeanExe.Extract.Core.booleanLocalOperands?._proof_41 data body)))))
          (fun name type body binder value x x_1 =>
            Eq.mpr (Eq.refl (motive ((Lean.Expr.lam name type body binder).app value)))
              (LeanExe.Extract.Core.booleanLocalOperands?.match_3.splitter✝
                (fun x =>
                  LeanExe.Extract.Core.scalarResultType? type = x →
                    motive ((Lean.Expr.lam name type body binder).app value))
                (LeanExe.Extract.Core.scalarResultType? type)
                (fun annotation x =>
                  Eq.mpr (Eq.refl (motive ((Lean.Expr.lam name type body binder).app value)))
                    (case34 name type body binder value annotation x
                      (id
                        (x_1 body (LeanExe.Extract.Core.booleanLocalOperands?._proof_42 name type body binder value)))))
                (Function.const Unit fun x =>
                  Eq.mpr (Eq.refl (motive ((Lean.Expr.lam name type body binder).app value)))
                    (case35 name type body binder value x
                      (id
                        (x_1 value (LeanExe.Extract.Core.booleanLocalOperands?._proof_43 name type body binder value)))
                      (id
                        (x_1 body (LeanExe.Extract.Core.booleanLocalOperands?._proof_44 name type body binder value)))))
                (Eq.refl (LeanExe.Extract.Core.scalarResultType? type))))
          (fun input output value name domain body binder x x_1 =>
            Eq.mpr
              (Eq.refl
                (motive
                  (((((((Lean.Expr.const `Bind.bind [Lean.Level.zero, Lean.Level.zero]).app
                                        (Lean.Expr.const `Id [Lean.Level.zero])).app
                                    (((Lean.Expr.const `Monad.toBind [Lean.Level.zero, Lean.Level.zero]).app
                                          (Lean.Expr.const `Id [Lean.Level.zero])).app
                                      (Lean.Expr.const `Id.instMonad [Lean.Level.zero]))).app
                                input).app
                            output).app
                        value).app
                    (Lean.Expr.lam name domain body binder))))
              (if h : input = domain then
                Eq.mpr
                  (Eq.refl
                    (motive
                      (((((((Lean.Expr.const `Bind.bind [Lean.Level.zero, Lean.Level.zero]).app
                                            (Lean.Expr.const `Id [Lean.Level.zero])).app
                                        (((Lean.Expr.const `Monad.toBind [Lean.Level.zero, Lean.Level.zero]).app
                                              (Lean.Expr.const `Id [Lean.Level.zero])).app
                                          (Lean.Expr.const `Id.instMonad [Lean.Level.zero]))).app
                                    input).app
                                output).app
                            value).app
                        (Lean.Expr.lam name domain body binder))))
                  (Eq.ndrec (motive := fun input =>
                    motive body →
                      motive value →
                        motive
                          (((((((Lean.Expr.const `Bind.bind [Lean.Level.zero, Lean.Level.zero]).app
                                                (Lean.Expr.const `Id [Lean.Level.zero])).app
                                            (((Lean.Expr.const `Monad.toBind [Lean.Level.zero, Lean.Level.zero]).app
                                                  (Lean.Expr.const `Id [Lean.Level.zero])).app
                                              (Lean.Expr.const `Id.instMonad [Lean.Level.zero]))).app
                                        input).app
                                    output).app
                                value).app
                            (Lean.Expr.lam name domain body binder)))
                    (case36 output value name domain body binder) (Eq.symm h)
                    (id
                      (x_1 body
                        (LeanExe.Extract.Core.booleanLocalOperands?._proof_45 input output value name domain body
                          binder)))
                    (id
                      (x_1 value
                        (LeanExe.Extract.Core.booleanLocalOperands?._proof_46 input output value name domain body
                          binder))))
              else
                Eq.mpr
                  (Eq.refl
                    (motive
                      (((((((Lean.Expr.const `Bind.bind [Lean.Level.zero, Lean.Level.zero]).app
                                            (Lean.Expr.const `Id [Lean.Level.zero])).app
                                        (((Lean.Expr.const `Monad.toBind [Lean.Level.zero, Lean.Level.zero]).app
                                              (Lean.Expr.const `Id [Lean.Level.zero])).app
                                          (Lean.Expr.const `Id.instMonad [Lean.Level.zero]))).app
                                    input).app
                                output).app
                            value).app
                        (Lean.Expr.lam name domain body binder))))
                  (case37 input output value name domain body binder h)))
          (fun index argument x x_1 =>
            Eq.mpr (Eq.refl (motive ((Lean.Expr.bvar index).app argument))) (case38 index argument))
          (fun expression x_1 x_2 x_3 x_4 x_5 x_6 x_7 x_8 x_9 x_10 x_11 x_12 x_13 x_14 x_15 x_16 x_17 x_18 x_19 x_20
              x_21 x_22 x_23 x_24 x x_25 =>
            Eq.mpr (Eq.refl (motive expression))
              (case39 expression x_1 x_2 x_3 x_4 x_5 x_6 x_7 x_8 x_9 x_10 x_11 x_12 x_13 x_14 x_15 x_16 x_17 x_18 x_19
                x_20 x_21 x_22 x_23 x_24))
          (Eq.refl x) a))
    a
