cli-build: passed
admission-test: passed
reserved-exports: passed
fixture: passed
native-results: passed
compile-constant: passed
compile-booleanWordBoundResultValue: passed
compile-booleanWordBoundResultBody: passed
compile-booleanWordBoundResultNested: passed
compile-booleanWordBoundResultCapture: passed
compile-booleanWordBoundResultApplication: passed
compile-booleanWordBoundResultNamed: passed
compile-booleanResultBindBool: passed
compile-booleanResultBindWord: passed
compile-booleanResultBindNested: passed
compile-booleanResultBindCapture: passed
compile-booleanResultBindUnused: passed
compile-booleanResultBindCondition: passed
compile-compareBEq: passed
compile-mixedGuardDo: passed
compile-rangeBooleanBoundResultStep: passed
compile-rangeBooleanBoundResultCondition: passed
compile-rangeBooleanBoundResultOuter: passed
compile-rangeBooleanBoundResultHelper: passed
compile-rangeBooleanWordBoundResultStep: passed
compile-rangeBooleanWordBoundResultCondition: passed
compile-rangeBooleanWordBoundResultOuter: passed
compile-rangeBooleanWordBoundResultHelper: passed
compile-rangeBooleanResultBindStep: passed
compile-rangeBooleanResultBindCondition: passed
compile-rangeBooleanResultBindOuter: passed
compile-rangeBooleanResultBindHelper: passed
compile-rangeBooleanPredicateResultStep: passed
Passed 509 native Lean / independent Wasm engine comparisons across 28 declarations.
