leanrun: LEANRUN_LOCAL=1; macOS has no cgroup CPU/memory/swap limits or ionice
leanrun: explicitly authorized inherited priority; nice unavailable
✔ [25/28] Built LeanExe.Source.ScalarBooleanEqualityForm (1.1s)
✔ [26/28] Built LeanExe.Source.ScalarBooleanChoiceForm (1.0s)
✔ [27/61] Built LeanExe.Source.ScalarBooleanConditionInputs (948ms)
⚠ [55/64] Replayed LeanExe.Extract.ScalarGuardSyntax
warning: LeanExe/Extract/ScalarGuardSyntax.lean:219:4: try 'simp' instead of 'simpa'

Note: This linter can be disabled with `set_option linter.unnecessarySimpa false`
✔ [57/64] Built LeanExe.Extract.ScalarBooleanFunctionLookup (859ms)
✔ [58/65] Built LeanExe.Extract.ScalarBooleanLetVariables (901ms)
✔ [59/67] Built LeanExe.Extract.ScalarBooleanLocalCore (1.1s)
✔ [61/67] Built LeanExe.Extract.ScalarBooleanLocalFacts (1.4s)
✔ [62/68] Built LeanExe.Extract.ScalarBooleanLocalAcceptance (1.4s)
✔ [64/73] Built LeanExe.Extract.ScalarBooleanLocalCorrectness (991ms)
✔ [67/81] Built LeanExe.Extract.ScalarBooleanLocal (863ms)
✔ [73/81] Built LeanExe.Source.ScalarBooleanLocalValues (910ms)
✔ [75/84] Built LeanExe.Extract.ScalarBooleanLocalBindings (890ms)
✔ [76/84] Built LeanExe.Source.ScalarBooleanAction (876ms)
✔ [77/84] Built LeanExe.Extract.ScalarBooleanPredicateBindings (872ms)
✔ [78/84] Built LeanExe.Extract.ScalarBooleanAction (973ms)
✔ [79/88] Built LeanExe.Extract.ScalarBooleanPredicateJunction (903ms)
✔ [80/89] Built LeanExe.Extract.ScalarBooleanBind (941ms)
✔ [81/89] Built LeanExe.Extract.ScalarBooleanPredicateEquality (868ms)
✔ [84/91] Built LeanExe.Extract.ScalarBooleanPredicateChoice (920ms)
✔ [86/97] Built LeanExe.Extract.ScalarBooleanCondition (956ms)
✔ [95/100] Built LeanExe.Source.ScalarBooleanPropositionChoiceForm (886ms)
✔ [96/102] Built LeanExe.Extract.ScalarBooleanPredicatePropositionChoice (947ms)
✔ [101/109] Built LeanExe.Extract.ScalarBooleanLocalDependentBranch (868ms)
✔ [107/109] Built LeanExe.Source.Scalar (1.5s)
⚠ [108/109] Built LeanExe.Extract.ScalarExprCore (15s)
warning: LeanExe/Extract/ScalarExprCore.lean:343:31: Variable name `wrapper` is not explicitly referenced.

Hint: The binding can be removed (if unused) or named `_` (if used implicitly). Alternatively, prefix the name with `_` to silence this warning:
  [apply] _wrapper

Note: This linter can be disabled with `set_option linter.unusedVariables false`
warning: LeanExe/Extract/ScalarExprCore.lean:351:31: Variable name `name` is not explicitly referenced.

Hint: The binding can be removed (if unused) or named `_` (if used implicitly). Alternatively, prefix the name with `_` to silence this warning:
  [apply] _name

Note: This linter can be disabled with `set_option linter.unusedVariables false`
warning: LeanExe/Extract/ScalarExprCore.lean:351:36: Variable name `form` is not explicitly referenced.

Hint: The binding can be removed (if unused) or named `_` (if used implicitly). Alternatively, prefix the name with `_` to silence this warning:
  [apply] _form

Note: This linter can be disabled with `set_option linter.unusedVariables false`
warning: LeanExe/Extract/ScalarExprCore.lean:351:52: Variable name `type` is not explicitly referenced.

Hint: The binding can be removed (if unused) or named `_` (if used implicitly). Alternatively, prefix the name with `_` to silence this warning:
  [apply] _type

Note: This linter can be disabled with `set_option linter.unusedVariables false`
warning: LeanExe/Extract/ScalarExprCore.lean:360:35: Variable name `name` is not explicitly referenced.

Hint: The binding can be removed (if unused) or named `_` (if used implicitly). Alternatively, prefix the name with `_` to silence this warning:
  [apply] _name

Note: This linter can be disabled with `set_option linter.unusedVariables false`
warning: LeanExe/Extract/ScalarExprCore.lean:360:40: Variable name `form` is not explicitly referenced.

Hint: The binding can be removed (if unused) or named `_` (if used implicitly). Alternatively, prefix the name with `_` to silence this warning:
  [apply] _form

Note: This linter can be disabled with `set_option linter.unusedVariables false`
warning: LeanExe/Extract/ScalarExprCore.lean:360:56: Variable name `type` is not explicitly referenced.

Hint: The binding can be removed (if unused) or named `_` (if used implicitly). Alternatively, prefix the name with `_` to silence this warning:
  [apply] _type

Note: This linter can be disabled with `set_option linter.unusedVariables false`
⚠ [109/109] Built LeanExe.Extract.ScalarExpr (1.5s)
warning: LeanExe/Extract/ScalarExpr.lean:172:54: `if_pos` has been deprecated: Use `ite_eq_left` instead
warning: LeanExe/Extract/ScalarExpr.lean:173:54: `if_neg` has been deprecated: Use `ite_eq_right` instead
warning: LeanExe/Extract/ScalarExpr.lean:188:54: `if_pos` has been deprecated: Use `ite_eq_left` instead
warning: LeanExe/Extract/ScalarExpr.lean:189:54: `if_neg` has been deprecated: Use `ite_eq_right` instead
warning: LeanExe/Extract/ScalarExpr.lean:223:54: `if_pos` has been deprecated: Use `ite_eq_left` instead
warning: LeanExe/Extract/ScalarExpr.lean:224:54: `if_neg` has been deprecated: Use `ite_eq_right` instead
warning: LeanExe/Extract/ScalarExpr.lean:238:54: `if_pos` has been deprecated: Use `ite_eq_left` instead
warning: LeanExe/Extract/ScalarExpr.lean:239:54: `if_neg` has been deprecated: Use `ite_eq_right` instead
warning: LeanExe/Extract/ScalarExpr.lean:921:54: `if_neg` has been deprecated: Use `ite_eq_right` instead
warning: LeanExe/Extract/ScalarExpr.lean:1020:63: `if_neg` has been deprecated: Use `ite_eq_right` instead
warning: LeanExe/Extract/ScalarExpr.lean:1244:47: `if_neg` has been deprecated: Use `ite_eq_right` instead
warning: LeanExe/Extract/ScalarExpr.lean:1266:18: `if_neg` has been deprecated: Use `ite_eq_right` instead
warning: LeanExe/Extract/ScalarExpr.lean:1288:18: `if_neg` has been deprecated: Use `ite_eq_right` instead
warning: LeanExe/Extract/ScalarExpr.lean:1310:18: `if_neg` has been deprecated: Use `ite_eq_right` instead
warning: LeanExe/Extract/ScalarExpr.lean:1332:18: `if_neg` has been deprecated: Use `ite_eq_right` instead
warning: LeanExe/Extract/ScalarExpr.lean:1356:18: `if_neg` has been deprecated: Use `ite_eq_right` instead
warning: LeanExe/Extract/ScalarExpr.lean:1380:18: `if_neg` has been deprecated: Use `ite_eq_right` instead
warning: LeanExe/Extract/ScalarExpr.lean:1398:46: `if_neg` has been deprecated: Use `ite_eq_right` instead
warning: LeanExe/Extract/ScalarExpr.lean:1417:46: `if_neg` has been deprecated: Use `ite_eq_right` instead
warning: LeanExe/Extract/ScalarExpr.lean:1436:50: `if_neg` has been deprecated: Use `ite_eq_right` instead
Build completed successfully (109 jobs).
