cli-build: passed
admission-test: passed
reserved-exports: passed
fixture: passed
native-results: passed
compile-constant: passed
compile-publicInputIdWord: passed
compile-publicInputIdResult: passed
compile-publicFlagWord: passed
compile-publicFlagResult: passed
compile-rangeBoolWordHelperRepeat: passed
compile-rangeBoolWordHelperId: passed
compile-rangeBoolHelperInputIdWord: passed
compile-rangeBoolHelperInputIdBooleanWord: passed
compile-rangeBoolHelperInputIdPredicate: passed
compile-rangeBoolHelperInputIdBooleanPredicate: passed
compile-rangeBoolManyHelperBinaryRepeat: passed
compile-rangeBoolManyHelperTernaryNested: passed
compile-rangeBoolManyHelperFiveFlag: passed
compile-rangeBoolManyHelperBinaryExit: passed
compile-rangeBoolManyHelperTernaryContinue: passed
compile-rangeBoolManyHelperFiveId: passed
compile-rangeBoolUnitHelperRepeat: passed
compile-rangeBoolUnitHelperCount: passed
compile-rangeBoolUnitHelperInitial: passed
compile-rangeBoolUnitHelperNested: passed
compile-rangeBoolUnitHelperFlag: passed
compile-rangeBoolUnitHelperExit: passed
compile-rangeBoolUnitHelperContinue: passed
compile-rangeBoolUnitHelperStride: passed
compile-rangeBoolUnitHelperId: passed
compile-rangeBoolUnitHelperShadow: passed
compile-rangeBoolLetIdInput: passed
Passed 609 native Lean / independent Wasm engine comparisons across 28 declarations.
