⚠ [1/84] Replayed LeanExe.Examples.AsciiDigits
warning: LeanExe/Examples/AsciiDigits.lean:103:30: `if_false` has been deprecated: Use `ite_false` instead
warning: LeanExe/Examples/AsciiDigits.lean:109:78: `if_true` has been deprecated: Use `ite_true` instead
⚠ [42/84] Replayed LeanExe.IR.ScalarRangeSlots
warning: LeanExe/IR/ScalarRangeSlots.lean:25:2: try 'simp' instead of 'simpa'

Note: This linter can be disabled with `set_option linter.unnecessarySimpa false`
warning: LeanExe/IR/ScalarRangeSlots.lean:29:20: This simp argument is unused:
  read_suffix

Hint: Omit it from the simp argument list.
  [apply] simp [rangeStore]

Note: This linter can be disabled with `set_option linter.unusedSimpArgs false`
warning: LeanExe/IR/ScalarRangeSlots.lean:33:20: This simp argument is unused:
  read_suffix

Hint: Omit it from the simp argument list.
  [apply] simp [rangeStore]

Note: This linter can be disabled with `set_option linter.unusedSimpArgs false`
⚠ [66/84] Replayed LeanExe.IR.ScalarRangeExitSlots
warning: LeanExe/IR/ScalarRangeExitSlots.lean:18:2: try 'simp' instead of 'simpa'

Note: This linter can be disabled with `set_option linter.unnecessarySimpa false`
⚠ [71/84] Replayed LeanExe.Extract.ScalarFunc
warning: LeanExe/Extract/ScalarFunc.lean:76:28: This simp argument is unused:
  bind

Hint: Omit it from the simp argument list.
  [apply] simp only [rangeCase, pure, Option.bind_eq_some_iff, Option.some.injEq] at compiled

Note: This linter can be disabled with `set_option linter.unusedSimpArgs false`
✔ [83/180] Built LeanExe.Extract.Eval (976ms)
✔ [105/180] Built LeanExe.Source.ScalarComplement:c.o (197ms)
✔ [106/180] Built LeanExe.Extract.ScalarComplement:c.o (92ms)
✔ [119/180] Built LeanExe.Source.Scalar:c.o (173ms)
✔ [121/180] Built LeanExe.Extract.ScalarExpr:c.o (2.3s)
✔ [170/180] Built LeanExe.Extract.Report (1.4s)
✔ [174/180] Built LeanExe.Extract.OwnershipReport (1.1s)
✔ [176/180] Built LeanExe.CLI (1.2s)
✔ [178/180] Built Main (907ms)
✔ [180/180] Built «lean-wasm»:exe (501ms)
Build completed successfully (180 jobs).
