cli-build: passed
admission-test: passed
reserved-exports: passed
fixture: passed
native-results: passed
compile-constant: passed
compile-publicInputIdWord: passed
compile-publicInputIdResult: passed
compile-publicFlagWord: passed
compile-publicFlagResult: passed
compile-publicFlagBind: passed
compile-publicIdWord: passed
compile-publicIdBool: passed
compile-rangeBoolResultBindYield: passed
compile-rangeBoolResultBindExit: passed
compile-rangeBoolResultBindContinue: passed
compile-rangeBoolResultBindStride: passed
compile-rangeBoolResultBindStepHelper: passed
compile-rangeBoolResultBindCapture: passed
compile-rangeBoolResultBindFlag: passed
compile-rangeBoolResultBindIdInputs: passed
compile-rangeBoolResultBindIdAction: passed
compile-rangeBoolResultBindNestedResult: passed
compile-rangeBoolYield: passed
compile-rangeBoolExit: passed
compile-rangeBoolContinue: passed
compile-rangeBoolStride: passed
compile-rangeBoolCapture: passed
compile-rangeBoolFlag: passed
compile-rangeBoolRun: passed
compile-rangeInputIdYield: passed
compile-rangeInputIdExit: passed
compile-rangeInputIdContinue: passed
Passed 579 native Lean / independent Wasm engine comparisons across 28 declarations.
