leanrun: LEANRUN_LOCAL=1; macOS has no cgroup CPU/memory/swap limits or ionice
leanrun: explicitly authorized inherited priority; nice unavailable
LeanExe.Extract.Core.extractScalarWordRangeWith.induct (slot : Nat)
  (motive : List LeanExe.Extract.Core.ScalarBinding → Lean.Expr → Prop)
  (case1 :
    ∀ (locals : List LeanExe.Extract.Core.ScalarBinding) (source : Lean.Expr) (value : LeanExe.IR.Expr),
      LeanExe.Extract.Core.extractScalarExprWith locals source = some value → motive locals source)
  (case2 :
    ∀ (locals : List LeanExe.Extract.Core.ScalarBinding) (source : Lean.Expr),
      LeanExe.Extract.Core.extractScalarExprWith locals source = none →
        ∀ (plan : LeanExe.Extract.Core.ScalarRangeExitPlan),
          LeanExe.Extract.Core.extractScalarRangeExitWith locals slot source = some plan → motive locals source)
  (case3 :
    ∀ (locals : List LeanExe.Extract.Core.ScalarBinding) (source : Lean.Expr),
      LeanExe.Extract.Core.extractScalarExprWith locals source = none →
        LeanExe.Extract.Core.extractScalarRangeExitWith locals slot source = none →
          ∀ (plan : LeanExe.Extract.Core.ScalarRangeExitPlan),
            LeanExe.Extract.Core.extractScalarBooleanWordRangeWith locals slot source = some plan →
              motive locals source)
  (case4 :
    ∀ (locals : List LeanExe.Extract.Core.ScalarBinding) (functionName firstTypeName secondTypeName : Lean.Name)
      (resultType : Lean.Expr) (secondTypeBi firstTypeBi : Lean.BinderInfo) (firstName secondName : Lean.Name)
      (value : Lean.Expr) (secondBi firstBi : Lean.BinderInfo) (body : Lean.Expr) (nondep : Bool),
      LeanExe.Extract.Core.scalarResultType? resultType = none →
        LeanExe.Extract.Core.scalarManyFunction?
              (Lean.Expr.forallE firstTypeName (Lean.Expr.const `UInt64 [])
                (Lean.Expr.forallE secondTypeName (Lean.Expr.const `UInt64 []) resultType secondTypeBi) firstTypeBi)
              (Lean.Expr.lam firstName (Lean.Expr.const `UInt64 [])
                (Lean.Expr.lam secondName (Lean.Expr.const `UInt64 []) value secondBi) firstBi) =
            none →
          LeanExe.Extract.Core.booleanBinaryHelper?
                (Lean.Expr.letE functionName
                  (Lean.Expr.forallE firstTypeName (Lean.Expr.const `UInt64 [])
                    (Lean.Expr.forallE secondTypeName (Lean.Expr.const `UInt64 []) resultType secondTypeBi) firstTypeBi)
                  (Lean.Expr.lam firstName (Lean.Expr.const `UInt64 [])
                    (Lean.Expr.lam secondName (Lean.Expr.const `UInt64 []) value secondBi) firstBi)
                  body nondep) =
              none →
            LeanExe.Extract.Core.extractScalarExprWith locals
                  (Lean.Expr.letE functionName
                    (Lean.Expr.forallE firstTypeName (Lean.Expr.const `UInt64 [])
                      (Lean.Expr.forallE secondTypeName (Lean.Expr.const `UInt64 []) resultType secondTypeBi)
                      firstTypeBi)
                    (Lean.Expr.lam firstName (Lean.Expr.const `UInt64 [])
                      (Lean.Expr.lam secondName (Lean.Expr.const `UInt64 []) value secondBi) firstBi)
                    body nondep) =
                none →
              LeanExe.Extract.Core.extractScalarRangeExitWith locals slot
                    (Lean.Expr.letE functionName
                      (Lean.Expr.forallE firstTypeName (Lean.Expr.const `UInt64 [])
                        (Lean.Expr.forallE secondTypeName (Lean.Expr.const `UInt64 []) resultType secondTypeBi)
                        firstTypeBi)
                      (Lean.Expr.lam firstName (Lean.Expr.const `UInt64 [])
                        (Lean.Expr.lam secondName (Lean.Expr.const `UInt64 []) value secondBi) firstBi)
                      body nondep) =
                  none →
                LeanExe.Extract.Core.extractScalarBooleanWordRangeWith locals slot
                      (Lean.Expr.letE functionName
                        (Lean.Expr.forallE firstTypeName (Lean.Expr.const `UInt64 [])
                          (Lean.Expr.forallE secondTypeName (Lean.Expr.const `UInt64 []) resultType secondTypeBi)
                          firstTypeBi)
                        (Lean.Expr.lam firstName (Lean.Expr.const `UInt64 [])
                          (Lean.Expr.lam secondName (Lean.Expr.const `UInt64 []) value secondBi) firstBi)
                        body nondep) =
                    none →
                  motive locals
                    (Lean.Expr.letE functionName
                      (Lean.Expr.forallE firstTypeName (Lean.Expr.const `UInt64 [])
                        (Lean.Expr.forallE secondTypeName (Lean.Expr.const `UInt64 []) resultType secondTypeBi)
                        firstTypeBi)
                      (Lean.Expr.lam firstName (Lean.Expr.const `UInt64 [])
                        (Lean.Expr.lam secondName (Lean.Expr.const `UInt64 []) value secondBi) firstBi)
                      body nondep))
  (case5 :
    ∀ (locals : List LeanExe.Extract.Core.ScalarBinding) (functionName firstTypeName secondTypeName : Lean.Name)
      (resultType : Lean.Expr) (secondTypeBi firstTypeBi : Lean.BinderInfo) (firstName secondName : Lean.Name)
      (value : Lean.Expr) (secondBi firstBi : Lean.BinderInfo) (body : Lean.Expr) (nondep : Bool),
      LeanExe.Extract.Core.scalarResultType? resultType = none →
        LeanExe.Extract.Core.scalarManyFunction?
              (Lean.Expr.forallE firstTypeName (Lean.Expr.const `UInt64 [])
                (Lean.Expr.forallE secondTypeName (Lean.Expr.const `UInt64 []) resultType secondTypeBi) firstTypeBi)
              (Lean.Expr.lam firstName (Lean.Expr.const `UInt64 [])
                (Lean.Expr.lam secondName (Lean.Expr.const `UInt64 []) value secondBi) firstBi) =
            none →
          ∀ (helper : LeanExe.Source.Scalar.BooleanBinaryHelper),
            LeanExe.Extract.Core.booleanBinaryHelper?
                  (Lean.Expr.letE functionName
                    (Lean.Expr.forallE firstTypeName (Lean.Expr.const `UInt64 [])
                      (Lean.Expr.forallE secondTypeName (Lean.Expr.const `UInt64 []) resultType secondTypeBi)
                      firstTypeBi)
                    (Lean.Expr.lam firstName (Lean.Expr.const `UInt64 [])
                      (Lean.Expr.lam secondName (Lean.Expr.const `UInt64 []) value secondBi) firstBi)
                    body nondep) =
                some helper →
              LeanExe.Extract.Core.extractScalarExprWith locals
                    (Lean.Expr.letE functionName
                      (Lean.Expr.forallE firstTypeName (Lean.Expr.const `UInt64 [])
                        (Lean.Expr.forallE secondTypeName (Lean.Expr.const `UInt64 []) resultType secondTypeBi)
                        firstTypeBi)
                      (Lean.Expr.lam firstName (Lean.Expr.const `UInt64 [])
                        (Lean.Expr.lam secondName (Lean.Expr.const `UInt64 []) value secondBi) firstBi)
                      body nondep) =
                  none →
                LeanExe.Extract.Core.extractScalarRangeExitWith locals slot
                      (Lean.Expr.letE functionName
                        (Lean.Expr.forallE firstTypeName (Lean.Expr.const `UInt64 [])
                          (Lean.Expr.forallE secondTypeName (Lean.Expr.const `UInt64 []) resultType secondTypeBi)
                          firstTypeBi)
                        (Lean.Expr.lam firstName (Lean.Expr.const `UInt64 [])
                          (Lean.Expr.lam secondName (Lean.Expr.const `UInt64 []) value secondBi) firstBi)
                        body nondep) =
                    none →
                  LeanExe.Extract.Core.extractScalarBooleanWordRangeWith locals slot
                        (Lean.Expr.letE functionName
                          (Lean.Expr.forallE firstTypeName (Lean.Expr.const `UInt64 [])
                            (Lean.Expr.forallE secondTypeName (Lean.Expr.const `UInt64 []) resultType secondTypeBi)
                            firstTypeBi)
                          (Lean.Expr.lam firstName (Lean.Expr.const `UInt64 [])
                            (Lean.Expr.lam secondName (Lean.Expr.const `UInt64 []) value secondBi) firstBi)
                          body nondep) =
                      none →
                    (have function :=
                        LeanExe.Extract.Core.ScalarBinding.binaryPredicateFunction fun first second =>
                          LeanExe.Extract.Core.extractScalarExprWith
                            (LeanExe.Extract.Core.ScalarBinding.word second ::
                              LeanExe.Extract.Core.ScalarBinding.word first :: locals)
                            ((Lean.Expr.const `Bool.toUInt64 []).app helper.body);
                      motive (function :: locals) helper.continuation) →
                      motive locals
                        (Lean.Expr.letE functionName
                          (Lean.Expr.forallE firstTypeName (Lean.Expr.const `UInt64 [])
                            (Lean.Expr.forallE secondTypeName (Lean.Expr.const `UInt64 []) resultType secondTypeBi)
                            firstTypeBi)
                          (Lean.Expr.lam firstName (Lean.Expr.const `UInt64 [])
                            (Lean.Expr.lam secondName (Lean.Expr.const `UInt64 []) value secondBi) firstBi)
                          body nondep))
  (case6 :
    ∀ (locals : List LeanExe.Extract.Core.ScalarBinding) (functionName firstTypeName secondTypeName : Lean.Name)
      (resultType : Lean.Expr) (secondTypeBi firstTypeBi : Lean.BinderInfo) (firstName secondName : Lean.Name)
      (value : Lean.Expr) (secondBi firstBi : Lean.BinderInfo) (body : Lean.Expr) (nondep : Bool),
      LeanExe.Extract.Core.scalarResultType? resultType = none →
        ∀ (shape : LeanExe.Source.Scalar.ManyFunction),
          LeanExe.Extract.Core.scalarManyFunction?
                (Lean.Expr.forallE firstTypeName (Lean.Expr.const `UInt64 [])
                  (Lean.Expr.forallE secondTypeName (Lean.Expr.const `UInt64 []) resultType secondTypeBi) firstTypeBi)
                (Lean.Expr.lam firstName (Lean.Expr.const `UInt64 [])
                  (Lean.Expr.lam secondName (Lean.Expr.const `UInt64 []) value secondBi) firstBi) =
              some shape →
            LeanExe.Extract.Core.extractScalarExprWith locals
                  (Lean.Expr.letE functionName
                    (Lean.Expr.forallE firstTypeName (Lean.Expr.const `UInt64 [])
                      (Lean.Expr.forallE secondTypeName (Lean.Expr.const `UInt64 []) resultType secondTypeBi)
                      firstTypeBi)
                    (Lean.Expr.lam firstName (Lean.Expr.const `UInt64 [])
                      (Lean.Expr.lam secondName (Lean.Expr.const `UInt64 []) value secondBi) firstBi)
                    body nondep) =
                none →
              LeanExe.Extract.Core.extractScalarRangeExitWith locals slot
                    (Lean.Expr.letE functionName
                      (Lean.Expr.forallE firstTypeName (Lean.Expr.const `UInt64 [])
                        (Lean.Expr.forallE secondTypeName (Lean.Expr.const `UInt64 []) resultType secondTypeBi)
                        firstTypeBi)
                      (Lean.Expr.lam firstName (Lean.Expr.const `UInt64 [])
                        (Lean.Expr.lam secondName (Lean.Expr.const `UInt64 []) value secondBi) firstBi)
                      body nondep) =
                  none →
                LeanExe.Extract.Core.extractScalarBooleanWordRangeWith locals slot
                      (Lean.Expr.letE functionName
                        (Lean.Expr.forallE firstTypeName (Lean.Expr.const `UInt64 [])
                          (Lean.Expr.forallE secondTypeName (Lean.Expr.const `UInt64 []) resultType secondTypeBi)
                          firstTypeBi)
                        (Lean.Expr.lam firstName (Lean.Expr.const `UInt64 [])
                          (Lean.Expr.lam secondName (Lean.Expr.const `UInt64 []) value secondBi) firstBi)
                        body nondep) =
                    none →
                  (have function :=
                      LeanExe.Extract.Core.ScalarBinding.manyFunction shape.arity fun arguments =>
                        LeanExe.Extract.Core.extractScalarExprWith
                          (List.map LeanExe.Extract.Core.ScalarBinding.word arguments.reverse ++ locals) shape.body;
                    motive (function :: locals) body) →
                    motive locals
                      (Lean.Expr.letE functionName
                        (Lean.Expr.forallE firstTypeName (Lean.Expr.const `UInt64 [])
                          (Lean.Expr.forallE secondTypeName (Lean.Expr.const `UInt64 []) resultType secondTypeBi)
                          firstTypeBi)
                        (Lean.Expr.lam firstName (Lean.Expr.const `UInt64 [])
                          (Lean.Expr.lam secondName (Lean.Expr.const `UInt64 []) value secondBi) firstBi)
                        body nondep))
  (case7 :
    ∀ (locals : List LeanExe.Extract.Core.ScalarBinding) (functionName firstTypeName secondTypeName : Lean.Name)
      (resultType : Lean.Expr) (secondTypeBi firstTypeBi : Lean.BinderInfo) (firstName secondName : Lean.Name)
      (value : Lean.Expr) (secondBi firstBi : Lean.BinderInfo) (body : Lean.Expr) (nondep : Bool)
      (val : LeanExe.Source.Scalar.ResultType),
      LeanExe.Extract.Core.scalarResultType? resultType = some val →
        LeanExe.Extract.Core.extractScalarExprWith locals
              (Lean.Expr.letE functionName
                (Lean.Expr.forallE firstTypeName (Lean.Expr.const `UInt64 [])
                  (Lean.Expr.forallE secondTypeName (Lean.Expr.const `UInt64 []) resultType secondTypeBi) firstTypeBi)
                (Lean.Expr.lam firstName (Lean.Expr.const `UInt64 [])
                  (Lean.Expr.lam secondName (Lean.Expr.const `UInt64 []) value secondBi) firstBi)
                body nondep) =
            none →
          LeanExe.Extract.Core.extractScalarRangeExitWith locals slot
                (Lean.Expr.letE functionName
                  (Lean.Expr.forallE firstTypeName (Lean.Expr.const `UInt64 [])
                    (Lean.Expr.forallE secondTypeName (Lean.Expr.const `UInt64 []) resultType secondTypeBi) firstTypeBi)
                  (Lean.Expr.lam firstName (Lean.Expr.const `UInt64 [])
                    (Lean.Expr.lam secondName (Lean.Expr.const `UInt64 []) value secondBi) firstBi)
                  body nondep) =
              none →
            LeanExe.Extract.Core.extractScalarBooleanWordRangeWith locals slot
                  (Lean.Expr.letE functionName
                    (Lean.Expr.forallE firstTypeName (Lean.Expr.const `UInt64 [])
                      (Lean.Expr.forallE secondTypeName (Lean.Expr.const `UInt64 []) resultType secondTypeBi)
                      firstTypeBi)
                    (Lean.Expr.lam firstName (Lean.Expr.const `UInt64 [])
                      (Lean.Expr.lam secondName (Lean.Expr.const `UInt64 []) value secondBi) firstBi)
                    body nondep) =
                none →
              (have function :=
                  LeanExe.Extract.Core.ScalarBinding.binaryFunction fun first second =>
                    LeanExe.Extract.Core.extractScalarExprWith
                      (LeanExe.Extract.Core.ScalarBinding.word second ::
                        LeanExe.Extract.Core.ScalarBinding.word first :: locals)
                      value;
                motive (function :: locals) body) →
                motive locals
                  (Lean.Expr.letE functionName
                    (Lean.Expr.forallE firstTypeName (Lean.Expr.const `UInt64 [])
                      (Lean.Expr.forallE secondTypeName (Lean.Expr.const `UInt64 []) resultType secondTypeBi)
                      firstTypeBi)
                    (Lean.Expr.lam firstName (Lean.Expr.const `UInt64 [])
                      (Lean.Expr.lam secondName (Lean.Expr.const `UInt64 []) value secondBi) firstBi)
                    body nondep))
  (case8 :
    ∀ (locals : List LeanExe.Extract.Core.ScalarBinding) (declName binderName : Lean.Name) (resultType : Lean.Expr)
      (binderInfo : Lean.BinderInfo) (binderName_1 : Lean.Name) (value : Lean.Expr) (binderInfo_1 : Lean.BinderInfo)
      (body : Lean.Expr) (nondep : Bool),
      (∀ (secondTypeName : Lean.Name) (resultType_1 : Lean.Expr) (secondTypeBi : Lean.BinderInfo)
          (secondName : Lean.Name) (value_1 : Lean.Expr) (secondBi : Lean.BinderInfo),
          resultType = Lean.Expr.forallE secondTypeName (Lean.Expr.const `UInt64 []) resultType_1 secondTypeBi →
            value = Lean.Expr.lam secondName (Lean.Expr.const `UInt64 []) value_1 secondBi → False) →
        LeanExe.Extract.Core.scalarResultType? resultType = none →
          LeanExe.Extract.Core.booleanType? resultType = none →
            LeanExe.Extract.Core.extractScalarExprWith locals
                  (Lean.Expr.letE declName
                    (Lean.Expr.forallE binderName (Lean.Expr.const `UInt64 []) resultType binderInfo)
                    (Lean.Expr.lam binderName_1 (Lean.Expr.const `UInt64 []) value binderInfo_1) body nondep) =
                none →
              LeanExe.Extract.Core.extractScalarRangeExitWith locals slot
                    (Lean.Expr.letE declName
                      (Lean.Expr.forallE binderName (Lean.Expr.const `UInt64 []) resultType binderInfo)
                      (Lean.Expr.lam binderName_1 (Lean.Expr.const `UInt64 []) value binderInfo_1) body nondep) =
                  none →
                LeanExe.Extract.Core.extractScalarBooleanWordRangeWith locals slot
                      (Lean.Expr.letE declName
                        (Lean.Expr.forallE binderName (Lean.Expr.const `UInt64 []) resultType binderInfo)
                        (Lean.Expr.lam binderName_1 (Lean.Expr.const `UInt64 []) value binderInfo_1) body nondep) =
                    none →
                  motive locals
                    (Lean.Expr.letE declName
                      (Lean.Expr.forallE binderName (Lean.Expr.const `UInt64 []) resultType binderInfo)
                      (Lean.Expr.lam binderName_1 (Lean.Expr.const `UInt64 []) value binderInfo_1) body nondep))
  (case9 :
    ∀ (locals : List LeanExe.Extract.Core.ScalarBinding) (declName binderName : Lean.Name) (resultType : Lean.Expr)
      (binderInfo : Lean.BinderInfo) (binderName_1 : Lean.Name) (value : Lean.Expr) (binderInfo_1 : Lean.BinderInfo)
      (body : Lean.Expr) (nondep : Bool),
      (∀ (secondTypeName : Lean.Name) (resultType_1 : Lean.Expr) (secondTypeBi : Lean.BinderInfo)
          (secondName : Lean.Name) (value_1 : Lean.Expr) (secondBi : Lean.BinderInfo),
          resultType = Lean.Expr.forallE secondTypeName (Lean.Expr.const `UInt64 []) resultType_1 secondTypeBi →
            value = Lean.Expr.lam secondName (Lean.Expr.const `UInt64 []) value_1 secondBi → False) →
        LeanExe.Extract.Core.scalarResultType? resultType = none →
          ∀ (val : LeanExe.Source.Scalar.BooleanType),
            LeanExe.Extract.Core.booleanType? resultType = some val →
              LeanExe.Extract.Core.extractScalarExprWith locals
                    (Lean.Expr.letE declName
                      (Lean.Expr.forallE binderName (Lean.Expr.const `UInt64 []) resultType binderInfo)
                      (Lean.Expr.lam binderName_1 (Lean.Expr.const `UInt64 []) value binderInfo_1) body nondep) =
                  none →
                LeanExe.Extract.Core.extractScalarRangeExitWith locals slot
                      (Lean.Expr.letE declName
                        (Lean.Expr.forallE binderName (Lean.Expr.const `UInt64 []) resultType binderInfo)
                        (Lean.Expr.lam binderName_1 (Lean.Expr.const `UInt64 []) value binderInfo_1) body nondep) =
                    none →
                  LeanExe.Extract.Core.extractScalarBooleanWordRangeWith locals slot
                        (Lean.Expr.letE declName
                          (Lean.Expr.forallE binderName (Lean.Expr.const `UInt64 []) resultType binderInfo)
                          (Lean.Expr.lam binderName_1 (Lean.Expr.const `UInt64 []) value binderInfo_1) body nondep) =
                      none →
                    (have function :=
                        LeanExe.Extract.Core.ScalarBinding.predicateFunction fun argument =>
                          LeanExe.Extract.Core.extractScalarExprWith
                            (LeanExe.Extract.Core.ScalarBinding.word argument :: locals)
                            ((Lean.Expr.const `Bool.toUInt64 []).app value);
                      motive (function :: locals) body) →
                      motive locals
                        (Lean.Expr.letE declName
                          (Lean.Expr.forallE binderName (Lean.Expr.const `UInt64 []) resultType binderInfo)
                          (Lean.Expr.lam binderName_1 (Lean.Expr.const `UInt64 []) value binderInfo_1) body nondep))
  (case10 :
    ∀ (locals : List LeanExe.Extract.Core.ScalarBinding) (declName binderName : Lean.Name) (resultType : Lean.Expr)
      (binderInfo : Lean.BinderInfo) (binderName_1 : Lean.Name) (value : Lean.Expr) (binderInfo_1 : Lean.BinderInfo)
      (body : Lean.Expr) (nondep : Bool),
      (∀ (secondTypeName : Lean.Name) (resultType_1 : Lean.Expr) (secondTypeBi : Lean.BinderInfo)
          (secondName : Lean.Name) (value_1 : Lean.Expr) (secondBi : Lean.BinderInfo),
          resultType = Lean.Expr.forallE secondTypeName (Lean.Expr.const `UInt64 []) resultType_1 secondTypeBi →
            value = Lean.Expr.lam secondName (Lean.Expr.const `UInt64 []) value_1 secondBi → False) →
        ∀ (val : LeanExe.Source.Scalar.ResultType),
          LeanExe.Extract.Core.scalarResultType? resultType = some val →
            LeanExe.Extract.Core.extractScalarExprWith locals
                  (Lean.Expr.letE declName
                    (Lean.Expr.forallE binderName (Lean.Expr.const `UInt64 []) resultType binderInfo)
                    (Lean.Expr.lam binderName_1 (Lean.Expr.const `UInt64 []) value binderInfo_1) body nondep) =
                none →
              LeanExe.Extract.Core.extractScalarRangeExitWith locals slot
                    (Lean.Expr.letE declName
                      (Lean.Expr.forallE binderName (Lean.Expr.const `UInt64 []) resultType binderInfo)
                      (Lean.Expr.lam binderName_1 (Lean.Expr.const `UInt64 []) value binderInfo_1) body nondep) =
                  none →
                LeanExe.Extract.Core.extractScalarBooleanWordRangeWith locals slot
                      (Lean.Expr.letE declName
                        (Lean.Expr.forallE binderName (Lean.Expr.const `UInt64 []) resultType binderInfo)
                        (Lean.Expr.lam binderName_1 (Lean.Expr.const `UInt64 []) value binderInfo_1) body nondep) =
                    none →
                  (have function :=
                      LeanExe.Extract.Core.ScalarBinding.function false fun argument =>
                        LeanExe.Extract.Core.extractScalarExprWith
                          (LeanExe.Extract.Core.ScalarBinding.word argument :: locals) value;
                    motive (function :: locals) body) →
                    motive locals
                      (Lean.Expr.letE declName
                        (Lean.Expr.forallE binderName (Lean.Expr.const `UInt64 []) resultType binderInfo)
                        (Lean.Expr.lam binderName_1 (Lean.Expr.const `UInt64 []) value binderInfo_1) body nondep))
  (case11 :
    ∀ (locals : List LeanExe.Extract.Core.ScalarBinding) (declName binderName binderName_1 : Lean.Name)
      (resultType : Lean.Expr) (binderInfo binderInfo_1 : Lean.BinderInfo) (binderName_2 binderName_3 : Lean.Name)
      (value : Lean.Expr) (binderInfo_2 binderInfo_3 : Lean.BinderInfo) (body : Lean.Expr) (nondep : Bool),
      LeanExe.Extract.Core.scalarResultType? resultType = none →
        LeanExe.Extract.Core.extractScalarExprWith locals
              (Lean.Expr.letE declName
                (Lean.Expr.forallE binderName (Lean.Expr.const `Unit [])
                  (Lean.Expr.forallE binderName_1 (Lean.Expr.const `UInt64 []) resultType binderInfo) binderInfo_1)
                (Lean.Expr.lam binderName_2 (Lean.Expr.const `Unit [])
                  (Lean.Expr.lam binderName_3 (Lean.Expr.const `UInt64 []) value binderInfo_2) binderInfo_3)
                body nondep) =
            none →
          LeanExe.Extract.Core.extractScalarRangeExitWith locals slot
                (Lean.Expr.letE declName
                  (Lean.Expr.forallE binderName (Lean.Expr.const `Unit [])
                    (Lean.Expr.forallE binderName_1 (Lean.Expr.const `UInt64 []) resultType binderInfo) binderInfo_1)
                  (Lean.Expr.lam binderName_2 (Lean.Expr.const `Unit [])
                    (Lean.Expr.lam binderName_3 (Lean.Expr.const `UInt64 []) value binderInfo_2) binderInfo_3)
                  body nondep) =
              none →
            LeanExe.Extract.Core.extractScalarBooleanWordRangeWith locals slot
                  (Lean.Expr.letE declName
                    (Lean.Expr.forallE binderName (Lean.Expr.const `Unit [])
                      (Lean.Expr.forallE binderName_1 (Lean.Expr.const `UInt64 []) resultType binderInfo) binderInfo_1)
                    (Lean.Expr.lam binderName_2 (Lean.Expr.const `Unit [])
                      (Lean.Expr.lam binderName_3 (Lean.Expr.const `UInt64 []) value binderInfo_2) binderInfo_3)
                    body nondep) =
                none →
              motive locals
                (Lean.Expr.letE declName
                  (Lean.Expr.forallE binderName (Lean.Expr.const `Unit [])
                    (Lean.Expr.forallE binderName_1 (Lean.Expr.const `UInt64 []) resultType binderInfo) binderInfo_1)
                  (Lean.Expr.lam binderName_2 (Lean.Expr.const `Unit [])
                    (Lean.Expr.lam binderName_3 (Lean.Expr.const `UInt64 []) value binderInfo_2) binderInfo_3)
                  body nondep))
  (case12 :
    ∀ (locals : List LeanExe.Extract.Core.ScalarBinding) (declName binderName binderName_1 : Lean.Name)
      (resultType : Lean.Expr) (binderInfo binderInfo_1 : Lean.BinderInfo) (binderName_2 binderName_3 : Lean.Name)
      (value : Lean.Expr) (binderInfo_2 binderInfo_3 : Lean.BinderInfo) (body : Lean.Expr) (nondep : Bool)
      (val : LeanExe.Source.Scalar.ResultType),
      LeanExe.Extract.Core.scalarResultType? resultType = some val →
        LeanExe.Extract.Core.extractScalarExprWith locals
              (Lean.Expr.letE declName
                (Lean.Expr.forallE binderName (Lean.Expr.const `Unit [])
                  (Lean.Expr.forallE binderName_1 (Lean.Expr.const `UInt64 []) resultType binderInfo) binderInfo_1)
                (Lean.Expr.lam binderName_2 (Lean.Expr.const `Unit [])
                  (Lean.Expr.lam binderName_3 (Lean.Expr.const `UInt64 []) value binderInfo_2) binderInfo_3)
                body nondep) =
            none →
          LeanExe.Extract.Core.extractScalarRangeExitWith locals slot
                (Lean.Expr.letE declName
                  (Lean.Expr.forallE binderName (Lean.Expr.const `Unit [])
                    (Lean.Expr.forallE binderName_1 (Lean.Expr.const `UInt64 []) resultType binderInfo) binderInfo_1)
                  (Lean.Expr.lam binderName_2 (Lean.Expr.const `Unit [])
                    (Lean.Expr.lam binderName_3 (Lean.Expr.const `UInt64 []) value binderInfo_2) binderInfo_3)
                  body nondep) =
              none →
            LeanExe.Extract.Core.extractScalarBooleanWordRangeWith locals slot
                  (Lean.Expr.letE declName
                    (Lean.Expr.forallE binderName (Lean.Expr.const `Unit [])
                      (Lean.Expr.forallE binderName_1 (Lean.Expr.const `UInt64 []) resultType binderInfo) binderInfo_1)
                    (Lean.Expr.lam binderName_2 (Lean.Expr.const `Unit [])
                      (Lean.Expr.lam binderName_3 (Lean.Expr.const `UInt64 []) value binderInfo_2) binderInfo_3)
                    body nondep) =
                none →
              (have function :=
                  LeanExe.Extract.Core.ScalarBinding.function true fun argument =>
                    LeanExe.Extract.Core.extractScalarExprWith
                      (LeanExe.Extract.Core.ScalarBinding.word argument ::
                        LeanExe.Extract.Core.ScalarBinding.unit :: locals)
                      value;
                motive (function :: locals) body) →
                motive locals
                  (Lean.Expr.letE declName
                    (Lean.Expr.forallE binderName (Lean.Expr.const `Unit [])
                      (Lean.Expr.forallE binderName_1 (Lean.Expr.const `UInt64 []) resultType binderInfo) binderInfo_1)
                    (Lean.Expr.lam binderName_2 (Lean.Expr.const `Unit [])
                      (Lean.Expr.lam binderName_3 (Lean.Expr.const `UInt64 []) value binderInfo_2) binderInfo_3)
                    body nondep))
  (case13 :
    ∀ (locals : List LeanExe.Extract.Core.ScalarBinding) (declName binderName binderName_1 : Lean.Name)
      (resultType : Lean.Expr) (binderInfo binderInfo_1 : Lean.BinderInfo) (binderName_2 binderName_3 : Lean.Name)
      (value : Lean.Expr) (binderInfo_2 binderInfo_3 : Lean.BinderInfo) (body : Lean.Expr) (nondep : Bool),
      LeanExe.Extract.Core.scalarResultType? resultType = none →
        LeanExe.Extract.Core.extractScalarExprWith locals
              (Lean.Expr.letE declName
                (Lean.Expr.forallE binderName (Lean.Expr.const `PUnit [Lean.Level.zero.succ])
                  (Lean.Expr.forallE binderName_1 (Lean.Expr.const `UInt64 []) resultType binderInfo) binderInfo_1)
                (Lean.Expr.lam binderName_2 (Lean.Expr.const `PUnit [Lean.Level.zero.succ])
                  (Lean.Expr.lam binderName_3 (Lean.Expr.const `UInt64 []) value binderInfo_2) binderInfo_3)
                body nondep) =
            none →
          LeanExe.Extract.Core.extractScalarRangeExitWith locals slot
                (Lean.Expr.letE declName
                  (Lean.Expr.forallE binderName (Lean.Expr.const `PUnit [Lean.Level.zero.succ])
                    (Lean.Expr.forallE binderName_1 (Lean.Expr.const `UInt64 []) resultType binderInfo) binderInfo_1)
                  (Lean.Expr.lam binderName_2 (Lean.Expr.const `PUnit [Lean.Level.zero.succ])
                    (Lean.Expr.lam binderName_3 (Lean.Expr.const `UInt64 []) value binderInfo_2) binderInfo_3)
                  body nondep) =
              none →
            LeanExe.Extract.Core.extractScalarBooleanWordRangeWith locals slot
                  (Lean.Expr.letE declName
                    (Lean.Expr.forallE binderName (Lean.Expr.const `PUnit [Lean.Level.zero.succ])
                      (Lean.Expr.forallE binderName_1 (Lean.Expr.const `UInt64 []) resultType binderInfo) binderInfo_1)
                    (Lean.Expr.lam binderName_2 (Lean.Expr.const `PUnit [Lean.Level.zero.succ])
                      (Lean.Expr.lam binderName_3 (Lean.Expr.const `UInt64 []) value binderInfo_2) binderInfo_3)
                    body nondep) =
                none →
              motive locals
                (Lean.Expr.letE declName
                  (Lean.Expr.forallE binderName (Lean.Expr.const `PUnit [Lean.Level.zero.succ])
                    (Lean.Expr.forallE binderName_1 (Lean.Expr.const `UInt64 []) resultType binderInfo) binderInfo_1)
                  (Lean.Expr.lam binderName_2 (Lean.Expr.const `PUnit [Lean.Level.zero.succ])
                    (Lean.Expr.lam binderName_3 (Lean.Expr.const `UInt64 []) value binderInfo_2) binderInfo_3)
                  body nondep))
  (case14 :
    ∀ (locals : List LeanExe.Extract.Core.ScalarBinding) (declName binderName binderName_1 : Lean.Name)
      (resultType : Lean.Expr) (binderInfo binderInfo_1 : Lean.BinderInfo) (binderName_2 binderName_3 : Lean.Name)
      (value : Lean.Expr) (binderInfo_2 binderInfo_3 : Lean.BinderInfo) (body : Lean.Expr) (nondep : Bool)
      (val : LeanExe.Source.Scalar.ResultType),
      LeanExe.Extract.Core.scalarResultType? resultType = some val →
        LeanExe.Extract.Core.extractScalarExprWith locals
              (Lean.Expr.letE declName
                (Lean.Expr.forallE binderName (Lean.Expr.const `PUnit [Lean.Level.zero.succ])
                  (Lean.Expr.forallE binderName_1 (Lean.Expr.const `UInt64 []) resultType binderInfo) binderInfo_1)
                (Lean.Expr.lam binderName_2 (Lean.Expr.const `PUnit [Lean.Level.zero.succ])
                  (Lean.Expr.lam binderName_3 (Lean.Expr.const `UInt64 []) value binderInfo_2) binderInfo_3)
                body nondep) =
            none →
          LeanExe.Extract.Core.extractScalarRangeExitWith locals slot
                (Lean.Expr.letE declName
                  (Lean.Expr.forallE binderName (Lean.Expr.const `PUnit [Lean.Level.zero.succ])
                    (Lean.Expr.forallE binderName_1 (Lean.Expr.const `UInt64 []) resultType binderInfo) binderInfo_1)
                  (Lean.Expr.lam binderName_2 (Lean.Expr.const `PUnit [Lean.Level.zero.succ])
                    (Lean.Expr.lam binderName_3 (Lean.Expr.const `UInt64 []) value binderInfo_2) binderInfo_3)
                  body nondep) =
              none →
            LeanExe.Extract.Core.extractScalarBooleanWordRangeWith locals slot
                  (Lean.Expr.letE declName
                    (Lean.Expr.forallE binderName (Lean.Expr.const `PUnit [Lean.Level.zero.succ])
                      (Lean.Expr.forallE binderName_1 (Lean.Expr.const `UInt64 []) resultType binderInfo) binderInfo_1)
                    (Lean.Expr.lam binderName_2 (Lean.Expr.const `PUnit [Lean.Level.zero.succ])
                      (Lean.Expr.lam binderName_3 (Lean.Expr.const `UInt64 []) value binderInfo_2) binderInfo_3)
                    body nondep) =
                none →
              (have function :=
                  LeanExe.Extract.Core.ScalarBinding.function true fun argument =>
                    LeanExe.Extract.Core.extractScalarExprWith
                      (LeanExe.Extract.Core.ScalarBinding.word argument ::
                        LeanExe.Extract.Core.ScalarBinding.unit :: locals)
                      value;
                motive (function :: locals) body) →
                motive locals
                  (Lean.Expr.letE declName
                    (Lean.Expr.forallE binderName (Lean.Expr.const `PUnit [Lean.Level.zero.succ])
                      (Lean.Expr.forallE binderName_1 (Lean.Expr.const `UInt64 []) resultType binderInfo) binderInfo_1)
                    (Lean.Expr.lam binderName_2 (Lean.Expr.const `PUnit [Lean.Level.zero.succ])
                      (Lean.Expr.lam binderName_3 (Lean.Expr.const `UInt64 []) value binderInfo_2) binderInfo_3)
                    body nondep))
  (case15 :
    ∀ (locals : List LeanExe.Extract.Core.ScalarBinding) (declName binderName : Lean.Name) (resultType : Lean.Expr)
      (binderInfo : Lean.BinderInfo) (binderName_1 : Lean.Name) (value : Lean.Expr) (binderInfo_1 : Lean.BinderInfo)
      (body : Lean.Expr) (nondep : Bool),
      LeanExe.Extract.Core.scalarResultType? resultType = none →
        LeanExe.Extract.Core.booleanType? resultType = none →
          LeanExe.Extract.Core.extractScalarExprWith locals
                (Lean.Expr.letE declName (Lean.Expr.forallE binderName (Lean.Expr.const `Bool []) resultType binderInfo)
                  (Lean.Expr.lam binderName_1 (Lean.Expr.const `Bool []) value binderInfo_1) body nondep) =
              none →
            LeanExe.Extract.Core.extractScalarRangeExitWith locals slot
                  (Lean.Expr.letE declName
                    (Lean.Expr.forallE binderName (Lean.Expr.const `Bool []) resultType binderInfo)
                    (Lean.Expr.lam binderName_1 (Lean.Expr.const `Bool []) value binderInfo_1) body nondep) =
                none →
              LeanExe.Extract.Core.extractScalarBooleanWordRangeWith locals slot
                    (Lean.Expr.letE declName
                      (Lean.Expr.forallE binderName (Lean.Expr.const `Bool []) resultType binderInfo)
                      (Lean.Expr.lam binderName_1 (Lean.Expr.const `Bool []) value binderInfo_1) body nondep) =
                  none →
                motive locals
                  (Lean.Expr.letE declName
                    (Lean.Expr.forallE binderName (Lean.Expr.const `Bool []) resultType binderInfo)
                    (Lean.Expr.lam binderName_1 (Lean.Expr.const `Bool []) value binderInfo_1) body nondep))
  (case16 :
    ∀ (locals : List LeanExe.Extract.Core.ScalarBinding) (declName binderName : Lean.Name) (resultType : Lean.Expr)
      (binderInfo : Lean.BinderInfo) (binderName_1 : Lean.Name) (value : Lean.Expr) (binderInfo_1 : Lean.BinderInfo)
      (body : Lean.Expr) (nondep : Bool),
      LeanExe.Extract.Core.scalarResultType? resultType = none →
        ∀ (val : LeanExe.Source.Scalar.BooleanType),
          LeanExe.Extract.Core.booleanType? resultType = some val →
            LeanExe.Extract.Core.extractScalarExprWith locals
                  (Lean.Expr.letE declName
                    (Lean.Expr.forallE binderName (Lean.Expr.const `Bool []) resultType binderInfo)
                    (Lean.Expr.lam binderName_1 (Lean.Expr.const `Bool []) value binderInfo_1) body nondep) =
                none →
              LeanExe.Extract.Core.extractScalarRangeExitWith locals slot
                    (Lean.Expr.letE declName
                      (Lean.Expr.forallE binderName (Lean.Expr.const `Bool []) resultType binderInfo)
                      (Lean.Expr.lam binderName_1 (Lean.Expr.const `Bool []) value binderInfo_1) body nondep) =
                  none →
                LeanExe.Extract.Core.extractScalarBooleanWordRangeWith locals slot
                      (Lean.Expr.letE declName
                        (Lean.Expr.forallE binderName (Lean.Expr.const `Bool []) resultType binderInfo)
                        (Lean.Expr.lam binderName_1 (Lean.Expr.const `Bool []) value binderInfo_1) body nondep) =
                    none →
                  (have function :=
                      LeanExe.Extract.Core.ScalarBinding.booleanPredicateFunction fun argument =>
                        LeanExe.Extract.Core.extractScalarExprWith
                          (LeanExe.Extract.Core.ScalarBinding.boolean argument :: locals)
                          ((Lean.Expr.const `Bool.toUInt64 []).app value);
                    motive (function :: locals) body) →
                    motive locals
                      (Lean.Expr.letE declName
                        (Lean.Expr.forallE binderName (Lean.Expr.const `Bool []) resultType binderInfo)
                        (Lean.Expr.lam binderName_1 (Lean.Expr.const `Bool []) value binderInfo_1) body nondep))
  (case17 :
    ∀ (locals : List LeanExe.Extract.Core.ScalarBinding) (declName binderName : Lean.Name) (resultType : Lean.Expr)
      (binderInfo : Lean.BinderInfo) (binderName_1 : Lean.Name) (value : Lean.Expr) (binderInfo_1 : Lean.BinderInfo)
      (body : Lean.Expr) (nondep : Bool) (val : LeanExe.Source.Scalar.ResultType),
      LeanExe.Extract.Core.scalarResultType? resultType = some val →
        LeanExe.Extract.Core.extractScalarExprWith locals
              (Lean.Expr.letE declName (Lean.Expr.forallE binderName (Lean.Expr.const `Bool []) resultType binderInfo)
                (Lean.Expr.lam binderName_1 (Lean.Expr.const `Bool []) value binderInfo_1) body nondep) =
            none →
          LeanExe.Extract.Core.extractScalarRangeExitWith locals slot
                (Lean.Expr.letE declName (Lean.Expr.forallE binderName (Lean.Expr.const `Bool []) resultType binderInfo)
                  (Lean.Expr.lam binderName_1 (Lean.Expr.const `Bool []) value binderInfo_1) body nondep) =
              none →
            LeanExe.Extract.Core.extractScalarBooleanWordRangeWith locals slot
                  (Lean.Expr.letE declName
                    (Lean.Expr.forallE binderName (Lean.Expr.const `Bool []) resultType binderInfo)
                    (Lean.Expr.lam binderName_1 (Lean.Expr.const `Bool []) value binderInfo_1) body nondep) =
                none →
              (have function :=
                  LeanExe.Extract.Core.ScalarBinding.booleanFunction fun argument =>
                    LeanExe.Extract.Core.extractScalarExprWith
                      (LeanExe.Extract.Core.ScalarBinding.boolean argument :: locals) value;
                motive (function :: locals) body) →
                motive locals
                  (Lean.Expr.letE declName
                    (Lean.Expr.forallE binderName (Lean.Expr.const `Bool []) resultType binderInfo)
                    (Lean.Expr.lam binderName_1 (Lean.Expr.const `Bool []) value binderInfo_1) body nondep))
  (case18 :
    ∀ (locals : List LeanExe.Extract.Core.ScalarBinding) (name typeName : Lean.Name) (resultType : Lean.Expr)
      (typeBi : Lean.BinderInfo) (paramName : Lean.Name) (domain value : Lean.Expr) (paramBi : Lean.BinderInfo)
      (body : Lean.Expr) (nondep : Bool),
      LeanExe.Extract.Core.extractScalarExprWith locals
            (Lean.Expr.letE name
              (Lean.Expr.forallE typeName ((Lean.Expr.const `Id [Lean.Level.zero]).app domain) resultType typeBi)
              (Lean.Expr.lam paramName ((Lean.Expr.const `Id [Lean.Level.zero]).app domain) value paramBi) body
              nondep) =
          none →
        LeanExe.Extract.Core.extractScalarRangeExitWith locals slot
              (Lean.Expr.letE name
                (Lean.Expr.forallE typeName ((Lean.Expr.const `Id [Lean.Level.zero]).app domain) resultType typeBi)
                (Lean.Expr.lam paramName ((Lean.Expr.const `Id [Lean.Level.zero]).app domain) value paramBi) body
                nondep) =
            none →
          LeanExe.Extract.Core.extractScalarBooleanWordRangeWith locals slot
                (Lean.Expr.letE name
                  (Lean.Expr.forallE typeName ((Lean.Expr.const `Id [Lean.Level.zero]).app domain) resultType typeBi)
                  (Lean.Expr.lam paramName ((Lean.Expr.const `Id [Lean.Level.zero]).app domain) value paramBi) body
                  nondep) =
              none →
            motive locals
                (Lean.Expr.letE name (Lean.Expr.forallE typeName domain resultType typeBi)
                  (Lean.Expr.lam paramName domain value paramBi) body nondep) →
              motive locals
                (Lean.Expr.letE name
                  (Lean.Expr.forallE typeName ((Lean.Expr.const `Id [Lean.Level.zero]).app domain) resultType typeBi)
                  (Lean.Expr.lam paramName ((Lean.Expr.const `Id [Lean.Level.zero]).app domain) value paramBi) body
                  nondep))
  (case19 :
    ∀ (locals : List LeanExe.Extract.Core.ScalarBinding) (name typeName : Lean.Name) (input resultType : Lean.Expr)
      (typeBi : Lean.BinderInfo) (paramName : Lean.Name) (domain value : Lean.Expr) (paramBi : Lean.BinderInfo)
      (body : Lean.Expr) (nondep : Bool),
      ¬input = domain →
        LeanExe.Extract.Core.extractScalarExprWith locals
              (Lean.Expr.letE name
                (Lean.Expr.forallE typeName ((Lean.Expr.const `Id [Lean.Level.zero]).app input) resultType typeBi)
                (Lean.Expr.lam paramName ((Lean.Expr.const `Id [Lean.Level.zero]).app domain) value paramBi) body
                nondep) =
            none →
          LeanExe.Extract.Core.extractScalarRangeExitWith locals slot
                (Lean.Expr.letE name
                  (Lean.Expr.forallE typeName ((Lean.Expr.const `Id [Lean.Level.zero]).app input) resultType typeBi)
                  (Lean.Expr.lam paramName ((Lean.Expr.const `Id [Lean.Level.zero]).app domain) value paramBi) body
                  nondep) =
              none →
            LeanExe.Extract.Core.extractScalarBooleanWordRangeWith locals slot
                  (Lean.Expr.letE name
                    (Lean.Expr.forallE typeName ((Lean.Expr.const `Id [Lean.Level.zero]).app input) resultType typeBi)
                    (Lean.Expr.lam paramName ((Lean.Expr.const `Id [Lean.Level.zero]).app domain) value paramBi) body
                    nondep) =
                none →
              motive locals
                (Lean.Expr.letE name
                  (Lean.Expr.forallE typeName ((Lean.Expr.const `Id [Lean.Level.zero]).app input) resultType typeBi)
                  (Lean.Expr.lam paramName ((Lean.Expr.const `Id [Lean.Level.zero]).app domain) value paramBi) body
                  nondep))
  (case20 :
    ∀ (locals : List LeanExe.Extract.Core.ScalarBinding) (declName : Lean.Name) (type value body : Lean.Expr)
      (nondep : Bool),
      (∀ (firstTypeName secondTypeName : Lean.Name) (resultType : Lean.Expr)
          (secondTypeBi firstTypeBi : Lean.BinderInfo) (firstName secondName : Lean.Name) (value_1 : Lean.Expr)
          (secondBi firstBi : Lean.BinderInfo),
          type =
              Lean.Expr.forallE firstTypeName (Lean.Expr.const `UInt64 [])
                (Lean.Expr.forallE secondTypeName (Lean.Expr.const `UInt64 []) resultType secondTypeBi) firstTypeBi →
            value =
                Lean.Expr.lam firstName (Lean.Expr.const `UInt64 [])
                  (Lean.Expr.lam secondName (Lean.Expr.const `UInt64 []) value_1 secondBi) firstBi →
              False) →
        (∀ (binderName : Lean.Name) (resultType : Lean.Expr) (binderInfo : Lean.BinderInfo) (binderName_1 : Lean.Name)
            (value_1 : Lean.Expr) (binderInfo_1 : Lean.BinderInfo),
            type = Lean.Expr.forallE binderName (Lean.Expr.const `UInt64 []) resultType binderInfo →
              value = Lean.Expr.lam binderName_1 (Lean.Expr.const `UInt64 []) value_1 binderInfo_1 → False) →
          (∀ (binderName binderName_1 : Lean.Name) (resultType : Lean.Expr) (binderInfo binderInfo_1 : Lean.BinderInfo)
              (binderName_2 binderName_3 : Lean.Name) (value_1 : Lean.Expr)
              (binderInfo_2 binderInfo_3 : Lean.BinderInfo),
              type =
                  Lean.Expr.forallE binderName (Lean.Expr.const `Unit [])
                    (Lean.Expr.forallE binderName_1 (Lean.Expr.const `UInt64 []) resultType binderInfo) binderInfo_1 →
                value =
                    Lean.Expr.lam binderName_2 (Lean.Expr.const `Unit [])
                      (Lean.Expr.lam binderName_3 (Lean.Expr.const `UInt64 []) value_1 binderInfo_2) binderInfo_3 →
                  False) →
            (∀ (binderName binderName_1 : Lean.Name) (resultType : Lean.Expr)
                (binderInfo binderInfo_1 : Lean.BinderInfo) (binderName_2 binderName_3 : Lean.Name)
                (value_1 : Lean.Expr) (binderInfo_2 binderInfo_3 : Lean.BinderInfo),
                type =
                    Lean.Expr.forallE binderName (Lean.Expr.const `PUnit [Lean.Level.zero.succ])
                      (Lean.Expr.forallE binderName_1 (Lean.Expr.const `UInt64 []) resultType binderInfo) binderInfo_1 →
                  value =
                      Lean.Expr.lam binderName_2 (Lean.Expr.const `PUnit [Lean.Level.zero.succ])
                        (Lean.Expr.lam binderName_3 (Lean.Expr.const `UInt64 []) value_1 binderInfo_2) binderInfo_3 →
                    False) →
              (∀ (binderName : Lean.Name) (resultType : Lean.Expr) (binderInfo : Lean.BinderInfo)
                  (binderName_1 : Lean.Name) (value_1 : Lean.Expr) (binderInfo_1 : Lean.BinderInfo),
                  type = Lean.Expr.forallE binderName (Lean.Expr.const `Bool []) resultType binderInfo →
                    value = Lean.Expr.lam binderName_1 (Lean.Expr.const `Bool []) value_1 binderInfo_1 → False) →
                (∀ (typeName : Lean.Name) (input resultType : Lean.Expr) (typeBi : Lean.BinderInfo)
                    (paramName : Lean.Name) (domain value_1 : Lean.Expr) (paramBi : Lean.BinderInfo),
                    type =
                        Lean.Expr.forallE typeName ((Lean.Expr.const `Id [Lean.Level.zero]).app input) resultType
                          typeBi →
                      value =
                          Lean.Expr.lam paramName ((Lean.Expr.const `Id [Lean.Level.zero]).app domain) value_1 paramBi →
                        False) →
                  LeanExe.Extract.Core.booleanType? type = none →
                    LeanExe.Extract.Core.scalarResultType? type = none →
                      LeanExe.Extract.Core.extractScalarExprWith locals
                            (Lean.Expr.letE declName type value body nondep) =
                          none →
                        LeanExe.Extract.Core.extractScalarRangeExitWith locals slot
                              (Lean.Expr.letE declName type value body nondep) =
                            none →
                          LeanExe.Extract.Core.extractScalarBooleanWordRangeWith locals slot
                                (Lean.Expr.letE declName type value body nondep) =
                              none →
                            motive locals (Lean.Expr.letE declName type value body nondep))
  (case21 :
    ∀ (locals : List LeanExe.Extract.Core.ScalarBinding) (declName : Lean.Name) (type value body : Lean.Expr)
      (nondep : Bool),
      (∀ (firstTypeName secondTypeName : Lean.Name) (resultType : Lean.Expr)
          (secondTypeBi firstTypeBi : Lean.BinderInfo) (firstName secondName : Lean.Name) (value_1 : Lean.Expr)
          (secondBi firstBi : Lean.BinderInfo),
          type =
              Lean.Expr.forallE firstTypeName (Lean.Expr.const `UInt64 [])
                (Lean.Expr.forallE secondTypeName (Lean.Expr.const `UInt64 []) resultType secondTypeBi) firstTypeBi →
            value =
                Lean.Expr.lam firstName (Lean.Expr.const `UInt64 [])
                  (Lean.Expr.lam secondName (Lean.Expr.const `UInt64 []) value_1 secondBi) firstBi →
              False) →
        (∀ (binderName : Lean.Name) (resultType : Lean.Expr) (binderInfo : Lean.BinderInfo) (binderName_1 : Lean.Name)
            (value_1 : Lean.Expr) (binderInfo_1 : Lean.BinderInfo),
            type = Lean.Expr.forallE binderName (Lean.Expr.const `UInt64 []) resultType binderInfo →
              value = Lean.Expr.lam binderName_1 (Lean.Expr.const `UInt64 []) value_1 binderInfo_1 → False) →
          (∀ (binderName binderName_1 : Lean.Name) (resultType : Lean.Expr) (binderInfo binderInfo_1 : Lean.BinderInfo)
              (binderName_2 binderName_3 : Lean.Name) (value_1 : Lean.Expr)
              (binderInfo_2 binderInfo_3 : Lean.BinderInfo),
              type =
                  Lean.Expr.forallE binderName (Lean.Expr.const `Unit [])
                    (Lean.Expr.forallE binderName_1 (Lean.Expr.const `UInt64 []) resultType binderInfo) binderInfo_1 →
                value =
                    Lean.Expr.lam binderName_2 (Lean.Expr.const `Unit [])
                      (Lean.Expr.lam binderName_3 (Lean.Expr.const `UInt64 []) value_1 binderInfo_2) binderInfo_3 →
                  False) →
            (∀ (binderName binderName_1 : Lean.Name) (resultType : Lean.Expr)
                (binderInfo binderInfo_1 : Lean.BinderInfo) (binderName_2 binderName_3 : Lean.Name)
                (value_1 : Lean.Expr) (binderInfo_2 binderInfo_3 : Lean.BinderInfo),
                type =
                    Lean.Expr.forallE binderName (Lean.Expr.const `PUnit [Lean.Level.zero.succ])
                      (Lean.Expr.forallE binderName_1 (Lean.Expr.const `UInt64 []) resultType binderInfo) binderInfo_1 →
                  value =
                      Lean.Expr.lam binderName_2 (Lean.Expr.const `PUnit [Lean.Level.zero.succ])
                        (Lean.Expr.lam binderName_3 (Lean.Expr.const `UInt64 []) value_1 binderInfo_2) binderInfo_3 →
                    False) →
              (∀ (binderName : Lean.Name) (resultType : Lean.Expr) (binderInfo : Lean.BinderInfo)
                  (binderName_1 : Lean.Name) (value_1 : Lean.Expr) (binderInfo_1 : Lean.BinderInfo),
                  type = Lean.Expr.forallE binderName (Lean.Expr.const `Bool []) resultType binderInfo →
                    value = Lean.Expr.lam binderName_1 (Lean.Expr.const `Bool []) value_1 binderInfo_1 → False) →
                (∀ (typeName : Lean.Name) (input resultType : Lean.Expr) (typeBi : Lean.BinderInfo)
                    (paramName : Lean.Name) (domain value_1 : Lean.Expr) (paramBi : Lean.BinderInfo),
                    type =
                        Lean.Expr.forallE typeName ((Lean.Expr.const `Id [Lean.Level.zero]).app input) resultType
                          typeBi →
                      value =
                          Lean.Expr.lam paramName ((Lean.Expr.const `Id [Lean.Level.zero]).app domain) value_1 paramBi →
                        False) →
                  LeanExe.Extract.Core.booleanType? type = none →
                    ∀ (val : LeanExe.Source.Scalar.ResultType),
                      LeanExe.Extract.Core.scalarResultType? type = some val →
                        LeanExe.Extract.Core.extractScalarExprWith locals
                              (Lean.Expr.letE declName type value body nondep) =
                            none →
                          LeanExe.Extract.Core.extractScalarRangeExitWith locals slot
                                (Lean.Expr.letE declName type value body nondep) =
                              none →
                            LeanExe.Extract.Core.extractScalarBooleanWordRangeWith locals slot
                                  (Lean.Expr.letE declName type value body nondep) =
                                none →
                              (∀ (bound : LeanExe.IR.Expr),
                                  motive (LeanExe.Extract.Core.ScalarBinding.word bound :: locals) body) →
                                motive locals value → motive locals (Lean.Expr.letE declName type value body nondep))
  (case22 :
    ∀ (locals : List LeanExe.Extract.Core.ScalarBinding) (declName : Lean.Name) (type value body : Lean.Expr)
      (nondep : Bool),
      (∀ (firstTypeName secondTypeName : Lean.Name) (resultType : Lean.Expr)
          (secondTypeBi firstTypeBi : Lean.BinderInfo) (firstName secondName : Lean.Name) (value_1 : Lean.Expr)
          (secondBi firstBi : Lean.BinderInfo),
          type =
              Lean.Expr.forallE firstTypeName (Lean.Expr.const `UInt64 [])
                (Lean.Expr.forallE secondTypeName (Lean.Expr.const `UInt64 []) resultType secondTypeBi) firstTypeBi →
            value =
                Lean.Expr.lam firstName (Lean.Expr.const `UInt64 [])
                  (Lean.Expr.lam secondName (Lean.Expr.const `UInt64 []) value_1 secondBi) firstBi →
              False) →
        (∀ (binderName : Lean.Name) (resultType : Lean.Expr) (binderInfo : Lean.BinderInfo) (binderName_1 : Lean.Name)
            (value_1 : Lean.Expr) (binderInfo_1 : Lean.BinderInfo),
            type = Lean.Expr.forallE binderName (Lean.Expr.const `UInt64 []) resultType binderInfo →
              value = Lean.Expr.lam binderName_1 (Lean.Expr.const `UInt64 []) value_1 binderInfo_1 → False) →
          (∀ (binderName binderName_1 : Lean.Name) (resultType : Lean.Expr) (binderInfo binderInfo_1 : Lean.BinderInfo)
              (binderName_2 binderName_3 : Lean.Name) (value_1 : Lean.Expr)
              (binderInfo_2 binderInfo_3 : Lean.BinderInfo),
              type =
                  Lean.Expr.forallE binderName (Lean.Expr.const `Unit [])
                    (Lean.Expr.forallE binderName_1 (Lean.Expr.const `UInt64 []) resultType binderInfo) binderInfo_1 →
                value =
                    Lean.Expr.lam binderName_2 (Lean.Expr.const `Unit [])
                      (Lean.Expr.lam binderName_3 (Lean.Expr.const `UInt64 []) value_1 binderInfo_2) binderInfo_3 →
                  False) →
            (∀ (binderName binderName_1 : Lean.Name) (resultType : Lean.Expr)
                (binderInfo binderInfo_1 : Lean.BinderInfo) (binderName_2 binderName_3 : Lean.Name)
                (value_1 : Lean.Expr) (binderInfo_2 binderInfo_3 : Lean.BinderInfo),
                type =
                    Lean.Expr.forallE binderName (Lean.Expr.const `PUnit [Lean.Level.zero.succ])
                      (Lean.Expr.forallE binderName_1 (Lean.Expr.const `UInt64 []) resultType binderInfo) binderInfo_1 →
                  value =
                      Lean.Expr.lam binderName_2 (Lean.Expr.const `PUnit [Lean.Level.zero.succ])
                        (Lean.Expr.lam binderName_3 (Lean.Expr.const `UInt64 []) value_1 binderInfo_2) binderInfo_3 →
                    False) →
              (∀ (binderName : Lean.Name) (resultType : Lean.Expr) (binderInfo : Lean.BinderInfo)
                  (binderName_1 : Lean.Name) (value_1 : Lean.Expr) (binderInfo_1 : Lean.BinderInfo),
                  type = Lean.Expr.forallE binderName (Lean.Expr.const `Bool []) resultType binderInfo →
                    value = Lean.Expr.lam binderName_1 (Lean.Expr.const `Bool []) value_1 binderInfo_1 → False) →
                (∀ (typeName : Lean.Name) (input resultType : Lean.Expr) (typeBi : Lean.BinderInfo)
                    (paramName : Lean.Name) (domain value_1 : Lean.Expr) (paramBi : Lean.BinderInfo),
                    type =
                        Lean.Expr.forallE typeName ((Lean.Expr.const `Id [Lean.Level.zero]).app input) resultType
                          typeBi →
                      value =
                          Lean.Expr.lam paramName ((Lean.Expr.const `Id [Lean.Level.zero]).app domain) value_1 paramBi →
                        False) →
                  ∀ (val : LeanExe.Source.Scalar.BooleanType),
                    LeanExe.Extract.Core.booleanType? type = some val →
                      LeanExe.Extract.Core.extractScalarExprWith locals
                            (Lean.Expr.letE declName type value body nondep) =
                          none →
                        LeanExe.Extract.Core.extractScalarRangeExitWith locals slot
                              (Lean.Expr.letE declName type value body nondep) =
                            none →
                          LeanExe.Extract.Core.extractScalarBooleanWordRangeWith locals slot
                                (Lean.Expr.letE declName type value body nondep) =
                              none →
                            (∀ (bound : LeanExe.IR.Expr),
                                motive (LeanExe.Extract.Core.ScalarBinding.boolean bound :: locals) body) →
                              motive locals (Lean.Expr.letE declName type value body nondep))
  (case23 :
    ∀ (locals : List LeanExe.Extract.Core.ScalarBinding) (input output value : Lean.Expr) (binderName : Lean.Name)
      (domain body : Lean.Expr) (binderInfo : Lean.BinderInfo),
      LeanExe.Extract.Core.booleanWordRangeBindTypes? input domain output = none →
        LeanExe.Extract.Core.scalarBindTypes? input domain output = none →
          LeanExe.Extract.Core.extractScalarExprWith locals
                (((((((Lean.Expr.const `Bind.bind [Lean.Level.zero, Lean.Level.zero]).app
                                      (Lean.Expr.const `Id [Lean.Level.zero])).app
                                  (((Lean.Expr.const `Monad.toBind [Lean.Level.zero, Lean.Level.zero]).app
                                        (Lean.Expr.const `Id [Lean.Level.zero])).app
                                    (Lean.Expr.const `Id.instMonad [Lean.Level.zero]))).app
                              input).app
                          output).app
                      value).app
                  (Lean.Expr.lam binderName domain body binderInfo)) =
              none →
            LeanExe.Extract.Core.extractScalarRangeExitWith locals slot
                  (((((((Lean.Expr.const `Bind.bind [Lean.Level.zero, Lean.Level.zero]).app
                                        (Lean.Expr.const `Id [Lean.Level.zero])).app
                                    (((Lean.Expr.const `Monad.toBind [Lean.Level.zero, Lean.Level.zero]).app
                                          (Lean.Expr.const `Id [Lean.Level.zero])).app
                                      (Lean.Expr.const `Id.instMonad [Lean.Level.zero]))).app
                                input).app
                            output).app
                        value).app
                    (Lean.Expr.lam binderName domain body binderInfo)) =
                none →
              LeanExe.Extract.Core.extractScalarBooleanWordRangeWith locals slot
                    (((((((Lean.Expr.const `Bind.bind [Lean.Level.zero, Lean.Level.zero]).app
                                          (Lean.Expr.const `Id [Lean.Level.zero])).app
                                      (((Lean.Expr.const `Monad.toBind [Lean.Level.zero, Lean.Level.zero]).app
                                            (Lean.Expr.const `Id [Lean.Level.zero])).app
                                        (Lean.Expr.const `Id.instMonad [Lean.Level.zero]))).app
                                  input).app
                              output).app
                          value).app
                      (Lean.Expr.lam binderName domain body binderInfo)) =
                  none →
                motive locals
                  (((((((Lean.Expr.const `Bind.bind [Lean.Level.zero, Lean.Level.zero]).app
                                        (Lean.Expr.const `Id [Lean.Level.zero])).app
                                    (((Lean.Expr.const `Monad.toBind [Lean.Level.zero, Lean.Level.zero]).app
                                          (Lean.Expr.const `Id [Lean.Level.zero])).app
                                      (Lean.Expr.const `Id.instMonad [Lean.Level.zero]))).app
                                input).app
                            output).app
                        value).app
                    (Lean.Expr.lam binderName domain body binderInfo)))
  (case24 :
    ∀ (locals : List LeanExe.Extract.Core.ScalarBinding) (input output value : Lean.Expr) (binderName : Lean.Name)
      (domain body : Lean.Expr) (binderInfo : Lean.BinderInfo),
      LeanExe.Extract.Core.booleanWordRangeBindTypes? input domain output = none →
        ∀ (val : LeanExe.Source.Scalar.ResultType × LeanExe.Source.Scalar.ResultType),
          LeanExe.Extract.Core.scalarBindTypes? input domain output = some val →
            LeanExe.Extract.Core.extractScalarExprWith locals
                  (((((((Lean.Expr.const `Bind.bind [Lean.Level.zero, Lean.Level.zero]).app
                                        (Lean.Expr.const `Id [Lean.Level.zero])).app
                                    (((Lean.Expr.const `Monad.toBind [Lean.Level.zero, Lean.Level.zero]).app
                                          (Lean.Expr.const `Id [Lean.Level.zero])).app
                                      (Lean.Expr.const `Id.instMonad [Lean.Level.zero]))).app
                                input).app
                            output).app
                        value).app
                    (Lean.Expr.lam binderName domain body binderInfo)) =
                none →
              LeanExe.Extract.Core.extractScalarRangeExitWith locals slot
                    (((((((Lean.Expr.const `Bind.bind [Lean.Level.zero, Lean.Level.zero]).app
                                          (Lean.Expr.const `Id [Lean.Level.zero])).app
                                      (((Lean.Expr.const `Monad.toBind [Lean.Level.zero, Lean.Level.zero]).app
                                            (Lean.Expr.const `Id [Lean.Level.zero])).app
                                        (Lean.Expr.const `Id.instMonad [Lean.Level.zero]))).app
                                  input).app
                              output).app
                          value).app
                      (Lean.Expr.lam binderName domain body binderInfo)) =
                  none →
                LeanExe.Extract.Core.extractScalarBooleanWordRangeWith locals slot
                      (((((((Lean.Expr.const `Bind.bind [Lean.Level.zero, Lean.Level.zero]).app
                                            (Lean.Expr.const `Id [Lean.Level.zero])).app
                                        (((Lean.Expr.const `Monad.toBind [Lean.Level.zero, Lean.Level.zero]).app
                                              (Lean.Expr.const `Id [Lean.Level.zero])).app
                                          (Lean.Expr.const `Id.instMonad [Lean.Level.zero]))).app
                                    input).app
                                output).app
                            value).app
                        (Lean.Expr.lam binderName domain body binderInfo)) =
                    none →
                  (∀ (bound : LeanExe.IR.Expr), motive (LeanExe.Extract.Core.ScalarBinding.word bound :: locals) body) →
                    motive locals value →
                      motive locals
                        (((((((Lean.Expr.const `Bind.bind [Lean.Level.zero, Lean.Level.zero]).app
                                              (Lean.Expr.const `Id [Lean.Level.zero])).app
                                          (((Lean.Expr.const `Monad.toBind [Lean.Level.zero, Lean.Level.zero]).app
                                                (Lean.Expr.const `Id [Lean.Level.zero])).app
                                            (Lean.Expr.const `Id.instMonad [Lean.Level.zero]))).app
                                      input).app
                                  output).app
                              value).app
                          (Lean.Expr.lam binderName domain body binderInfo)))
  (case25 :
    ∀ (locals : List LeanExe.Extract.Core.ScalarBinding) (input output value : Lean.Expr) (binderName : Lean.Name)
      (domain body : Lean.Expr) (binderInfo : Lean.BinderInfo)
      (val : LeanExe.Source.Scalar.BooleanType × LeanExe.Source.Scalar.ResultType),
      LeanExe.Extract.Core.booleanWordRangeBindTypes? input domain output = some val →
        LeanExe.Extract.Core.extractScalarExprWith locals
              (((((((Lean.Expr.const `Bind.bind [Lean.Level.zero, Lean.Level.zero]).app
                                    (Lean.Expr.const `Id [Lean.Level.zero])).app
                                (((Lean.Expr.const `Monad.toBind [Lean.Level.zero, Lean.Level.zero]).app
                                      (Lean.Expr.const `Id [Lean.Level.zero])).app
                                  (Lean.Expr.const `Id.instMonad [Lean.Level.zero]))).app
                            input).app
                        output).app
                    value).app
                (Lean.Expr.lam binderName domain body binderInfo)) =
            none →
          LeanExe.Extract.Core.extractScalarRangeExitWith locals slot
                (((((((Lean.Expr.const `Bind.bind [Lean.Level.zero, Lean.Level.zero]).app
                                      (Lean.Expr.const `Id [Lean.Level.zero])).app
                                  (((Lean.Expr.const `Monad.toBind [Lean.Level.zero, Lean.Level.zero]).app
                                        (Lean.Expr.const `Id [Lean.Level.zero])).app
                                    (Lean.Expr.const `Id.instMonad [Lean.Level.zero]))).app
                              input).app
                          output).app
                      value).app
                  (Lean.Expr.lam binderName domain body binderInfo)) =
              none →
            LeanExe.Extract.Core.extractScalarBooleanWordRangeWith locals slot
                  (((((((Lean.Expr.const `Bind.bind [Lean.Level.zero, Lean.Level.zero]).app
                                        (Lean.Expr.const `Id [Lean.Level.zero])).app
                                    (((Lean.Expr.const `Monad.toBind [Lean.Level.zero, Lean.Level.zero]).app
                                          (Lean.Expr.const `Id [Lean.Level.zero])).app
                                      (Lean.Expr.const `Id.instMonad [Lean.Level.zero]))).app
                                input).app
                            output).app
                        value).app
                    (Lean.Expr.lam binderName domain body binderInfo)) =
                none →
              (∀ (bound : LeanExe.IR.Expr), motive (LeanExe.Extract.Core.ScalarBinding.boolean bound :: locals) body) →
                motive locals
                  (((((((Lean.Expr.const `Bind.bind [Lean.Level.zero, Lean.Level.zero]).app
                                        (Lean.Expr.const `Id [Lean.Level.zero])).app
                                    (((Lean.Expr.const `Monad.toBind [Lean.Level.zero, Lean.Level.zero]).app
                                          (Lean.Expr.const `Id [Lean.Level.zero])).app
                                      (Lean.Expr.const `Id.instMonad [Lean.Level.zero]))).app
                                input).app
                            output).app
                        value).app
                    (Lean.Expr.lam binderName domain body binderInfo)))
  (case26 :
    ∀ (locals : List LeanExe.Extract.Core.ScalarBinding) (type condition evidence yes no : Lean.Expr),
      LeanExe.Extract.Core.scalarResultType? type = none →
        LeanExe.Extract.Core.extractScalarExprWith locals
              ((((((Lean.Expr.const `ite [Lean.Level.zero.succ]).app type).app condition).app evidence).app yes).app
                no) =
            none →
          LeanExe.Extract.Core.extractScalarRangeExitWith locals slot
                ((((((Lean.Expr.const `ite [Lean.Level.zero.succ]).app type).app condition).app evidence).app yes).app
                  no) =
              none →
            LeanExe.Extract.Core.extractScalarBooleanWordRangeWith locals slot
                  ((((((Lean.Expr.const `ite [Lean.Level.zero.succ]).app type).app condition).app evidence).app yes).app
                    no) =
                none →
              motive locals
                ((((((Lean.Expr.const `ite [Lean.Level.zero.succ]).app type).app condition).app evidence).app yes).app
                  no))
  (case27 :
    ∀ (locals : List LeanExe.Extract.Core.ScalarBinding) (type condition evidence yes no : Lean.Expr)
      (val : LeanExe.Source.Scalar.ResultType),
      LeanExe.Extract.Core.scalarResultType? type = some val →
        LeanExe.Extract.Core.extractScalarExprWith locals
              ((((((Lean.Expr.const `ite [Lean.Level.zero.succ]).app type).app condition).app evidence).app yes).app
                no) =
            none →
          LeanExe.Extract.Core.extractScalarRangeExitWith locals slot
                ((((((Lean.Expr.const `ite [Lean.Level.zero.succ]).app type).app condition).app evidence).app yes).app
                  no) =
              none →
            LeanExe.Extract.Core.extractScalarBooleanWordRangeWith locals slot
                  ((((((Lean.Expr.const `ite [Lean.Level.zero.succ]).app type).app condition).app evidence).app yes).app
                    no) =
                none →
              motive locals yes →
                motive locals no →
                  motive locals
                    ((((((Lean.Expr.const `ite [Lean.Level.zero.succ]).app type).app condition).app evidence).app
                          yes).app
                      no))
  (case28 :
    ∀ (locals : List LeanExe.Extract.Core.ScalarBinding) (type body : Lean.Expr),
      LeanExe.Extract.Core.scalarResultType? type = none →
        LeanExe.Extract.Core.extractScalarExprWith locals
              (((Lean.Expr.const `Id.run [Lean.Level.zero]).app type).app body) =
            none →
          LeanExe.Extract.Core.extractScalarRangeExitWith locals slot
                (((Lean.Expr.const `Id.run [Lean.Level.zero]).app type).app body) =
              none →
            LeanExe.Extract.Core.extractScalarBooleanWordRangeWith locals slot
                  (((Lean.Expr.const `Id.run [Lean.Level.zero]).app type).app body) =
                none →
              motive locals (((Lean.Expr.const `Id.run [Lean.Level.zero]).app type).app body))
  (case29 :
    ∀ (locals : List LeanExe.Extract.Core.ScalarBinding) (type body : Lean.Expr)
      (val : LeanExe.Source.Scalar.ResultType),
      LeanExe.Extract.Core.scalarResultType? type = some val →
        LeanExe.Extract.Core.extractScalarExprWith locals
              (((Lean.Expr.const `Id.run [Lean.Level.zero]).app type).app body) =
            none →
          LeanExe.Extract.Core.extractScalarRangeExitWith locals slot
                (((Lean.Expr.const `Id.run [Lean.Level.zero]).app type).app body) =
              none →
            LeanExe.Extract.Core.extractScalarBooleanWordRangeWith locals slot
                  (((Lean.Expr.const `Id.run [Lean.Level.zero]).app type).app body) =
                none →
              motive locals body → motive locals (((Lean.Expr.const `Id.run [Lean.Level.zero]).app type).app body))
  (case30 :
    ∀ (locals : List LeanExe.Extract.Core.ScalarBinding) (type body : Lean.Expr),
      LeanExe.Extract.Core.scalarResultType? type = none →
        LeanExe.Extract.Core.extractScalarExprWith locals
              (((((Lean.Expr.const `Pure.pure [Lean.Level.zero, Lean.Level.zero]).app
                            (Lean.Expr.const `Id [Lean.Level.zero])).app
                        (((Lean.Expr.const `Applicative.toPure [Lean.Level.zero, Lean.Level.zero]).app
                              (Lean.Expr.const `Id [Lean.Level.zero])).app
                          (((Lean.Expr.const `Monad.toApplicative [Lean.Level.zero, Lean.Level.zero]).app
                                (Lean.Expr.const `Id [Lean.Level.zero])).app
                            (Lean.Expr.const `Id.instMonad [Lean.Level.zero])))).app
                    type).app
                body) =
            none →
          LeanExe.Extract.Core.extractScalarRangeExitWith locals slot
                (((((Lean.Expr.const `Pure.pure [Lean.Level.zero, Lean.Level.zero]).app
                              (Lean.Expr.const `Id [Lean.Level.zero])).app
                          (((Lean.Expr.const `Applicative.toPure [Lean.Level.zero, Lean.Level.zero]).app
                                (Lean.Expr.const `Id [Lean.Level.zero])).app
                            (((Lean.Expr.const `Monad.toApplicative [Lean.Level.zero, Lean.Level.zero]).app
                                  (Lean.Expr.const `Id [Lean.Level.zero])).app
                              (Lean.Expr.const `Id.instMonad [Lean.Level.zero])))).app
                      type).app
                  body) =
              none →
            LeanExe.Extract.Core.extractScalarBooleanWordRangeWith locals slot
                  (((((Lean.Expr.const `Pure.pure [Lean.Level.zero, Lean.Level.zero]).app
                                (Lean.Expr.const `Id [Lean.Level.zero])).app
                            (((Lean.Expr.const `Applicative.toPure [Lean.Level.zero, Lean.Level.zero]).app
                                  (Lean.Expr.const `Id [Lean.Level.zero])).app
                              (((Lean.Expr.const `Monad.toApplicative [Lean.Level.zero, Lean.Level.zero]).app
                                    (Lean.Expr.const `Id [Lean.Level.zero])).app
                                (Lean.Expr.const `Id.instMonad [Lean.Level.zero])))).app
                        type).app
                    body) =
                none →
              motive locals
                (((((Lean.Expr.const `Pure.pure [Lean.Level.zero, Lean.Level.zero]).app
                              (Lean.Expr.const `Id [Lean.Level.zero])).app
                          (((Lean.Expr.const `Applicative.toPure [Lean.Level.zero, Lean.Level.zero]).app
                                (Lean.Expr.const `Id [Lean.Level.zero])).app
                            (((Lean.Expr.const `Monad.toApplicative [Lean.Level.zero, Lean.Level.zero]).app
                                  (Lean.Expr.const `Id [Lean.Level.zero])).app
                              (Lean.Expr.const `Id.instMonad [Lean.Level.zero])))).app
                      type).app
                  body))
  (case31 :
    ∀ (locals : List LeanExe.Extract.Core.ScalarBinding) (type body : Lean.Expr)
      (val : LeanExe.Source.Scalar.ResultType),
      LeanExe.Extract.Core.scalarResultType? type = some val →
        LeanExe.Extract.Core.extractScalarExprWith locals
              (((((Lean.Expr.const `Pure.pure [Lean.Level.zero, Lean.Level.zero]).app
                            (Lean.Expr.const `Id [Lean.Level.zero])).app
                        (((Lean.Expr.const `Applicative.toPure [Lean.Level.zero, Lean.Level.zero]).app
                              (Lean.Expr.const `Id [Lean.Level.zero])).app
                          (((Lean.Expr.const `Monad.toApplicative [Lean.Level.zero, Lean.Level.zero]).app
                                (Lean.Expr.const `Id [Lean.Level.zero])).app
                            (Lean.Expr.const `Id.instMonad [Lean.Level.zero])))).app
                    type).app
                body) =
            none →
          LeanExe.Extract.Core.extractScalarRangeExitWith locals slot
                (((((Lean.Expr.const `Pure.pure [Lean.Level.zero, Lean.Level.zero]).app
                              (Lean.Expr.const `Id [Lean.Level.zero])).app
                          (((Lean.Expr.const `Applicative.toPure [Lean.Level.zero, Lean.Level.zero]).app
                                (Lean.Expr.const `Id [Lean.Level.zero])).app
                            (((Lean.Expr.const `Monad.toApplicative [Lean.Level.zero, Lean.Level.zero]).app
                                  (Lean.Expr.const `Id [Lean.Level.zero])).app
                              (Lean.Expr.const `Id.instMonad [Lean.Level.zero])))).app
                      type).app
                  body) =
              none →
            LeanExe.Extract.Core.extractScalarBooleanWordRangeWith locals slot
                  (((((Lean.Expr.const `Pure.pure [Lean.Level.zero, Lean.Level.zero]).app
                                (Lean.Expr.const `Id [Lean.Level.zero])).app
                            (((Lean.Expr.const `Applicative.toPure [Lean.Level.zero, Lean.Level.zero]).app
                                  (Lean.Expr.const `Id [Lean.Level.zero])).app
                              (((Lean.Expr.const `Monad.toApplicative [Lean.Level.zero, Lean.Level.zero]).app
                                    (Lean.Expr.const `Id [Lean.Level.zero])).app
                                (Lean.Expr.const `Id.instMonad [Lean.Level.zero])))).app
                        type).app
                    body) =
                none →
              motive locals body →
                motive locals
                  (((((Lean.Expr.const `Pure.pure [Lean.Level.zero, Lean.Level.zero]).app
                                (Lean.Expr.const `Id [Lean.Level.zero])).app
                            (((Lean.Expr.const `Applicative.toPure [Lean.Level.zero, Lean.Level.zero]).app
                                  (Lean.Expr.const `Id [Lean.Level.zero])).app
                              (((Lean.Expr.const `Monad.toApplicative [Lean.Level.zero, Lean.Level.zero]).app
                                    (Lean.Expr.const `Id [Lean.Level.zero])).app
                                (Lean.Expr.const `Id.instMonad [Lean.Level.zero])))).app
                        type).app
                    body))
  (case32 :
    ∀ (locals : List LeanExe.Extract.Core.ScalarBinding) (data : Lean.MData) (body : Lean.Expr),
      LeanExe.Extract.Core.extractScalarExprWith locals (Lean.Expr.mdata data body) = none →
        LeanExe.Extract.Core.extractScalarRangeExitWith locals slot (Lean.Expr.mdata data body) = none →
          LeanExe.Extract.Core.extractScalarBooleanWordRangeWith locals slot (Lean.Expr.mdata data body) = none →
            motive locals body → motive locals (Lean.Expr.mdata data body))
  (case33 :
    ∀ (locals : List LeanExe.Extract.Core.ScalarBinding) (source : Lean.Expr),
      LeanExe.Extract.Core.extractScalarExprWith locals source = none →
        LeanExe.Extract.Core.extractScalarRangeExitWith locals slot source = none →
          LeanExe.Extract.Core.extractScalarBooleanWordRangeWith locals slot source = none →
            (∀ (functionName firstTypeName secondTypeName : Lean.Name) (resultType : Lean.Expr)
                (secondTypeBi firstTypeBi : Lean.BinderInfo) (firstName secondName : Lean.Name) (value : Lean.Expr)
                (secondBi firstBi : Lean.BinderInfo) (body : Lean.Expr) (nondep : Bool),
                source =
                    Lean.Expr.letE functionName
                      (Lean.Expr.forallE firstTypeName (Lean.Expr.const `UInt64 [])
                        (Lean.Expr.forallE secondTypeName (Lean.Expr.const `UInt64 []) resultType secondTypeBi)
                        firstTypeBi)
                      (Lean.Expr.lam firstName (Lean.Expr.const `UInt64 [])
                        (Lean.Expr.lam secondName (Lean.Expr.const `UInt64 []) value secondBi) firstBi)
                      body nondep →
                  False) →
              (∀ (declName binderName : Lean.Name) (resultType : Lean.Expr) (binderInfo : Lean.BinderInfo)
                  (binderName_1 : Lean.Name) (value : Lean.Expr) (binderInfo_1 : Lean.BinderInfo) (body : Lean.Expr)
                  (nondep : Bool),
                  source =
                      Lean.Expr.letE declName
                        (Lean.Expr.forallE binderName (Lean.Expr.const `UInt64 []) resultType binderInfo)
                        (Lean.Expr.lam binderName_1 (Lean.Expr.const `UInt64 []) value binderInfo_1) body nondep →
                    False) →
                (∀ (declName binderName binderName_1 : Lean.Name) (resultType : Lean.Expr)
                    (binderInfo binderInfo_1 : Lean.BinderInfo) (binderName_2 binderName_3 : Lean.Name)
                    (value : Lean.Expr) (binderInfo_2 binderInfo_3 : Lean.BinderInfo) (body : Lean.Expr)
                    (nondep : Bool),
                    source =
                        Lean.Expr.letE declName
                          (Lean.Expr.forallE binderName (Lean.Expr.const `Unit [])
                            (Lean.Expr.forallE binderName_1 (Lean.Expr.const `UInt64 []) resultType binderInfo)
                            binderInfo_1)
                          (Lean.Expr.lam binderName_2 (Lean.Expr.const `Unit [])
                            (Lean.Expr.lam binderName_3 (Lean.Expr.const `UInt64 []) value binderInfo_2) binderInfo_3)
                          body nondep →
                      False) →
                  (∀ (declName binderName binderName_1 : Lean.Name) (resultType : Lean.Expr)
                      (binderInfo binderInfo_1 : Lean.BinderInfo) (binderName_2 binderName_3 : Lean.Name)
                      (value : Lean.Expr) (binderInfo_2 binderInfo_3 : Lean.BinderInfo) (body : Lean.Expr)
                      (nondep : Bool),
                      source =
                          Lean.Expr.letE declName
                            (Lean.Expr.forallE binderName (Lean.Expr.const `PUnit [Lean.Level.zero.succ])
                              (Lean.Expr.forallE binderName_1 (Lean.Expr.const `UInt64 []) resultType binderInfo)
                              binderInfo_1)
                            (Lean.Expr.lam binderName_2 (Lean.Expr.const `PUnit [Lean.Level.zero.succ])
                              (Lean.Expr.lam binderName_3 (Lean.Expr.const `UInt64 []) value binderInfo_2) binderInfo_3)
                            body nondep →
                        False) →
                    (∀ (declName binderName : Lean.Name) (resultType : Lean.Expr) (binderInfo : Lean.BinderInfo)
                        (binderName_1 : Lean.Name) (value : Lean.Expr) (binderInfo_1 : Lean.BinderInfo)
                        (body : Lean.Expr) (nondep : Bool),
                        source =
                            Lean.Expr.letE declName
                              (Lean.Expr.forallE binderName (Lean.Expr.const `Bool []) resultType binderInfo)
                              (Lean.Expr.lam binderName_1 (Lean.Expr.const `Bool []) value binderInfo_1) body nondep →
                          False) →
                      (∀ (name typeName : Lean.Name) (input resultType : Lean.Expr) (typeBi : Lean.BinderInfo)
                          (paramName : Lean.Name) (domain value : Lean.Expr) (paramBi : Lean.BinderInfo)
                          (body : Lean.Expr) (nondep : Bool),
                          source =
                              Lean.Expr.letE name
                                (Lean.Expr.forallE typeName ((Lean.Expr.const `Id [Lean.Level.zero]).app input)
                                  resultType typeBi)
                                (Lean.Expr.lam paramName ((Lean.Expr.const `Id [Lean.Level.zero]).app domain) value
                                  paramBi)
                                body nondep →
                            False) →
                        (∀ (declName : Lean.Name) (type value body : Lean.Expr) (nondep : Bool),
                            source = Lean.Expr.letE declName type value body nondep → False) →
                          (∀ (input output value : Lean.Expr) (binderName : Lean.Name) (domain body : Lean.Expr)
                              (binderInfo : Lean.BinderInfo),
                              source =
                                  ((((((Lean.Expr.const `Bind.bind [Lean.Level.zero, Lean.Level.zero]).app
                                                        (Lean.Expr.const `Id [Lean.Level.zero])).app
                                                    (((Lean.Expr.const `Monad.toBind
                                                              [Lean.Level.zero, Lean.Level.zero]).app
                                                          (Lean.Expr.const `Id [Lean.Level.zero])).app
                                                      (Lean.Expr.const `Id.instMonad [Lean.Level.zero]))).app
                                                input).app
                                            output).app
                                        value).app
                                    (Lean.Expr.lam binderName domain body binderInfo) →
                                False) →
                            (∀ (type condition evidence yes no : Lean.Expr),
                                source =
                                    (((((Lean.Expr.const `ite [Lean.Level.zero.succ]).app type).app condition).app
                                              evidence).app
                                          yes).app
                                      no →
                                  False) →
                              (∀ (type body : Lean.Expr),
                                  source = ((Lean.Expr.const `Id.run [Lean.Level.zero]).app type).app body → False) →
                                (∀ (type body : Lean.Expr),
                                    source =
                                        ((((Lean.Expr.const `Pure.pure [Lean.Level.zero, Lean.Level.zero]).app
                                                      (Lean.Expr.const `Id [Lean.Level.zero])).app
                                                  (((Lean.Expr.const `Applicative.toPure
                                                            [Lean.Level.zero, Lean.Level.zero]).app
                                                        (Lean.Expr.const `Id [Lean.Level.zero])).app
                                                    (((Lean.Expr.const `Monad.toApplicative
                                                              [Lean.Level.zero, Lean.Level.zero]).app
                                                          (Lean.Expr.const `Id [Lean.Level.zero])).app
                                                      (Lean.Expr.const `Id.instMonad [Lean.Level.zero])))).app
                                              type).app
                                          body →
                                      False) →
                                  (∀ (data : Lean.MData) (body : Lean.Expr),
                                      source = Lean.Expr.mdata data body → False) →
                                    motive locals source)
  (locals : List LeanExe.Extract.Core.ScalarBinding) (source : Lean.Expr) : motive locals source
