cli-build: passed
admission-test: passed
reserved-exports: passed
fixture: passed
native-results: passed
compile-constant: passed
compile-publicFlagWord: passed
compile-publicWordFlag: passed
compile-publicFlagsWord: passed
compile-publicFlagResult: passed
compile-publicWordFlagResult: passed
compile-publicFlagsResult: passed
compile-publicFlagLet: passed
compile-publicFlagBind: passed
compile-publicFlagCapture: passed
compile-publicFlagsDecision: passed
compile-publicIdWord: passed
compile-publicIdNested: passed
compile-publicIdBind: passed
compile-publicIdBool: passed
compile-publicIdBoolNested: passed
compile-publicIdBoolHelper: passed
compile-publicBooleanTrue: passed
compile-publicBooleanCompare: passed
compile-publicBooleanChoice: passed
compile-compareBEq: passed
compile-mixedGuardDo: passed
compile-rangePublicIdYield: passed
compile-rangePublicIdExit: passed
compile-rangePublicIdContinue: passed
compile-rangePublicIdCapture: passed
compile-rangeBooleanCallArgumentStep: passed
compile-rangeBooleanCallArgumentContinue: passed
Passed 439 native Lean / independent Wasm engine comparisons across 28 declarations.
