cli-build: passed
admission-test: passed
reserved-exports: passed
fixture: passed
native-results: passed
compile-constant: passed
compile-callMixedBool: passed
compile-callMixedWord: passed
compile-callMixedPair: passed
compile-callMixedNegation: passed
compile-callMixedDecision: passed
compile-callMixedHelper: passed
compile-extendedMixedJunction: passed
compile-extendedMixedChoice: passed
compile-extendedMixedLet: passed
compile-extendedMixedBind: passed
compile-extendedMixedWrapped: passed
compile-extendedMixedRelation: passed
compile-compareBEq: passed
compile-mixedGuardDo: passed
compile-rangeSavedMixedStep: passed
compile-rangeSavedMixedContinue: passed
compile-rangeSavedMixedOuter: passed
compile-rangeSavedMixedHelper: passed
compile-rangeCallMixedStep: passed
compile-rangeCallMixedContinue: passed
compile-rangeCallMixedOuter: passed
compile-rangeCallMixedHelper: passed
compile-rangeExtendedMixedStep: passed
compile-rangeExtendedMixedContinue: passed
compile-rangeExtendedMixedOuter: passed
compile-rangeExtendedMixedHelper: passed
compile-rangeBooleanPredicateResultStep: passed
Passed 509 native Lean / independent Wasm engine comparisons across 28 declarations.
