leanrun: LEANRUN_LOCAL=1; macOS has no cgroup CPU/memory/swap limits or ionice
leanrun: explicitly authorized inherited priority; nice unavailable
condition: (have flag := @#0 (#2 == 0);
  have word := #2 + flag.toUInt64;
  @#0 (word != #1) = true) ∧
  #2 < #1
evidence: instDecidableAnd
left evidence raw: Lean.Expr.app
  (Lean.Expr.app
    (Lean.Expr.const `instDecidableEqBool [])
    (Lean.Expr.app
      (Lean.Expr.bvar 0)
      (Lean.Expr.app
        (Lean.Expr.app
          (Lean.Expr.app
            (Lean.Expr.app (Lean.Expr.const `bne [Lean.Level.zero]) (Lean.Expr.const `UInt64 []))
            (Lean.Expr.app
              (Lean.Expr.app (Lean.Expr.const `instBEqOfDecidableEq [Lean.Level.zero]) (Lean.Expr.const `UInt64 []))
              (Lean.Expr.const `instDecidableEqUInt64 [])))
          (Lean.Expr.app
            (Lean.Expr.app
              (Lean.Expr.app
                (Lean.Expr.app
                  (Lean.Expr.app
                    (Lean.Expr.app
                      (Lean.Expr.const `HAdd.hAdd [Lean.Level.zero, Lean.Level.zero, Lean.Level.zero])
                      (Lean.Expr.const `UInt64 []))
                    (Lean.Expr.const `UInt64 []))
                  (Lean.Expr.const `UInt64 []))
                (Lean.Expr.app
                  (Lean.Expr.app (Lean.Expr.const `instHAdd [Lean.Level.zero]) (Lean.Expr.const `UInt64 []))
                  (Lean.Expr.const `instAddUInt64 [])))
              (Lean.Expr.bvar 2))
            (Lean.Expr.app
              (Lean.Expr.const `Bool.toUInt64 [])
              (Lean.Expr.app
                (Lean.Expr.bvar 0)
                (Lean.Expr.app
                  (Lean.Expr.app
                    (Lean.Expr.app
                      (Lean.Expr.app (Lean.Expr.const `BEq.beq [Lean.Level.zero]) (Lean.Expr.const `UInt64 []))
                      (Lean.Expr.app
                        (Lean.Expr.app
                          (Lean.Expr.const `instBEqOfDecidableEq [Lean.Level.zero])
                          (Lean.Expr.const `UInt64 []))
                        (Lean.Expr.const `instDecidableEqUInt64 [])))
                    (Lean.Expr.bvar 2))
                  (Lean.Expr.app
                    (Lean.Expr.app
                      (Lean.Expr.app (Lean.Expr.const `OfNat.ofNat [Lean.Level.zero]) (Lean.Expr.const `UInt64 []))
                      (Lean.Expr.lit (Lean.Literal.natVal 0)))
                    (Lean.Expr.app (Lean.Expr.const `UInt64.instOfNat []) (Lean.Expr.lit (Lean.Literal.natVal 0)))))))))
        (Lean.Expr.bvar 1))))
  (Lean.Expr.const `Bool.true [])
left condition raw: Lean.Expr.letE
  `flag
  (Lean.Expr.const `Bool [])
  (Lean.Expr.app
    (Lean.Expr.bvar 0)
    (Lean.Expr.app
      (Lean.Expr.app
        (Lean.Expr.app
          (Lean.Expr.app (Lean.Expr.const `BEq.beq [Lean.Level.zero]) (Lean.Expr.const `UInt64 []))
          (Lean.Expr.app
            (Lean.Expr.app (Lean.Expr.const `instBEqOfDecidableEq [Lean.Level.zero]) (Lean.Expr.const `UInt64 []))
            (Lean.Expr.const `instDecidableEqUInt64 [])))
        (Lean.Expr.bvar 2))
      (Lean.Expr.app
        (Lean.Expr.app
          (Lean.Expr.app (Lean.Expr.const `OfNat.ofNat [Lean.Level.zero]) (Lean.Expr.const `UInt64 []))
          (Lean.Expr.lit (Lean.Literal.natVal 0)))
        (Lean.Expr.app (Lean.Expr.const `UInt64.instOfNat []) (Lean.Expr.lit (Lean.Literal.natVal 0))))))
  (Lean.Expr.letE
    `word
    (Lean.Expr.const `UInt64 [])
    (Lean.Expr.app
      (Lean.Expr.app
        (Lean.Expr.app
          (Lean.Expr.app
            (Lean.Expr.app
              (Lean.Expr.app
                (Lean.Expr.const `HAdd.hAdd [Lean.Level.zero, Lean.Level.zero, Lean.Level.zero])
                (Lean.Expr.const `UInt64 []))
              (Lean.Expr.const `UInt64 []))
            (Lean.Expr.const `UInt64 []))
          (Lean.Expr.app
            (Lean.Expr.app (Lean.Expr.const `instHAdd [Lean.Level.zero]) (Lean.Expr.const `UInt64 []))
            (Lean.Expr.const `instAddUInt64 [])))
        (Lean.Expr.bvar 3))
      (Lean.Expr.app (Lean.Expr.const `Bool.toUInt64 []) (Lean.Expr.bvar 0)))
    (Lean.Expr.app
      (Lean.Expr.app
        (Lean.Expr.app (Lean.Expr.const `Eq [Lean.Level.succ (Lean.Level.zero)]) (Lean.Expr.const `Bool []))
        (Lean.Expr.app
          (Lean.Expr.bvar 2)
          (Lean.Expr.app
            (Lean.Expr.app
              (Lean.Expr.app
                (Lean.Expr.app (Lean.Expr.const `bne [Lean.Level.zero]) (Lean.Expr.const `UInt64 []))
                (Lean.Expr.app
                  (Lean.Expr.app (Lean.Expr.const `instBEqOfDecidableEq [Lean.Level.zero]) (Lean.Expr.const `UInt64 []))
                  (Lean.Expr.const `instDecidableEqUInt64 [])))
              (Lean.Expr.bvar 0))
            (Lean.Expr.bvar 3))))
      (Lean.Expr.const `Bool.true []))
    true)
  true
parsed: none
ExtendedMixedGuardTest.extendedMixedJunction: true
ExtendedMixedGuardTest.extendedMixedChoice: true
ExtendedMixedGuardTest.extendedMixedLet: false
ExtendedMixedGuardTest.extendedMixedBind: true
ExtendedMixedGuardTest.extendedMixedWrapped: true
ExtendedMixedGuardTest.extendedMixedRelation: true
ExtendedMixedGuardTest.rangeExtendedMixedStep: true
ExtendedMixedGuardTest.rangeExtendedMixedContinue: false
ExtendedMixedGuardTest.rangeExtendedMixedOuter: true
ExtendedMixedGuardTest.rangeExtendedMixedHelper: true
