cli-build: passed
admission-test: passed
reserved-exports: passed
fixture: passed
native-results: passed
compile-constant: passed
compile-publicInputIdWord: passed
compile-publicInputIdResult: passed
compile-publicBoolHelpersNested: passed
compile-publicBoolHelpersRepeated: passed
compile-publicBoolHelpersWrapped: passed
compile-publicBoolHelpersInputId: passed
compile-publicBoolHelpersWord: passed
compile-publicBoolHelpersUnused: passed
compile-predicateBodyWordRepeated: passed
compile-predicateBodyWordBoolean: passed
compile-predicateBodyWordUnused: passed
compile-predicateBodyWordCapture: passed
compile-predicateBodyWordProposition: passed
compile-predicateBodyWordDo: passed
compile-booleanHelperBodyNested: passed
compile-booleanHelperBodyWrapped: passed
compile-booleanHelperBodyMixed: passed
compile-booleanHelperBodyCaptures: passed
compile-booleanHelperBodyUnused: passed
compile-booleanHelperBodyChoice: passed
compile-publicFlagWord: passed
compile-publicFlagResult: passed
compile-rangeWordBoolHelperId: passed
compile-rangeWordChooseLoops: passed
compile-rangeWordChooseHelpers: passed
compile-rangeWordChooseSavedResult: passed
compile-rangeWordChooseShowResult: passed
compile-rangeWordChooseSetupExit: passed
compile-rangeWordChooseSetupContinue: passed
compile-rangeWordChooseSetupStride: passed
compile-rangeWordChooseSetupId: passed
compile-rangePredicateOuterBodyWord: passed
compile-rangePredicateOuterBodyBoolean: passed
compile-rangePredicateOuterBodyUnused: passed
compile-rangePredicateOuterBodyBound: passed
compile-rangePredicateOuterBodyInitial: passed
compile-rangePredicateOuterBodyTail: passed
compile-rangePredicateOuterBodyCapture: passed
compile-rangePredicateOuterBodyWrapped: passed
compile-rangePredicateOuterBodyNested: passed
compile-rangePredicateOuterBodyId: passed
compile-rangePredicateBodyBreakWord: passed
compile-rangePredicateBodyBreakBoolean: passed
compile-rangePredicateBodyContinueWord: passed
compile-rangePredicateBodyContinueBoolean: passed
compile-rangePredicateBodyWordStep: passed
compile-rangePredicateBodyWordExit: passed
compile-rangePredicateBodyWordContinue: passed
compile-rangePredicateBodyWordTail: passed
compile-rangeHelperBodyStep: passed
compile-rangeHelperBodyExit: passed
compile-rangeHelperBodyContinue: passed
compile-rangeHelperBodyTail: passed
Passed 1053 native Lean / independent Wasm engine comparisons across 54 declarations.
