⚠ [1/88] Replayed LeanExe.Examples.AsciiDigits
warning: LeanExe/Examples/AsciiDigits.lean:103:30: `if_false` has been deprecated: Use `ite_false` instead
warning: LeanExe/Examples/AsciiDigits.lean:109:78: `if_true` has been deprecated: Use `ite_true` instead
⚠ [46/88] Replayed LeanExe.IR.ScalarRangeSlots
warning: LeanExe/IR/ScalarRangeSlots.lean:25:2: try 'simp' instead of 'simpa'

Note: This linter can be disabled with `set_option linter.unnecessarySimpa false`
warning: LeanExe/IR/ScalarRangeSlots.lean:29:20: This simp argument is unused:
  read_suffix

Hint: Omit it from the simp argument list.
  [apply] simp [rangeStore]

Note: This linter can be disabled with `set_option linter.unusedSimpArgs false`
warning: LeanExe/IR/ScalarRangeSlots.lean:33:20: This simp argument is unused:
  read_suffix

Hint: Omit it from the simp argument list.
  [apply] simp [rangeStore]

Note: This linter can be disabled with `set_option linter.unusedSimpArgs false`
⚠ [70/88] Replayed LeanExe.IR.ScalarRangeExitSlots
warning: LeanExe/IR/ScalarRangeExitSlots.lean:18:2: try 'simp' instead of 'simpa'

Note: This linter can be disabled with `set_option linter.unnecessarySimpa false`
⚠ [75/88] Replayed LeanExe.Extract.ScalarFunc
warning: LeanExe/Extract/ScalarFunc.lean:76:28: This simp argument is unused:
  bind

Hint: Omit it from the simp argument list.
  [apply] simp only [rangeCase, pure, Option.bind_eq_some_iff, Option.some.injEq] at compiled

Note: This linter can be disabled with `set_option linter.unusedSimpArgs false`
✔ [87/188] Built LeanExe.Extract.Eval (969ms)
✔ [117/188] Built LeanExe.Source.ScalarGuard:c.o (167ms)
✔ [121/188] Built LeanExe.Extract.ScalarGuardSyntax:c.o (161ms)
✔ [122/188] Built LeanExe.Extract.ScalarGuardLowering:c.o (149ms)
✔ [124/188] Built LeanExe.Extract.ScalarGuard:c.o (108ms)
✔ [178/188] Built LeanExe.Extract.Report (1.4s)
✔ [182/188] Built LeanExe.Extract.OwnershipReport (1.1s)
✔ [184/188] Built LeanExe.CLI (1.2s)
✔ [186/188] Built Main (889ms)
✔ [188/188] Built «lean-wasm»:exe (503ms)
Build completed successfully (188 jobs).
