cli-build: passed
admission-test: passed
reserved-exports: passed
fixture: passed
native-results: passed
compile-constant: passed
compile-publicInputIdWord: passed
compile-publicInputIdResult: passed
compile-publicFlagWord: passed
compile-publicFlagResult: passed
compile-rangeBoolSavedCallWord: passed
compile-rangeBoolResultLet: passed
compile-rangeBoolResultDo: passed
compile-rangeBoolResultFlag: passed
compile-rangeBoolResultId: passed
compile-rangeLetBool: passed
compile-rangeWordFromBoolLet: passed
compile-rangeWordFromBoolDo: passed
compile-rangeWordFromBoolFlag: passed
compile-rangeWordFromBoolHelper: passed
compile-rangeWordFromBoolConverted: passed
compile-rangeWordFromBoolId: passed
compile-rangeWordBoolSetupWord: passed
compile-rangeWordBoolSetupFlag: passed
compile-rangeWordBoolSetupDo: passed
compile-rangeWordBoolSetupNested: passed
compile-rangeWordBoolSavedResult: passed
compile-rangeWordBoolShowResult: passed
compile-rangeWordBoolSetupExit: passed
compile-rangeWordBoolSetupContinue: passed
compile-rangeWordBoolSetupStride: passed
compile-rangeWordBoolSetupId: passed
compile-rangeBoolLetIdInput: passed
Passed 609 native Lean / independent Wasm engine comparisons across 28 declarations.
