leanrun: LEANRUN_LOCAL=1; macOS has no cgroup CPU/memory/swap limits or ionice
leanrun: explicitly authorized inherited priority; nice unavailable
⚠ [75/149] Replayed LeanExe.Extract.ScalarGuardSyntax
warning: LeanExe/Extract/ScalarGuardSyntax.lean:367:4: try 'simp' instead of 'simpa'

Note: This linter can be disabled with `set_option linter.unnecessarySimpa false`
⚠ [118/149] Replayed LeanExe.Extract.ScalarExprCore
warning: LeanExe/Extract/ScalarExprCore.lean:339:31: Variable name `wrapper` is not explicitly referenced.

Hint: The binding can be removed (if unused) or named `_` (if used implicitly). Alternatively, prefix the name with `_` to silence this warning:
  [apply] _wrapper

Note: This linter can be disabled with `set_option linter.unusedVariables false`
warning: LeanExe/Extract/ScalarExprCore.lean:347:31: Variable name `name` is not explicitly referenced.

Hint: The binding can be removed (if unused) or named `_` (if used implicitly). Alternatively, prefix the name with `_` to silence this warning:
  [apply] _name

Note: This linter can be disabled with `set_option linter.unusedVariables false`
warning: LeanExe/Extract/ScalarExprCore.lean:347:36: Variable name `form` is not explicitly referenced.

Hint: The binding can be removed (if unused) or named `_` (if used implicitly). Alternatively, prefix the name with `_` to silence this warning:
  [apply] _form

Note: This linter can be disabled with `set_option linter.unusedVariables false`
warning: LeanExe/Extract/ScalarExprCore.lean:347:52: Variable name `type` is not explicitly referenced.

Hint: The binding can be removed (if unused) or named `_` (if used implicitly). Alternatively, prefix the name with `_` to silence this warning:
  [apply] _type

Note: This linter can be disabled with `set_option linter.unusedVariables false`
warning: LeanExe/Extract/ScalarExprCore.lean:356:35: Variable name `name` is not explicitly referenced.

Hint: The binding can be removed (if unused) or named `_` (if used implicitly). Alternatively, prefix the name with `_` to silence this warning:
  [apply] _name

Note: This linter can be disabled with `set_option linter.unusedVariables false`
warning: LeanExe/Extract/ScalarExprCore.lean:356:40: Variable name `form` is not explicitly referenced.

Hint: The binding can be removed (if unused) or named `_` (if used implicitly). Alternatively, prefix the name with `_` to silence this warning:
  [apply] _form

Note: This linter can be disabled with `set_option linter.unusedVariables false`
warning: LeanExe/Extract/ScalarExprCore.lean:356:56: Variable name `type` is not explicitly referenced.

Hint: The binding can be removed (if unused) or named `_` (if used implicitly). Alternatively, prefix the name with `_` to silence this warning:
  [apply] _type

Note: This linter can be disabled with `set_option linter.unusedVariables false`
warning: LeanExe/Extract/ScalarExprCore.lean:411:12: Variable name `bounds` is not explicitly referenced.

Hint: The binding can be removed (if unused) or named `_` (if used implicitly). Alternatively, prefix the name with `_` to silence this warning:
  [apply] _bounds

Note: This linter can be disabled with `set_option linter.unusedVariables false`
⚠ [119/149] Replayed LeanExe.Extract.ScalarExpr
warning: LeanExe/Extract/ScalarExpr.lean:172:54: `if_pos` has been deprecated: Use `ite_eq_left` instead
warning: LeanExe/Extract/ScalarExpr.lean:173:54: `if_neg` has been deprecated: Use `ite_eq_right` instead
warning: LeanExe/Extract/ScalarExpr.lean:188:54: `if_pos` has been deprecated: Use `ite_eq_left` instead
warning: LeanExe/Extract/ScalarExpr.lean:189:54: `if_neg` has been deprecated: Use `ite_eq_right` instead
warning: LeanExe/Extract/ScalarExpr.lean:220:54: `if_pos` has been deprecated: Use `ite_eq_left` instead
warning: LeanExe/Extract/ScalarExpr.lean:221:54: `if_neg` has been deprecated: Use `ite_eq_right` instead
warning: LeanExe/Extract/ScalarExpr.lean:235:54: `if_pos` has been deprecated: Use `ite_eq_left` instead
warning: LeanExe/Extract/ScalarExpr.lean:236:54: `if_neg` has been deprecated: Use `ite_eq_right` instead
warning: LeanExe/Extract/ScalarExpr.lean:923:54: `if_neg` has been deprecated: Use `ite_eq_right` instead
warning: LeanExe/Extract/ScalarExpr.lean:1022:63: `if_neg` has been deprecated: Use `ite_eq_right` instead
warning: LeanExe/Extract/ScalarExpr.lean:1238:47: `if_neg` has been deprecated: Use `ite_eq_right` instead
warning: LeanExe/Extract/ScalarExpr.lean:1260:18: `if_neg` has been deprecated: Use `ite_eq_right` instead
warning: LeanExe/Extract/ScalarExpr.lean:1282:18: `if_neg` has been deprecated: Use `ite_eq_right` instead
warning: LeanExe/Extract/ScalarExpr.lean:1304:18: `if_neg` has been deprecated: Use `ite_eq_right` instead
warning: LeanExe/Extract/ScalarExpr.lean:1326:18: `if_neg` has been deprecated: Use `ite_eq_right` instead
warning: LeanExe/Extract/ScalarExpr.lean:1350:18: `if_neg` has been deprecated: Use `ite_eq_right` instead
warning: LeanExe/Extract/ScalarExpr.lean:1374:18: `if_neg` has been deprecated: Use `ite_eq_right` instead
warning: LeanExe/Extract/ScalarExpr.lean:1392:46: `if_neg` has been deprecated: Use `ite_eq_right` instead
warning: LeanExe/Extract/ScalarExpr.lean:1411:46: `if_neg` has been deprecated: Use `ite_eq_right` instead
warning: LeanExe/Extract/ScalarExpr.lean:1430:50: `if_neg` has been deprecated: Use `ite_eq_right` instead
⚠ [126/149] Replayed LeanExe.Extract.ScalarStepEquations
warning: LeanExe/Extract/ScalarStepEquations.lean:153:33: This simp argument is unused:
  BooleanType.expr

Hint: Omit it from the simp argument list.
  [apply] simp

Note: This linter can be disabled with `set_option linter.unusedSimpArgs false`
⚠ [128/149] Replayed LeanExe.Extract.ScalarStepSupported
warning: LeanExe/Extract/ScalarStepSupported.lean:96:54: `if_neg` has been deprecated: Use `ite_eq_right` instead
warning: LeanExe/Extract/ScalarStepSupported.lean:437:63: `if_neg` has been deprecated: Use `ite_eq_right` instead
⚠ [141/149] Replayed LeanExe.IR.ScalarRangeSlots
warning: LeanExe/IR/ScalarRangeSlots.lean:25:2: try 'simp' instead of 'simpa'

Note: This linter can be disabled with `set_option linter.unnecessarySimpa false`
warning: LeanExe/IR/ScalarRangeSlots.lean:29:20: This simp argument is unused:
  read_suffix

Hint: Omit it from the simp argument list.
  [apply] simp [rangeStore]

Note: This linter can be disabled with `set_option linter.unusedSimpArgs false`
warning: LeanExe/IR/ScalarRangeSlots.lean:33:20: This simp argument is unused:
  read_suffix

Hint: Omit it from the simp argument list.
  [apply] simp [rangeStore]

Note: This linter can be disabled with `set_option linter.unusedSimpArgs false`
⚠ [143/149] Replayed LeanExe.IR.ScalarRangeExitSlots
warning: LeanExe/IR/ScalarRangeExitSlots.lean:18:2: try 'simp' instead of 'simpa'

Note: This linter can be disabled with `set_option linter.unnecessarySimpa false`
✔ [146/155] Built LeanExe.Extract.ScalarRangeBinding (866ms)
⚠ [152/155] Replayed LeanExe.Extract.ScalarStepCorrectness
warning: LeanExe/Extract/ScalarStepCorrectness.lean:299:23: This simp argument is unused:
  Option.bind_some

Hint: Omit it from the simp argument list.
  [apply] simp only [bind, Option.bind_eq_some_iff] at compiled

Note: This linter can be disabled with `set_option linter.unusedSimpArgs false`
✔ [154/162] Built LeanExe.Extract.ScalarBooleanRange (8.1s)
✔ [159/162] Built LeanExe.Extract.ScalarBooleanRangeChoice (874ms)
✔ [160/162] Built LeanExe.Extract.ScalarBooleanRangeInvariant (951ms)
✔ [161/162] Built LeanExe.Extract.ScalarBooleanRangeCorrectness (1.1s)
⚠ [162/162] Built LeanExe.Extract.ScalarBooleanWordRange (2.5s)
warning: LeanExe/Extract/ScalarBooleanWordRange.lean:100:71: This simp argument is unused:
  booleanType_scalar

Hint: Omit it from the simp argument list.
  [apply] simp only [extractScalarBooleanWordRangeWith, booleanType_accepts, scalarResultType_accepts,
    booleanWordRangeBindTypes_accepts, booleanWordRangeBindTypes_not_word, scalarBindTypes_accepts]

Note: This linter can be disabled with `set_option linter.unusedSimpArgs false`
warning: LeanExe/Extract/ScalarBooleanWordRange.lean:101:6: This simp argument is unused:
  scalarResultType_accepts

Hint: Omit it from the simp argument list.
  [apply] simp only [extractScalarBooleanWordRangeWith, booleanType_accepts, booleanType_scalar,
    booleanWordRangeBindTypes_accepts, booleanWordRangeBindTypes_not_word, scalarBindTypes_accepts]

Note: This linter can be disabled with `set_option linter.unusedSimpArgs false`
warning: LeanExe/Extract/ScalarBooleanWordRange.lean:101:32: This simp argument is unused:
  booleanWordRangeBindTypes_accepts

Hint: Omit it from the simp argument list.
  [apply] simp only [extractScalarBooleanWordRangeWith, booleanType_accepts, booleanType_scalar,
    scalarResultType_accepts, booleanWordRangeBindTypes_not_word, scalarBindTypes_accepts]

Note: This linter can be disabled with `set_option linter.unusedSimpArgs false`
warning: LeanExe/Extract/ScalarBooleanWordRange.lean:101:67: This simp argument is unused:
  booleanWordRangeBindTypes_not_word

Hint: Omit it from the simp argument list.
  [apply] simp only [extractScalarBooleanWordRangeWith, booleanType_accepts, booleanType_scalar,
    scalarResultType_accepts, booleanWordRangeBindTypes_accepts, scalarBindTypes_accepts]

Note: This linter can be disabled with `set_option linter.unusedSimpArgs false`
warning: LeanExe/Extract/ScalarBooleanWordRange.lean:102:6: This simp argument is unused:
  scalarBindTypes_accepts

Hint: Omit it from the simp argument list.
  [apply] simp only [extractScalarBooleanWordRangeWith, booleanType_accepts, booleanType_scalar,
    scalarResultType_accepts, booleanWordRangeBindTypes_accepts, booleanWordRangeBindTypes_not_word]

Note: This linter can be disabled with `set_option linter.unusedSimpArgs false`
warning: LeanExe/Extract/ScalarBooleanWordRange.lean:111:73: This simp argument is unused:
  booleanType_accepts

Hint: Omit it from the simp argument list.
  [apply] simp only [BooleanWordRange.bind, extractScalarBooleanWordRangeWith, booleanType_scalar,
    scalarResultType_accepts, booleanWordRangeBindTypes_accepts, booleanWordRangeBindTypes_not_word,
    scalarBindTypes_accepts]

Note: This linter can be disabled with `set_option linter.unusedSimpArgs false`
warning: LeanExe/Extract/ScalarBooleanWordRange.lean:111:94: This simp argument is unused:
  booleanType_scalar

Hint: Omit it from the simp argument list.
  [apply] simp only [BooleanWordRange.bind, extractScalarBooleanWordRangeWith, booleanType_accepts,
    scalarResultType_accepts, booleanWordRangeBindTypes_accepts, booleanWordRangeBindTypes_not_word,
    scalarBindTypes_accepts]

Note: This linter can be disabled with `set_option linter.unusedSimpArgs false`
warning: LeanExe/Extract/ScalarBooleanWordRange.lean:112:6: This simp argument is unused:
  scalarResultType_accepts

Hint: Omit it from the simp argument list.
  [apply] simp only [BooleanWordRange.bind, extractScalarBooleanWordRangeWith, booleanType_accepts, booleanType_scalar,
    booleanWordRangeBindTypes_accepts, booleanWordRangeBindTypes_not_word, scalarBindTypes_accepts]

Note: This linter can be disabled with `set_option linter.unusedSimpArgs false`
warning: LeanExe/Extract/ScalarBooleanWordRange.lean:112:67: This simp argument is unused:
  booleanWordRangeBindTypes_not_word

Hint: Omit it from the simp argument list.
  [apply] simp only [BooleanWordRange.bind, extractScalarBooleanWordRangeWith, booleanType_accepts, booleanType_scalar,
    scalarResultType_accepts, booleanWordRangeBindTypes_accepts, scalarBindTypes_accepts]

Note: This linter can be disabled with `set_option linter.unusedSimpArgs false`
warning: LeanExe/Extract/ScalarBooleanWordRange.lean:113:6: This simp argument is unused:
  scalarBindTypes_accepts

Hint: Omit it from the simp argument list.
  [apply] simp only [BooleanWordRange.bind, extractScalarBooleanWordRangeWith, booleanType_accepts, booleanType_scalar,
    scalarResultType_accepts, booleanWordRangeBindTypes_accepts, booleanWordRangeBindTypes_not_word]

Note: This linter can be disabled with `set_option linter.unusedSimpArgs false`
warning: LeanExe/Extract/ScalarBooleanWordRange.lean:122:50: This simp argument is unused:
  booleanType_accepts

Hint: Omit it from the simp argument list.
  [apply] simp only [extractScalarBooleanWordRangeWith, booleanType_scalar, scalarResultType_accepts,
    booleanWordRangeBindTypes_accepts, booleanWordRangeBindTypes_not_word, scalarBindTypes_accepts]

Note: This linter can be disabled with `set_option linter.unusedSimpArgs false`
warning: LeanExe/Extract/ScalarBooleanWordRange.lean:123:32: This simp argument is unused:
  booleanWordRangeBindTypes_accepts

Hint: Omit it from the simp argument list.
  [apply] simp only [extractScalarBooleanWordRangeWith, booleanType_accepts, booleanType_scalar,
    scalarResultType_accepts, booleanWordRangeBindTypes_not_word, scalarBindTypes_accepts]

Note: This linter can be disabled with `set_option linter.unusedSimpArgs false`
warning: LeanExe/Extract/ScalarBooleanWordRange.lean:123:67: This simp argument is unused:
  booleanWordRangeBindTypes_not_word

Hint: Omit it from the simp argument list.
  [apply] simp only [extractScalarBooleanWordRangeWith, booleanType_accepts, booleanType_scalar,
    scalarResultType_accepts, booleanWordRangeBindTypes_accepts, scalarBindTypes_accepts]

Note: This linter can be disabled with `set_option linter.unusedSimpArgs false`
warning: LeanExe/Extract/ScalarBooleanWordRange.lean:124:6: This simp argument is unused:
  scalarBindTypes_accepts

Hint: Omit it from the simp argument list.
  [apply] simp only [extractScalarBooleanWordRangeWith, booleanType_accepts, booleanType_scalar,
    scalarResultType_accepts, booleanWordRangeBindTypes_accepts, booleanWordRangeBindTypes_not_word]

Note: This linter can be disabled with `set_option linter.unusedSimpArgs false`
warning: LeanExe/Extract/ScalarBooleanWordRange.lean:133:65: This simp argument is unused:
  booleanType_accepts

Hint: Omit it from the simp argument list.
  [apply] simp only [Identity.bind, extractScalarBooleanWordRangeWith, booleanType_scalar, scalarResultType_accepts,
    booleanWordRangeBindTypes_accepts, booleanWordRangeBindTypes_not_word, scalarBindTypes_accepts]

Note: This linter can be disabled with `set_option linter.unusedSimpArgs false`
warning: LeanExe/Extract/ScalarBooleanWordRange.lean:133:86: This simp argument is unused:
  booleanType_scalar

Hint: Omit it from the simp argument list.
  [apply] simp only [Identity.bind, extractScalarBooleanWordRangeWith, booleanType_accepts, scalarResultType_accepts,
    booleanWordRangeBindTypes_accepts, booleanWordRangeBindTypes_not_word, scalarBindTypes_accepts]

Note: This linter can be disabled with `set_option linter.unusedSimpArgs false`
warning: LeanExe/Extract/ScalarBooleanWordRange.lean:134:6: This simp argument is unused:
  scalarResultType_accepts

Hint: Omit it from the simp argument list.
  [apply] simp only [Identity.bind, extractScalarBooleanWordRangeWith, booleanType_accepts, booleanType_scalar,
    booleanWordRangeBindTypes_accepts, booleanWordRangeBindTypes_not_word, scalarBindTypes_accepts]

Note: This linter can be disabled with `set_option linter.unusedSimpArgs false`
warning: LeanExe/Extract/ScalarBooleanWordRange.lean:134:32: This simp argument is unused:
  booleanWordRangeBindTypes_accepts

Hint: Omit it from the simp argument list.
  [apply] simp only [Identity.bind, extractScalarBooleanWordRangeWith, booleanType_accepts, booleanType_scalar,
    scalarResultType_accepts, booleanWordRangeBindTypes_not_word, scalarBindTypes_accepts]

Note: This linter can be disabled with `set_option linter.unusedSimpArgs false`
warning: LeanExe/Extract/ScalarBooleanWordRange.lean:146:6: This simp argument is unused:
  booleanWordRangeBindTypes_not_word

Hint: Omit it from the simp argument list.
  [apply] simp only [extractScalarBooleanWordRangeWith, booleanType_scalar, scalarResultType_accepts,
    scalarBindTypes_accepts]

Note: This linter can be disabled with `set_option linter.unusedSimpArgs false`
warning: LeanExe/Extract/ScalarBooleanWordRange.lean:146:42: This simp argument is unused:
  scalarBindTypes_accepts

Hint: Omit it from the simp argument list.
  [apply] simp only [extractScalarBooleanWordRangeWith, booleanType_scalar, scalarResultType_accepts,
    booleanWordRangeBindTypes_not_word]

Note: This linter can be disabled with `set_option linter.unusedSimpArgs false`
warning: LeanExe/Extract/ScalarBooleanWordRange.lean:156:65: This simp argument is unused:
  booleanType_scalar

Hint: Omit it from the simp argument list.
  [apply] simp only [Identity.bind, extractScalarBooleanWordRangeWith, scalarResultType_accepts,
    booleanWordRangeBindTypes_not_word, scalarBindTypes_accepts]

Note: This linter can be disabled with `set_option linter.unusedSimpArgs false`
warning: LeanExe/Extract/ScalarBooleanWordRange.lean:156:85: This simp argument is unused:
  scalarResultType_accepts

Hint: Omit it from the simp argument list.
  [apply] simp only [Identity.bind, extractScalarBooleanWordRangeWith, booleanType_scalar,
    booleanWordRangeBindTypes_not_word, scalarBindTypes_accepts]

Note: This linter can be disabled with `set_option linter.unusedSimpArgs false`
Build completed successfully (162 jobs).
