leanrun: LEANRUN_LOCAL=1; macOS has no cgroup CPU/memory/swap limits or ionice
leanrun: explicitly authorized inherited priority; nice unavailable
BooleanWordInspect.direct: fun x y => (x == y).toUInt64 + (decide (x < y)).toUInt64
Lean.Expr.lam
  `x
  (Lean.Expr.const `UInt64 [])
  (Lean.Expr.lam
    `y
    (Lean.Expr.const `UInt64 [])
    (Lean.Expr.app
      (Lean.Expr.app
        (Lean.Expr.app
          (Lean.Expr.app
            (Lean.Expr.app
              (Lean.Expr.app
                (Lean.Expr.const `HAdd.hAdd [Lean.Level.zero, Lean.Level.zero, Lean.Level.zero])
                (Lean.Expr.const `UInt64 []))
              (Lean.Expr.const `UInt64 []))
            (Lean.Expr.const `UInt64 []))
          (Lean.Expr.app
            (Lean.Expr.app (Lean.Expr.const `instHAdd [Lean.Level.zero]) (Lean.Expr.const `UInt64 []))
            (Lean.Expr.const `instAddUInt64 [])))
        (Lean.Expr.app
          (Lean.Expr.const `Bool.toUInt64 [])
          (Lean.Expr.app
            (Lean.Expr.app
              (Lean.Expr.app
                (Lean.Expr.app (Lean.Expr.const `BEq.beq [Lean.Level.zero]) (Lean.Expr.const `UInt64 []))
                (Lean.Expr.app
                  (Lean.Expr.app (Lean.Expr.const `instBEqOfDecidableEq [Lean.Level.zero]) (Lean.Expr.const `UInt64 []))
                  (Lean.Expr.const `instDecidableEqUInt64 [])))
              (Lean.Expr.bvar 1))
            (Lean.Expr.bvar 0))))
      (Lean.Expr.app
        (Lean.Expr.const `Bool.toUInt64 [])
        (Lean.Expr.app
          (Lean.Expr.app
            (Lean.Expr.const `Decidable.decide [])
            (Lean.Expr.app
              (Lean.Expr.app
                (Lean.Expr.app
                  (Lean.Expr.app (Lean.Expr.const `LT.lt [Lean.Level.zero]) (Lean.Expr.const `UInt64 []))
                  (Lean.Expr.const `instLTUInt64 []))
                (Lean.Expr.bvar 1))
              (Lean.Expr.bvar 0)))
          (Lean.Expr.app (Lean.Expr.app (Lean.Expr.const `UInt64.decLt []) (Lean.Expr.bvar 1)) (Lean.Expr.bvar 0)))))
    (Lean.BinderInfo.default))
  (Lean.BinderInfo.default)
accepted: true
BooleanWordInspect.captured: fun x y =>
  have flag := x != 0;
  have f := fun flag => flag.toUInt64 + x;
  (f !flag) + flag.toUInt64 * y
Lean.Expr.lam
  `x
  (Lean.Expr.const `UInt64 [])
  (Lean.Expr.lam
    `y
    (Lean.Expr.const `UInt64 [])
    (Lean.Expr.letE
      `flag
      (Lean.Expr.const `Bool [])
      (Lean.Expr.app
        (Lean.Expr.app
          (Lean.Expr.app
            (Lean.Expr.app (Lean.Expr.const `bne [Lean.Level.zero]) (Lean.Expr.const `UInt64 []))
            (Lean.Expr.app
              (Lean.Expr.app (Lean.Expr.const `instBEqOfDecidableEq [Lean.Level.zero]) (Lean.Expr.const `UInt64 []))
              (Lean.Expr.const `instDecidableEqUInt64 [])))
          (Lean.Expr.bvar 1))
        (Lean.Expr.app
          (Lean.Expr.app
            (Lean.Expr.app (Lean.Expr.const `OfNat.ofNat [Lean.Level.zero]) (Lean.Expr.const `UInt64 []))
            (Lean.Expr.lit (Lean.Literal.natVal 0)))
          (Lean.Expr.app (Lean.Expr.const `UInt64.instOfNat []) (Lean.Expr.lit (Lean.Literal.natVal 0)))))
      (Lean.Expr.letE
        `f
        (Lean.Expr.forallE `flag (Lean.Expr.const `Bool []) (Lean.Expr.const `UInt64 []) (Lean.BinderInfo.default))
        (Lean.Expr.lam
          `flag
          (Lean.Expr.const `Bool [])
          (Lean.Expr.app
            (Lean.Expr.app
              (Lean.Expr.app
                (Lean.Expr.app
                  (Lean.Expr.app
                    (Lean.Expr.app
                      (Lean.Expr.const `HAdd.hAdd [Lean.Level.zero, Lean.Level.zero, Lean.Level.zero])
                      (Lean.Expr.const `UInt64 []))
                    (Lean.Expr.const `UInt64 []))
                  (Lean.Expr.const `UInt64 []))
                (Lean.Expr.app
                  (Lean.Expr.app (Lean.Expr.const `instHAdd [Lean.Level.zero]) (Lean.Expr.const `UInt64 []))
                  (Lean.Expr.const `instAddUInt64 [])))
              (Lean.Expr.app (Lean.Expr.const `Bool.toUInt64 []) (Lean.Expr.bvar 0)))
            (Lean.Expr.bvar 3))
          (Lean.BinderInfo.default))
        (Lean.Expr.app
          (Lean.Expr.app
            (Lean.Expr.app
              (Lean.Expr.app
                (Lean.Expr.app
                  (Lean.Expr.app
                    (Lean.Expr.const `HAdd.hAdd [Lean.Level.zero, Lean.Level.zero, Lean.Level.zero])
                    (Lean.Expr.const `UInt64 []))
                  (Lean.Expr.const `UInt64 []))
                (Lean.Expr.const `UInt64 []))
              (Lean.Expr.app
                (Lean.Expr.app (Lean.Expr.const `instHAdd [Lean.Level.zero]) (Lean.Expr.const `UInt64 []))
                (Lean.Expr.const `instAddUInt64 [])))
            (Lean.Expr.app (Lean.Expr.bvar 0) (Lean.Expr.app (Lean.Expr.const `Bool.not []) (Lean.Expr.bvar 1))))
          (Lean.Expr.app
            (Lean.Expr.app
              (Lean.Expr.app
                (Lean.Expr.app
                  (Lean.Expr.app
                    (Lean.Expr.app
                      (Lean.Expr.const `HMul.hMul [Lean.Level.zero, Lean.Level.zero, Lean.Level.zero])
                      (Lean.Expr.const `UInt64 []))
                    (Lean.Expr.const `UInt64 []))
                  (Lean.Expr.const `UInt64 []))
                (Lean.Expr.app
                  (Lean.Expr.app (Lean.Expr.const `instHMul [Lean.Level.zero]) (Lean.Expr.const `UInt64 []))
                  (Lean.Expr.const `instMulUInt64 [])))
              (Lean.Expr.app (Lean.Expr.const `Bool.toUInt64 []) (Lean.Expr.bvar 1)))
            (Lean.Expr.bvar 2)))
        true)
      true)
    (Lean.BinderInfo.default))
  (Lean.BinderInfo.default)
accepted: true
BooleanWordInspect.action: fun x y =>
  (have __do_jp := fun flag => pure (flag.toUInt64 + x);
    if x = y then do
      let flag ← pure true
      __do_jp flag
    else do
      let flag ← pure (decide (x > 0))
      __do_jp flag).run
Lean.Expr.lam
  `x
  (Lean.Expr.const `UInt64 [])
  (Lean.Expr.lam
    `y
    (Lean.Expr.const `UInt64 [])
    (Lean.Expr.app
      (Lean.Expr.app (Lean.Expr.const `Id.run [Lean.Level.zero]) (Lean.Expr.const `UInt64 []))
      (Lean.Expr.letE
        (Lean.Name.mkNum (Lean.Name.mkStr (Lean.Name.mkStr (Lean.Name.mkNum `__do_jp.«_@»._stdin 2758793049) "_hygCtx") "_hyg") 13)
        (Lean.Expr.forallE
          (Lean.Name.mkNum (Lean.Name.mkStr (Lean.Name.mkStr (Lean.Name.mkNum `x.«_@»._stdin 2758793049) "_hygCtx") "_hyg") 14)
          (Lean.Expr.const `Bool [])
          (Lean.Expr.app (Lean.Expr.const `Id [Lean.Level.zero]) (Lean.Expr.const `UInt64 []))
          (Lean.BinderInfo.default))
        (Lean.Expr.lam
          `flag
          (Lean.Expr.const `Bool [])
          (Lean.Expr.app
            (Lean.Expr.app
              (Lean.Expr.app
                (Lean.Expr.app
                  (Lean.Expr.const `Pure.pure [Lean.Level.zero, Lean.Level.zero])
                  (Lean.Expr.const `Id [Lean.Level.zero]))
                (Lean.Expr.app
                  (Lean.Expr.app
                    (Lean.Expr.const `Applicative.toPure [Lean.Level.zero, Lean.Level.zero])
                    (Lean.Expr.const `Id [Lean.Level.zero]))
                  (Lean.Expr.app
                    (Lean.Expr.app
                      (Lean.Expr.const `Monad.toApplicative [Lean.Level.zero, Lean.Level.zero])
                      (Lean.Expr.const `Id [Lean.Level.zero]))
                    (Lean.Expr.const `Id.instMonad [Lean.Level.zero]))))
              (Lean.Expr.const `UInt64 []))
            (Lean.Expr.app
              (Lean.Expr.app
                (Lean.Expr.app
                  (Lean.Expr.app
                    (Lean.Expr.app
                      (Lean.Expr.app
                        (Lean.Expr.const `HAdd.hAdd [Lean.Level.zero, Lean.Level.zero, Lean.Level.zero])
                        (Lean.Expr.const `UInt64 []))
                      (Lean.Expr.const `UInt64 []))
                    (Lean.Expr.const `UInt64 []))
                  (Lean.Expr.app
                    (Lean.Expr.app (Lean.Expr.const `instHAdd [Lean.Level.zero]) (Lean.Expr.const `UInt64 []))
                    (Lean.Expr.const `instAddUInt64 [])))
                (Lean.Expr.app (Lean.Expr.const `Bool.toUInt64 []) (Lean.Expr.bvar 0)))
              (Lean.Expr.bvar 2)))
          (Lean.BinderInfo.default))
        (Lean.Expr.app
          (Lean.Expr.app
            (Lean.Expr.app
              (Lean.Expr.app
                (Lean.Expr.app
                  (Lean.Expr.const `ite [Lean.Level.succ (Lean.Level.zero)])
                  (Lean.Expr.app (Lean.Expr.const `Id [Lean.Level.zero]) (Lean.Expr.const `UInt64 [])))
                (Lean.Expr.app
                  (Lean.Expr.app
                    (Lean.Expr.app
                      (Lean.Expr.const `Eq [Lean.Level.succ (Lean.Level.zero)])
                      (Lean.Expr.const `UInt64 []))
                    (Lean.Expr.bvar 2))
                  (Lean.Expr.bvar 1)))
              (Lean.Expr.app
                (Lean.Expr.app (Lean.Expr.const `instDecidableEqUInt64 []) (Lean.Expr.bvar 2))
                (Lean.Expr.bvar 1)))
            (Lean.Expr.app
              (Lean.Expr.app
                (Lean.Expr.app
                  (Lean.Expr.app
                    (Lean.Expr.app
                      (Lean.Expr.app
                        (Lean.Expr.const `Bind.bind [Lean.Level.zero, Lean.Level.zero])
                        (Lean.Expr.const `Id [Lean.Level.zero]))
                      (Lean.Expr.app
                        (Lean.Expr.app
                          (Lean.Expr.const `Monad.toBind [Lean.Level.zero, Lean.Level.zero])
                          (Lean.Expr.const `Id [Lean.Level.zero]))
                        (Lean.Expr.const `Id.instMonad [Lean.Level.zero])))
                    (Lean.Expr.const `Bool []))
                  (Lean.Expr.const `UInt64 []))
                (Lean.Expr.app
                  (Lean.Expr.app
                    (Lean.Expr.app
                      (Lean.Expr.app
                        (Lean.Expr.const `Pure.pure [Lean.Level.zero, Lean.Level.zero])
                        (Lean.Expr.const `Id [Lean.Level.zero]))
                      (Lean.Expr.app
                        (Lean.Expr.app
                          (Lean.Expr.const `Applicative.toPure [Lean.Level.zero, Lean.Level.zero])
                          (Lean.Expr.const `Id [Lean.Level.zero]))
                        (Lean.Expr.app
                          (Lean.Expr.app
                            (Lean.Expr.const `Monad.toApplicative [Lean.Level.zero, Lean.Level.zero])
                            (Lean.Expr.const `Id [Lean.Level.zero]))
                          (Lean.Expr.const `Id.instMonad [Lean.Level.zero]))))
                    (Lean.Expr.const `Bool []))
                  (Lean.Expr.const `Bool.true [])))
              (Lean.Expr.lam
                `flag
                (Lean.Expr.const `Bool [])
                (Lean.Expr.app (Lean.Expr.bvar 1) (Lean.Expr.bvar 0))
                (Lean.BinderInfo.default))))
          (Lean.Expr.app
            (Lean.Expr.app
              (Lean.Expr.app
                (Lean.Expr.app
                  (Lean.Expr.app
                    (Lean.Expr.app
                      (Lean.Expr.const `Bind.bind [Lean.Level.zero, Lean.Level.zero])
                      (Lean.Expr.const `Id [Lean.Level.zero]))
                    (Lean.Expr.app
                      (Lean.Expr.app
                        (Lean.Expr.const `Monad.toBind [Lean.Level.zero, Lean.Level.zero])
                        (Lean.Expr.const `Id [Lean.Level.zero]))
                      (Lean.Expr.const `Id.instMonad [Lean.Level.zero])))
                  (Lean.Expr.const `Bool []))
                (Lean.Expr.const `UInt64 []))
              (Lean.Expr.app
                (Lean.Expr.app
                  (Lean.Expr.app
                    (Lean.Expr.app
                      (Lean.Expr.const `Pure.pure [Lean.Level.zero, Lean.Level.zero])
                      (Lean.Expr.const `Id [Lean.Level.zero]))
                    (Lean.Expr.app
                      (Lean.Expr.app
                        (Lean.Expr.const `Applicative.toPure [Lean.Level.zero, Lean.Level.zero])
                        (Lean.Expr.const `Id [Lean.Level.zero]))
                      (Lean.Expr.app
                        (Lean.Expr.app
                          (Lean.Expr.const `Monad.toApplicative [Lean.Level.zero, Lean.Level.zero])
                          (Lean.Expr.const `Id [Lean.Level.zero]))
                        (Lean.Expr.const `Id.instMonad [Lean.Level.zero]))))
                  (Lean.Expr.const `Bool []))
                (Lean.Expr.app
                  (Lean.Expr.app
                    (Lean.Expr.const `Decidable.decide [])
                    (Lean.Expr.app
                      (Lean.Expr.app
                        (Lean.Expr.app
                          (Lean.Expr.app (Lean.Expr.const `GT.gt [Lean.Level.zero]) (Lean.Expr.const `UInt64 []))
                          (Lean.Expr.const `instLTUInt64 []))
                        (Lean.Expr.bvar 2))
                      (Lean.Expr.app
                        (Lean.Expr.app
                          (Lean.Expr.app (Lean.Expr.const `OfNat.ofNat [Lean.Level.zero]) (Lean.Expr.const `UInt64 []))
                          (Lean.Expr.lit (Lean.Literal.natVal 0)))
                        (Lean.Expr.app
                          (Lean.Expr.const `UInt64.instOfNat [])
                          (Lean.Expr.lit (Lean.Literal.natVal 0))))))
                  (Lean.Expr.app
                    (Lean.Expr.app
                      (Lean.Expr.const `UInt64.decLt [])
                      (Lean.Expr.app
                        (Lean.Expr.app
                          (Lean.Expr.app (Lean.Expr.const `OfNat.ofNat [Lean.Level.zero]) (Lean.Expr.const `UInt64 []))
                          (Lean.Expr.lit (Lean.Literal.natVal 0)))
                        (Lean.Expr.app (Lean.Expr.const `UInt64.instOfNat []) (Lean.Expr.lit (Lean.Literal.natVal 0)))))
                    (Lean.Expr.bvar 2)))))
            (Lean.Expr.lam
              `flag
              (Lean.Expr.const `Bool [])
              (Lean.Expr.app (Lean.Expr.bvar 1) (Lean.Expr.bvar 0))
              (Lean.BinderInfo.default))))
        true))
    (Lean.BinderInfo.default))
  (Lean.BinderInfo.default)
accepted: true
BooleanWordInspect.range: fun count seed =>
  (have a := seed;
    do
    let __s ←
      forIn [:count.toNat] a fun i __s =>
          have a := __s;
          have a := a + (decide (UInt64.ofNat i % 2 = 0)).toUInt64;
          if (a % 7 == 0) = true then pure (ForInStep.done a) else pure (ForInStep.yield a)
    have a : UInt64 := __s
    pure a).run
Lean.Expr.lam
  `count
  (Lean.Expr.const `UInt64 [])
  (Lean.Expr.lam
    `seed
    (Lean.Expr.const `UInt64 [])
    (Lean.Expr.app
      (Lean.Expr.app (Lean.Expr.const `Id.run [Lean.Level.zero]) (Lean.Expr.const `UInt64 []))
      (Lean.Expr.letE
        `a
        (Lean.Expr.const `UInt64 [])
        (Lean.Expr.bvar 0)
        (Lean.Expr.app
          (Lean.Expr.app
            (Lean.Expr.app
              (Lean.Expr.app
                (Lean.Expr.app
                  (Lean.Expr.app
                    (Lean.Expr.const `Bind.bind [Lean.Level.zero, Lean.Level.zero])
                    (Lean.Expr.const `Id [Lean.Level.zero]))
                  (Lean.Expr.app
                    (Lean.Expr.app
                      (Lean.Expr.const `Monad.toBind [Lean.Level.zero, Lean.Level.zero])
                      (Lean.Expr.const `Id [Lean.Level.zero]))
                    (Lean.Expr.const `Id.instMonad [Lean.Level.zero])))
                (Lean.Expr.const `UInt64 []))
              (Lean.Expr.const `UInt64 []))
            (Lean.Expr.app
              (Lean.Expr.app
                (Lean.Expr.app
                  (Lean.Expr.app
                    (Lean.Expr.app
                      (Lean.Expr.app
                        (Lean.Expr.app
                          (Lean.Expr.app
                            (Lean.Expr.const
                              `ForIn.forIn
                              [Lean.Level.zero, Lean.Level.zero, Lean.Level.zero, Lean.Level.zero])
                            (Lean.Expr.const `Id [Lean.Level.zero]))
                          (Lean.Expr.const `Std.Legacy.Range []))
                        (Lean.Expr.const `Nat []))
                      (Lean.Expr.app
                        (Lean.Expr.app
                          (Lean.Expr.app
                            (Lean.Expr.app
                              (Lean.Expr.app
                                (Lean.Expr.const
                                  `instForInOfForIn'
                                  [Lean.Level.zero, Lean.Level.zero, Lean.Level.zero, Lean.Level.zero])
                                (Lean.Expr.const `Id [Lean.Level.zero]))
                              (Lean.Expr.const `Std.Legacy.Range []))
                            (Lean.Expr.const `Nat []))
                          (Lean.Expr.app
                            (Lean.Expr.app
                              (Lean.Expr.const `inferInstance [Lean.Level.succ (Lean.Level.zero)])
                              (Lean.Expr.app
                                (Lean.Expr.app
                                  (Lean.Expr.const `Membership [Lean.Level.zero, Lean.Level.zero])
                                  (Lean.Expr.const `Nat []))
                                (Lean.Expr.const `Std.Legacy.Range [])))
                            (Lean.Expr.const `Std.Legacy.instMembershipNatRange [])))
                        (Lean.Expr.app
                          (Lean.Expr.app
                            (Lean.Expr.const
                              `Std.Legacy.Range.instForIn'NatInferInstanceMembershipOfMonad
                              [Lean.Level.zero, Lean.Level.zero])
                            (Lean.Expr.const `Id [Lean.Level.zero]))
                          (Lean.Expr.const `Id.instMonad [Lean.Level.zero]))))
                    (Lean.Expr.const `UInt64 []))
                  (Lean.Expr.app
                    (Lean.Expr.app
                      (Lean.Expr.app
                        (Lean.Expr.app
                          (Lean.Expr.const `Std.Legacy.Range.mk [])
                          (Lean.Expr.app
                            (Lean.Expr.app
                              (Lean.Expr.app (Lean.Expr.const `OfNat.ofNat [Lean.Level.zero]) (Lean.Expr.const `Nat []))
                              (Lean.Expr.lit (Lean.Literal.natVal 0)))
                            (Lean.Expr.app (Lean.Expr.const `instOfNatNat []) (Lean.Expr.lit (Lean.Literal.natVal 0)))))
                        (Lean.Expr.app (Lean.Expr.const `UInt64.toNat []) (Lean.Expr.bvar 2)))
                      (Lean.Expr.app
                        (Lean.Expr.app
                          (Lean.Expr.app (Lean.Expr.const `OfNat.ofNat [Lean.Level.zero]) (Lean.Expr.const `Nat []))
                          (Lean.Expr.lit (Lean.Literal.natVal 1)))
                        (Lean.Expr.app (Lean.Expr.const `instOfNatNat []) (Lean.Expr.lit (Lean.Literal.natVal 1)))))
                    (Lean.Expr.const `Nat.zero_lt_one [])))
                (Lean.Expr.bvar 0))
              (Lean.Expr.lam
                `i
                (Lean.Expr.const `Nat [])
                (Lean.Expr.lam
                  (Lean.Name.mkNum (Lean.Name.mkStr (Lean.Name.mkStr (Lean.Name.mkNum `__s.«_@»._stdin 1780592896) "_hygCtx") "_hyg") 30)
                  (Lean.Expr.const `UInt64 [])
                  (Lean.Expr.letE
                    `a
                    (Lean.Expr.const `UInt64 [])
                    (Lean.Expr.bvar 0)
                    (Lean.Expr.letE
                      `a
                      (Lean.Expr.const `UInt64 [])
                      (Lean.Expr.app
                        (Lean.Expr.app
                          (Lean.Expr.app
                            (Lean.Expr.app
                              (Lean.Expr.app
                                (Lean.Expr.app
                                  (Lean.Expr.const `HAdd.hAdd [Lean.Level.zero, Lean.Level.zero, Lean.Level.zero])
                                  (Lean.Expr.const `UInt64 []))
                                (Lean.Expr.const `UInt64 []))
                              (Lean.Expr.const `UInt64 []))
                            (Lean.Expr.app
                              (Lean.Expr.app (Lean.Expr.const `instHAdd [Lean.Level.zero]) (Lean.Expr.const `UInt64 []))
                              (Lean.Expr.const `instAddUInt64 [])))
                          (Lean.Expr.bvar 0))
                        (Lean.Expr.app
                          (Lean.Expr.const `Bool.toUInt64 [])
                          (Lean.Expr.app
                            (Lean.Expr.app
                              (Lean.Expr.const `Decidable.decide [])
                              (Lean.Expr.app
                                (Lean.Expr.app
                                  (Lean.Expr.app
                                    (Lean.Expr.const `Eq [Lean.Level.succ (Lean.Level.zero)])
                                    (Lean.Expr.const `UInt64 []))
                                  (Lean.Expr.app
                                    (Lean.Expr.app
                                      (Lean.Expr.app
                                        (Lean.Expr.app
                                          (Lean.Expr.app
                                            (Lean.Expr.app
                                              (Lean.Expr.const
                                                `HMod.hMod
                                                [Lean.Level.zero, Lean.Level.zero, Lean.Level.zero])
                                              (Lean.Expr.const `UInt64 []))
                                            (Lean.Expr.const `UInt64 []))
                                          (Lean.Expr.const `UInt64 []))
                                        (Lean.Expr.app
                                          (Lean.Expr.app
                                            (Lean.Expr.const `instHMod [Lean.Level.zero])
                                            (Lean.Expr.const `UInt64 []))
                                          (Lean.Expr.const `instModUInt64 [])))
                                      (Lean.Expr.app (Lean.Expr.const `UInt64.ofNat []) (Lean.Expr.bvar 2)))
                                    (Lean.Expr.app
                                      (Lean.Expr.app
                                        (Lean.Expr.app
                                          (Lean.Expr.const `OfNat.ofNat [Lean.Level.zero])
                                          (Lean.Expr.const `UInt64 []))
                                        (Lean.Expr.lit (Lean.Literal.natVal 2)))
                                      (Lean.Expr.app
                                        (Lean.Expr.const `UInt64.instOfNat [])
                                        (Lean.Expr.lit (Lean.Literal.natVal 2))))))
                                (Lean.Expr.app
                                  (Lean.Expr.app
                                    (Lean.Expr.app
                                      (Lean.Expr.const `OfNat.ofNat [Lean.Level.zero])
                                      (Lean.Expr.const `UInt64 []))
                                    (Lean.Expr.lit (Lean.Literal.natVal 0)))
                                  (Lean.Expr.app
                                    (Lean.Expr.const `UInt64.instOfNat [])
                                    (Lean.Expr.lit (Lean.Literal.natVal 0))))))
                            (Lean.Expr.app
                              (Lean.Expr.app
                                (Lean.Expr.const `instDecidableEqUInt64 [])
                                (Lean.Expr.app
                                  (Lean.Expr.app
                                    (Lean.Expr.app
                                      (Lean.Expr.app
                                        (Lean.Expr.app
                                          (Lean.Expr.app
                                            (Lean.Expr.const
                                              `HMod.hMod
                                              [Lean.Level.zero, Lean.Level.zero, Lean.Level.zero])
                                            (Lean.Expr.const `UInt64 []))
                                          (Lean.Expr.const `UInt64 []))
                                        (Lean.Expr.const `UInt64 []))
                                      (Lean.Expr.app
                                        (Lean.Expr.app
                                          (Lean.Expr.const `instHMod [Lean.Level.zero])
                                          (Lean.Expr.const `UInt64 []))
                                        (Lean.Expr.const `instModUInt64 [])))
                                    (Lean.Expr.app (Lean.Expr.const `UInt64.ofNat []) (Lean.Expr.bvar 2)))
                                  (Lean.Expr.app
                                    (Lean.Expr.app
                                      (Lean.Expr.app
                                        (Lean.Expr.const `OfNat.ofNat [Lean.Level.zero])
                                        (Lean.Expr.const `UInt64 []))
                                      (Lean.Expr.lit (Lean.Literal.natVal 2)))
                                    (Lean.Expr.app
                                      (Lean.Expr.const `UInt64.instOfNat [])
                                      (Lean.Expr.lit (Lean.Literal.natVal 2))))))
                              (Lean.Expr.app
                                (Lean.Expr.app
                                  (Lean.Expr.app
                                    (Lean.Expr.const `OfNat.ofNat [Lean.Level.zero])
                                    (Lean.Expr.const `UInt64 []))
                                  (Lean.Expr.lit (Lean.Literal.natVal 0)))
                                (Lean.Expr.app
                                  (Lean.Expr.const `UInt64.instOfNat [])
                                  (Lean.Expr.lit (Lean.Literal.natVal 0))))))))
                      (Lean.Expr.app
                        (Lean.Expr.app
                          (Lean.Expr.app
                            (Lean.Expr.app
                              (Lean.Expr.app
                                (Lean.Expr.const `ite [Lean.Level.succ (Lean.Level.zero)])
                                (Lean.Expr.app
                                  (Lean.Expr.const `Id [Lean.Level.zero])
                                  (Lean.Expr.app
                                    (Lean.Expr.const `ForInStep [Lean.Level.zero])
                                    (Lean.Expr.const `UInt64 []))))
                              (Lean.Expr.app
                                (Lean.Expr.app
                                  (Lean.Expr.app
                                    (Lean.Expr.const `Eq [Lean.Level.succ (Lean.Level.zero)])
                                    (Lean.Expr.const `Bool []))
                                  (Lean.Expr.app
                                    (Lean.Expr.app
                                      (Lean.Expr.app
                                        (Lean.Expr.app
                                          (Lean.Expr.const `BEq.beq [Lean.Level.zero])
                                          (Lean.Expr.const `UInt64 []))
                                        (Lean.Expr.app
                                          (Lean.Expr.app
                                            (Lean.Expr.const `instBEqOfDecidableEq [Lean.Level.zero])
                                            (Lean.Expr.const `UInt64 []))
                                          (Lean.Expr.const `instDecidableEqUInt64 [])))
                                      (Lean.Expr.app
                                        (Lean.Expr.app
                                          (Lean.Expr.app
                                            (Lean.Expr.app
                                              (Lean.Expr.app
                                                (Lean.Expr.app
                                                  (Lean.Expr.const
                                                    `HMod.hMod
                                                    [Lean.Level.zero, Lean.Level.zero, Lean.Level.zero])
                                                  (Lean.Expr.const `UInt64 []))
                                                (Lean.Expr.const `UInt64 []))
                                              (Lean.Expr.const `UInt64 []))
                                            (Lean.Expr.app
                                              (Lean.Expr.app
                                                (Lean.Expr.const `instHMod [Lean.Level.zero])
                                                (Lean.Expr.const `UInt64 []))
                                              (Lean.Expr.const `instModUInt64 [])))
                                          (Lean.Expr.bvar 0))
                                        (Lean.Expr.app
                                          (Lean.Expr.app
                                            (Lean.Expr.app
                                              (Lean.Expr.const `OfNat.ofNat [Lean.Level.zero])
                                              (Lean.Expr.const `UInt64 []))
                                            (Lean.Expr.lit (Lean.Literal.natVal 7)))
                                          (Lean.Expr.app
                                            (Lean.Expr.const `UInt64.instOfNat [])
                                            (Lean.Expr.lit (Lean.Literal.natVal 7))))))
                                    (Lean.Expr.app
                                      (Lean.Expr.app
                                        (Lean.Expr.app
                                          (Lean.Expr.const `OfNat.ofNat [Lean.Level.zero])
                                          (Lean.Expr.const `UInt64 []))
                                        (Lean.Expr.lit (Lean.Literal.natVal 0)))
                                      (Lean.Expr.app
                                        (Lean.Expr.const `UInt64.instOfNat [])
                                        (Lean.Expr.lit (Lean.Literal.natVal 0))))))
                                (Lean.Expr.const `Bool.true [])))
                            (Lean.Expr.app
                              (Lean.Expr.app
                                (Lean.Expr.const `instDecidableEqBool [])
                                (Lean.Expr.app
                                  (Lean.Expr.app
                                    (Lean.Expr.app
                                      (Lean.Expr.app
                                        (Lean.Expr.const `BEq.beq [Lean.Level.zero])
                                        (Lean.Expr.const `UInt64 []))
                                      (Lean.Expr.app
                                        (Lean.Expr.app
                                          (Lean.Expr.const `instBEqOfDecidableEq [Lean.Level.zero])
                                          (Lean.Expr.const `UInt64 []))
                                        (Lean.Expr.const `instDecidableEqUInt64 [])))
                                    (Lean.Expr.app
                                      (Lean.Expr.app
                                        (Lean.Expr.app
                                          (Lean.Expr.app
                                            (Lean.Expr.app
                                              (Lean.Expr.app
                                                (Lean.Expr.const
                                                  `HMod.hMod
                                                  [Lean.Level.zero, Lean.Level.zero, Lean.Level.zero])
                                                (Lean.Expr.const `UInt64 []))
                                              (Lean.Expr.const `UInt64 []))
                                            (Lean.Expr.const `UInt64 []))
                                          (Lean.Expr.app
                                            (Lean.Expr.app
                                              (Lean.Expr.const `instHMod [Lean.Level.zero])
                                              (Lean.Expr.const `UInt64 []))
                                            (Lean.Expr.const `instModUInt64 [])))
                                        (Lean.Expr.bvar 0))
                                      (Lean.Expr.app
                                        (Lean.Expr.app
                                          (Lean.Expr.app
                                            (Lean.Expr.const `OfNat.ofNat [Lean.Level.zero])
                                            (Lean.Expr.const `UInt64 []))
                                          (Lean.Expr.lit (Lean.Literal.natVal 7)))
                                        (Lean.Expr.app
                                          (Lean.Expr.const `UInt64.instOfNat [])
                                          (Lean.Expr.lit (Lean.Literal.natVal 7))))))
                                  (Lean.Expr.app
                                    (Lean.Expr.app
                                      (Lean.Expr.app
                                        (Lean.Expr.const `OfNat.ofNat [Lean.Level.zero])
                                        (Lean.Expr.const `UInt64 []))
                                      (Lean.Expr.lit (Lean.Literal.natVal 0)))
                                    (Lean.Expr.app
                                      (Lean.Expr.const `UInt64.instOfNat [])
                                      (Lean.Expr.lit (Lean.Literal.natVal 0))))))
                              (Lean.Expr.const `Bool.true [])))
                          (Lean.Expr.app
                            (Lean.Expr.app
                              (Lean.Expr.app
                                (Lean.Expr.app
                                  (Lean.Expr.const `Pure.pure [Lean.Level.zero, Lean.Level.zero])
                                  (Lean.Expr.const `Id [Lean.Level.zero]))
                                (Lean.Expr.app
                                  (Lean.Expr.app
                                    (Lean.Expr.const `Applicative.toPure [Lean.Level.zero, Lean.Level.zero])
                                    (Lean.Expr.const `Id [Lean.Level.zero]))
                                  (Lean.Expr.app
                                    (Lean.Expr.app
                                      (Lean.Expr.const `Monad.toApplicative [Lean.Level.zero, Lean.Level.zero])
                                      (Lean.Expr.const `Id [Lean.Level.zero]))
                                    (Lean.Expr.const `Id.instMonad [Lean.Level.zero]))))
                              (Lean.Expr.app
                                (Lean.Expr.const `ForInStep [Lean.Level.zero])
                                (Lean.Expr.const `UInt64 [])))
                            (Lean.Expr.app
                              (Lean.Expr.app
                                (Lean.Expr.const `ForInStep.done [Lean.Level.zero])
                                (Lean.Expr.const `UInt64 []))
                              (Lean.Expr.bvar 0))))
                        (Lean.Expr.app
                          (Lean.Expr.app
                            (Lean.Expr.app
                              (Lean.Expr.app
                                (Lean.Expr.const `Pure.pure [Lean.Level.zero, Lean.Level.zero])
                                (Lean.Expr.const `Id [Lean.Level.zero]))
                              (Lean.Expr.app
                                (Lean.Expr.app
                                  (Lean.Expr.const `Applicative.toPure [Lean.Level.zero, Lean.Level.zero])
                                  (Lean.Expr.const `Id [Lean.Level.zero]))
                                (Lean.Expr.app
                                  (Lean.Expr.app
                                    (Lean.Expr.const `Monad.toApplicative [Lean.Level.zero, Lean.Level.zero])
                                    (Lean.Expr.const `Id [Lean.Level.zero]))
                                  (Lean.Expr.const `Id.instMonad [Lean.Level.zero]))))
                            (Lean.Expr.app (Lean.Expr.const `ForInStep [Lean.Level.zero]) (Lean.Expr.const `UInt64 [])))
                          (Lean.Expr.app
                            (Lean.Expr.app
                              (Lean.Expr.const `ForInStep.yield [Lean.Level.zero])
                              (Lean.Expr.const `UInt64 []))
                            (Lean.Expr.bvar 0))))
                      true)
                    true)
                  (Lean.BinderInfo.default))
                (Lean.BinderInfo.default))))
          (Lean.Expr.lam
            (Lean.Name.mkNum (Lean.Name.mkStr (Lean.Name.mkStr (Lean.Name.mkNum `__s.«_@»._stdin 1780592896) "_hygCtx") "_hyg") 30)
            (Lean.Expr.const `UInt64 [])
            (Lean.Expr.letE
              `a
              (Lean.Expr.const `UInt64 [])
              (Lean.Expr.bvar 0)
              (Lean.Expr.app
                (Lean.Expr.app
                  (Lean.Expr.app
                    (Lean.Expr.app
                      (Lean.Expr.const `Pure.pure [Lean.Level.zero, Lean.Level.zero])
                      (Lean.Expr.const `Id [Lean.Level.zero]))
                    (Lean.Expr.app
                      (Lean.Expr.app
                        (Lean.Expr.const `Applicative.toPure [Lean.Level.zero, Lean.Level.zero])
                        (Lean.Expr.const `Id [Lean.Level.zero]))
                      (Lean.Expr.app
                        (Lean.Expr.app
                          (Lean.Expr.const `Monad.toApplicative [Lean.Level.zero, Lean.Level.zero])
                          (Lean.Expr.const `Id [Lean.Level.zero]))
                        (Lean.Expr.const `Id.instMonad [Lean.Level.zero]))))
                  (Lean.Expr.const `UInt64 []))
                (Lean.Expr.bvar 0))
              true)
            (Lean.BinderInfo.default)))
        true))
    (Lean.BinderInfo.default))
  (Lean.BinderInfo.default)
accepted: true
