cli-build: passed
admission-test: passed
reserved-exports: passed
fixture: passed
native-results: passed
compile-constant: passed
compile-publicInputIdWord: passed
compile-publicInputIdResult: passed
compile-publicFlagWord: passed
compile-publicFlagResult: passed
compile-rangeBoolWrappedCallWord: passed
compile-rangeBoolWrappedCallFlag: passed
compile-rangeBoolWrappedCallId: passed
compile-rangeBoolForwardedWord: passed
compile-rangeBoolForwardedFlag: passed
compile-rangeBoolForwardedId: passed
compile-rangeBoolConditionalCallSaved: passed
compile-rangeBoolConditionalCallNested: passed
compile-rangeBoolConditionalCallExit: passed
compile-rangeBoolConditionalCallFlag: passed
compile-rangeBoolConditionalCallWord: passed
compile-rangeBoolConditionalCallId: passed
compile-rangeBoolSavedCallWord: passed
compile-rangeBoolSavedCallFlag: passed
compile-rangeBoolSavedCallBooleanArgument: passed
compile-rangeBoolSavedCallWordCapture: passed
compile-rangeBoolSavedCallBooleanCapture: passed
compile-rangeBoolSavedCallNested: passed
compile-rangeBoolSavedCallExit: passed
compile-rangeBoolSavedCallContinue: passed
compile-rangeBoolSavedCallStride: passed
compile-rangeBoolSavedCallId: passed
compile-rangeBoolLetIdInput: passed
Passed 609 native Lean / independent Wasm engine comparisons across 28 declarations.
