⚠ [1/115] Replayed LeanExe.Examples.AsciiDigits
warning: LeanExe/Examples/AsciiDigits.lean:103:30: `if_false` has been deprecated: Use `ite_false` instead
warning: LeanExe/Examples/AsciiDigits.lean:109:78: `if_true` has been deprecated: Use `ite_true` instead
⚠ [71/115] Replayed LeanExe.IR.ScalarRangeSlots
warning: LeanExe/IR/ScalarRangeSlots.lean:25:2: try 'simp' instead of 'simpa'

Note: This linter can be disabled with `set_option linter.unnecessarySimpa false`
warning: LeanExe/IR/ScalarRangeSlots.lean:29:20: This simp argument is unused:
  read_suffix

Hint: Omit it from the simp argument list.
  [apply] simp [rangeStore]

Note: This linter can be disabled with `set_option linter.unusedSimpArgs false`
warning: LeanExe/IR/ScalarRangeSlots.lean:33:20: This simp argument is unused:
  read_suffix

Hint: Omit it from the simp argument list.
  [apply] simp [rangeStore]

Note: This linter can be disabled with `set_option linter.unusedSimpArgs false`
⚠ [97/115] Replayed LeanExe.IR.ScalarRangeExitSlots
warning: LeanExe/IR/ScalarRangeExitSlots.lean:18:2: try 'simp' instead of 'simpa'

Note: This linter can be disabled with `set_option linter.unnecessarySimpa false`
⚠ [102/115] Replayed LeanExe.Extract.ScalarFunc
warning: LeanExe/Extract/ScalarFunc.lean:76:28: This simp argument is unused:
  bind

Hint: Omit it from the simp argument list.
  [apply] simp only [rangeCase, pure, Option.bind_eq_some_iff, Option.some.injEq] at compiled

Note: This linter can be disabled with `set_option linter.unusedSimpArgs false`
✔ [114/242] Built LeanExe.Extract.Eval (985ms)
✔ [155/242] Built LeanExe.Source.ScalarValues:c.o (177ms)
✔ [156/242] Built LeanExe.Extract.ScalarBindings:c.o (153ms)
✔ [162/242] Built LeanExe.Source.ScalarBooleanLocal:c.o (221ms)
✔ [163/242] Built LeanExe.Extract.ScalarBooleanLocal:c.o (142ms)
✔ [167/242] Built LeanExe.Extract.ScalarBooleanLocalSyntax:c.o (305ms)
✔ [168/242] Built LeanExe.Source.ScalarBooleanLocalValues:c.o (103ms)
✔ [169/242] Built LeanExe.Extract.ScalarBooleanLocalBindings:c.o (92ms)
✔ [178/242] Built LeanExe.Source.Scalar:c.o (184ms)
✔ [179/242] Built LeanExe.Extract.ScalarExprCore:c.o (2.7s)
✔ [180/242] Built LeanExe.Extract.ScalarExpr:c.o (1.7s)
✔ [184/242] Built LeanExe.Extract.ScalarRange:c.o (1.1s)
✔ [191/242] Built LeanExe.Source.ScalarStepValues:c.o (126ms)
✔ [193/242] Built LeanExe.Extract.ScalarStepBindings:c.o (222ms)
✔ [196/242] Built LeanExe.Extract.ScalarStep:c.o (2.6s)
✔ [197/242] Built LeanExe.Extract.ScalarStepEquations:c.o (1.7s)
✔ [199/242] Built LeanExe.Extract.ScalarStepSupported:c.o (1.7s)
✔ [210/242] Built LeanExe.Source.ScalarRangeExitSupported:c.o (114ms)
✔ [213/242] Built LeanExe.Extract.ScalarRangeExit:c.o (1.9s)
✔ [216/242] Built LeanExe.Extract.ScalarRangeExitCorrectness:c.o (114ms)
✔ [232/242] Built LeanExe.Extract.Report (1.5s)
✔ [236/242] Built LeanExe.Extract.OwnershipReport (1.1s)
✔ [238/242] Built LeanExe.CLI (1.2s)
✔ [240/242] Built Main (904ms)
✔ [242/242] Built «lean-wasm»:exe (503ms)
Build completed successfully (242 jobs).
