⚠ [1/160] Replayed LeanExe.Examples.AsciiDigits
warning: LeanExe/Examples/AsciiDigits.lean:103:30: `if_false` has been deprecated: Use `ite_false` instead
warning: LeanExe/Examples/AsciiDigits.lean:109:78: `if_true` has been deprecated: Use `ite_true` instead
⚠ [61/160] Replayed LeanExe.Extract.ScalarGuardSyntax
warning: LeanExe/Extract/ScalarGuardSyntax.lean:219:4: try 'simp' instead of 'simpa'

Note: This linter can be disabled with `set_option linter.unnecessarySimpa false`
⚠ [110/160] Replayed LeanExe.Extract.ScalarExpr
warning: LeanExe/Extract/ScalarExpr.lean:177:15: This simp argument is unused:
  bind

Hint: Omit it from the simp argument list.
  [apply] simp only [pure, Option.bind_eq_some_iff, Option.some.injEq] at compiled

Note: This linter can be disabled with `set_option linter.unusedSimpArgs false`
warning: LeanExe/Extract/ScalarExpr.lean:1105:17: This simp argument is unused:
  bind

Hint: Omit it from the simp argument list.
  [apply] simp only [pure, Option.bind_eq_some_iff, Option.some.injEq] at compiled

Note: This linter can be disabled with `set_option linter.unusedSimpArgs false`
⚠ [116/160] Replayed LeanExe.IR.ScalarRangeSlots
warning: LeanExe/IR/ScalarRangeSlots.lean:25:2: try 'simp' instead of 'simpa'

Note: This linter can be disabled with `set_option linter.unnecessarySimpa false`
warning: LeanExe/IR/ScalarRangeSlots.lean:29:20: This simp argument is unused:
  read_suffix

Hint: Omit it from the simp argument list.
  [apply] simp [rangeStore]

Note: This linter can be disabled with `set_option linter.unusedSimpArgs false`
warning: LeanExe/IR/ScalarRangeSlots.lean:33:20: This simp argument is unused:
  read_suffix

Hint: Omit it from the simp argument list.
  [apply] simp [rangeStore]

Note: This linter can be disabled with `set_option linter.unusedSimpArgs false`
⚠ [142/160] Replayed LeanExe.IR.ScalarRangeExitSlots
warning: LeanExe/IR/ScalarRangeExitSlots.lean:18:2: try 'simp' instead of 'simpa'

Note: This linter can be disabled with `set_option linter.unnecessarySimpa false`
⚠ [147/160] Replayed LeanExe.Extract.ScalarFunc
warning: LeanExe/Extract/ScalarFunc.lean:76:28: This simp argument is unused:
  bind

Hint: Omit it from the simp argument list.
  [apply] simp only [rangeCase, pure, Option.bind_eq_some_iff, Option.some.injEq] at compiled

Note: This linter can be disabled with `set_option linter.unusedSimpArgs false`
✔ [159/334] Built LeanExe.Extract.Eval (991ms)
✔ [162/334] Built LeanExe.Extract.Report (1.5s)
✔ [205/334] Built LeanExe.Source.ScalarBooleanEnvironment:c.o (201ms)
✔ [206/334] Built LeanExe.Source.ScalarBooleanLocal:c.o (778ms)
✔ [207/334] Built LeanExe.Source.ScalarBooleanAction:c.o (104ms)
✔ [229/334] Built LeanExe.Extract.ScalarBooleanLocalParser:c.o (2.3s)
✔ [232/334] Built LeanExe.Extract.ScalarBooleanLocalSyntax:c.o (576ms)
✔ [247/334] Built LeanExe.Source.ScalarValues:c.o (175ms)
✔ [248/334] Built LeanExe.Extract.ScalarBindings:c.o (171ms)
✔ [253/334] Built LeanExe.Extract.ScalarBooleanFunctionLookup:c.o (90ms)
✔ [255/334] Built LeanExe.Extract.ScalarBooleanLocalCore:c.o (408ms)
✔ [256/334] Built LeanExe.Extract.ScalarBooleanLocalAcceptance:c.o (403ms)
✔ [257/334] Built LeanExe.Extract.ScalarBooleanLocalFacts:c.o (446ms)
✔ [258/334] Built LeanExe.Extract.ScalarBooleanLocalCorrectness:c.o (92ms)
✔ [259/334] Built LeanExe.Extract.ScalarBooleanLocal:c.o (95ms)
✔ [261/334] Built LeanExe.Extract.ScalarBooleanLocalBindings:c.o (95ms)
✔ [270/334] Built LeanExe.Source.Scalar:c.o (155ms)
✔ [271/334] Built LeanExe.Extract.ScalarExprCore:c.o (2.9s)
✔ [288/334] Built LeanExe.Extract.ScalarStep:c.o (2.9s)
✔ [302/334] Built LeanExe.Source.ScalarRangeExitSupported:c.o (140ms)
✔ [305/334] Built LeanExe.Extract.ScalarRangeExit:c.o (2.2s)
✔ [309/334] Built LeanExe.Extract.ScalarRangeExitCorrectness:c.o (157ms)
✔ [328/334] Built LeanExe.Extract.OwnershipReport (1.1s)
✔ [330/334] Built LeanExe.CLI (1.2s)
✔ [332/334] Built Main (925ms)
✔ [334/334] Built «lean-wasm»:exe (503ms)
Build completed successfully (334 jobs).
