leanrun: LEANRUN_LOCAL=1; macOS has no cgroup CPU/memory/swap limits or ionice
leanrun: explicitly authorized inherited priority; nice unavailable
⚠ [46/100] Replayed LeanExe.Extract.ScalarGuardSyntax
warning: LeanExe/Extract/ScalarGuardSyntax.lean:219:4: try 'simp' instead of 'simpa'

Note: This linter can be disabled with `set_option linter.unnecessarySimpa false`
⚠ [97/103] Replayed LeanExe.Extract.ScalarExpr
warning: LeanExe/Extract/ScalarExpr.lean:177:15: This simp argument is unused:
  bind

Hint: Omit it from the simp argument list.
  [apply] simp only [pure, Option.bind_eq_some_iff, Option.some.injEq] at compiled

Note: This linter can be disabled with `set_option linter.unusedSimpArgs false`
warning: LeanExe/Extract/ScalarExpr.lean:1105:17: This simp argument is unused:
  bind

Hint: Omit it from the simp argument list.
  [apply] simp only [pure, Option.bind_eq_some_iff, Option.some.injEq] at compiled

Note: This linter can be disabled with `set_option linter.unusedSimpArgs false`
✔ [98/103] Built LeanExe.Source.ScalarRangeSupported (902ms)
⚠ [100/103] Replayed LeanExe.IR.ScalarRangeSlots
warning: LeanExe/IR/ScalarRangeSlots.lean:25:2: try 'simp' instead of 'simpa'

Note: This linter can be disabled with `set_option linter.unnecessarySimpa false`
warning: LeanExe/IR/ScalarRangeSlots.lean:29:20: This simp argument is unused:
  read_suffix

Hint: Omit it from the simp argument list.
  [apply] simp [rangeStore]

Note: This linter can be disabled with `set_option linter.unusedSimpArgs false`
warning: LeanExe/IR/ScalarRangeSlots.lean:33:20: This simp argument is unused:
  read_suffix

Hint: Omit it from the simp argument list.
  [apply] simp [rangeStore]

Note: This linter can be disabled with `set_option linter.unusedSimpArgs false`
✔ [101/103] Built LeanExe.Extract.ScalarRange (2.4s)
✔ [102/115] Built LeanExe.Extract.ScalarRangeCorrectness (924ms)
✔ [109/116] Built LeanExe.Source.ScalarManyFunctionSemantics (900ms)
✔ [110/119] Built LeanExe.Source.ScalarStep (1.4s)
✔ [112/119] Built LeanExe.Extract.ScalarStep (8.8s)
✔ [114/119] Built LeanExe.Extract.ScalarStepEquations (9.5s)
✔ [116/122] Built LeanExe.Extract.ScalarStepSupported (8.1s)
✔ [117/122] Built LeanExe.Extract.ScalarStepAcceptance (1.1s)
✔ [119/125] Built LeanExe.Source.ScalarRangeCount (1.1s)
✔ [120/126] Built LeanExe.Source.ScalarRangeStrideSyntax (882ms)
✔ [121/126] Built LeanExe.Extract.ScalarRangeCount (1.1s)
✔ [122/126] Built LeanExe.Source.ScalarRangeExitSyntax (906ms)
✔ [123/129] Built LeanExe.Extract.ScalarRangeStrideSyntax (898ms)
✔ [124/131] Built LeanExe.Source.ScalarRangeExitSupported (1.1s)
✔ [126/131] Built LeanExe.Extract.ScalarRangeExitSyntax (1.1s)
⚠ [127/134] Replayed LeanExe.IR.ScalarRangeExitSlots
warning: LeanExe/IR/ScalarRangeExitSlots.lean:18:2: try 'simp' instead of 'simpa'

Note: This linter can be disabled with `set_option linter.unnecessarySimpa false`
✔ [128/134] Built LeanExe.Extract.ScalarStepCorrectness (1.1s)
✔ [129/134] Built LeanExe.Extract.ScalarRangeExit (7.0s)
✔ [132/137] Built LeanExe.Extract.ScalarRangeExitCorrectness (1.0s)
✔ [133/137] Built LeanExe.Source.ScalarFunction (1.0s)
✔ [134/137] Built LeanExe.Source.ScalarHeadEvaluation (2.8s)
⚠ [135/137] Built LeanExe.Extract.ScalarFunc (1.0s)
warning: LeanExe/Extract/ScalarFunc.lean:76:28: This simp argument is unused:
  bind

Hint: Omit it from the simp argument list.
  [apply] simp only [rangeCase, pure, Option.bind_eq_some_iff, Option.some.injEq] at compiled

Note: This linter can be disabled with `set_option linter.unusedSimpArgs false`
✔ [136/137] Built LeanExe.Source.ScalarLiteralEvaluation (993ms)
✔ [137/137] Built LeanExe.Source.ScalarReannotationEvaluation (906ms)
Build completed successfully (137 jobs).
