leanrun: LEANRUN_LOCAL=1; macOS has no cgroup CPU/memory/swap limits or ionice
leanrun: explicitly authorized inherited priority; nice unavailable
⚠ [46/95] Replayed LeanExe.Extract.ScalarGuardSyntax
warning: LeanExe/Extract/ScalarGuardSyntax.lean:219:4: try 'simp' instead of 'simpa'

Note: This linter can be disabled with `set_option linter.unnecessarySimpa false`
✔ [93/98] Built LeanExe.Source.ScalarRangeSupported (935ms)
⚠ [95/98] Replayed LeanExe.IR.ScalarRangeSlots
warning: LeanExe/IR/ScalarRangeSlots.lean:25:2: try 'simp' instead of 'simpa'

Note: This linter can be disabled with `set_option linter.unnecessarySimpa false`
warning: LeanExe/IR/ScalarRangeSlots.lean:29:20: This simp argument is unused:
  read_suffix

Hint: Omit it from the simp argument list.
  [apply] simp [rangeStore]

Note: This linter can be disabled with `set_option linter.unusedSimpArgs false`
warning: LeanExe/IR/ScalarRangeSlots.lean:33:20: This simp argument is unused:
  read_suffix

Hint: Omit it from the simp argument list.
  [apply] simp [rangeStore]

Note: This linter can be disabled with `set_option linter.unusedSimpArgs false`
✔ [96/98] Built LeanExe.Extract.ScalarRange (2.4s)
✔ [97/114] Built LeanExe.Extract.ScalarRangeCorrectness (925ms)
✔ [110/117] Built LeanExe.Extract.ScalarStepSupported (8.1s)
✔ [114/121] Built LeanExe.Source.ScalarRangeCount (1.1s)
✔ [115/121] Built LeanExe.Extract.ScalarRangeCount (1.1s)
✔ [116/124] Built LeanExe.Source.ScalarRangeStrideSyntax (897ms)
✔ [117/126] Built LeanExe.Extract.ScalarRangeStrideSyntax (890ms)
✔ [118/126] Built LeanExe.Source.ScalarRangeExitSyntax (883ms)
⚠ [120/126] Replayed LeanExe.IR.ScalarRangeExitSlots
warning: LeanExe/IR/ScalarRangeExitSlots.lean:18:2: try 'simp' instead of 'simpa'

Note: This linter can be disabled with `set_option linter.unnecessarySimpa false`
✔ [123/129] Built LeanExe.Source.ScalarRangeExitSupported (1.1s)
✔ [124/129] Built LeanExe.Extract.ScalarRangeExitSyntax (1.1s)
✔ [126/129] Built LeanExe.Extract.ScalarRangeExit (7.1s)
✔ [127/129] Built LeanExe.Source.ScalarFunction (1.0s)
✔ [128/129] Built LeanExe.Extract.ScalarRangeExitCorrectness (1.0s)
⚠ [129/129] Built LeanExe.Extract.ScalarFunc (1.0s)
warning: LeanExe/Extract/ScalarFunc.lean:76:28: This simp argument is unused:
  bind

Hint: Omit it from the simp argument list.
  [apply] simp only [rangeCase, pure, Option.bind_eq_some_iff, Option.some.injEq] at compiled

Note: This linter can be disabled with `set_option linter.unusedSimpArgs false`
Build completed successfully (129 jobs).
