cli-build: passed
admission-test: passed
reserved-exports: passed
fixture: passed
native-results: passed
compile-constant: passed
compile-publicInputIdWord: passed
compile-publicInputIdResult: passed
compile-publicFlagWord: passed
compile-publicFlagResult: passed
compile-rangeBoolLetIdWord: passed
compile-rangeBoolLetIdWordLayers: passed
compile-rangeBoolLetIdFlag: passed
compile-rangeBoolLetIdFlagLayers: passed
compile-rangeBoolLetIdResult: passed
compile-rangeBoolLetIdResultLayers: passed
compile-rangeBoolLetIdMixed: passed
compile-rangeBoolLetIdExit: passed
compile-rangeBoolLetIdContinue: passed
compile-rangeBoolLetIdInput: passed
compile-rangeBoolFlagSetupLet: passed
compile-rangeBoolFlagSetupChain: passed
compile-rangeBoolFlagSetupBind: passed
compile-rangeBoolFlagSetupExit: passed
compile-rangeBoolFlagSetupContinue: passed
compile-rangeBoolFlagSetupCapture: passed
compile-rangeBoolFlagSetupInput: passed
compile-rangeBoolFlagSetupId: passed
compile-rangeBoolWordSetupLet: passed
compile-rangeBoolWordSetupBind: passed
compile-rangeBoolWordSetupFlag: passed
compile-rangeBoolResultBindIdAction: passed
compile-rangeBoolYield: passed
Passed 609 native Lean / independent Wasm engine comparisons across 28 declarations.
