cli-build: passed
admission-test: passed
reserved-exports: passed
fixture: passed
native-results: passed
compile-constant: passed
compile-publicFlagWord: passed
compile-publicWordFlag: passed
compile-publicFlagsWord: passed
compile-publicFlagResult: passed
compile-publicWordFlagResult: passed
compile-publicFlagsResult: passed
compile-publicFlagLet: passed
compile-publicFlagBind: passed
compile-publicFlagCapture: passed
compile-publicFlagsDecision: passed
compile-publicIdWord: passed
compile-publicIdBool: passed
compile-rangeFlagYield: passed
compile-rangeFlagExit: passed
compile-rangeFlagContinue: passed
compile-rangeFlagsBoth: passed
compile-rangeFlagOuter: passed
compile-rangeFlagStepHelper: passed
compile-rangeFlagAlias: passed
compile-rangeFlagBind: passed
compile-rangeFlagCount: passed
compile-rangeFlagResult: passed
compile-rangePublicIdYield: passed
compile-rangePublicIdExit: passed
compile-rangePublicIdContinue: passed
compile-rangePublicIdCapture: passed
compile-rangeBooleanCallArgumentStep: passed
Passed 529 native Lean / independent Wasm engine comparisons across 28 declarations.
