cli-build: passed
admission-test: passed
reserved-exports: passed
fixture: passed
native-results: passed
compile-constant: passed
compile-publicInputIdWord: passed
compile-publicInputIdResult: passed
compile-publicFlagWord: passed
compile-publicFlagResult: passed
compile-rangeWordBoolSetupWord: passed
compile-rangeWordBoolSavedResult: passed
compile-rangeWordBoolHelperId: passed
compile-rangeWordChooseLoops: passed
compile-rangeWordChooseScalarLeft: passed
compile-rangeWordChooseScalarRight: passed
compile-rangeWordChooseNested: passed
compile-rangeWordChooseBooleanLoop: passed
compile-rangeWordChooseExit: passed
compile-rangeWordChooseContinue: passed
compile-rangeWordChooseStride: passed
compile-rangeWordChooseHelpers: passed
compile-rangeWordChooseId: passed
compile-rangeWordChooseSetupWord: passed
compile-rangeWordChooseSetupFlag: passed
compile-rangeWordChooseSetupDo: passed
compile-rangeWordChooseSetupNested: passed
compile-rangeWordChooseSavedResult: passed
compile-rangeWordChooseShowResult: passed
compile-rangeWordChooseSetupExit: passed
compile-rangeWordChooseSetupContinue: passed
compile-rangeWordChooseSetupStride: passed
compile-rangeWordChooseSetupId: passed
Passed 609 native Lean / independent Wasm engine comparisons across 28 declarations.
