cli-build: passed
admission-test: passed
reserved-exports: passed
fixture: passed
native-results: passed
compile-constant: passed
compile-booleanPredicateCondition: passed
compile-booleanPredicateConditionRelations: passed
compile-booleanPredicateConditionDependent: passed
compile-booleanPredicateConditionNested: passed
compile-booleanPredicateConditionCapture: passed
compile-booleanPredicateConditionBody: passed
compile-booleanPredicateLetChoice: passed
compile-booleanPredicateLetCapture: passed
compile-booleanPredicateLetBody: passed
compile-booleanPredicateProposition: passed
compile-booleanPredicateChoice: passed
compile-compareBEq: passed
compile-mixedGuardDo: passed
compile-rangeBooleanPredicateLoopLetBreak: passed
compile-rangeBooleanPredicateLoopLetContinue: passed
compile-rangeBooleanPredicateOuterLetBounds: passed
compile-rangeBooleanPredicateOuterLetCapture: passed
compile-rangeBooleanPredicateOuterLetChoice: passed
compile-rangeBooleanPredicateOuterLetId: passed
compile-rangeBooleanPredicateConditionStep: passed
compile-rangeBooleanPredicateConditionContinue: passed
compile-rangeBooleanPredicateConditionOuter: passed
compile-rangeBooleanPredicateConditionOuterCapture: passed
compile-rangeBooleanPredicateLetStep: passed
compile-rangeBooleanPredicateLetOuter: passed
compile-rangePropChoiceBounds: passed
compile-rangePropChoiceOuter: passed
Passed 519 native Lean / independent Wasm engine comparisons across 28 declarations.
