cli-build: passed
admission-test: passed
reserved-exports: passed
fixture: passed
native-results: passed
compile-constant: passed
compile-booleanPredicateLet: passed
compile-booleanPredicateLetChoice: passed
compile-booleanPredicateLetCapture: passed
compile-booleanPredicateLetBody: passed
compile-booleanPredicateProposition: passed
compile-booleanPredicateChoice: passed
compile-compareBEq: passed
compile-mixedGuardDo: passed
compile-rangeBooleanPredicateLoopLetBreak: passed
compile-rangeBooleanPredicateLoopLetContinue: passed
compile-rangeBooleanPredicateLoopLetChoice: passed
compile-rangeBooleanPredicateLoopLetCapture: passed
compile-rangeBooleanPredicateOuterLetBounds: passed
compile-rangeBooleanPredicateOuterLetCapture: passed
compile-rangeBooleanPredicateOuterLetChoice: passed
compile-rangeBooleanPredicateOuterLetId: passed
compile-rangeBooleanPredicateLetStep: passed
compile-rangeBooleanPredicateLetContinue: passed
compile-rangeBooleanPredicateLetOuter: passed
compile-rangeBooleanPredicateLetOuterCapture: passed
compile-rangeBooleanPredicatePropositionOuter: passed
compile-rangeBooleanPredicateChoiceStep: passed
compile-rangeBooleanPredicateChoiceOuter: passed
compile-rangePropChoiceBounds: passed
compile-rangePropChoiceOuter: passed
Passed 521 native Lean / independent Wasm engine comparisons across 26 declarations.
