leanrun: LEANRUN_LOCAL=1; macOS has no cgroup CPU/memory/swap limits or ionice
leanrun: explicitly authorized inherited priority; nice unavailable
test/scalar_boolean_predicate_loop_let.lean:41:34: error: Application type mismatch: The argument
  flag
has type
  Id (Id Bool)
but is expected to have type
  Prop
in the application
  @ite ?m.24 flag
test/scalar_boolean_predicate_loop_let.lean:92:12: error: Application type mismatch: The argument
  flag
has type
  Id (Id Bool)
but is expected to have type
  Prop
in the application
  @ite ?m.58 flag
test/scalar_boolean_predicate_loop_let.lean:102:0: error: Aborting evaluation since the expression depends on the 'sorry' axiom, which can lead to runtime instability and crashes.

To attempt to evaluate anyway despite the risks, use the '#eval!' command.
