leanrun: LEANRUN_LOCAL=1; macOS has no cgroup CPU/memory/swap limits or ionice
leanrun: explicitly authorized inherited priority; nice unavailable
BooleanPropositionTest.boolPropChoices: fun x y =>
  have a := x == 0;
  have b := y != 0;
  if (if a = true then b else !b) = if x < y then a else !a then if _h : (a && b) ≠ (a || b) then x + y else x - y
  else if _h : (!decide ((a == b) = !!a != b)) = true then x / y else y % x
Lean.Expr.lam
  `x
  (Lean.Expr.const `UInt64 [])
  (Lean.Expr.lam
    `y
    (Lean.Expr.const `UInt64 [])
    (Lean.Expr.letE
      `a
      (Lean.Expr.const `Bool [])
      (Lean.Expr.app
        (Lean.Expr.app
          (Lean.Expr.app
            (Lean.Expr.app (Lean.Expr.const `BEq.beq [Lean.Level.zero]) (Lean.Expr.const `UInt64 []))
            (Lean.Expr.app
              (Lean.Expr.app (Lean.Expr.const `instBEqOfDecidableEq [Lean.Level.zero]) (Lean.Expr.const `UInt64 []))
              (Lean.Expr.const `instDecidableEqUInt64 [])))
          (Lean.Expr.bvar 1))
        (Lean.Expr.app
          (Lean.Expr.app
            (Lean.Expr.app (Lean.Expr.const `OfNat.ofNat [Lean.Level.zero]) (Lean.Expr.const `UInt64 []))
            (Lean.Expr.lit (Lean.Literal.natVal 0)))
          (Lean.Expr.app (Lean.Expr.const `UInt64.instOfNat []) (Lean.Expr.lit (Lean.Literal.natVal 0)))))
      (Lean.Expr.letE
        `b
        (Lean.Expr.const `Bool [])
        (Lean.Expr.app
          (Lean.Expr.app
            (Lean.Expr.app
              (Lean.Expr.app (Lean.Expr.const `bne [Lean.Level.zero]) (Lean.Expr.const `UInt64 []))
              (Lean.Expr.app
                (Lean.Expr.app (Lean.Expr.const `instBEqOfDecidableEq [Lean.Level.zero]) (Lean.Expr.const `UInt64 []))
                (Lean.Expr.const `instDecidableEqUInt64 [])))
            (Lean.Expr.bvar 1))
          (Lean.Expr.app
            (Lean.Expr.app
              (Lean.Expr.app (Lean.Expr.const `OfNat.ofNat [Lean.Level.zero]) (Lean.Expr.const `UInt64 []))
              (Lean.Expr.lit (Lean.Literal.natVal 0)))
            (Lean.Expr.app (Lean.Expr.const `UInt64.instOfNat []) (Lean.Expr.lit (Lean.Literal.natVal 0)))))
        (Lean.Expr.app
          (Lean.Expr.app
            (Lean.Expr.app
              (Lean.Expr.app
                (Lean.Expr.app (Lean.Expr.const `ite [Lean.Level.succ (Lean.Level.zero)]) (Lean.Expr.const `UInt64 []))
                (Lean.Expr.app
                  (Lean.Expr.app
                    (Lean.Expr.app (Lean.Expr.const `Eq [Lean.Level.succ (Lean.Level.zero)]) (Lean.Expr.const `Bool []))
                    (Lean.Expr.app
                      (Lean.Expr.app
                        (Lean.Expr.app
                          (Lean.Expr.app
                            (Lean.Expr.app
                              (Lean.Expr.const `ite [Lean.Level.succ (Lean.Level.zero)])
                              (Lean.Expr.const `Bool []))
                            (Lean.Expr.app
                              (Lean.Expr.app
                                (Lean.Expr.app
                                  (Lean.Expr.const `Eq [Lean.Level.succ (Lean.Level.zero)])
                                  (Lean.Expr.const `Bool []))
                                (Lean.Expr.bvar 1))
                              (Lean.Expr.const `Bool.true [])))
                          (Lean.Expr.app
                            (Lean.Expr.app (Lean.Expr.const `instDecidableEqBool []) (Lean.Expr.bvar 1))
                            (Lean.Expr.const `Bool.true [])))
                        (Lean.Expr.bvar 0))
                      (Lean.Expr.app (Lean.Expr.const `Bool.not []) (Lean.Expr.bvar 0))))
                  (Lean.Expr.app
                    (Lean.Expr.app
                      (Lean.Expr.app
                        (Lean.Expr.app
                          (Lean.Expr.app
                            (Lean.Expr.const `ite [Lean.Level.succ (Lean.Level.zero)])
                            (Lean.Expr.const `Bool []))
                          (Lean.Expr.app
                            (Lean.Expr.app
                              (Lean.Expr.app
                                (Lean.Expr.app (Lean.Expr.const `LT.lt [Lean.Level.zero]) (Lean.Expr.const `UInt64 []))
                                (Lean.Expr.const `instLTUInt64 []))
                              (Lean.Expr.bvar 3))
                            (Lean.Expr.bvar 2)))
                        (Lean.Expr.app
                          (Lean.Expr.app (Lean.Expr.const `UInt64.decLt []) (Lean.Expr.bvar 3))
                          (Lean.Expr.bvar 2)))
                      (Lean.Expr.bvar 1))
                    (Lean.Expr.app (Lean.Expr.const `Bool.not []) (Lean.Expr.bvar 1)))))
              (Lean.Expr.app
                (Lean.Expr.app
                  (Lean.Expr.const `instDecidableEqBool [])
                  (Lean.Expr.app
                    (Lean.Expr.app
                      (Lean.Expr.app
                        (Lean.Expr.app
                          (Lean.Expr.app
                            (Lean.Expr.const `ite [Lean.Level.succ (Lean.Level.zero)])
                            (Lean.Expr.const `Bool []))
                          (Lean.Expr.app
                            (Lean.Expr.app
                              (Lean.Expr.app
                                (Lean.Expr.const `Eq [Lean.Level.succ (Lean.Level.zero)])
                                (Lean.Expr.const `Bool []))
                              (Lean.Expr.bvar 1))
                            (Lean.Expr.const `Bool.true [])))
                        (Lean.Expr.app
                          (Lean.Expr.app (Lean.Expr.const `instDecidableEqBool []) (Lean.Expr.bvar 1))
                          (Lean.Expr.const `Bool.true [])))
                      (Lean.Expr.bvar 0))
                    (Lean.Expr.app (Lean.Expr.const `Bool.not []) (Lean.Expr.bvar 0))))
                (Lean.Expr.app
                  (Lean.Expr.app
                    (Lean.Expr.app
                      (Lean.Expr.app
                        (Lean.Expr.app
                          (Lean.Expr.const `ite [Lean.Level.succ (Lean.Level.zero)])
                          (Lean.Expr.const `Bool []))
                        (Lean.Expr.app
                          (Lean.Expr.app
                            (Lean.Expr.app
                              (Lean.Expr.app (Lean.Expr.const `LT.lt [Lean.Level.zero]) (Lean.Expr.const `UInt64 []))
                              (Lean.Expr.const `instLTUInt64 []))
                            (Lean.Expr.bvar 3))
                          (Lean.Expr.bvar 2)))
                      (Lean.Expr.app
                        (Lean.Expr.app (Lean.Expr.const `UInt64.decLt []) (Lean.Expr.bvar 3))
                        (Lean.Expr.bvar 2)))
                    (Lean.Expr.bvar 1))
                  (Lean.Expr.app (Lean.Expr.const `Bool.not []) (Lean.Expr.bvar 1)))))
            (Lean.Expr.app
              (Lean.Expr.app
                (Lean.Expr.app
                  (Lean.Expr.app
                    (Lean.Expr.app
                      (Lean.Expr.const `dite [Lean.Level.succ (Lean.Level.zero)])
                      (Lean.Expr.const `UInt64 []))
                    (Lean.Expr.app
                      (Lean.Expr.app
                        (Lean.Expr.app
                          (Lean.Expr.const `Ne [Lean.Level.succ (Lean.Level.zero)])
                          (Lean.Expr.const `Bool []))
                        (Lean.Expr.app
                          (Lean.Expr.app (Lean.Expr.const `Bool.and []) (Lean.Expr.bvar 1))
                          (Lean.Expr.bvar 0)))
                      (Lean.Expr.app
                        (Lean.Expr.app (Lean.Expr.const `Bool.or []) (Lean.Expr.bvar 1))
                        (Lean.Expr.bvar 0))))
                  (Lean.Expr.app
                    (Lean.Expr.app
                      (Lean.Expr.const `instDecidableNot [])
                      (Lean.Expr.app
                        (Lean.Expr.app
                          (Lean.Expr.app
                            (Lean.Expr.const `Eq [Lean.Level.succ (Lean.Level.zero)])
                            (Lean.Expr.const `Bool []))
                          (Lean.Expr.app
                            (Lean.Expr.app (Lean.Expr.const `Bool.and []) (Lean.Expr.bvar 1))
                            (Lean.Expr.bvar 0)))
                        (Lean.Expr.app
                          (Lean.Expr.app (Lean.Expr.const `Bool.or []) (Lean.Expr.bvar 1))
                          (Lean.Expr.bvar 0))))
                    (Lean.Expr.app
                      (Lean.Expr.app
                        (Lean.Expr.const `instDecidableEqBool [])
                        (Lean.Expr.app
                          (Lean.Expr.app (Lean.Expr.const `Bool.and []) (Lean.Expr.bvar 1))
                          (Lean.Expr.bvar 0)))
                      (Lean.Expr.app
                        (Lean.Expr.app (Lean.Expr.const `Bool.or []) (Lean.Expr.bvar 1))
                        (Lean.Expr.bvar 0)))))
                (Lean.Expr.lam
                  `_h
                  (Lean.Expr.app
                    (Lean.Expr.app
                      (Lean.Expr.app
                        (Lean.Expr.const `Ne [Lean.Level.succ (Lean.Level.zero)])
                        (Lean.Expr.const `Bool []))
                      (Lean.Expr.app
                        (Lean.Expr.app (Lean.Expr.const `Bool.and []) (Lean.Expr.bvar 1))
                        (Lean.Expr.bvar 0)))
                    (Lean.Expr.app (Lean.Expr.app (Lean.Expr.const `Bool.or []) (Lean.Expr.bvar 1)) (Lean.Expr.bvar 0)))
                  (Lean.Expr.app
                    (Lean.Expr.app
                      (Lean.Expr.app
                        (Lean.Expr.app
                          (Lean.Expr.app
                            (Lean.Expr.app
                              (Lean.Expr.const `HAdd.hAdd [Lean.Level.zero, Lean.Level.zero, Lean.Level.zero])
                              (Lean.Expr.const `UInt64 []))
                            (Lean.Expr.const `UInt64 []))
                          (Lean.Expr.const `UInt64 []))
                        (Lean.Expr.app
                          (Lean.Expr.app (Lean.Expr.const `instHAdd [Lean.Level.zero]) (Lean.Expr.const `UInt64 []))
                          (Lean.Expr.const `instAddUInt64 [])))
                      (Lean.Expr.bvar 4))
                    (Lean.Expr.bvar 3))
                  (Lean.BinderInfo.default)))
              (Lean.Expr.lam
                `_h
                (Lean.Expr.app
                  (Lean.Expr.const `Not [])
                  (Lean.Expr.app
                    (Lean.Expr.app
                      (Lean.Expr.app
                        (Lean.Expr.const `Ne [Lean.Level.succ (Lean.Level.zero)])
                        (Lean.Expr.const `Bool []))
                      (Lean.Expr.app
                        (Lean.Expr.app (Lean.Expr.const `Bool.and []) (Lean.Expr.bvar 1))
                        (Lean.Expr.bvar 0)))
                    (Lean.Expr.app
                      (Lean.Expr.app (Lean.Expr.const `Bool.or []) (Lean.Expr.bvar 1))
                      (Lean.Expr.bvar 0))))
                (Lean.Expr.app
                  (Lean.Expr.app
                    (Lean.Expr.app
                      (Lean.Expr.app
                        (Lean.Expr.app
                          (Lean.Expr.app
                            (Lean.Expr.const `HSub.hSub [Lean.Level.zero, Lean.Level.zero, Lean.Level.zero])
                            (Lean.Expr.const `UInt64 []))
                          (Lean.Expr.const `UInt64 []))
                        (Lean.Expr.const `UInt64 []))
                      (Lean.Expr.app
                        (Lean.Expr.app (Lean.Expr.const `instHSub [Lean.Level.zero]) (Lean.Expr.const `UInt64 []))
                        (Lean.Expr.const `instSubUInt64 [])))
                    (Lean.Expr.bvar 4))
                  (Lean.Expr.bvar 3))
                (Lean.BinderInfo.default))))
          (Lean.Expr.app
            (Lean.Expr.app
              (Lean.Expr.app
                (Lean.Expr.app
                  (Lean.Expr.app
                    (Lean.Expr.const `dite [Lean.Level.succ (Lean.Level.zero)])
                    (Lean.Expr.const `UInt64 []))
                  (Lean.Expr.app
                    (Lean.Expr.app
                      (Lean.Expr.app
                        (Lean.Expr.const `Eq [Lean.Level.succ (Lean.Level.zero)])
                        (Lean.Expr.const `Bool []))
                      (Lean.Expr.app
                        (Lean.Expr.const `Bool.not [])
                        (Lean.Expr.app
                          (Lean.Expr.app
                            (Lean.Expr.const `Decidable.decide [])
                            (Lean.Expr.app
                              (Lean.Expr.app
                                (Lean.Expr.app
                                  (Lean.Expr.const `Eq [Lean.Level.succ (Lean.Level.zero)])
                                  (Lean.Expr.const `Bool []))
                                (Lean.Expr.app
                                  (Lean.Expr.app
                                    (Lean.Expr.app
                                      (Lean.Expr.app
                                        (Lean.Expr.const `BEq.beq [Lean.Level.zero])
                                        (Lean.Expr.const `Bool []))
                                      (Lean.Expr.app
                                        (Lean.Expr.app
                                          (Lean.Expr.const `instBEqOfDecidableEq [Lean.Level.zero])
                                          (Lean.Expr.const `Bool []))
                                        (Lean.Expr.const `instDecidableEqBool [])))
                                    (Lean.Expr.bvar 1))
                                  (Lean.Expr.bvar 0)))
                              (Lean.Expr.app
                                (Lean.Expr.const `Bool.not [])
                                (Lean.Expr.app
                                  (Lean.Expr.const `Bool.not [])
                                  (Lean.Expr.app
                                    (Lean.Expr.app
                                      (Lean.Expr.app
                                        (Lean.Expr.app
                                          (Lean.Expr.const `bne [Lean.Level.zero])
                                          (Lean.Expr.const `Bool []))
                                        (Lean.Expr.app
                                          (Lean.Expr.app
                                            (Lean.Expr.const `instBEqOfDecidableEq [Lean.Level.zero])
                                            (Lean.Expr.const `Bool []))
                                          (Lean.Expr.const `instDecidableEqBool [])))
                                      (Lean.Expr.bvar 1))
                                    (Lean.Expr.bvar 0))))))
                          (Lean.Expr.app
                            (Lean.Expr.app
                              (Lean.Expr.const `instDecidableEqBool [])
                              (Lean.Expr.app
                                (Lean.Expr.app
                                  (Lean.Expr.app
                                    (Lean.Expr.app
                                      (Lean.Expr.const `BEq.beq [Lean.Level.zero])
                                      (Lean.Expr.const `Bool []))
                                    (Lean.Expr.app
                                      (Lean.Expr.app
                                        (Lean.Expr.const `instBEqOfDecidableEq [Lean.Level.zero])
                                        (Lean.Expr.const `Bool []))
                                      (Lean.Expr.const `instDecidableEqBool [])))
                                  (Lean.Expr.bvar 1))
                                (Lean.Expr.bvar 0)))
                            (Lean.Expr.app
                              (Lean.Expr.const `Bool.not [])
                              (Lean.Expr.app
                                (Lean.Expr.const `Bool.not [])
                                (Lean.Expr.app
                                  (Lean.Expr.app
                                    (Lean.Expr.app
                                      (Lean.Expr.app
                                        (Lean.Expr.const `bne [Lean.Level.zero])
                                        (Lean.Expr.const `Bool []))
                                      (Lean.Expr.app
                                        (Lean.Expr.app
                                          (Lean.Expr.const `instBEqOfDecidableEq [Lean.Level.zero])
                                          (Lean.Expr.const `Bool []))
                                        (Lean.Expr.const `instDecidableEqBool [])))
                                    (Lean.Expr.bvar 1))
                                  (Lean.Expr.bvar 0))))))))
                    (Lean.Expr.const `Bool.true [])))
                (Lean.Expr.app
                  (Lean.Expr.app
                    (Lean.Expr.const `instDecidableEqBool [])
                    (Lean.Expr.app
                      (Lean.Expr.const `Bool.not [])
                      (Lean.Expr.app
                        (Lean.Expr.app
                          (Lean.Expr.const `Decidable.decide [])
                          (Lean.Expr.app
                            (Lean.Expr.app
                              (Lean.Expr.app
                                (Lean.Expr.const `Eq [Lean.Level.succ (Lean.Level.zero)])
                                (Lean.Expr.const `Bool []))
                              (Lean.Expr.app
                                (Lean.Expr.app
                                  (Lean.Expr.app
                                    (Lean.Expr.app
                                      (Lean.Expr.const `BEq.beq [Lean.Level.zero])
                                      (Lean.Expr.const `Bool []))
                                    (Lean.Expr.app
                                      (Lean.Expr.app
                                        (Lean.Expr.const `instBEqOfDecidableEq [Lean.Level.zero])
                                        (Lean.Expr.const `Bool []))
                                      (Lean.Expr.const `instDecidableEqBool [])))
                                  (Lean.Expr.bvar 1))
                                (Lean.Expr.bvar 0)))
                            (Lean.Expr.app
                              (Lean.Expr.const `Bool.not [])
                              (Lean.Expr.app
                                (Lean.Expr.const `Bool.not [])
                                (Lean.Expr.app
                                  (Lean.Expr.app
                                    (Lean.Expr.app
                                      (Lean.Expr.app
                                        (Lean.Expr.const `bne [Lean.Level.zero])
                                        (Lean.Expr.const `Bool []))
                                      (Lean.Expr.app
                                        (Lean.Expr.app
                                          (Lean.Expr.const `instBEqOfDecidableEq [Lean.Level.zero])
                                          (Lean.Expr.const `Bool []))
                                        (Lean.Expr.const `instDecidableEqBool [])))
                                    (Lean.Expr.bvar 1))
                                  (Lean.Expr.bvar 0))))))
                        (Lean.Expr.app
                          (Lean.Expr.app
                            (Lean.Expr.const `instDecidableEqBool [])
                            (Lean.Expr.app
                              (Lean.Expr.app
                                (Lean.Expr.app
                                  (Lean.Expr.app
                                    (Lean.Expr.const `BEq.beq [Lean.Level.zero])
                                    (Lean.Expr.const `Bool []))
                                  (Lean.Expr.app
                                    (Lean.Expr.app
                                      (Lean.Expr.const `instBEqOfDecidableEq [Lean.Level.zero])
                                      (Lean.Expr.const `Bool []))
                                    (Lean.Expr.const `instDecidableEqBool [])))
                                (Lean.Expr.bvar 1))
                              (Lean.Expr.bvar 0)))
                          (Lean.Expr.app
                            (Lean.Expr.const `Bool.not [])
                            (Lean.Expr.app
                              (Lean.Expr.const `Bool.not [])
                              (Lean.Expr.app
                                (Lean.Expr.app
                                  (Lean.Expr.app
                                    (Lean.Expr.app (Lean.Expr.const `bne [Lean.Level.zero]) (Lean.Expr.const `Bool []))
                                    (Lean.Expr.app
                                      (Lean.Expr.app
                                        (Lean.Expr.const `instBEqOfDecidableEq [Lean.Level.zero])
                                        (Lean.Expr.const `Bool []))
                                      (Lean.Expr.const `instDecidableEqBool [])))
                                  (Lean.Expr.bvar 1))
                                (Lean.Expr.bvar 0))))))))
                  (Lean.Expr.const `Bool.true [])))
              (Lean.Expr.lam
                `_h
                (Lean.Expr.app
                  (Lean.Expr.app
                    (Lean.Expr.app (Lean.Expr.const `Eq [Lean.Level.succ (Lean.Level.zero)]) (Lean.Expr.const `Bool []))
                    (Lean.Expr.app
                      (Lean.Expr.const `Bool.not [])
                      (Lean.Expr.app
                        (Lean.Expr.app
                          (Lean.Expr.const `Decidable.decide [])
                          (Lean.Expr.app
                            (Lean.Expr.app
                              (Lean.Expr.app
                                (Lean.Expr.const `Eq [Lean.Level.succ (Lean.Level.zero)])
                                (Lean.Expr.const `Bool []))
                              (Lean.Expr.app
                                (Lean.Expr.app
                                  (Lean.Expr.app
                                    (Lean.Expr.app
                                      (Lean.Expr.const `BEq.beq [Lean.Level.zero])
                                      (Lean.Expr.const `Bool []))
                                    (Lean.Expr.app
                                      (Lean.Expr.app
                                        (Lean.Expr.const `instBEqOfDecidableEq [Lean.Level.zero])
                                        (Lean.Expr.const `Bool []))
                                      (Lean.Expr.const `instDecidableEqBool [])))
                                  (Lean.Expr.bvar 1))
                                (Lean.Expr.bvar 0)))
                            (Lean.Expr.app
                              (Lean.Expr.const `Bool.not [])
                              (Lean.Expr.app
                                (Lean.Expr.const `Bool.not [])
                                (Lean.Expr.app
                                  (Lean.Expr.app
                                    (Lean.Expr.app
                                      (Lean.Expr.app
                                        (Lean.Expr.const `bne [Lean.Level.zero])
                                        (Lean.Expr.const `Bool []))
                                      (Lean.Expr.app
                                        (Lean.Expr.app
                                          (Lean.Expr.const `instBEqOfDecidableEq [Lean.Level.zero])
                                          (Lean.Expr.const `Bool []))
                                        (Lean.Expr.const `instDecidableEqBool [])))
                                    (Lean.Expr.bvar 1))
                                  (Lean.Expr.bvar 0))))))
                        (Lean.Expr.app
                          (Lean.Expr.app
                            (Lean.Expr.const `instDecidableEqBool [])
                            (Lean.Expr.app
                              (Lean.Expr.app
                                (Lean.Expr.app
                                  (Lean.Expr.app
                                    (Lean.Expr.const `BEq.beq [Lean.Level.zero])
                                    (Lean.Expr.const `Bool []))
                                  (Lean.Expr.app
                                    (Lean.Expr.app
                                      (Lean.Expr.const `instBEqOfDecidableEq [Lean.Level.zero])
                                      (Lean.Expr.const `Bool []))
                                    (Lean.Expr.const `instDecidableEqBool [])))
                                (Lean.Expr.bvar 1))
                              (Lean.Expr.bvar 0)))
                          (Lean.Expr.app
                            (Lean.Expr.const `Bool.not [])
                            (Lean.Expr.app
                              (Lean.Expr.const `Bool.not [])
                              (Lean.Expr.app
                                (Lean.Expr.app
                                  (Lean.Expr.app
                                    (Lean.Expr.app (Lean.Expr.const `bne [Lean.Level.zero]) (Lean.Expr.const `Bool []))
                                    (Lean.Expr.app
                                      (Lean.Expr.app
                                        (Lean.Expr.const `instBEqOfDecidableEq [Lean.Level.zero])
                                        (Lean.Expr.const `Bool []))
                                      (Lean.Expr.const `instDecidableEqBool [])))
                                  (Lean.Expr.bvar 1))
                                (Lean.Expr.bvar 0))))))))
                  (Lean.Expr.const `Bool.true []))
                (Lean.Expr.app
                  (Lean.Expr.app
                    (Lean.Expr.app
                      (Lean.Expr.app
                        (Lean.Expr.app
                          (Lean.Expr.app
                            (Lean.Expr.const `HDiv.hDiv [Lean.Level.zero, Lean.Level.zero, Lean.Level.zero])
                            (Lean.Expr.const `UInt64 []))
                          (Lean.Expr.const `UInt64 []))
                        (Lean.Expr.const `UInt64 []))
                      (Lean.Expr.app
                        (Lean.Expr.app (Lean.Expr.const `instHDiv [Lean.Level.zero]) (Lean.Expr.const `UInt64 []))
                        (Lean.Expr.const `instDivUInt64 [])))
                    (Lean.Expr.bvar 4))
                  (Lean.Expr.bvar 3))
                (Lean.BinderInfo.default)))
            (Lean.Expr.lam
              `_h
              (Lean.Expr.app
                (Lean.Expr.const `Not [])
                (Lean.Expr.app
                  (Lean.Expr.app
                    (Lean.Expr.app (Lean.Expr.const `Eq [Lean.Level.succ (Lean.Level.zero)]) (Lean.Expr.const `Bool []))
                    (Lean.Expr.app
                      (Lean.Expr.const `Bool.not [])
                      (Lean.Expr.app
                        (Lean.Expr.app
                          (Lean.Expr.const `Decidable.decide [])
                          (Lean.Expr.app
                            (Lean.Expr.app
                              (Lean.Expr.app
                                (Lean.Expr.const `Eq [Lean.Level.succ (Lean.Level.zero)])
                                (Lean.Expr.const `Bool []))
                              (Lean.Expr.app
                                (Lean.Expr.app
                                  (Lean.Expr.app
                                    (Lean.Expr.app
                                      (Lean.Expr.const `BEq.beq [Lean.Level.zero])
                                      (Lean.Expr.const `Bool []))
                                    (Lean.Expr.app
                                      (Lean.Expr.app
                                        (Lean.Expr.const `instBEqOfDecidableEq [Lean.Level.zero])
                                        (Lean.Expr.const `Bool []))
                                      (Lean.Expr.const `instDecidableEqBool [])))
                                  (Lean.Expr.bvar 1))
                                (Lean.Expr.bvar 0)))
                            (Lean.Expr.app
                              (Lean.Expr.const `Bool.not [])
                              (Lean.Expr.app
                                (Lean.Expr.const `Bool.not [])
                                (Lean.Expr.app
                                  (Lean.Expr.app
                                    (Lean.Expr.app
                                      (Lean.Expr.app
                                        (Lean.Expr.const `bne [Lean.Level.zero])
                                        (Lean.Expr.const `Bool []))
                                      (Lean.Expr.app
                                        (Lean.Expr.app
                                          (Lean.Expr.const `instBEqOfDecidableEq [Lean.Level.zero])
                                          (Lean.Expr.const `Bool []))
                                        (Lean.Expr.const `instDecidableEqBool [])))
                                    (Lean.Expr.bvar 1))
                                  (Lean.Expr.bvar 0))))))
                        (Lean.Expr.app
                          (Lean.Expr.app
                            (Lean.Expr.const `instDecidableEqBool [])
                            (Lean.Expr.app
                              (Lean.Expr.app
                                (Lean.Expr.app
                                  (Lean.Expr.app
                                    (Lean.Expr.const `BEq.beq [Lean.Level.zero])
                                    (Lean.Expr.const `Bool []))
                                  (Lean.Expr.app
                                    (Lean.Expr.app
                                      (Lean.Expr.const `instBEqOfDecidableEq [Lean.Level.zero])
                                      (Lean.Expr.const `Bool []))
                                    (Lean.Expr.const `instDecidableEqBool [])))
                                (Lean.Expr.bvar 1))
                              (Lean.Expr.bvar 0)))
                          (Lean.Expr.app
                            (Lean.Expr.const `Bool.not [])
                            (Lean.Expr.app
                              (Lean.Expr.const `Bool.not [])
                              (Lean.Expr.app
                                (Lean.Expr.app
                                  (Lean.Expr.app
                                    (Lean.Expr.app (Lean.Expr.const `bne [Lean.Level.zero]) (Lean.Expr.const `Bool []))
                                    (Lean.Expr.app
                                      (Lean.Expr.app
                                        (Lean.Expr.const `instBEqOfDecidableEq [Lean.Level.zero])
                                        (Lean.Expr.const `Bool []))
                                      (Lean.Expr.const `instDecidableEqBool [])))
                                  (Lean.Expr.bvar 1))
                                (Lean.Expr.bvar 0))))))))
                  (Lean.Expr.const `Bool.true [])))
              (Lean.Expr.app
                (Lean.Expr.app
                  (Lean.Expr.app
                    (Lean.Expr.app
                      (Lean.Expr.app
                        (Lean.Expr.app
                          (Lean.Expr.const `HMod.hMod [Lean.Level.zero, Lean.Level.zero, Lean.Level.zero])
                          (Lean.Expr.const `UInt64 []))
                        (Lean.Expr.const `UInt64 []))
                      (Lean.Expr.const `UInt64 []))
                    (Lean.Expr.app
                      (Lean.Expr.app (Lean.Expr.const `instHMod [Lean.Level.zero]) (Lean.Expr.const `UInt64 []))
                      (Lean.Expr.const `instModUInt64 [])))
                  (Lean.Expr.bvar 3))
                (Lean.Expr.bvar 4))
              (Lean.BinderInfo.default))))
        true)
      true)
    (Lean.BinderInfo.default))
  (Lean.BinderInfo.default)
accepted: true
BooleanPropositionTest.rangeBoolPropJoined: fun count seed =>
  (have a := seed;
    do
    let __s ←
      forIn [:count.toNat] a fun i __s =>
          have a := __s;
          have __do_jp := fun even => do
            let other ← pure (UInt64.ofNat i % 2 == 0)
            have __do_jp : Unit → UInt64 → Id (ForInStep UInt64) := fun __r a =>
              have __do_jp := fun __r a =>
                if even = (a % 13 == 0) then pure (ForInStep.done a) else pure (ForInStep.yield a);
              if _h : (!decide (even ≠ other)) = true then
                have a := a + UInt64.ofNat i;
                __do_jp () a
              else
                have a := a - count;
                __do_jp () a
            if even = other then
                have a := a + 2;
                __do_jp () a
              else
                have a := a + 5;
                __do_jp () a;
          if a % 2 = 0 then do
            let even ← pure true
            __do_jp even
          else do
            let even ← pure false
            __do_jp even
    have a : UInt64 := __s
    pure a).run
Lean.Expr.lam
  `count
  (Lean.Expr.const `UInt64 [])
  (Lean.Expr.lam
    `seed
    (Lean.Expr.const `UInt64 [])
    (Lean.Expr.app
      (Lean.Expr.app (Lean.Expr.const `Id.run [Lean.Level.zero]) (Lean.Expr.const `UInt64 []))
      (Lean.Expr.letE
        `a
        (Lean.Expr.const `UInt64 [])
        (Lean.Expr.bvar 0)
        (Lean.Expr.app
          (Lean.Expr.app
            (Lean.Expr.app
              (Lean.Expr.app
                (Lean.Expr.app
                  (Lean.Expr.app
                    (Lean.Expr.const `Bind.bind [Lean.Level.zero, Lean.Level.zero])
                    (Lean.Expr.const `Id [Lean.Level.zero]))
                  (Lean.Expr.app
                    (Lean.Expr.app
                      (Lean.Expr.const `Monad.toBind [Lean.Level.zero, Lean.Level.zero])
                      (Lean.Expr.const `Id [Lean.Level.zero]))
                    (Lean.Expr.const `Id.instMonad [Lean.Level.zero])))
                (Lean.Expr.const `UInt64 []))
              (Lean.Expr.const `UInt64 []))
            (Lean.Expr.app
              (Lean.Expr.app
                (Lean.Expr.app
                  (Lean.Expr.app
                    (Lean.Expr.app
                      (Lean.Expr.app
                        (Lean.Expr.app
                          (Lean.Expr.app
                            (Lean.Expr.const
                              `ForIn.forIn
                              [Lean.Level.zero, Lean.Level.zero, Lean.Level.zero, Lean.Level.zero])
                            (Lean.Expr.const `Id [Lean.Level.zero]))
                          (Lean.Expr.const `Std.Legacy.Range []))
                        (Lean.Expr.const `Nat []))
                      (Lean.Expr.app
                        (Lean.Expr.app
                          (Lean.Expr.app
                            (Lean.Expr.app
                              (Lean.Expr.app
                                (Lean.Expr.const
                                  `instForInOfForIn'
                                  [Lean.Level.zero, Lean.Level.zero, Lean.Level.zero, Lean.Level.zero])
                                (Lean.Expr.const `Id [Lean.Level.zero]))
                              (Lean.Expr.const `Std.Legacy.Range []))
                            (Lean.Expr.const `Nat []))
                          (Lean.Expr.app
                            (Lean.Expr.app
                              (Lean.Expr.const `inferInstance [Lean.Level.succ (Lean.Level.zero)])
                              (Lean.Expr.app
                                (Lean.Expr.app
                                  (Lean.Expr.const `Membership [Lean.Level.zero, Lean.Level.zero])
                                  (Lean.Expr.const `Nat []))
                                (Lean.Expr.const `Std.Legacy.Range [])))
                            (Lean.Expr.const `Std.Legacy.instMembershipNatRange [])))
                        (Lean.Expr.app
                          (Lean.Expr.app
                            (Lean.Expr.const
                              `Std.Legacy.Range.instForIn'NatInferInstanceMembershipOfMonad
                              [Lean.Level.zero, Lean.Level.zero])
                            (Lean.Expr.const `Id [Lean.Level.zero]))
                          (Lean.Expr.const `Id.instMonad [Lean.Level.zero]))))
                    (Lean.Expr.const `UInt64 []))
                  (Lean.Expr.app
                    (Lean.Expr.app
                      (Lean.Expr.app
                        (Lean.Expr.app
                          (Lean.Expr.const `Std.Legacy.Range.mk [])
                          (Lean.Expr.app
                            (Lean.Expr.app
                              (Lean.Expr.app (Lean.Expr.const `OfNat.ofNat [Lean.Level.zero]) (Lean.Expr.const `Nat []))
                              (Lean.Expr.lit (Lean.Literal.natVal 0)))
                            (Lean.Expr.app (Lean.Expr.const `instOfNatNat []) (Lean.Expr.lit (Lean.Literal.natVal 0)))))
                        (Lean.Expr.app (Lean.Expr.const `UInt64.toNat []) (Lean.Expr.bvar 2)))
                      (Lean.Expr.app
                        (Lean.Expr.app
                          (Lean.Expr.app (Lean.Expr.const `OfNat.ofNat [Lean.Level.zero]) (Lean.Expr.const `Nat []))
                          (Lean.Expr.lit (Lean.Literal.natVal 1)))
                        (Lean.Expr.app (Lean.Expr.const `instOfNatNat []) (Lean.Expr.lit (Lean.Literal.natVal 1)))))
                    (Lean.Expr.const `Nat.zero_lt_one [])))
                (Lean.Expr.bvar 0))
              (Lean.Expr.lam
                `i
                (Lean.Expr.const `Nat [])
                (Lean.Expr.lam
                  (Lean.Name.mkNum (Lean.Name.mkStr (Lean.Name.mkStr (Lean.Name.mkNum `__s.«_@»._stdin 1184224091) "_hygCtx") "_hyg") 33)
                  (Lean.Expr.const `UInt64 [])
                  (Lean.Expr.letE
                    `a
                    (Lean.Expr.const `UInt64 [])
                    (Lean.Expr.bvar 0)
                    (Lean.Expr.letE
                      (Lean.Name.mkNum (Lean.Name.mkStr (Lean.Name.mkStr (Lean.Name.mkNum `__do_jp.«_@»._stdin 1184224091) "_hygCtx") "_hyg") 39)
                      (Lean.Expr.forallE
                        (Lean.Name.mkNum (Lean.Name.mkStr (Lean.Name.mkStr (Lean.Name.mkNum `x.«_@»._stdin 1184224091) "_hygCtx") "_hyg") 40)
                        (Lean.Expr.const `Bool [])
                        (Lean.Expr.app
                          (Lean.Expr.const `Id [Lean.Level.zero])
                          (Lean.Expr.app (Lean.Expr.const `ForInStep [Lean.Level.zero]) (Lean.Expr.const `UInt64 [])))
                        (Lean.BinderInfo.default))
                      (Lean.Expr.lam
                        `even
                        (Lean.Expr.const `Bool [])
                        (Lean.Expr.app
                          (Lean.Expr.app
                            (Lean.Expr.app
                              (Lean.Expr.app
                                (Lean.Expr.app
                                  (Lean.Expr.app
                                    (Lean.Expr.const `Bind.bind [Lean.Level.zero, Lean.Level.zero])
                                    (Lean.Expr.const `Id [Lean.Level.zero]))
                                  (Lean.Expr.app
                                    (Lean.Expr.app
                                      (Lean.Expr.const `Monad.toBind [Lean.Level.zero, Lean.Level.zero])
                                      (Lean.Expr.const `Id [Lean.Level.zero]))
                                    (Lean.Expr.const `Id.instMonad [Lean.Level.zero])))
                                (Lean.Expr.const `Bool []))
                              (Lean.Expr.app
                                (Lean.Expr.const `ForInStep [Lean.Level.zero])
                                (Lean.Expr.const `UInt64 [])))
                            (Lean.Expr.app
                              (Lean.Expr.app
                                (Lean.Expr.app
                                  (Lean.Expr.app
                                    (Lean.Expr.const `Pure.pure [Lean.Level.zero, Lean.Level.zero])
                                    (Lean.Expr.const `Id [Lean.Level.zero]))
                                  (Lean.Expr.app
                                    (Lean.Expr.app
                                      (Lean.Expr.const `Applicative.toPure [Lean.Level.zero, Lean.Level.zero])
                                      (Lean.Expr.const `Id [Lean.Level.zero]))
                                    (Lean.Expr.app
                                      (Lean.Expr.app
                                        (Lean.Expr.const `Monad.toApplicative [Lean.Level.zero, Lean.Level.zero])
                                        (Lean.Expr.const `Id [Lean.Level.zero]))
                                      (Lean.Expr.const `Id.instMonad [Lean.Level.zero]))))
                                (Lean.Expr.const `Bool []))
                              (Lean.Expr.app
                                (Lean.Expr.app
                                  (Lean.Expr.app
                                    (Lean.Expr.app
                                      (Lean.Expr.const `BEq.beq [Lean.Level.zero])
                                      (Lean.Expr.const `UInt64 []))
                                    (Lean.Expr.app
                                      (Lean.Expr.app
                                        (Lean.Expr.const `instBEqOfDecidableEq [Lean.Level.zero])
                                        (Lean.Expr.const `UInt64 []))
                                      (Lean.Expr.const `instDecidableEqUInt64 [])))
                                  (Lean.Expr.app
                                    (Lean.Expr.app
                                      (Lean.Expr.app
                                        (Lean.Expr.app
                                          (Lean.Expr.app
                                            (Lean.Expr.app
                                              (Lean.Expr.const
                                                `HMod.hMod
                                                [Lean.Level.zero, Lean.Level.zero, Lean.Level.zero])
                                              (Lean.Expr.const `UInt64 []))
                                            (Lean.Expr.const `UInt64 []))
                                          (Lean.Expr.const `UInt64 []))
                                        (Lean.Expr.app
                                          (Lean.Expr.app
                                            (Lean.Expr.const `instHMod [Lean.Level.zero])
                                            (Lean.Expr.const `UInt64 []))
                                          (Lean.Expr.const `instModUInt64 [])))
                                      (Lean.Expr.app (Lean.Expr.const `UInt64.ofNat []) (Lean.Expr.bvar 3)))
                                    (Lean.Expr.app
                                      (Lean.Expr.app
                                        (Lean.Expr.app
                                          (Lean.Expr.const `OfNat.ofNat [Lean.Level.zero])
                                          (Lean.Expr.const `UInt64 []))
                                        (Lean.Expr.lit (Lean.Literal.natVal 2)))
                                      (Lean.Expr.app
                                        (Lean.Expr.const `UInt64.instOfNat [])
                                        (Lean.Expr.lit (Lean.Literal.natVal 2))))))
                                (Lean.Expr.app
                                  (Lean.Expr.app
                                    (Lean.Expr.app
                                      (Lean.Expr.const `OfNat.ofNat [Lean.Level.zero])
                                      (Lean.Expr.const `UInt64 []))
                                    (Lean.Expr.lit (Lean.Literal.natVal 0)))
                                  (Lean.Expr.app
                                    (Lean.Expr.const `UInt64.instOfNat [])
                                    (Lean.Expr.lit (Lean.Literal.natVal 0)))))))
                          (Lean.Expr.lam
                            `other
                            (Lean.Expr.const `Bool [])
                            (Lean.Expr.letE
                              (Lean.Name.mkNum (Lean.Name.mkStr (Lean.Name.mkStr (Lean.Name.mkNum `__do_jp.«_@»._stdin 1184224091) "_hygCtx") "_hyg") 82)
                              (Lean.Expr.forallE
                                (Lean.Name.mkNum (Lean.Name.mkStr (Lean.Name.mkStr (Lean.Name.mkNum `x.«_@»._stdin 1184224091) "_hygCtx") "_hyg") 84)
                                (Lean.Expr.const `Unit [])
                                (Lean.Expr.forallE
                                  (Lean.Name.mkNum (Lean.Name.mkStr (Lean.Name.mkStr (Lean.Name.mkNum `x.«_@»._stdin 1184224091) "_hygCtx") "_hyg") 83)
                                  (Lean.Expr.const `UInt64 [])
                                  (Lean.Expr.app
                                    (Lean.Expr.const `Id [Lean.Level.zero])
                                    (Lean.Expr.app
                                      (Lean.Expr.const `ForInStep [Lean.Level.zero])
                                      (Lean.Expr.const `UInt64 [])))
                                  (Lean.BinderInfo.default))
                                (Lean.BinderInfo.default))
                              (Lean.Expr.lam
                                (Lean.Name.mkNum (Lean.Name.mkStr (Lean.Name.mkStr (Lean.Name.mkNum `__r.«_@»._stdin 1184224091) "_hygCtx") "_hyg") 34)
                                (Lean.Expr.const `Unit [])
                                (Lean.Expr.lam
                                  `a
                                  (Lean.Expr.const `UInt64 [])
                                  (Lean.Expr.letE
                                    (Lean.Name.mkNum (Lean.Name.mkStr (Lean.Name.mkStr (Lean.Name.mkNum `__do_jp.«_@»._stdin 1184224091) "_hygCtx") "_hyg") 122)
                                    (Lean.Expr.forallE
                                      (Lean.Name.mkNum (Lean.Name.mkStr (Lean.Name.mkStr (Lean.Name.mkNum `x.«_@»._stdin 1184224091) "_hygCtx") "_hyg") 124)
                                      (Lean.Expr.const `Unit [])
                                      (Lean.Expr.forallE
                                        (Lean.Name.mkNum (Lean.Name.mkStr (Lean.Name.mkStr (Lean.Name.mkNum `x.«_@»._stdin 1184224091) "_hygCtx") "_hyg") 123)
                                        (Lean.Expr.const `UInt64 [])
                                        (Lean.Expr.app
                                          (Lean.Expr.const `Id [Lean.Level.zero])
                                          (Lean.Expr.app
                                            (Lean.Expr.const `ForInStep [Lean.Level.zero])
                                            (Lean.Expr.const `UInt64 [])))
                                        (Lean.BinderInfo.default))
                                      (Lean.BinderInfo.default))
                                    (Lean.Expr.lam
                                      (Lean.Name.mkNum (Lean.Name.mkStr (Lean.Name.mkStr (Lean.Name.mkNum `__r.«_@»._stdin 1184224091) "_hygCtx") "_hyg") 34)
                                      (Lean.Expr.const `Unit [])
                                      (Lean.Expr.lam
                                        `a
                                        (Lean.Expr.const `UInt64 [])
                                        (Lean.Expr.app
                                          (Lean.Expr.app
                                            (Lean.Expr.app
                                              (Lean.Expr.app
                                                (Lean.Expr.app
                                                  (Lean.Expr.const `ite [Lean.Level.succ (Lean.Level.zero)])
                                                  (Lean.Expr.app
                                                    (Lean.Expr.const `Id [Lean.Level.zero])
                                                    (Lean.Expr.app
                                                      (Lean.Expr.const `ForInStep [Lean.Level.zero])
                                                      (Lean.Expr.const `UInt64 []))))
                                                (Lean.Expr.app
                                                  (Lean.Expr.app
                                                    (Lean.Expr.app
                                                      (Lean.Expr.const `Eq [Lean.Level.succ (Lean.Level.zero)])
                                                      (Lean.Expr.const `Bool []))
                                                    (Lean.Expr.bvar 5))
                                                  (Lean.Expr.app
                                                    (Lean.Expr.app
                                                      (Lean.Expr.app
                                                        (Lean.Expr.app
                                                          (Lean.Expr.const `BEq.beq [Lean.Level.zero])
                                                          (Lean.Expr.const `UInt64 []))
                                                        (Lean.Expr.app
                                                          (Lean.Expr.app
                                                            (Lean.Expr.const `instBEqOfDecidableEq [Lean.Level.zero])
                                                            (Lean.Expr.const `UInt64 []))
                                                          (Lean.Expr.const `instDecidableEqUInt64 [])))
                                                      (Lean.Expr.app
                                                        (Lean.Expr.app
                                                          (Lean.Expr.app
                                                            (Lean.Expr.app
                                                              (Lean.Expr.app
                                                                (Lean.Expr.app
                                                                  (Lean.Expr.const
                                                                    `HMod.hMod
                                                                    [Lean.Level.zero, Lean.Level.zero, Lean.Level.zero])
                                                                  (Lean.Expr.const `UInt64 []))
                                                                (Lean.Expr.const `UInt64 []))
                                                              (Lean.Expr.const `UInt64 []))
                                                            (Lean.Expr.app
                                                              (Lean.Expr.app
                                                                (Lean.Expr.const `instHMod [Lean.Level.zero])
                                                                (Lean.Expr.const `UInt64 []))
                                                              (Lean.Expr.const `instModUInt64 [])))
                                                          (Lean.Expr.bvar 0))
                                                        (Lean.Expr.app
                                                          (Lean.Expr.app
                                                            (Lean.Expr.app
                                                              (Lean.Expr.const `OfNat.ofNat [Lean.Level.zero])
                                                              (Lean.Expr.const `UInt64 []))
                                                            (Lean.Expr.lit (Lean.Literal.natVal 13)))
                                                          (Lean.Expr.app
                                                            (Lean.Expr.const `UInt64.instOfNat [])
                                                            (Lean.Expr.lit (Lean.Literal.natVal 13))))))
                                                    (Lean.Expr.app
                                                      (Lean.Expr.app
                                                        (Lean.Expr.app
                                                          (Lean.Expr.const `OfNat.ofNat [Lean.Level.zero])
                                                          (Lean.Expr.const `UInt64 []))
                                                        (Lean.Expr.lit (Lean.Literal.natVal 0)))
                                                      (Lean.Expr.app
                                                        (Lean.Expr.const `UInt64.instOfNat [])
                                                        (Lean.Expr.lit (Lean.Literal.natVal 0)))))))
                                              (Lean.Expr.app
                                                (Lean.Expr.app
                                                  (Lean.Expr.const `instDecidableEqBool [])
                                                  (Lean.Expr.bvar 5))
                                                (Lean.Expr.app
                                                  (Lean.Expr.app
                                                    (Lean.Expr.app
                                                      (Lean.Expr.app
                                                        (Lean.Expr.const `BEq.beq [Lean.Level.zero])
                                                        (Lean.Expr.const `UInt64 []))
                                                      (Lean.Expr.app
                                                        (Lean.Expr.app
                                                          (Lean.Expr.const `instBEqOfDecidableEq [Lean.Level.zero])
                                                          (Lean.Expr.const `UInt64 []))
                                                        (Lean.Expr.const `instDecidableEqUInt64 [])))
                                                    (Lean.Expr.app
                                                      (Lean.Expr.app
                                                        (Lean.Expr.app
                                                          (Lean.Expr.app
                                                            (Lean.Expr.app
                                                              (Lean.Expr.app
                                                                (Lean.Expr.const
                                                                  `HMod.hMod
                                                                  [Lean.Level.zero, Lean.Level.zero, Lean.Level.zero])
                                                                (Lean.Expr.const `UInt64 []))
                                                              (Lean.Expr.const `UInt64 []))
                                                            (Lean.Expr.const `UInt64 []))
                                                          (Lean.Expr.app
                                                            (Lean.Expr.app
                                                              (Lean.Expr.const `instHMod [Lean.Level.zero])
                                                              (Lean.Expr.const `UInt64 []))
                                                            (Lean.Expr.const `instModUInt64 [])))
                                                        (Lean.Expr.bvar 0))
                                                      (Lean.Expr.app
                                                        (Lean.Expr.app
                                                          (Lean.Expr.app
                                                            (Lean.Expr.const `OfNat.ofNat [Lean.Level.zero])
                                                            (Lean.Expr.const `UInt64 []))
                                                          (Lean.Expr.lit (Lean.Literal.natVal 13)))
                                                        (Lean.Expr.app
                                                          (Lean.Expr.const `UInt64.instOfNat [])
                                                          (Lean.Expr.lit (Lean.Literal.natVal 13))))))
                                                  (Lean.Expr.app
                                                    (Lean.Expr.app
                                                      (Lean.Expr.app
                                                        (Lean.Expr.const `OfNat.ofNat [Lean.Level.zero])
                                                        (Lean.Expr.const `UInt64 []))
                                                      (Lean.Expr.lit (Lean.Literal.natVal 0)))
                                                    (Lean.Expr.app
                                                      (Lean.Expr.const `UInt64.instOfNat [])
                                                      (Lean.Expr.lit (Lean.Literal.natVal 0)))))))
                                            (Lean.Expr.app
                                              (Lean.Expr.app
                                                (Lean.Expr.app
                                                  (Lean.Expr.app
                                                    (Lean.Expr.const `Pure.pure [Lean.Level.zero, Lean.Level.zero])
                                                    (Lean.Expr.const `Id [Lean.Level.zero]))
                                                  (Lean.Expr.app
                                                    (Lean.Expr.app
                                                      (Lean.Expr.const
                                                        `Applicative.toPure
                                                        [Lean.Level.zero, Lean.Level.zero])
                                                      (Lean.Expr.const `Id [Lean.Level.zero]))
                                                    (Lean.Expr.app
                                                      (Lean.Expr.app
                                                        (Lean.Expr.const
                                                          `Monad.toApplicative
                                                          [Lean.Level.zero, Lean.Level.zero])
                                                        (Lean.Expr.const `Id [Lean.Level.zero]))
                                                      (Lean.Expr.const `Id.instMonad [Lean.Level.zero]))))
                                                (Lean.Expr.app
                                                  (Lean.Expr.const `ForInStep [Lean.Level.zero])
                                                  (Lean.Expr.const `UInt64 [])))
                                              (Lean.Expr.app
                                                (Lean.Expr.app
                                                  (Lean.Expr.const `ForInStep.done [Lean.Level.zero])
                                                  (Lean.Expr.const `UInt64 []))
                                                (Lean.Expr.bvar 0))))
                                          (Lean.Expr.app
                                            (Lean.Expr.app
                                              (Lean.Expr.app
                                                (Lean.Expr.app
                                                  (Lean.Expr.const `Pure.pure [Lean.Level.zero, Lean.Level.zero])
                                                  (Lean.Expr.const `Id [Lean.Level.zero]))
                                                (Lean.Expr.app
                                                  (Lean.Expr.app
                                                    (Lean.Expr.const
                                                      `Applicative.toPure
                                                      [Lean.Level.zero, Lean.Level.zero])
                                                    (Lean.Expr.const `Id [Lean.Level.zero]))
                                                  (Lean.Expr.app
                                                    (Lean.Expr.app
                                                      (Lean.Expr.const
                                                        `Monad.toApplicative
                                                        [Lean.Level.zero, Lean.Level.zero])
                                                      (Lean.Expr.const `Id [Lean.Level.zero]))
                                                    (Lean.Expr.const `Id.instMonad [Lean.Level.zero]))))
                                              (Lean.Expr.app
                                                (Lean.Expr.const `ForInStep [Lean.Level.zero])
                                                (Lean.Expr.const `UInt64 [])))
                                            (Lean.Expr.app
                                              (Lean.Expr.app
                                                (Lean.Expr.const `ForInStep.yield [Lean.Level.zero])
                                                (Lean.Expr.const `UInt64 []))
                                              (Lean.Expr.bvar 0))))
                                        (Lean.BinderInfo.default))
                                      (Lean.BinderInfo.default))
                                    (Lean.Expr.app
                                      (Lean.Expr.app
                                        (Lean.Expr.app
                                          (Lean.Expr.app
                                            (Lean.Expr.app
                                              (Lean.Expr.const `dite [Lean.Level.succ (Lean.Level.zero)])
                                              (Lean.Expr.app
                                                (Lean.Expr.const `Id [Lean.Level.zero])
                                                (Lean.Expr.app
                                                  (Lean.Expr.const `ForInStep [Lean.Level.zero])
                                                  (Lean.Expr.const `UInt64 []))))
                                            (Lean.Expr.app
                                              (Lean.Expr.app
                                                (Lean.Expr.app
                                                  (Lean.Expr.const `Eq [Lean.Level.succ (Lean.Level.zero)])
                                                  (Lean.Expr.const `Bool []))
                                                (Lean.Expr.app
                                                  (Lean.Expr.const `Bool.not [])
                                                  (Lean.Expr.app
                                                    (Lean.Expr.app
                                                      (Lean.Expr.const `Decidable.decide [])
                                                      (Lean.Expr.app
                                                        (Lean.Expr.app
                                                          (Lean.Expr.app
                                                            (Lean.Expr.const `Ne [Lean.Level.succ (Lean.Level.zero)])
                                                            (Lean.Expr.const `Bool []))
                                                          (Lean.Expr.bvar 4))
                                                        (Lean.Expr.bvar 3)))
                                                    (Lean.Expr.app
                                                      (Lean.Expr.app
                                                        (Lean.Expr.const `instDecidableNot [])
                                                        (Lean.Expr.app
                                                          (Lean.Expr.app
                                                            (Lean.Expr.app
                                                              (Lean.Expr.const `Eq [Lean.Level.succ (Lean.Level.zero)])
                                                              (Lean.Expr.const `Bool []))
                                                            (Lean.Expr.bvar 4))
                                                          (Lean.Expr.bvar 3)))
                                                      (Lean.Expr.app
                                                        (Lean.Expr.app
                                                          (Lean.Expr.const `instDecidableEqBool [])
                                                          (Lean.Expr.bvar 4))
                                                        (Lean.Expr.bvar 3))))))
                                              (Lean.Expr.const `Bool.true [])))
                                          (Lean.Expr.app
                                            (Lean.Expr.app
                                              (Lean.Expr.const `instDecidableEqBool [])
                                              (Lean.Expr.app
                                                (Lean.Expr.const `Bool.not [])
                                                (Lean.Expr.app
                                                  (Lean.Expr.app
                                                    (Lean.Expr.const `Decidable.decide [])
                                                    (Lean.Expr.app
                                                      (Lean.Expr.app
                                                        (Lean.Expr.app
                                                          (Lean.Expr.const `Ne [Lean.Level.succ (Lean.Level.zero)])
                                                          (Lean.Expr.const `Bool []))
                                                        (Lean.Expr.bvar 4))
                                                      (Lean.Expr.bvar 3)))
                                                  (Lean.Expr.app
                                                    (Lean.Expr.app
                                                      (Lean.Expr.const `instDecidableNot [])
                                                      (Lean.Expr.app
                                                        (Lean.Expr.app
                                                          (Lean.Expr.app
                                                            (Lean.Expr.const `Eq [Lean.Level.succ (Lean.Level.zero)])
                                                            (Lean.Expr.const `Bool []))
                                                          (Lean.Expr.bvar 4))
                                                        (Lean.Expr.bvar 3)))
                                                    (Lean.Expr.app
                                                      (Lean.Expr.app
                                                        (Lean.Expr.const `instDecidableEqBool [])
                                                        (Lean.Expr.bvar 4))
                                                      (Lean.Expr.bvar 3))))))
                                            (Lean.Expr.const `Bool.true [])))
                                        (Lean.Expr.lam
                                          `_h
                                          (Lean.Expr.app
                                            (Lean.Expr.app
                                              (Lean.Expr.app
                                                (Lean.Expr.const `Eq [Lean.Level.succ (Lean.Level.zero)])
                                                (Lean.Expr.const `Bool []))
                                              (Lean.Expr.app
                                                (Lean.Expr.const `Bool.not [])
                                                (Lean.Expr.app
                                                  (Lean.Expr.app
                                                    (Lean.Expr.const `Decidable.decide [])
                                                    (Lean.Expr.app
                                                      (Lean.Expr.app
                                                        (Lean.Expr.app
                                                          (Lean.Expr.const `Ne [Lean.Level.succ (Lean.Level.zero)])
                                                          (Lean.Expr.const `Bool []))
                                                        (Lean.Expr.bvar 4))
                                                      (Lean.Expr.bvar 3)))
                                                  (Lean.Expr.app
                                                    (Lean.Expr.app
                                                      (Lean.Expr.const `instDecidableNot [])
                                                      (Lean.Expr.app
                                                        (Lean.Expr.app
                                                          (Lean.Expr.app
                                                            (Lean.Expr.const `Eq [Lean.Level.succ (Lean.Level.zero)])
                                                            (Lean.Expr.const `Bool []))
                                                          (Lean.Expr.bvar 4))
                                                        (Lean.Expr.bvar 3)))
                                                    (Lean.Expr.app
                                                      (Lean.Expr.app
                                                        (Lean.Expr.const `instDecidableEqBool [])
                                                        (Lean.Expr.bvar 4))
                                                      (Lean.Expr.bvar 3))))))
                                            (Lean.Expr.const `Bool.true []))
                                          (Lean.Expr.letE
                                            `a
                                            (Lean.Expr.const `UInt64 [])
                                            (Lean.Expr.app
                                              (Lean.Expr.app
                                                (Lean.Expr.app
                                                  (Lean.Expr.app
                                                    (Lean.Expr.app
                                                      (Lean.Expr.app
                                                        (Lean.Expr.const
                                                          `HAdd.hAdd
                                                          [Lean.Level.zero, Lean.Level.zero, Lean.Level.zero])
                                                        (Lean.Expr.const `UInt64 []))
                                                      (Lean.Expr.const `UInt64 []))
                                                    (Lean.Expr.const `UInt64 []))
                                                  (Lean.Expr.app
                                                    (Lean.Expr.app
                                                      (Lean.Expr.const `instHAdd [Lean.Level.zero])
                                                      (Lean.Expr.const `UInt64 []))
                                                    (Lean.Expr.const `instAddUInt64 [])))
                                                (Lean.Expr.bvar 2))
                                              (Lean.Expr.app (Lean.Expr.const `UInt64.ofNat []) (Lean.Expr.bvar 8)))
                                            (Lean.Expr.app
                                              (Lean.Expr.app (Lean.Expr.bvar 2) (Lean.Expr.const `Unit.unit []))
                                              (Lean.Expr.bvar 0))
                                            true)
                                          (Lean.BinderInfo.default)))
                                      (Lean.Expr.lam
                                        `_h
                                        (Lean.Expr.app
                                          (Lean.Expr.const `Not [])
                                          (Lean.Expr.app
                                            (Lean.Expr.app
                                              (Lean.Expr.app
                                                (Lean.Expr.const `Eq [Lean.Level.succ (Lean.Level.zero)])
                                                (Lean.Expr.const `Bool []))
                                              (Lean.Expr.app
                                                (Lean.Expr.const `Bool.not [])
                                                (Lean.Expr.app
                                                  (Lean.Expr.app
                                                    (Lean.Expr.const `Decidable.decide [])
                                                    (Lean.Expr.app
                                                      (Lean.Expr.app
                                                        (Lean.Expr.app
                                                          (Lean.Expr.const `Ne [Lean.Level.succ (Lean.Level.zero)])
                                                          (Lean.Expr.const `Bool []))
                                                        (Lean.Expr.bvar 4))
                                                      (Lean.Expr.bvar 3)))
                                                  (Lean.Expr.app
                                                    (Lean.Expr.app
                                                      (Lean.Expr.const `instDecidableNot [])
                                                      (Lean.Expr.app
                                                        (Lean.Expr.app
                                                          (Lean.Expr.app
                                                            (Lean.Expr.const `Eq [Lean.Level.succ (Lean.Level.zero)])
                                                            (Lean.Expr.const `Bool []))
                                                          (Lean.Expr.bvar 4))
                                                        (Lean.Expr.bvar 3)))
                                                    (Lean.Expr.app
                                                      (Lean.Expr.app
                                                        (Lean.Expr.const `instDecidableEqBool [])
                                                        (Lean.Expr.bvar 4))
                                                      (Lean.Expr.bvar 3))))))
                                            (Lean.Expr.const `Bool.true [])))
                                        (Lean.Expr.letE
                                          `a
                                          (Lean.Expr.const `UInt64 [])
                                          (Lean.Expr.app
                                            (Lean.Expr.app
                                              (Lean.Expr.app
                                                (Lean.Expr.app
                                                  (Lean.Expr.app
                                                    (Lean.Expr.app
                                                      (Lean.Expr.const
                                                        `HSub.hSub
                                                        [Lean.Level.zero, Lean.Level.zero, Lean.Level.zero])
                                                      (Lean.Expr.const `UInt64 []))
                                                    (Lean.Expr.const `UInt64 []))
                                                  (Lean.Expr.const `UInt64 []))
                                                (Lean.Expr.app
                                                  (Lean.Expr.app
                                                    (Lean.Expr.const `instHSub [Lean.Level.zero])
                                                    (Lean.Expr.const `UInt64 []))
                                                  (Lean.Expr.const `instSubUInt64 [])))
                                              (Lean.Expr.bvar 2))
                                            (Lean.Expr.bvar 11))
                                          (Lean.Expr.app
                                            (Lean.Expr.app (Lean.Expr.bvar 2) (Lean.Expr.const `Unit.unit []))
                                            (Lean.Expr.bvar 0))
                                          true)
                                        (Lean.BinderInfo.default)))
                                    true)
                                  (Lean.BinderInfo.default))
                                (Lean.BinderInfo.default))
                              (Lean.Expr.app
                                (Lean.Expr.app
                                  (Lean.Expr.app
                                    (Lean.Expr.app
                                      (Lean.Expr.app
                                        (Lean.Expr.const `ite [Lean.Level.succ (Lean.Level.zero)])
                                        (Lean.Expr.app
                                          (Lean.Expr.const `Id [Lean.Level.zero])
                                          (Lean.Expr.app
                                            (Lean.Expr.const `ForInStep [Lean.Level.zero])
                                            (Lean.Expr.const `UInt64 []))))
                                      (Lean.Expr.app
                                        (Lean.Expr.app
                                          (Lean.Expr.app
                                            (Lean.Expr.const `Eq [Lean.Level.succ (Lean.Level.zero)])
                                            (Lean.Expr.const `Bool []))
                                          (Lean.Expr.bvar 2))
                                        (Lean.Expr.bvar 1)))
                                    (Lean.Expr.app
                                      (Lean.Expr.app (Lean.Expr.const `instDecidableEqBool []) (Lean.Expr.bvar 2))
                                      (Lean.Expr.bvar 1)))
                                  (Lean.Expr.letE
                                    `a
                                    (Lean.Expr.const `UInt64 [])
                                    (Lean.Expr.app
                                      (Lean.Expr.app
                                        (Lean.Expr.app
                                          (Lean.Expr.app
                                            (Lean.Expr.app
                                              (Lean.Expr.app
                                                (Lean.Expr.const
                                                  `HAdd.hAdd
                                                  [Lean.Level.zero, Lean.Level.zero, Lean.Level.zero])
                                                (Lean.Expr.const `UInt64 []))
                                              (Lean.Expr.const `UInt64 []))
                                            (Lean.Expr.const `UInt64 []))
                                          (Lean.Expr.app
                                            (Lean.Expr.app
                                              (Lean.Expr.const `instHAdd [Lean.Level.zero])
                                              (Lean.Expr.const `UInt64 []))
                                            (Lean.Expr.const `instAddUInt64 [])))
                                        (Lean.Expr.bvar 3))
                                      (Lean.Expr.app
                                        (Lean.Expr.app
                                          (Lean.Expr.app
                                            (Lean.Expr.const `OfNat.ofNat [Lean.Level.zero])
                                            (Lean.Expr.const `UInt64 []))
                                          (Lean.Expr.lit (Lean.Literal.natVal 2)))
                                        (Lean.Expr.app
                                          (Lean.Expr.const `UInt64.instOfNat [])
                                          (Lean.Expr.lit (Lean.Literal.natVal 2)))))
                                    (Lean.Expr.app
                                      (Lean.Expr.app (Lean.Expr.bvar 1) (Lean.Expr.const `Unit.unit []))
                                      (Lean.Expr.bvar 0))
                                    true))
                                (Lean.Expr.letE
                                  `a
                                  (Lean.Expr.const `UInt64 [])
                                  (Lean.Expr.app
                                    (Lean.Expr.app
                                      (Lean.Expr.app
                                        (Lean.Expr.app
                                          (Lean.Expr.app
                                            (Lean.Expr.app
                                              (Lean.Expr.const
                                                `HAdd.hAdd
                                                [Lean.Level.zero, Lean.Level.zero, Lean.Level.zero])
                                              (Lean.Expr.const `UInt64 []))
                                            (Lean.Expr.const `UInt64 []))
                                          (Lean.Expr.const `UInt64 []))
                                        (Lean.Expr.app
                                          (Lean.Expr.app
                                            (Lean.Expr.const `instHAdd [Lean.Level.zero])
                                            (Lean.Expr.const `UInt64 []))
                                          (Lean.Expr.const `instAddUInt64 [])))
                                      (Lean.Expr.bvar 3))
                                    (Lean.Expr.app
                                      (Lean.Expr.app
                                        (Lean.Expr.app
                                          (Lean.Expr.const `OfNat.ofNat [Lean.Level.zero])
                                          (Lean.Expr.const `UInt64 []))
                                        (Lean.Expr.lit (Lean.Literal.natVal 5)))
                                      (Lean.Expr.app
                                        (Lean.Expr.const `UInt64.instOfNat [])
                                        (Lean.Expr.lit (Lean.Literal.natVal 5)))))
                                  (Lean.Expr.app
                                    (Lean.Expr.app (Lean.Expr.bvar 1) (Lean.Expr.const `Unit.unit []))
                                    (Lean.Expr.bvar 0))
                                  true))
                              true)
                            (Lean.BinderInfo.default)))
                        (Lean.BinderInfo.default))
                      (Lean.Expr.app
                        (Lean.Expr.app
                          (Lean.Expr.app
                            (Lean.Expr.app
                              (Lean.Expr.app
                                (Lean.Expr.const `ite [Lean.Level.succ (Lean.Level.zero)])
                                (Lean.Expr.app
                                  (Lean.Expr.const `Id [Lean.Level.zero])
                                  (Lean.Expr.app
                                    (Lean.Expr.const `ForInStep [Lean.Level.zero])
                                    (Lean.Expr.const `UInt64 []))))
                              (Lean.Expr.app
                                (Lean.Expr.app
                                  (Lean.Expr.app
                                    (Lean.Expr.const `Eq [Lean.Level.succ (Lean.Level.zero)])
                                    (Lean.Expr.const `UInt64 []))
                                  (Lean.Expr.app
                                    (Lean.Expr.app
                                      (Lean.Expr.app
                                        (Lean.Expr.app
                                          (Lean.Expr.app
                                            (Lean.Expr.app
                                              (Lean.Expr.const
                                                `HMod.hMod
                                                [Lean.Level.zero, Lean.Level.zero, Lean.Level.zero])
                                              (Lean.Expr.const `UInt64 []))
                                            (Lean.Expr.const `UInt64 []))
                                          (Lean.Expr.const `UInt64 []))
                                        (Lean.Expr.app
                                          (Lean.Expr.app
                                            (Lean.Expr.const `instHMod [Lean.Level.zero])
                                            (Lean.Expr.const `UInt64 []))
                                          (Lean.Expr.const `instModUInt64 [])))
                                      (Lean.Expr.bvar 1))
                                    (Lean.Expr.app
                                      (Lean.Expr.app
                                        (Lean.Expr.app
                                          (Lean.Expr.const `OfNat.ofNat [Lean.Level.zero])
                                          (Lean.Expr.const `UInt64 []))
                                        (Lean.Expr.lit (Lean.Literal.natVal 2)))
                                      (Lean.Expr.app
                                        (Lean.Expr.const `UInt64.instOfNat [])
                                        (Lean.Expr.lit (Lean.Literal.natVal 2))))))
                                (Lean.Expr.app
                                  (Lean.Expr.app
                                    (Lean.Expr.app
                                      (Lean.Expr.const `OfNat.ofNat [Lean.Level.zero])
                                      (Lean.Expr.const `UInt64 []))
                                    (Lean.Expr.lit (Lean.Literal.natVal 0)))
                                  (Lean.Expr.app
                                    (Lean.Expr.const `UInt64.instOfNat [])
                                    (Lean.Expr.lit (Lean.Literal.natVal 0))))))
                            (Lean.Expr.app
                              (Lean.Expr.app
                                (Lean.Expr.const `instDecidableEqUInt64 [])
                                (Lean.Expr.app
                                  (Lean.Expr.app
                                    (Lean.Expr.app
                                      (Lean.Expr.app
                                        (Lean.Expr.app
                                          (Lean.Expr.app
                                            (Lean.Expr.const
                                              `HMod.hMod
                                              [Lean.Level.zero, Lean.Level.zero, Lean.Level.zero])
                                            (Lean.Expr.const `UInt64 []))
                                          (Lean.Expr.const `UInt64 []))
                                        (Lean.Expr.const `UInt64 []))
                                      (Lean.Expr.app
                                        (Lean.Expr.app
                                          (Lean.Expr.const `instHMod [Lean.Level.zero])
                                          (Lean.Expr.const `UInt64 []))
                                        (Lean.Expr.const `instModUInt64 [])))
                                    (Lean.Expr.bvar 1))
                                  (Lean.Expr.app
                                    (Lean.Expr.app
                                      (Lean.Expr.app
                                        (Lean.Expr.const `OfNat.ofNat [Lean.Level.zero])
                                        (Lean.Expr.const `UInt64 []))
                                      (Lean.Expr.lit (Lean.Literal.natVal 2)))
                                    (Lean.Expr.app
                                      (Lean.Expr.const `UInt64.instOfNat [])
                                      (Lean.Expr.lit (Lean.Literal.natVal 2))))))
                              (Lean.Expr.app
                                (Lean.Expr.app
                                  (Lean.Expr.app
                                    (Lean.Expr.const `OfNat.ofNat [Lean.Level.zero])
                                    (Lean.Expr.const `UInt64 []))
                                  (Lean.Expr.lit (Lean.Literal.natVal 0)))
                                (Lean.Expr.app
                                  (Lean.Expr.const `UInt64.instOfNat [])
                                  (Lean.Expr.lit (Lean.Literal.natVal 0))))))
                          (Lean.Expr.app
                            (Lean.Expr.app
                              (Lean.Expr.app
                                (Lean.Expr.app
                                  (Lean.Expr.app
                                    (Lean.Expr.app
                                      (Lean.Expr.const `Bind.bind [Lean.Level.zero, Lean.Level.zero])
                                      (Lean.Expr.const `Id [Lean.Level.zero]))
                                    (Lean.Expr.app
                                      (Lean.Expr.app
                                        (Lean.Expr.const `Monad.toBind [Lean.Level.zero, Lean.Level.zero])
                                        (Lean.Expr.const `Id [Lean.Level.zero]))
                                      (Lean.Expr.const `Id.instMonad [Lean.Level.zero])))
                                  (Lean.Expr.const `Bool []))
                                (Lean.Expr.app
                                  (Lean.Expr.const `ForInStep [Lean.Level.zero])
                                  (Lean.Expr.const `UInt64 [])))
                              (Lean.Expr.app
                                (Lean.Expr.app
                                  (Lean.Expr.app
                                    (Lean.Expr.app
                                      (Lean.Expr.const `Pure.pure [Lean.Level.zero, Lean.Level.zero])
                                      (Lean.Expr.const `Id [Lean.Level.zero]))
                                    (Lean.Expr.app
                                      (Lean.Expr.app
                                        (Lean.Expr.const `Applicative.toPure [Lean.Level.zero, Lean.Level.zero])
                                        (Lean.Expr.const `Id [Lean.Level.zero]))
                                      (Lean.Expr.app
                                        (Lean.Expr.app
                                          (Lean.Expr.const `Monad.toApplicative [Lean.Level.zero, Lean.Level.zero])
                                          (Lean.Expr.const `Id [Lean.Level.zero]))
                                        (Lean.Expr.const `Id.instMonad [Lean.Level.zero]))))
                                  (Lean.Expr.const `Bool []))
                                (Lean.Expr.const `Bool.true [])))
                            (Lean.Expr.lam
                              `even
                              (Lean.Expr.const `Bool [])
                              (Lean.Expr.app (Lean.Expr.bvar 1) (Lean.Expr.bvar 0))
                              (Lean.BinderInfo.default))))
                        (Lean.Expr.app
                          (Lean.Expr.app
                            (Lean.Expr.app
                              (Lean.Expr.app
                                (Lean.Expr.app
                                  (Lean.Expr.app
                                    (Lean.Expr.const `Bind.bind [Lean.Level.zero, Lean.Level.zero])
                                    (Lean.Expr.const `Id [Lean.Level.zero]))
                                  (Lean.Expr.app
                                    (Lean.Expr.app
                                      (Lean.Expr.const `Monad.toBind [Lean.Level.zero, Lean.Level.zero])
                                      (Lean.Expr.const `Id [Lean.Level.zero]))
                                    (Lean.Expr.const `Id.instMonad [Lean.Level.zero])))
                                (Lean.Expr.const `Bool []))
                              (Lean.Expr.app
                                (Lean.Expr.const `ForInStep [Lean.Level.zero])
                                (Lean.Expr.const `UInt64 [])))
                            (Lean.Expr.app
                              (Lean.Expr.app
                                (Lean.Expr.app
                                  (Lean.Expr.app
                                    (Lean.Expr.const `Pure.pure [Lean.Level.zero, Lean.Level.zero])
                                    (Lean.Expr.const `Id [Lean.Level.zero]))
                                  (Lean.Expr.app
                                    (Lean.Expr.app
                                      (Lean.Expr.const `Applicative.toPure [Lean.Level.zero, Lean.Level.zero])
                                      (Lean.Expr.const `Id [Lean.Level.zero]))
                                    (Lean.Expr.app
                                      (Lean.Expr.app
                                        (Lean.Expr.const `Monad.toApplicative [Lean.Level.zero, Lean.Level.zero])
                                        (Lean.Expr.const `Id [Lean.Level.zero]))
                                      (Lean.Expr.const `Id.instMonad [Lean.Level.zero]))))
                                (Lean.Expr.const `Bool []))
                              (Lean.Expr.const `Bool.false [])))
                          (Lean.Expr.lam
                            `even
                            (Lean.Expr.const `Bool [])
                            (Lean.Expr.app (Lean.Expr.bvar 1) (Lean.Expr.bvar 0))
                            (Lean.BinderInfo.default))))
                      true)
                    true)
                  (Lean.BinderInfo.default))
                (Lean.BinderInfo.default))))
          (Lean.Expr.lam
            (Lean.Name.mkNum (Lean.Name.mkStr (Lean.Name.mkStr (Lean.Name.mkNum `__s.«_@»._stdin 1184224091) "_hygCtx") "_hyg") 33)
            (Lean.Expr.const `UInt64 [])
            (Lean.Expr.letE
              `a
              (Lean.Expr.const `UInt64 [])
              (Lean.Expr.bvar 0)
              (Lean.Expr.app
                (Lean.Expr.app
                  (Lean.Expr.app
                    (Lean.Expr.app
                      (Lean.Expr.const `Pure.pure [Lean.Level.zero, Lean.Level.zero])
                      (Lean.Expr.const `Id [Lean.Level.zero]))
                    (Lean.Expr.app
                      (Lean.Expr.app
                        (Lean.Expr.const `Applicative.toPure [Lean.Level.zero, Lean.Level.zero])
                        (Lean.Expr.const `Id [Lean.Level.zero]))
                      (Lean.Expr.app
                        (Lean.Expr.app
                          (Lean.Expr.const `Monad.toApplicative [Lean.Level.zero, Lean.Level.zero])
                          (Lean.Expr.const `Id [Lean.Level.zero]))
                        (Lean.Expr.const `Id.instMonad [Lean.Level.zero]))))
                  (Lean.Expr.const `UInt64 []))
                (Lean.Expr.bvar 0))
              true)
            (Lean.BinderInfo.default)))
        true))
    (Lean.BinderInfo.default))
  (Lean.BinderInfo.default)
accepted: true
