cli-build: passed
admission-test: passed
reserved-exports: passed
fixture: passed
native-results: passed
compile-constant: passed
compile-publicInputIdWord: passed
compile-publicInputIdResult: passed
compile-publicFlagWord: passed
compile-publicFlagResult: passed
compile-rangeBoolWordHelperRepeat: passed
compile-rangeBoolWordHelperId: passed
compile-rangeBoolManyHelperBinaryRepeat: passed
compile-rangeBoolManyHelperTernaryNested: passed
compile-rangeBoolManyHelperFiveFlag: passed
compile-rangeBoolManyHelperFiveId: passed
compile-rangeBoolUnitHelperRepeat: passed
compile-rangeBoolUnitHelperNested: passed
compile-rangeBoolUnitHelperFlag: passed
compile-rangeBoolUnitHelperExit: passed
compile-rangeBoolUnitHelperContinue: passed
compile-rangeBoolUnitHelperId: passed
compile-rangeBoolOuterConditionEqual: passed
compile-rangeBoolOuterConditionOrder: passed
compile-rangeBoolOuterConditionFlag: passed
compile-rangeBoolOuterConditionNested: passed
compile-rangeBoolOuterConditionHelper: passed
compile-rangeBoolOuterConditionExit: passed
compile-rangeBoolOuterConditionContinue: passed
compile-rangeBoolOuterConditionStride: passed
compile-rangeBoolOuterConditionId: passed
compile-rangeBoolOuterConditionCapture: passed
compile-rangeBoolLetIdInput: passed
Passed 609 native Lean / independent Wasm engine comparisons across 28 declarations.
