⚠ [1/127] Replayed LeanExe.Examples.AsciiDigits
warning: LeanExe/Examples/AsciiDigits.lean:103:30: `if_false` has been deprecated: Use `ite_false` instead
warning: LeanExe/Examples/AsciiDigits.lean:109:78: `if_true` has been deprecated: Use `ite_true` instead
⚠ [83/127] Replayed LeanExe.IR.ScalarRangeSlots
warning: LeanExe/IR/ScalarRangeSlots.lean:25:2: try 'simp' instead of 'simpa'

Note: This linter can be disabled with `set_option linter.unnecessarySimpa false`
warning: LeanExe/IR/ScalarRangeSlots.lean:29:20: This simp argument is unused:
  read_suffix

Hint: Omit it from the simp argument list.
  [apply] simp [rangeStore]

Note: This linter can be disabled with `set_option linter.unusedSimpArgs false`
warning: LeanExe/IR/ScalarRangeSlots.lean:33:20: This simp argument is unused:
  read_suffix

Hint: Omit it from the simp argument list.
  [apply] simp [rangeStore]

Note: This linter can be disabled with `set_option linter.unusedSimpArgs false`
⚠ [109/127] Replayed LeanExe.IR.ScalarRangeExitSlots
warning: LeanExe/IR/ScalarRangeExitSlots.lean:18:2: try 'simp' instead of 'simpa'

Note: This linter can be disabled with `set_option linter.unnecessarySimpa false`
⚠ [114/127] Replayed LeanExe.Extract.ScalarFunc
warning: LeanExe/Extract/ScalarFunc.lean:76:28: This simp argument is unused:
  bind

Hint: Omit it from the simp argument list.
  [apply] simp only [rangeCase, pure, Option.bind_eq_some_iff, Option.some.injEq] at compiled

Note: This linter can be disabled with `set_option linter.unusedSimpArgs false`
✔ [126/266] Built LeanExe.Extract.Eval (985ms)
✔ [151/266] Built LeanExe.Source.ScalarPropositionGuard:c.o (156ms)
✔ [152/266] Built LeanExe.Source.ScalarBooleanLocal:c.o (210ms)
✔ [163/266] Built LeanExe.Extract.ScalarPropositionGuard:c.o (115ms)
✔ [164/266] Built LeanExe.Extract.ScalarBooleanLocalSyntax:c.o (554ms)
✔ [165/266] Built LeanExe.Extract.ScalarBooleanAction:c.o (488ms)
✔ [193/266] Built LeanExe.Extract.ScalarBooleanLocal:c.o (194ms)
✔ [256/266] Built LeanExe.Extract.Report (1.5s)
✔ [260/266] Built LeanExe.Extract.OwnershipReport (1.1s)
✔ [262/266] Built LeanExe.CLI (1.2s)
✔ [264/266] Built Main (937ms)
✔ [266/266] Built «lean-wasm»:exe (517ms)
Build completed successfully (266 jobs).
