leanrun: LEANRUN_LOCAL=1; macOS has no cgroup CPU/memory/swap limits or ionice
leanrun: explicitly authorized inherited priority; nice unavailable
⚠ [73/143] Replayed LeanExe.Extract.ScalarGuardSyntax
warning: LeanExe/Extract/ScalarGuardSyntax.lean:384:4: try 'simp' instead of 'simpa'

Note: This linter can be disabled with `set_option linter.unnecessarySimpa false`
⚠ [132/143] Replayed LeanExe.Extract.ScalarExprCore
warning: LeanExe/Extract/ScalarExprCore.lean:403:31: Variable name `wrapper` is not explicitly referenced.

Hint: The binding can be removed (if unused) or named `_` (if used implicitly). Alternatively, prefix the name with `_` to silence this warning:
  [apply] _wrapper

Note: This linter can be disabled with `set_option linter.unusedVariables false`
warning: LeanExe/Extract/ScalarExprCore.lean:411:31: Variable name `name` is not explicitly referenced.

Hint: The binding can be removed (if unused) or named `_` (if used implicitly). Alternatively, prefix the name with `_` to silence this warning:
  [apply] _name

Note: This linter can be disabled with `set_option linter.unusedVariables false`
warning: LeanExe/Extract/ScalarExprCore.lean:411:36: Variable name `form` is not explicitly referenced.

Hint: The binding can be removed (if unused) or named `_` (if used implicitly). Alternatively, prefix the name with `_` to silence this warning:
  [apply] _form

Note: This linter can be disabled with `set_option linter.unusedVariables false`
warning: LeanExe/Extract/ScalarExprCore.lean:411:52: Variable name `type` is not explicitly referenced.

Hint: The binding can be removed (if unused) or named `_` (if used implicitly). Alternatively, prefix the name with `_` to silence this warning:
  [apply] _type

Note: This linter can be disabled with `set_option linter.unusedVariables false`
warning: LeanExe/Extract/ScalarExprCore.lean:420:35: Variable name `name` is not explicitly referenced.

Hint: The binding can be removed (if unused) or named `_` (if used implicitly). Alternatively, prefix the name with `_` to silence this warning:
  [apply] _name

Note: This linter can be disabled with `set_option linter.unusedVariables false`
warning: LeanExe/Extract/ScalarExprCore.lean:420:40: Variable name `form` is not explicitly referenced.

Hint: The binding can be removed (if unused) or named `_` (if used implicitly). Alternatively, prefix the name with `_` to silence this warning:
  [apply] _form

Note: This linter can be disabled with `set_option linter.unusedVariables false`
warning: LeanExe/Extract/ScalarExprCore.lean:420:56: Variable name `type` is not explicitly referenced.

Hint: The binding can be removed (if unused) or named `_` (if used implicitly). Alternatively, prefix the name with `_` to silence this warning:
  [apply] _type

Note: This linter can be disabled with `set_option linter.unusedVariables false`
warning: LeanExe/Extract/ScalarExprCore.lean:482:12: Variable name `bounds` is not explicitly referenced.

Hint: The binding can be removed (if unused) or named `_` (if used implicitly). Alternatively, prefix the name with `_` to silence this warning:
  [apply] _bounds

Note: This linter can be disabled with `set_option linter.unusedVariables false`
⚠ [133/143] Replayed LeanExe.Extract.ScalarExpr
warning: LeanExe/Extract/ScalarExpr.lean:190:54: `if_pos` has been deprecated: Use `ite_eq_left` instead
warning: LeanExe/Extract/ScalarExpr.lean:191:54: `if_neg` has been deprecated: Use `ite_eq_right` instead
warning: LeanExe/Extract/ScalarExpr.lean:206:54: `if_pos` has been deprecated: Use `ite_eq_left` instead
warning: LeanExe/Extract/ScalarExpr.lean:207:54: `if_neg` has been deprecated: Use `ite_eq_right` instead
warning: LeanExe/Extract/ScalarExpr.lean:238:54: `if_pos` has been deprecated: Use `ite_eq_left` instead
warning: LeanExe/Extract/ScalarExpr.lean:239:54: `if_neg` has been deprecated: Use `ite_eq_right` instead
warning: LeanExe/Extract/ScalarExpr.lean:253:54: `if_pos` has been deprecated: Use `ite_eq_left` instead
warning: LeanExe/Extract/ScalarExpr.lean:254:54: `if_neg` has been deprecated: Use `ite_eq_right` instead
warning: LeanExe/Extract/ScalarExpr.lean:1036:54: `if_neg` has been deprecated: Use `ite_eq_right` instead
warning: LeanExe/Extract/ScalarExpr.lean:1146:63: `if_neg` has been deprecated: Use `ite_eq_right` instead
warning: LeanExe/Extract/ScalarExpr.lean:1408:47: `if_neg` has been deprecated: Use `ite_eq_right` instead
warning: LeanExe/Extract/ScalarExpr.lean:1430:18: `if_neg` has been deprecated: Use `ite_eq_right` instead
warning: LeanExe/Extract/ScalarExpr.lean:1452:18: `if_neg` has been deprecated: Use `ite_eq_right` instead
warning: LeanExe/Extract/ScalarExpr.lean:1474:18: `if_neg` has been deprecated: Use `ite_eq_right` instead
warning: LeanExe/Extract/ScalarExpr.lean:1496:18: `if_neg` has been deprecated: Use `ite_eq_right` instead
warning: LeanExe/Extract/ScalarExpr.lean:1520:18: `if_neg` has been deprecated: Use `ite_eq_right` instead
warning: LeanExe/Extract/ScalarExpr.lean:1544:18: `if_neg` has been deprecated: Use `ite_eq_right` instead
warning: LeanExe/Extract/ScalarExpr.lean:1562:46: `if_neg` has been deprecated: Use `ite_eq_right` instead
warning: LeanExe/Extract/ScalarExpr.lean:1581:46: `if_neg` has been deprecated: Use `ite_eq_right` instead
warning: LeanExe/Extract/ScalarExpr.lean:1600:50: `if_neg` has been deprecated: Use `ite_eq_right` instead
✔ [137/143] Built LeanExe.Source.ScalarManyFunctionSemantics (885ms)
✔ [138/144] Built LeanExe.Source.ScalarStep (1.5s)
✔ [139/147] Built LeanExe.Extract.ScalarStep (8.8s)
⚠ [141/147] Built LeanExe.Extract.ScalarStepEquations (9.5s)
warning: LeanExe/Extract/ScalarStepEquations.lean:177:33: This simp argument is unused:
  BooleanType.expr

Hint: Omit it from the simp argument list.
  [apply] simp

Note: This linter can be disabled with `set_option linter.unusedSimpArgs false`
⚠ [143/147] Built LeanExe.Extract.ScalarStepSupported (7.0s)
warning: LeanExe/Extract/ScalarStepSupported.lean:106:54: `if_neg` has been deprecated: Use `ite_eq_right` instead
warning: LeanExe/Extract/ScalarStepSupported.lean:459:63: `if_neg` has been deprecated: Use `ite_eq_right` instead
✔ [144/150] Built LeanExe.Extract.ScalarStepAcceptance (1.2s)
✔ [147/153] Built LeanExe.Source.ScalarRangeCount (1.1s)
✔ [148/154] Built LeanExe.Source.ScalarRangeStrideSyntax (886ms)
✔ [149/154] Built LeanExe.Extract.ScalarRangeCount (1.1s)
✔ [150/154] Built LeanExe.Source.ScalarRangeExitSyntax (903ms)
✔ [151/154] Built LeanExe.Extract.ScalarRangeStrideSyntax (902ms)
✔ [152/156] Built LeanExe.Source.ScalarRangeExitSupported (1.1s)
✔ [153/162] Built LeanExe.Extract.ScalarRangeExitSyntax (1.1s)
⚠ [155/162] Replayed LeanExe.IR.ScalarRangeSlots
warning: LeanExe/IR/ScalarRangeSlots.lean:25:2: try 'simp' instead of 'simpa'

Note: This linter can be disabled with `set_option linter.unnecessarySimpa false`
warning: LeanExe/IR/ScalarRangeSlots.lean:29:20: This simp argument is unused:
  read_suffix

Hint: Omit it from the simp argument list.
  [apply] simp [rangeStore]

Note: This linter can be disabled with `set_option linter.unusedSimpArgs false`
warning: LeanExe/IR/ScalarRangeSlots.lean:33:20: This simp argument is unused:
  read_suffix

Hint: Omit it from the simp argument list.
  [apply] simp [rangeStore]

Note: This linter can be disabled with `set_option linter.unusedSimpArgs false`
⚠ [157/162] Replayed LeanExe.IR.ScalarRangeExitSlots
warning: LeanExe/IR/ScalarRangeExitSlots.lean:18:2: try 'simp' instead of 'simpa'

Note: This linter can be disabled with `set_option linter.unnecessarySimpa false`
✔ [158/162] Built LeanExe.Extract.ScalarRangeExit (7.7s)
✔ [160/164] Built LeanExe.Extract.ScalarRangeBinding (908ms)
✔ [161/166] Built LeanExe.Extract.ScalarBooleanRangeContinuation (1.6s)
✔ [164/168] Built LeanExe.Source.ScalarBooleanRange (1.1s)
⚠ [165/168] Built LeanExe.Extract.ScalarStepCorrectness (1.1s)
warning: LeanExe/Extract/ScalarStepCorrectness.lean:325:23: This simp argument is unused:
  Option.bind_some

Hint: Omit it from the simp argument list.
  [apply] simp only [bind, Option.bind_eq_some_iff] at compiled

Note: This linter can be disabled with `set_option linter.unusedSimpArgs false`
✔ [166/172] Built LeanExe.Extract.ScalarBooleanRange (7.8s)
✔ [167/173] Built LeanExe.Extract.ScalarRangeExitCorrectness (1.0s)
✔ [168/175] Built LeanExe.Extract.ScalarStepInvariant (1.1s)
✔ [169/177] Built LeanExe.Extract.ScalarRangeExitInvariant (1.0s)
✔ [170/177] Built LeanExe.Source.ScalarBooleanWordRange (1.1s)
✔ [171/177] Built LeanExe.Extract.ScalarBooleanRangeChoice (891ms)
✔ [172/177] Built LeanExe.Source.ScalarWordRange (1.1s)
✔ [173/177] Built LeanExe.Extract.ScalarBooleanRangeInvariant (961ms)
✔ [174/182] Built LeanExe.Extract.ScalarBooleanRangeCorrectness (1.1s)
✔ [176/182] Built LeanExe.Extract.ScalarBooleanWordRange (8.7s)
✔ [178/182] Built LeanExe.Source.ScalarRangeSupported (903ms)
✔ [179/183] Built LeanExe.Extract.ScalarWordRange (7.9s)
✔ [180/186] Built LeanExe.Extract.ScalarRange (2.5s)
✔ [183/188] Built LeanExe.Extract.ScalarRangeCorrectness (934ms)
✔ [186/188] Built LeanExe.Source.ScalarFunction (982ms)
✔ [187/188] Built LeanExe.Extract.ScalarSignature (1.0s)
✔ [188/188] Built LeanExe.Extract.ScalarFunc (1.1s)
Build completed successfully (188 jobs).
