cli-build: passed
admission-test: passed
reserved-exports: passed
fixture: passed
native-results: passed
compile-constant: passed
compile-publicInputIdWord: passed
compile-publicInputIdResult: passed
compile-publicBoolHelpersNested: passed
compile-publicBoolHelpersRepeated: passed
compile-publicBoolHelpersWrapped: passed
compile-publicBoolHelpersInputId: passed
compile-publicBoolHelpersWord: passed
compile-publicBoolHelpersUnused: passed
compile-booleanHelperJunctionLeft: passed
compile-booleanHelperJunctionRight: passed
compile-booleanHelperJunctionBoth: passed
compile-booleanHelperJunctionDependent: passed
compile-booleanHelperJunctionNested: passed
compile-booleanHelperJunctionUnused: passed
compile-booleanHelperNegationWord: passed
compile-booleanHelperNegationBoolean: passed
compile-booleanHelperNegationDependent: passed
compile-booleanHelperNegationNested: passed
compile-booleanHelperNegationUnused: passed
compile-booleanHelperNegationIdResult: passed
compile-booleanInnerWrapperWord: passed
compile-booleanInnerWrapperBoolean: passed
compile-booleanInnerWrapperDependent: passed
compile-booleanInnerWrapperNested: passed
compile-booleanInnerWrapperUnused: passed
compile-booleanInnerWrapperIdResult: passed
compile-publicFlagWord: passed
compile-publicFlagResult: passed
compile-rangeWordBoolHelperId: passed
compile-rangeWordChooseLoops: passed
compile-rangeWordChooseHelpers: passed
compile-rangeWordChooseSetupWord: passed
compile-rangeWordChooseSetupFlag: passed
compile-rangeWordChooseSetupDo: passed
compile-rangeWordChooseSetupNested: passed
compile-rangeWordChooseSavedResult: passed
compile-rangeWordChooseShowResult: passed
compile-rangeWordChooseSetupExit: passed
compile-rangeWordChooseSetupContinue: passed
compile-rangeWordChooseSetupStride: passed
compile-rangeWordChooseSetupId: passed
compile-rangeHelperJunctionStep: passed
compile-rangeHelperJunctionExit: passed
compile-rangeHelperJunctionContinue: passed
compile-rangeHelperJunctionTail: passed
compile-rangeHelperNegationStep: passed
compile-rangeHelperNegationExit: passed
compile-rangeHelperNegationContinue: passed
compile-rangeHelperNegationTail: passed
compile-rangeInnerWrapperStep: passed
compile-rangeInnerWrapperExit: passed
compile-rangeInnerWrapperContinue: passed
compile-rangeInnerWrapperTail: passed
Passed 993 native Lean / independent Wasm engine comparisons across 54 declarations.
