cli-build: passed
admission-test: passed
reserved-exports: passed
fixture: passed
native-results: passed
compile-constant: passed
compile-publicInputIdWord: passed
compile-publicInputIdResult: passed
compile-publicFlagWord: passed
compile-publicFlagResult: passed
compile-rangeBoolFlagSetupLet: passed
compile-rangeBoolFlagSetupChain: passed
compile-rangeBoolFlagSetupBind: passed
compile-rangeBoolFlagSetupCondition: passed
compile-rangeBoolFlagSetupExit: passed
compile-rangeBoolFlagSetupContinue: passed
compile-rangeBoolFlagSetupStride: passed
compile-rangeBoolFlagSetupCapture: passed
compile-rangeBoolFlagSetupInput: passed
compile-rangeBoolFlagSetupId: passed
compile-rangeBoolWordSetupLet: passed
compile-rangeBoolWordSetupBind: passed
compile-rangeBoolWordSetupExit: passed
compile-rangeBoolWordSetupContinue: passed
compile-rangeBoolWordSetupFlag: passed
compile-rangeBoolWordSetupId: passed
compile-rangeBoolResultBindYield: passed
compile-rangeBoolResultBindExit: passed
compile-rangeBoolResultBindIdAction: passed
compile-rangeBoolYield: passed
compile-rangeBoolExit: passed
compile-rangeBoolFlag: passed
compile-rangeInputIdYield: passed
Passed 609 native Lean / independent Wasm engine comparisons across 28 declarations.
