leanrun: LEANRUN_LOCAL=1; macOS has no cgroup CPU/memory/swap limits or ionice
leanrun: explicitly authorized inherited priority; nice unavailable
fun (count seed : UInt64) =>
  have __do_jp : Bool → Id.{0} Bool := fun (flag : Bool) =>
    @Bind.bind.{0, 0} Id.{0} (@Monad.toBind.{0, 0} Id.{0} Id.instMonad.{0}) UInt64 Bool
      (have a : UInt64 := seed;
      @Bind.bind.{0, 0} Id.{0} (@Monad.toBind.{0, 0} Id.{0} Id.instMonad.{0}) UInt64 UInt64
        (@ForIn.forIn.{0, 0, 0, 0} Id.{0} Std.Legacy.Range Nat
          (@instForInOfForIn'.{0, 0, 0, 0} Id.{0} Std.Legacy.Range Nat
            (@inferInstance.{1} (Membership.{0, 0} Nat Std.Legacy.Range) Std.Legacy.instMembershipNatRange)
            (@Std.Legacy.Range.instForIn'NatInferInstanceMembershipOfMonad.{0, 0} Id.{0} Id.instMonad.{0}))
          UInt64
          (Std.Legacy.Range.mk (@OfNat.ofNat.{0} Nat (nat_lit 0) (instOfNatNat (nat_lit 0))) (UInt64.toNat count)
            (@OfNat.ofNat.{0} Nat (nat_lit 1) (instOfNatNat (nat_lit 1))) Nat.zero_lt_one)
          a fun (i : Nat) (__s : UInt64) =>
          have a : UInt64 := __s;
          @ite.{1} (Id.{0} (ForInStep.{0} UInt64)) (@Eq.{1} Bool flag Bool.true) (instDecidableEqBool flag Bool.true)
            (have a : UInt64 :=
              @HAdd.hAdd.{0, 0, 0} UInt64 UInt64 UInt64 (@instHAdd.{0} UInt64 instAddUInt64)
                (@HAdd.hAdd.{0, 0, 0} UInt64 UInt64 UInt64 (@instHAdd.{0} UInt64 instAddUInt64) a (Nat.toUInt64 i))
                (@OfNat.ofNat.{0} UInt64 (nat_lit 1) (@UInt64.instOfNat (nat_lit 1)));
            @Pure.pure.{0, 0} Id.{0}
              (@Applicative.toPure.{0, 0} Id.{0} (@Monad.toApplicative.{0, 0} Id.{0} Id.instMonad.{0}))
              (ForInStep.{0} UInt64) (@ForInStep.yield.{0} UInt64 a))
            (have a : UInt64 :=
              @HAdd.hAdd.{0, 0, 0} UInt64 UInt64 UInt64 (@instHAdd.{0} UInt64 instAddUInt64) a
                (@OfNat.ofNat.{0} UInt64 (nat_lit 3) (@UInt64.instOfNat (nat_lit 3)));
            @Pure.pure.{0, 0} Id.{0}
              (@Applicative.toPure.{0, 0} Id.{0} (@Monad.toApplicative.{0, 0} Id.{0} Id.instMonad.{0}))
              (ForInStep.{0} UInt64) (@ForInStep.yield.{0} UInt64 a)))
        fun (__s : UInt64) =>
        have a : UInt64 := __s;
        @Pure.pure.{0, 0} Id.{0}
          (@Applicative.toPure.{0, 0} Id.{0} (@Monad.toApplicative.{0, 0} Id.{0} Id.instMonad.{0})) UInt64 a)
      fun (value : UInt64) =>
      @Pure.pure.{0, 0} Id.{0} (@Applicative.toPure.{0, 0} Id.{0} (@Monad.toApplicative.{0, 0} Id.{0} Id.instMonad.{0}))
        Bool (Bool.and flag (@bne.{0} UInt64 (@instBEqOfDecidableEq.{0} UInt64 instDecidableEqUInt64) value seed));
  @ite.{1} (Id.{0} Bool)
    (@Eq.{1} Bool
      (@BEq.beq.{0} UInt64 (@instBEqOfDecidableEq.{0} UInt64 instDecidableEqUInt64) count
        (@OfNat.ofNat.{0} UInt64 (nat_lit 0) (@UInt64.instOfNat (nat_lit 0))))
      Bool.true)
    (instDecidableEqBool
      (@BEq.beq.{0} UInt64 (@instBEqOfDecidableEq.{0} UInt64 instDecidableEqUInt64) count
        (@OfNat.ofNat.{0} UInt64 (nat_lit 0) (@UInt64.instOfNat (nat_lit 0))))
      Bool.true)
    (@Bind.bind.{0, 0} Id.{0} (@Monad.toBind.{0, 0} Id.{0} Id.instMonad.{0}) Bool Bool
      (@Pure.pure.{0, 0} Id.{0}
        (@Applicative.toPure.{0, 0} Id.{0} (@Monad.toApplicative.{0, 0} Id.{0} Id.instMonad.{0})) Bool
        (@BEq.beq.{0} UInt64 (@instBEqOfDecidableEq.{0} UInt64 instDecidableEqUInt64) seed
          (@OfNat.ofNat.{0} UInt64 (nat_lit 0) (@UInt64.instOfNat (nat_lit 0)))))
      fun (flag : Bool) => __do_jp flag)
    (@Bind.bind.{0, 0} Id.{0} (@Monad.toBind.{0, 0} Id.{0} Id.instMonad.{0}) Bool Bool
      (@Pure.pure.{0, 0} Id.{0}
        (@Applicative.toPure.{0, 0} Id.{0} (@Monad.toApplicative.{0, 0} Id.{0} Id.instMonad.{0})) Bool
        (@BEq.beq.{0} UInt64 (@instBEqOfDecidableEq.{0} UInt64 instDecidableEqUInt64)
          (@HMod.hMod.{0, 0, 0} UInt64 UInt64 UInt64 (@instHMod.{0} UInt64 instModUInt64) seed
            (@OfNat.ofNat.{0} UInt64 (nat_lit 2) (@UInt64.instOfNat (nat_lit 2))))
          (@OfNat.ofNat.{0} UInt64 (nat_lit 0) (@UInt64.instOfNat (nat_lit 0)))))
      fun (flag : Bool) => __do_jp flag)
