cli-build: passed
admission-test: passed
reserved-exports: passed
fixture: passed
native-results: passed
compile-constant: passed
compile-publicInputIdWord: passed
compile-publicInputIdResult: passed
compile-publicFlagWord: passed
compile-publicFlagResult: passed
compile-rangeBoolWordHelperRepeat: passed
compile-rangeBoolWordHelperNested: passed
compile-rangeBoolWordHelperFlag: passed
compile-rangeBoolWordHelperExit: passed
compile-rangeBoolWordHelperContinue: passed
compile-rangeBoolWordHelperId: passed
compile-rangeBoolBooleanHelperRepeat: passed
compile-rangeBoolBooleanHelperNested: passed
compile-rangeBoolBooleanHelperFlag: passed
compile-rangeBoolBooleanHelperExit: passed
compile-rangeBoolBooleanHelperContinue: passed
compile-rangeBoolBooleanHelperId: passed
compile-rangeBoolPredicateHelperRepeat: passed
compile-rangeBoolPredicateHelperCount: passed
compile-rangeBoolPredicateHelperNested: passed
compile-rangeBoolPredicateHelperExit: passed
compile-rangeBoolPredicateHelperId: passed
compile-rangeBoolBooleanPredicateHelperRepeat: passed
compile-rangeBoolBooleanPredicateHelperFlag: passed
compile-rangeBoolBooleanPredicateHelperNested: passed
compile-rangeBoolBooleanPredicateHelperStride: passed
compile-rangeBoolBooleanPredicateHelperId: passed
compile-rangeBoolLetIdInput: passed
Passed 609 native Lean / independent Wasm engine comparisons across 28 declarations.
