cli-build: passed
admission-test: passed
reserved-exports: passed
fixture: passed
native-results: passed
compile-constant: passed
compile-publicInputIdWord: passed
compile-publicInputIdResult: passed
compile-publicFlagWord: passed
compile-publicFlagResult: passed
compile-publicIdWord: passed
compile-rangeBoolWordSetupLet: passed
compile-rangeBoolWordSetupChain: passed
compile-rangeBoolWordSetupBind: passed
compile-rangeBoolWordSetupCount: passed
compile-rangeBoolWordSetupExit: passed
compile-rangeBoolWordSetupContinue: passed
compile-rangeBoolWordSetupStride: passed
compile-rangeBoolWordSetupCapture: passed
compile-rangeBoolWordSetupFlag: passed
compile-rangeBoolWordSetupId: passed
compile-rangeBoolResultBindYield: passed
compile-rangeBoolResultBindExit: passed
compile-rangeBoolResultBindContinue: passed
compile-rangeBoolResultBindIdAction: passed
compile-rangeBoolYield: passed
compile-rangeBoolExit: passed
compile-rangeBoolContinue: passed
compile-rangeBoolStride: passed
compile-rangeBoolCapture: passed
compile-rangeBoolFlag: passed
compile-rangeInputIdYield: passed
compile-rangeInputIdContinue: passed
Passed 599 native Lean / independent Wasm engine comparisons across 28 declarations.
