⚠ [1/136] Replayed LeanExe.Examples.AsciiDigits
warning: LeanExe/Examples/AsciiDigits.lean:103:30: `if_false` has been deprecated: Use `ite_false` instead
warning: LeanExe/Examples/AsciiDigits.lean:109:78: `if_true` has been deprecated: Use `ite_true` instead
⚠ [92/136] Replayed LeanExe.IR.ScalarRangeSlots
warning: LeanExe/IR/ScalarRangeSlots.lean:25:2: try 'simp' instead of 'simpa'

Note: This linter can be disabled with `set_option linter.unnecessarySimpa false`
warning: LeanExe/IR/ScalarRangeSlots.lean:29:20: This simp argument is unused:
  read_suffix

Hint: Omit it from the simp argument list.
  [apply] simp [rangeStore]

Note: This linter can be disabled with `set_option linter.unusedSimpArgs false`
warning: LeanExe/IR/ScalarRangeSlots.lean:33:20: This simp argument is unused:
  read_suffix

Hint: Omit it from the simp argument list.
  [apply] simp [rangeStore]

Note: This linter can be disabled with `set_option linter.unusedSimpArgs false`
⚠ [118/136] Replayed LeanExe.IR.ScalarRangeExitSlots
warning: LeanExe/IR/ScalarRangeExitSlots.lean:18:2: try 'simp' instead of 'simpa'

Note: This linter can be disabled with `set_option linter.unnecessarySimpa false`
⚠ [123/136] Replayed LeanExe.Extract.ScalarFunc
warning: LeanExe/Extract/ScalarFunc.lean:76:28: This simp argument is unused:
  bind

Hint: Omit it from the simp argument list.
  [apply] simp only [rangeCase, pure, Option.bind_eq_some_iff, Option.some.injEq] at compiled

Note: This linter can be disabled with `set_option linter.unusedSimpArgs false`
✔ [135/284] Built LeanExe.Extract.Eval (1.0s)
✔ [163/284] Built LeanExe.Source.ScalarBooleanLet:c.o (103ms)
✔ [164/284] Built LeanExe.Source.ScalarBooleanLocal:c.o (516ms)
✔ [177/284] Built LeanExe.Extract.ScalarBooleanLocalParser:c.o (1.5s)
✔ [179/284] Built LeanExe.Extract.ScalarBooleanLocalParserEquations:c.o (1.2s)
✔ [180/284] Built LeanExe.Extract.ScalarBooleanLocalSyntax:c.o (1.5s)
✔ [209/284] Built LeanExe.Extract.ScalarBooleanLetVariables:c.o (89ms)
✔ [211/284] Built LeanExe.Extract.ScalarBooleanLocal:c.o (377ms)
✔ [274/284] Built LeanExe.Extract.Report (1.4s)
✔ [278/284] Built LeanExe.Extract.OwnershipReport (1.1s)
✔ [280/284] Built LeanExe.CLI (1.2s)
✔ [282/284] Built Main (906ms)
✔ [284/284] Built «lean-wasm»:exe (498ms)
Build completed successfully (284 jobs).
