leanrun: LEANRUN_LOCAL=1; macOS has no cgroup CPU/memory/swap limits or ionice
leanrun: explicitly authorized inherited priority; nice unavailable
⚠ [46/104] Replayed LeanExe.Extract.ScalarGuardSyntax
warning: LeanExe/Extract/ScalarGuardSyntax.lean:219:4: try 'simp' instead of 'simpa'

Note: This linter can be disabled with `set_option linter.unnecessarySimpa false`
✔ [102/106] Built LeanExe.Extract.ScalarExprCore (14s)
⚠ [103/108] Built LeanExe.Extract.ScalarExpr (1.4s)
warning: LeanExe/Extract/ScalarExpr.lean:174:54: `if_pos` has been deprecated: Use `ite_eq_left` instead
warning: LeanExe/Extract/ScalarExpr.lean:175:54: `if_neg` has been deprecated: Use `ite_eq_right` instead
warning: LeanExe/Extract/ScalarExpr.lean:236:15: This simp argument is unused:
  bind

Hint: Omit it from the simp argument list.
  [apply] simp only [pure, Option.bind_eq_some_iff, Option.some.injEq] at compiled

Note: This linter can be disabled with `set_option linter.unusedSimpArgs false`
warning: LeanExe/Extract/ScalarExpr.lean:249:15: This simp argument is unused:
  bind

Hint: Omit it from the simp argument list.
  [apply] simp only [pure, Option.bind_eq_some_iff, Option.some.injEq] at compiled

Note: This linter can be disabled with `set_option linter.unusedSimpArgs false`
warning: LeanExe/Extract/ScalarExpr.lean:1088:47: `if_neg` has been deprecated: Use `ite_eq_right` instead
warning: LeanExe/Extract/ScalarExpr.lean:1110:18: `if_neg` has been deprecated: Use `ite_eq_right` instead
warning: LeanExe/Extract/ScalarExpr.lean:1132:18: `if_neg` has been deprecated: Use `ite_eq_right` instead
warning: LeanExe/Extract/ScalarExpr.lean:1154:18: `if_neg` has been deprecated: Use `ite_eq_right` instead
warning: LeanExe/Extract/ScalarExpr.lean:1176:18: `if_neg` has been deprecated: Use `ite_eq_right` instead
warning: LeanExe/Extract/ScalarExpr.lean:1471:17: This simp argument is unused:
  bind

Hint: Omit it from the simp argument list.
  [apply] simp only [pure, Option.bind_eq_some_iff, Option.some.injEq] at compiled

Note: This linter can be disabled with `set_option linter.unusedSimpArgs false`
warning: LeanExe/Extract/ScalarExpr.lean:1490:17: This simp argument is unused:
  bind

Hint: Omit it from the simp argument list.
  [apply] simp only [pure, Option.bind_eq_some_iff, Option.some.injEq] at compiled

Note: This linter can be disabled with `set_option linter.unusedSimpArgs false`
✔ [106/111] Built LeanExe.Source.ScalarRangeSupported (883ms)
✔ [107/111] Built LeanExe.Extract.ScalarRange (2.4s)
⚠ [109/111] Replayed LeanExe.IR.ScalarRangeSlots
warning: LeanExe/IR/ScalarRangeSlots.lean:25:2: try 'simp' instead of 'simpa'

Note: This linter can be disabled with `set_option linter.unnecessarySimpa false`
warning: LeanExe/IR/ScalarRangeSlots.lean:29:20: This simp argument is unused:
  read_suffix

Hint: Omit it from the simp argument list.
  [apply] simp [rangeStore]

Note: This linter can be disabled with `set_option linter.unusedSimpArgs false`
warning: LeanExe/IR/ScalarRangeSlots.lean:33:20: This simp argument is unused:
  read_suffix

Hint: Omit it from the simp argument list.
  [apply] simp [rangeStore]

Note: This linter can be disabled with `set_option linter.unusedSimpArgs false`
✔ [110/124] Built LeanExe.Extract.ScalarRangeCorrectness (988ms)
✔ [118/124] Built LeanExe.Source.ScalarManyFunctionSemantics (913ms)
✔ [119/125] Built LeanExe.Source.ScalarStep (1.4s)
✔ [121/128] Built LeanExe.Extract.ScalarStep (9.2s)
⚠ [123/128] Built LeanExe.Extract.ScalarStepEquations (9.6s)
warning: LeanExe/Extract/ScalarStepEquations.lean:155:33: This simp argument is unused:
  BooleanType.expr

Hint: Omit it from the simp argument list.
  [apply] simp

Note: This linter can be disabled with `set_option linter.unusedSimpArgs false`
✔ [125/128] Built LeanExe.Extract.ScalarStepSupported (8.2s)
✔ [126/131] Built LeanExe.Extract.ScalarStepAcceptance (1.1s)
✔ [128/135] Built LeanExe.Source.ScalarRangeCount (1.1s)
✔ [129/135] Built LeanExe.Extract.ScalarRangeCount (1.0s)
✔ [130/140] Built LeanExe.Source.ScalarRangeStrideSyntax (885ms)
✔ [132/140] Built LeanExe.Extract.ScalarRangeStrideSyntax (896ms)
✔ [133/140] Built LeanExe.Source.ScalarRangeExitSyntax (895ms)
⚠ [135/143] Replayed LeanExe.IR.ScalarRangeExitSlots
warning: LeanExe/IR/ScalarRangeExitSlots.lean:18:2: try 'simp' instead of 'simpa'

Note: This linter can be disabled with `set_option linter.unnecessarySimpa false`
✔ [136/143] Built LeanExe.Extract.ScalarStepCorrectness (1.1s)
✔ [137/143] Built LeanExe.Source.ScalarRangeExitSupported (1.1s)
✔ [138/143] Built LeanExe.Extract.ScalarRangeExitSyntax (1.1s)
✔ [140/143] Built LeanExe.Source.ScalarFunction (1.0s)
✔ [141/143] Built LeanExe.Extract.ScalarRangeExit (8.1s)
✔ [142/143] Built LeanExe.Extract.ScalarRangeExitCorrectness (1.2s)
⚠ [143/143] Built LeanExe.Extract.ScalarFunc (1.0s)
warning: LeanExe/Extract/ScalarFunc.lean:76:28: This simp argument is unused:
  bind

Hint: Omit it from the simp argument list.
  [apply] simp only [rangeCase, pure, Option.bind_eq_some_iff, Option.some.injEq] at compiled

Note: This linter can be disabled with `set_option linter.unusedSimpArgs false`
Build completed successfully (143 jobs).
