cli-build: passed
admission-test: passed
reserved-exports: passed
fixture: passed
native-results: passed
compile-constant: passed
compile-booleanPredicateChoice: passed
compile-booleanPredicateChoiceDependent: passed
compile-booleanPredicateChoiceNested: passed
compile-booleanPredicateChoiceArgument: passed
compile-booleanPredicateChoiceBranches: passed
compile-booleanPredicateChoiceBody: passed
compile-booleanPredicateEqual: passed
compile-booleanPredicateDecideEqual: passed
compile-booleanPredicateEqualityBody: passed
compile-booleanPredicateAndOr: passed
compile-booleanPredicateJunctionArgument: passed
compile-booleanPredicateCompose: passed
compile-booleanPredicateComposeNot: passed
compile-compareBEq: passed
compile-mixedGuardDo: passed
compile-relationChoiceNested: passed
compile-dependentChoiceNested: passed
compile-rangeBooleanPredicateChoiceStep: passed
compile-rangeBooleanPredicateChoiceContinue: passed
compile-rangeBooleanPredicateChoiceOuter: passed
compile-rangeBooleanPredicateChoiceOuterCapture: passed
compile-rangeBooleanPredicateEqualityStep: passed
compile-rangeBooleanPredicateEqualityContinue: passed
compile-rangeBooleanPredicateEqualityOuter: passed
compile-rangeBooleanPredicateEqualityOuterCapture: passed
compile-rangeBooleanPredicateJunctionContinue: passed
compile-rangeBooleanPredicateJunctionOuter: passed
compile-rangeBooleanPredicateComposeStep: passed
compile-rangeBooleanPredicateComposeOuter: passed
compile-rangeRelationChoiceBounds: passed
compile-rangeDependentChoiceOuter: passed
Passed 575 native Lean / independent Wasm engine comparisons across 32 declarations.
