Warning: truncated output (original token count: 1053)
Total output lines: 42

⚠ [4/469] Replayed Interpreter.Wasm.Mem
warning: Interpreter/Wasm/Mem.lean:133:10: `if_neg` has been deprecated: Use `ite_eq_right` instead
warning: Interpreter/Wasm/Mem.lean:152:8: `if_pos` has been deprecated: Use `ite_eq_left` instead
warning: Interpreter/Wasm/Mem.lean:152:19: `if_pos` has been deprecated: Use `ite_eq_left` instead
warning: Interpreter/Wasm/Mem.lean:153:8: `if_neg` has been deprecated: Use `ite_eq_right` instead
warning: Interpreter/Wasm/Mem.lean:155:20: `if_pos` has been deprecated: Use `ite_eq_left` instead
warning: Interpreter/Wasm/Mem.lean:155:32: `if_pos` has been deprecated: Use `ite_eq_left` instead
warning: Interpreter/Wasm/Mem.lean:156:10: `if_neg` has been deprecated: Use `ite_eq_right` instead
warning: Interpreter/Wasm/Mem.lean:156:21: `if_neg` has been deprecated: Use `ite_eq_right` instead
warning: Interpreter/Wasm/Mem.lean:219:10: `dif_pos` has been deprecated: Use `dite_eq_left` instead
warning: Interpreter/Wasm/Mem.lean:222:10: `dif_pos` has been d…553 tokens truncated…en deprecated: Use `ite_eq_right` instead
warning: Interpreter/Wasm/Semantics/Lemmas.lean:513:66: `if_pos` has been deprecated: Use `ite_eq_left` instead
⚠ [15/469] Replayed Interpreter.Wasm.SmallStep
warning: Interpreter/Wasm/SmallStep.lean:6300:16: `if_neg` has been deprecated: Use `ite_eq_right` instead
warning: Interpreter/Wasm/SmallStep.lean:6872:24: `if_neg` has been deprecated: Use `ite_eq_right` instead
warning: Interpreter/Wasm/SmallStep.lean:6874:24: `if_neg` has been deprecated: Use `ite_eq_right` instead
warning: Interpreter/Wasm/SmallStep.lean:6888:13: `if_false` has been deprecated: Use `ite_false` instead
⚠ [18/469] Replayed Interpreter.Wasm.Host.StdIO
warning: Interpreter/Wasm/Host/StdIO.lean:88:6: `if_pos` has been deprecated: Use `ite_eq_left` instead
warning: Interpreter/Wasm/Host/StdIO.lean:100:10: `dif_neg` has been deprecated: Use `dite_eq_right` instead
warning: Interpreter/Wasm/Host/StdIO.lean:118:10: `if_neg` has been deprecated: Use `ite_eq_right` instead
✖ [3353/3353] Building Project.EulerCertificate.ArtifactExportSectionItems (145s)
trace: .> LEAN_PATH=/home/somebody/src/leanexe/proofs/talos/lean/.lake/packages/Cli/.lake/build/lib/lean:/home/somebody/src/leanexe/proofs/talos/lean/.lake/packages/aesop/.lake/build/lib/lean:/home/somebody/src/leanexe/proofs/talos/lean/.lake/packages/proofwidgets/.lake/build/lib/lean:/home/somebody/src/leanexe/proofs/talos/lean/.lake/packages/importGraph/.lake/build/lib/lean:/home/somebody/src/leanexe/proofs/talos/lean/.lake/packages/LeanSearchClient/.lake/build/lib/lean:/home/somebody/src/leanexe/proofs/talos/lean/.lake/packages/plausible/.lake/build/lib/lean:/home/somebody/src/leanexe/proofs/talos/lean/.lake/packages/Qq/.lake/build/lib/lean:/home/somebody/src/leanexe/proofs/talos/lean/.lake/packages/batteries/.lake/build/lib/lean:/home/somebody/src/leanexe/proofs/talos/lean/.lake/packages/mathlib/.lake/build/lib/lean:/home/somebody/src/leanexe/proofs/talos/lean/.lake/packages/iris/Iris/.lake/build/lib/lean:/home/somebody/src/leanexe/proofs/talos/lean/.lake/packages/CodeLib/interpreter/.lake/build/lib/lean:/home/somebody/src/leanexe/proofs/talos/lean/.lake/packages/CodeLib/codelib/.lake/build/lib/lean:/home/somebody/src/leanexe/.lake/build/lib/lean:/home/somebody/src/leanexe/proofs/talos/lean/.lake/build/lib/lean /home/somebody/.elan/toolchains/leanprover--lean4---v4.34.0-rc2/bin/lean /home/somebody/src/leanexe/proofs/talos/lean/Project/EulerCertificate/ArtifactExportSectionItems.lean -o /home/somebody/src/leanexe/proofs/talos/lean/.lake/build/lib/lean/Project/EulerCertificate/ArtifactExportSectionItems.olean -i /home/somebody/src/leanexe/proofs/talos/lean/.lake/build/lib/lean/Project/EulerCertificate/ArtifactExportSectionItems.ilean -c /home/somebody/src/leanexe/proofs/talos/lean/.lake/build/ir/Project/EulerCertificate/ArtifactExportSectionItems.c --setup /home/somebody/src/leanexe/proofs/talos/lean/.lake/build/ir/Project/EulerCertificate/ArtifactExportSectionItems.setup.json --json
error: Project/EulerCertificate/ArtifactExportSectionItems.lean:17:96: maximum recursion depth has been reached
use `set_option maxRecDepth <num>` to increase limit
use `set_option diagnostics true` to get diagnostic information
info: Project/EulerCertificate/ArtifactExportSectionItems.lean:19:0: 'Project.EulerCertificate.Artifact.export0_decoded' depends on axioms: [propext, sorryAx, Classical.choice, Quot.sound]
error: Project/EulerCertificate/ArtifactExportSectionItems.lean:23:96: maximum recursion depth has been reached
use `set_option maxRecDepth <num>` to increase limit
use `set_option diagnostics true` to get diagnostic information
info: Project/EulerCertificate/ArtifactExportSectionItems.lean:25:0: 'Project.EulerCertificate.Artifact.export1_decoded' depends on axioms: [propext, sorryAx, Classical.choice, Quot.sound]
error: Project/EulerCertificate/ArtifactExportSectionItems.lean:29:96: maximum recursion depth has been reached
use `set_option maxRecDepth <num>` to increase limit
use `set_option diagnostics true` to get diagnostic information
info: Project/EulerCertificate/ArtifactExportSectionItems.lean:31:0: 'Project.EulerCertificate.Artifact.export2_decoded' depends on axioms: [propext, sorryAx, Classical.choice, Quot.sound]
error: Project/EulerCertificate/ArtifactExportSectionItems.lean:35:96: maximum recursion depth has been reached
use `set_option maxRecDepth <num>` to increase limit
use `set_option diagnostics true` to get diagnostic information
info: Project/EulerCertificate/ArtifactExportSectionItems.lean:37:0: 'Project.EulerCertificate.Artifact.export3_decoded' depends on axioms: [propext, sorryAx, Classical.choice, Quot.sound]
error: Project/EulerCertificate/ArtifactExportSectionItems.lean:41:96: maximum recursion depth has been reached
use `set_option maxRecDepth <num>` to increase limit
use `set_option diagnostics true` to get diagnostic information
info: Project/EulerCertificate/ArtifactExportSectionItems.lean:43:0: 'Project.EulerCertificate.Artifact.export4_decoded' depends on axioms: [propext, sorryAx, Classical.choice, Quot.sound]
error: Project/EulerCertificate/ArtifactExportSectionItems.lean:47:96: maximum recursion depth has been reached
use `set_option maxRecDepth <num>` to increase limit
use `set_option diagnostics true` to get diagnostic information
info: Project/EulerCertificate/ArtifactExportSectionItems.lean:49:0: 'Project.EulerCertificate.Artifact.export5_decoded' depends on axioms: [propext, sorryAx, Classical.choice, Quot.sound]
error: Project/EulerCertificate/ArtifactExportSectionItems.lean:53:96: maximum recursion depth has been reached
use `set_option maxRecDepth <num>` to increase limit
use `set_option diagnostics true` to get diagnostic information
info: Project/EulerCertificate/ArtifactExportSectionItems.lean:55:0: 'Project.EulerCertificate.Artifact.export6_decoded' depends on axioms: [propext, sorryAx, Classical.choice, Quot.sound]
error: Project/EulerCertificate/ArtifactExportSectionItems.lean:59:96: maximum recursion depth has been reached
use `set_option maxRecDepth <num>` to increase limit
use `set_option diagnostics true` to get diagnostic information
info: Project/EulerCertificate/ArtifactExportSectionItems.lean:61:0: 'Project.EulerCertificate.Artifact.export7_decoded' depends on axioms: [propext, sorryAx, Classical.choice, Quot.sound]
error: Project/EulerCertificate/ArtifactExportSectionItems.lean:65:96: maximum recursion depth has been reached
use `set_option maxRecDepth <num>` to increase limit
use `set_option diagnostics true` to get diagnostic information
info: Project/EulerCertificate/ArtifactExportSectionItems.lean:67:0: 'Project.EulerCertificate.Artifact.export8_decoded' depends on axioms: [propext, sorryAx, Classical.choice, Quot.sound]
error: Project/EulerCertificate/ArtifactExportSectionItems.lean:71:96: maximum recursion depth has been reached
use `set_option maxRecDepth <num>` to increase limit
use `set_option diagnostics true` to get diagnostic information
info: Project/EulerCertificate/ArtifactExportSectionItems.lean:73:0: 'Project.EulerCertificate.Artifact.export9_decoded' depends on axioms: [propext, sorryAx, Classical.choice, Quot.sound]
error: Project/EulerCertificate/ArtifactExportSectionItems.lean:77:97: maximum recursion depth has been reached
use `set_option maxRecDepth <num>` to increase limit
use `set_option diagnostics true` to get diagnostic information
info: Project/EulerCertificate/ArtifactExportSectionItems.lean:79:0: 'Project.EulerCertificate.Artifact.export10_decoded' depends on axioms: [propext, sorryAx, Classical.choice, Quot.sound]
Some required targets logged failures:
- Project.EulerCertificate.ArtifactExportSectionItems
error: build failed
