⚠ [1/74] Replayed LeanExe.Examples.AsciiDigits
warning: LeanExe/Examples/AsciiDigits.lean:103:30: `if_false` has been deprecated: Use `ite_false` instead
warning: LeanExe/Examples/AsciiDigits.lean:109:78: `if_true` has been deprecated: Use `ite_true` instead
⚠ [38/74] Replayed LeanExe.IR.ScalarRangeSlots
warning: LeanExe/IR/ScalarRangeSlots.lean:25:2: try 'simp' instead of 'simpa'

Note: This linter can be disabled with `set_option linter.unnecessarySimpa false`
warning: LeanExe/IR/ScalarRangeSlots.lean:29:20: This simp argument is unused:
  read_suffix

Hint: Omit it from the simp argument list.
  [apply] simp [rangeStore]

Note: This linter can be disabled with `set_option linter.unusedSimpArgs false`
warning: LeanExe/IR/ScalarRangeSlots.lean:33:20: This simp argument is unused:
  read_suffix

Hint: Omit it from the simp argument list.
  [apply] simp [rangeStore]

Note: This linter can be disabled with `set_option linter.unusedSimpArgs false`
⚠ [56/74] Replayed LeanExe.IR.ScalarRangeExitSlots
warning: LeanExe/IR/ScalarRangeExitSlots.lean:18:2: try 'simp' instead of 'simpa'

Note: This linter can be disabled with `set_option linter.unnecessarySimpa false`
⚠ [61/74] Replayed LeanExe.Extract.ScalarFunc
warning: LeanExe/Extract/ScalarFunc.lean:76:28: This simp argument is unused:
  bind

Hint: Omit it from the simp argument list.
  [apply] simp only [rangeCase, pure, Option.bind_eq_some_iff, Option.some.injEq] at compiled

Note: This linter can be disabled with `set_option linter.unusedSimpArgs false`
✔ [73/160] Built LeanExe.Extract.Eval (978ms)
✔ [99/160] Built LeanExe.Source.ScalarComparison:c.o (172ms)
✔ [101/160] Built LeanExe.Extract.ScalarComparison:c.o (1.1s)
✔ [106/160] Built LeanExe.Extract.ScalarExpr:c.o (1.9s)
✔ [117/160] Built LeanExe.Source.ScalarStepSyntax:c.o (132ms)
✔ [121/160] Built LeanExe.Extract.ScalarStep:c.o (2.1s)
✔ [150/160] Built LeanExe.Extract.Report (1.4s)
✔ [154/160] Built LeanExe.Extract.OwnershipReport (1.1s)
✔ [156/160] Built LeanExe.CLI (1.1s)
✔ [158/160] Built Main (910ms)
✔ [160/160] Built «lean-wasm»:exe (493ms)
Build completed successfully (160 jobs).
