cli-build: passed
admission-test: passed
reserved-exports: passed
fixture: passed
native-results: passed
compile-constant: passed
compile-booleanPredicateCondition: passed
compile-booleanPredicateConditionRelations: passed
compile-booleanPredicateConditionDependent: passed
compile-booleanPredicateConditionNested: passed
compile-booleanPredicateConditionCapture: passed
compile-booleanPredicateConditionBody: passed
compile-compareBEq: passed
compile-mixedGuardDo: passed
compile-rangeBooleanPredicateLoopLetBreak: passed
compile-rangeBooleanPredicateLoopLetContinue: passed
compile-rangeBooleanPredicateOuterLetCapture: passed
compile-rangeBooleanPredicateConditionBreak: passed
compile-rangeBooleanPredicateConditionSkip: passed
compile-rangeBooleanPredicateConditionEq: passed
compile-rangeBooleanPredicateConditionNe: passed
compile-rangeBooleanPredicateConditionProof: passed
compile-rangeBooleanPredicateConditionOuterBreak: passed
compile-rangeBooleanPredicateConditionNestedStep: passed
compile-rangeBooleanPredicateConditionIdStep: passed
compile-rangeBooleanPredicateConditionStep: passed
compile-rangeBooleanPredicateConditionContinue: passed
compile-rangeBooleanPredicateConditionOuter: passed
compile-rangeBooleanPredicateConditionOuterCapture: passed
compile-rangePropChoiceBounds: passed
compile-rangePropChoiceOuter: passed
Passed 521 native Lean / independent Wasm engine comparisons across 26 declarations.
