leanrun: LEANRUN_LOCAL=1; macOS has no cgroup CPU/memory/swap limits or ionice
leanrun: explicitly authorized inherited priority; nice unavailable
IdComparisonInspect.equality: fun (x y : UInt64) =>
  @ite.{1} UInt64 (@Eq.{1} (Id.{0} UInt64) x y) (instDecidableEqUInt64 x y)
    (@HAdd.hAdd.{0, 0, 0} UInt64 UInt64 UInt64 (@instHAdd.{0} UInt64 instAddUInt64) x
      (@OfNat.ofNat.{0} UInt64 (nat_lit 1) (@UInt64.instOfNat (nat_lit 1))))
    (@HAdd.hAdd.{0, 0, 0} UInt64 UInt64 UInt64 (@instHAdd.{0} UInt64 instAddUInt64) y
      (@OfNat.ofNat.{0} UInt64 (nat_lit 3) (@UInt64.instOfNat (nat_lit 3))))
accepted: false
IdComparisonInspect.inequality: fun (x y : UInt64) =>
  @ite.{1} UInt64 (@Ne.{1} (Id.{0} (Id.{0} UInt64)) x y)
    (@instDecidableNot (@Eq.{1} (Id.{0} (Id.{0} UInt64)) x y) (instDecidableEqUInt64 x y))
    (@HSub.hSub.{0, 0, 0} UInt64 UInt64 UInt64 (@instHSub.{0} UInt64 instSubUInt64) x y)
    (@HAdd.hAdd.{0, 0, 0} UInt64 UInt64 UInt64 (@instHAdd.{0} UInt64 instAddUInt64) y
      (@OfNat.ofNat.{0} UInt64 (nat_lit 1) (@UInt64.instOfNat (nat_lit 1))))
accepted: false
IdComparisonInspect.less: fun (x y : UInt64) =>
  @ite.{1} UInt64 (@LT.lt.{0} (Id.{0} UInt64) instLTUInt64 x y) (UInt64.decLt x y)
    (@HMul.hMul.{0, 0, 0} UInt64 UInt64 UInt64 (@instHMul.{0} UInt64 instMulUInt64) x
      (@OfNat.ofNat.{0} UInt64 (nat_lit 3) (@UInt64.instOfNat (nat_lit 3))))
    (@HAdd.hAdd.{0, 0, 0} UInt64 UInt64 UInt64 (@instHAdd.{0} UInt64 instAddUInt64) y
      (@OfNat.ofNat.{0} UInt64 (nat_lit 7) (@UInt64.instOfNat (nat_lit 7))))
accepted: false
IdComparisonInspect.atMost: fun (x y : UInt64) =>
  @ite.{1} UInt64 (@LE.le.{0} (Id.{0} (Id.{0} UInt64)) instLEUInt64 x y) (UInt64.decLe x y)
    (@HXor.hXor.{0, 0, 0} UInt64 UInt64 UInt64 (@instHXorOfXorOp.{0} UInt64 instXorOpUInt64) x y)
    (@HDiv.hDiv.{0, 0, 0} UInt64 UInt64 UInt64 (@instHDiv.{0} UInt64 instDivUInt64) y x)
accepted: false
IdComparisonInspect.greater: fun (x y : UInt64) =>
  @ite.{1} UInt64 (@GT.gt.{0} (Id.{0} UInt64) instLTUInt64 x y) (UInt64.decLt y x)
    (@HAdd.hAdd.{0, 0, 0} UInt64 UInt64 UInt64 (@instHAdd.{0} UInt64 instAddUInt64) x y)
    (@HSub.hSub.{0, 0, 0} UInt64 UInt64 UInt64 (@instHSub.{0} UInt64 instSubUInt64) y x)
accepted: false
IdComparisonInspect.atLeast: fun (x y : UInt64) =>
  @ite.{1} UInt64 (@GE.ge.{0} (Id.{0} (Id.{0} UInt64)) instLEUInt64 x y) (UInt64.decLe y x)
    (@HMod.hMod.{0, 0, 0} UInt64 UInt64 UInt64 (@instHMod.{0} UInt64 instModUInt64) x y)
    (@HMul.hMul.{0, 0, 0} UInt64 UInt64 UInt64 (@instHMul.{0} UInt64 instMulUInt64) y
      (@OfNat.ofNat.{0} UInt64 (nat_lit 7) (@UInt64.instOfNat (nat_lit 7))))
accepted: false
IdComparisonInspect.range: fun (count seed : UInt64) =>
  @ForIn.forIn.{0, 0, 0, 0} Id.{0} Std.Legacy.Range Nat
    (@instForInOfForIn'.{0, 0, 0, 0} Id.{0} Std.Legacy.Range Nat
      (@inferInstance.{1} (Membership.{0, 0} Nat Std.Legacy.Range) Std.Legacy.instMembershipNatRange)
      (@Std.Legacy.Range.instForIn'NatInferInstanceMembershipOfMonad.{0, 0} Id.{0} Id.instMonad.{0}))
    UInt64
    (Std.Legacy.Range.mk (@OfNat.ofNat.{0} Nat (nat_lit 0) (instOfNatNat (nat_lit 0))) (UInt64.toNat count)
      (@OfNat.ofNat.{0} Nat (nat_lit 1) (instOfNatNat (nat_lit 1))) Nat.zero_lt_one)
    seed fun (i : Nat) (a : UInt64) =>
    @ite.{1} (Id.{0} (ForInStep.{0} UInt64))
      (@LT.lt.{0} (Id.{0} UInt64) instLTUInt64 (UInt64.ofNat i)
        (@HMod.hMod.{0, 0, 0} UInt64 UInt64 (Id.{0} UInt64) (@instHMod.{0} UInt64 instModUInt64) seed
          (@OfNat.ofNat.{0} UInt64 (nat_lit 7) (@UInt64.instOfNat (nat_lit 7)))))
      (UInt64.decLt (UInt64.ofNat i)
        (@HMod.hMod.{0, 0, 0} UInt64 UInt64 UInt64 (@instHMod.{0} UInt64 instModUInt64) seed
          (@OfNat.ofNat.{0} UInt64 (nat_lit 7) (@UInt64.instOfNat (nat_lit 7)))))
      (@Pure.pure.{0, 0} Id.{0}
        (@Applicative.toPure.{0, 0} Id.{0} (@Monad.toApplicative.{0, 0} Id.{0} Id.instMonad.{0})) (ForInStep.{0} UInt64)
        (@ForInStep.yield.{0} UInt64 a))
      (@ite.{1} (Id.{0} (ForInStep.{0} UInt64))
        (@Eq.{1} (Id.{0} (Id.{0} UInt64))
          (@HMod.hMod.{0, 0, 0} UInt64 UInt64 (Id.{0} (Id.{0} UInt64)) (@instHMod.{0} UInt64 instModUInt64)
            (@HAdd.hAdd.{0, 0, 0} UInt64 UInt64 UInt64 (@instHAdd.{0} UInt64 instAddUInt64)
              (@HAdd.hAdd.{0, 0, 0} UInt64 UInt64 UInt64 (@instHAdd.{0} UInt64 instAddUInt64) a (UInt64.ofNat i))
              (@OfNat.ofNat.{0} UInt64 (nat_lit 1) (@UInt64.instOfNat (nat_lit 1))))
            (@OfNat.ofNat.{0} UInt64 (nat_lit 5) (@UInt64.instOfNat (nat_lit 5))))
          (@OfNat.ofNat.{0} (Id.{0} (Id.{0} UInt64)) (nat_lit 0)
            (@Id.instOfNat.{0} (Id.{0} UInt64) (nat_lit 0)
              (@Id.instOfNat.{0} UInt64 (nat_lit 0) (@UInt64.instOfNat (nat_lit 0))))))
        (instDecidableEqUInt64
          (@HMod.hMod.{0, 0, 0} UInt64 UInt64 UInt64 (@instHMod.{0} UInt64 instModUInt64)
            (@HAdd.hAdd.{0, 0, 0} UInt64 UInt64 UInt64 (@instHAdd.{0} UInt64 instAddUInt64)
              (@HAdd.hAdd.{0, 0, 0} UInt64 UInt64 UInt64 (@instHAdd.{0} UInt64 instAddUInt64) a (UInt64.ofNat i))
              (@OfNat.ofNat.{0} UInt64 (nat_lit 1) (@UInt64.instOfNat (nat_lit 1))))
            (@OfNat.ofNat.{0} UInt64 (nat_lit 5) (@UInt64.instOfNat (nat_lit 5))))
          (@OfNat.ofNat.{0} UInt64 (nat_lit 0) (@UInt64.instOfNat (nat_lit 0))))
        (@Pure.pure.{0, 0} Id.{0}
          (@Applicative.toPure.{0, 0} Id.{0} (@Monad.toApplicative.{0, 0} Id.{0} Id.instMonad.{0}))
          (ForInStep.{0} UInt64)
          (@ForInStep.done.{0} UInt64
            (@HAdd.hAdd.{0, 0, 0} UInt64 UInt64 UInt64 (@instHAdd.{0} UInt64 instAddUInt64)
              (@HAdd.hAdd.{0, 0, 0} UInt64 UInt64 UInt64 (@instHAdd.{0} UInt64 instAddUInt64) a (UInt64.ofNat i))
              (@OfNat.ofNat.{0} UInt64 (nat_lit 1) (@UInt64.instOfNat (nat_lit 1))))))
        (@Pure.pure.{0, 0} Id.{0}
          (@Applicative.toPure.{0, 0} Id.{0} (@Monad.toApplicative.{0, 0} Id.{0} Id.instMonad.{0}))
          (ForInStep.{0} UInt64)
          (@ForInStep.yield.{0} UInt64
            (@HAdd.hAdd.{0, 0, 0} UInt64 UInt64 UInt64 (@instHAdd.{0} UInt64 instAddUInt64)
              (@HAdd.hAdd.{0, 0, 0} UInt64 UInt64 UInt64 (@instHAdd.{0} UInt64 instAddUInt64) a (UInt64.ofNat i))
              (@OfNat.ofNat.{0} UInt64 (nat_lit 1) (@UInt64.instOfNat (nat_lit 1)))))))
accepted: false
