leanrun: LEANRUN_LOCAL=1; macOS has no cgroup CPU/memory/swap limits or ionice
leanrun: explicitly authorized inherited priority; nice unavailable
⚠ [3033/3292] Replayed Interpreter.Wasm.Mem
warning: Interpreter/Wasm/Mem.lean:133:10: `if_neg` has been deprecated: Use `ite_eq_right` instead
warning: Interpreter/Wasm/Mem.lean:152:8: `if_pos` has been deprecated: Use `ite_eq_left` instead
warning: Interpreter/Wasm/Mem.lean:152:19: `if_pos` has been deprecated: Use `ite_eq_left` instead
warning: Interpreter/Wasm/Mem.lean:153:8: `if_neg` has been deprecated: Use `ite_eq_right` instead
warning: Interpreter/Wasm/Mem.lean:155:20: `if_pos` has been deprecated: Use `ite_eq_left` instead
warning: Interpreter/Wasm/Mem.lean:155:32: `if_pos` has been deprecated: Use `ite_eq_left` instead
warning: Interpreter/Wasm/Mem.lean:156:10: `if_neg` has been deprecated: Use `ite_eq_right` instead
warning: Interpreter/Wasm/Mem.lean:156:21: `if_neg` has been deprecated: Use `ite_eq_right` instead
warning: Interpreter/Wasm/Mem.lean:219:10: `dif_pos` has been deprecated: Use `dite_eq_left` instead
warning: Interpreter/Wasm/Mem.lean:222:10: `dif_pos` has been deprecated: Use `dite_eq_left` instead
warning: Interpreter/Wasm/Mem.lean:226:10: `dif_neg` has been deprecated: Use `dite_eq_right` instead
warning: Interpreter/Wasm/Mem.lean:228:12: `dif_pos` has been deprecated: Use `dite_eq_left` instead
warning: Interpreter/Wasm/Mem.lean:231:12: `dif_pos` has been deprecated: Use `dite_eq_left` instead
warning: Interpreter/Wasm/Mem.lean:233:12: `dif_neg` has been deprecated: Use `dite_eq_right` instead
warning: Interpreter/Wasm/Mem.lean:236:12: `dif_neg` has been deprecated: Use `dite_eq_right` instead
warning: Interpreter/Wasm/Mem.lean:246:10: `dif_neg` has been deprecated: Use `dite_eq_right` instead
warning: Interpreter/Wasm/Mem.lean:266:12: `dif_neg` has been deprecated: Use `dite_eq_right` instead
warning: Interpreter/Wasm/Mem.lean:300:44: `if_pos` has been deprecated: Use `ite_eq_left` instead
⚠ [3044/3292] Replayed Interpreter.Wasm.Semantics.Lemmas
warning: Interpreter/Wasm/Semantics/Lemmas.lean:162:25: `if_pos` has been deprecated: Use `ite_eq_left` instead
warning: Interpreter/Wasm/Semantics/Lemmas.lean:166:50: `if_pos` has been deprecated: Use `ite_eq_left` instead
warning: Interpreter/Wasm/Semantics/Lemmas.lean:168:25: `if_neg` has been deprecated: Use `ite_eq_right` instead
warning: Interpreter/Wasm/Semantics/Lemmas.lean:172:50: `if_neg` has been deprecated: Use `ite_eq_right` instead
warning: Interpreter/Wasm/Semantics/Lemmas.lean:224:40: `if_pos` has been deprecated: Use `ite_eq_left` instead
warning: Interpreter/Wasm/Semantics/Lemmas.lean:226:38: `if_pos` has been deprecated: Use `ite_eq_left` instead
warning: Interpreter/Wasm/Semantics/Lemmas.lean:229:38: `if_neg` has been deprecated: Use `ite_eq_right` instead
warning: Interpreter/Wasm/Semantics/Lemmas.lean:262:40: `if_pos` has been deprecated: Use `ite_eq_left` instead
warning: Interpreter/Wasm/Semantics/Lemmas.lean:264:38: `if_pos` has been deprecated: Use `ite_eq_left` instead
warning: Interpreter/Wasm/Semantics/Lemmas.lean:267:38: `if_neg` has been deprecated: Use `ite_eq_right` instead
warning: Interpreter/Wasm/Semantics/Lemmas.lean:433:15: `if_pos` has been deprecated: Use `ite_eq_left` instead
warning: Interpreter/Wasm/Semantics/Lemmas.lean:443:15: `if_neg` has been deprecated: Use `ite_eq_right` instead
warning: Interpreter/Wasm/Semantics/Lemmas.lean:513:66: `if_pos` has been deprecated: Use `ite_eq_left` instead
ℹ [3050/3292] Replayed Project.TalosCompat
info: Project/TalosCompat.lean:92:0: 'Wasm.exec_block_control_types' depends on axioms: [propext, Classical.choice, Quot.sound]
info: Project/TalosCompat.lean:93:0: 'Wasm.exec_iff_control_types' depends on axioms: [propext, Classical.choice, Quot.sound]
info: Project/TalosCompat.lean:94:0: 'Wasm.wp_block_control_types' depends on axioms: [propext, Classical.choice, Quot.sound]
info: Project/TalosCompat.lean:95:0: 'Wasm.wp_iff_control_types' depends on axioms: [propext, Classical.choice, Quot.sound]
⚠ [3051/3292] Replayed Project.ProofKit.ScalarTransition
warning: Project/ProofKit/ScalarTransition.lean:87:45: `if_pos` has been deprecated: Use `ite_eq_left` instead
warning: Project/ProofKit/ScalarTransition.lean:101:12: `if_false` has been deprecated: Use `ite_false` instead
warning: Project/ProofKit/ScalarTransition.lean:101:22: `if_true` has been deprecated: Use `ite_true` instead
warning: Project/ProofKit/ScalarTransition.lean:667:16: `if_pos` has been deprecated: Use `ite_eq_left` instead
warning: Project/ProofKit/ScalarTransition.lean:669:16: `if_neg` has been deprecated: Use `ite_eq_right` instead
warning: Project/ProofKit/ScalarTransition.lean:711:16: `if_pos` has been deprecated: Use `ite_eq_left` instead
warning: Project/ProofKit/ScalarTransition.lean:714:16: `if_neg` has been deprecated: Use `ite_eq_right` instead
warning: Project/ProofKit/ScalarTransition.lean:831:12: `if_neg` has been deprecated: Use `ite_eq_right` instead
warning: Project/ProofKit/ScalarTransition.lean:842:12: `if_pos` has been deprecated: Use `ite_eq_left` instead
warning: Project/ProofKit/ScalarTransition.lean:863:12: `if_neg` has been deprecated: Use `ite_eq_right` instead
warning: Project/ProofKit/ScalarTransition.lean:876:12: `if_pos` has been deprecated: Use `ite_eq_left` instead
warning: Project/ProofKit/ScalarTransition.lean:893:12: `if_neg` has been deprecated: Use `ite_eq_right` instead
warning: Project/ProofKit/ScalarTransition.lean:908:12: `if_pos` has been deprecated: Use `ite_eq_left` instead
warning: Project/ProofKit/ScalarTransition.lean:664:25: This simp argument is unused:
  List.cons_append

Hint: Omit it from the simp argument list.
  [apply] simp only [List.nil_append, Wasm.wp_iff_control_types]

Note: This linter can be disabled with `set_option linter.unusedSimpArgs false`
warning: Project/ProofKit/ScalarTransition.lean:664:43: This simp argument is unused:
  List.nil_append

Hint: Omit it from the simp argument list.
  [apply] simp only [List.cons_append, Wasm.wp_iff_control_types]

Note: This linter can be disabled with `set_option linter.unusedSimpArgs false`
warning: Project/ProofKit/ScalarTransition.lean:708:25: This simp argument is unused:
  List.cons_append

Hint: Omit it from the simp argument list.
  [apply] simp only [List.nil_append, Wasm.wp_iff_control_types]

Note: This linter can be disabled with `set_option linter.unusedSimpArgs false`
warning: Project/ProofKit/ScalarTransition.lean:708:43: This simp argument is unused:
  List.nil_append

Hint: Omit it from the simp argument list.
  [apply] simp only [List.cons_append, Wasm.wp_iff_control_types]

Note: This linter can be disabled with `set_option linter.unusedSimpArgs false`
warning: Project/ProofKit/ScalarTransition.lean:968:12: `if_neg` has been deprecated: Use `ite_eq_right` instead
warning: Project/ProofKit/ScalarTransition.lean:981:12: `if_pos` has been deprecated: Use `ite_eq_left` instead
⚠ [3062/3292] Replayed Project.Compiler.ScalarLowering
warning: Project/Compiler/ScalarLowering.lean:49:50: Used `tac1 <;> tac2` where `(tac1; tac2)` would suffice

Note: This linter can be disabled with `set_option linter.unnecessarySeqFocus false`
warning: Project/Compiler/ScalarLowering.lean:112:116: This simp argument is unused:
  LeanExe.Wasm.ScalarDescriptor.instBEqU64Op

Hint: Omit it from the simp argument list.
  [apply] simp [LeanExe.Wasm.ScalarDescriptor.U64Op.ctorIdx, LeanExe.Wasm.ScalarDescriptor.instBEqU64Op.beq, BEq.beq,
    LeanExe.Wasm.ScalarDescriptor.Expr.emit, expression, operation, Project.ProofKit.ScalarTransition.Expr.program,
    LeanExe.Wasm.ScalarDescriptor.U64Op.instruction, Project.ProofKit.ScalarTransition.U64Op.instruction,
    program_append, program, instruction, expression_program a, expression_program b]

Note: This linter can be disabled with `set_option linter.unusedSimpArgs false`
⚠ [3064/3292] Replayed Project.Compiler.ScalarEvaluation
warning: Project/Compiler/ScalarEvaluation.lean:24:6: try 'simp' instead of 'simpa'

Note: This linter can be disabled with `set_option linter.unnecessarySimpa false`
⚠ [3070/3292] Replayed LeanExe.Examples.AsciiDigits
warning: LeanExe/Examples/AsciiDigits.lean:103:30: `if_false` has been deprecated: Use `ite_false` instead
warning: LeanExe/Examples/AsciiDigits.lean:109:78: `if_true` has been deprecated: Use `ite_true` instead
⚠ [3153/3292] Replayed LeanExe.Extract.ScalarGuardSyntax
warning: LeanExe/Extract/ScalarGuardSyntax.lean:384:4: try 'simp' instead of 'simpa'

Note: This linter can be disabled with `set_option linter.unnecessarySimpa false`
⚠ [3216/3292] Replayed LeanExe.Extract.ScalarExprCore
warning: LeanExe/Extract/ScalarExprCore.lean:474:31: Variable name `wrapper` is not explicitly referenced.

Hint: The binding can be removed (if unused) or named `_` (if used implicitly). Alternatively, prefix the name with `_` to silence this warning:
  [apply] _wrapper

Note: This linter can be disabled with `set_option linter.unusedVariables false`
warning: LeanExe/Extract/ScalarExprCore.lean:482:31: Variable name `name` is not explicitly referenced.

Hint: The binding can be removed (if unused) or named `_` (if used implicitly). Alternatively, prefix the name with `_` to silence this warning:
  [apply] _name

Note: This linter can be disabled with `set_option linter.unusedVariables false`
warning: LeanExe/Extract/ScalarExprCore.lean:482:36: Variable name `form` is not explicitly referenced.

Hint: The binding can be removed (if unused) or named `_` (if used implicitly). Alternatively, prefix the name with `_` to silence this warning:
  [apply] _form

Note: This linter can be disabled with `set_option linter.unusedVariables false`
warning: LeanExe/Extract/ScalarExprCore.lean:482:52: Variable name `type` is not explicitly referenced.

Hint: The binding can be removed (if unused) or named `_` (if used implicitly). Alternatively, prefix the name with `_` to silence this warning:
  [apply] _type

Note: This linter can be disabled with `set_option linter.unusedVariables false`
warning: LeanExe/Extract/ScalarExprCore.lean:491:35: Variable name `name` is not explicitly referenced.

Hint: The binding can be removed (if unused) or named `_` (if used implicitly). Alternatively, prefix the name with `_` to silence this warning:
  [apply] _name

Note: This linter can be disabled with `set_option linter.unusedVariables false`
warning: LeanExe/Extract/ScalarExprCore.lean:491:40: Variable name `form` is not explicitly referenced.

Hint: The binding can be removed (if unused) or named `_` (if used implicitly). Alternatively, prefix the name with `_` to silence this warning:
  [apply] _form

Note: This linter can be disabled with `set_option linter.unusedVariables false`
warning: LeanExe/Extract/ScalarExprCore.lean:491:56: Variable name `type` is not explicitly referenced.

Hint: The binding can be removed (if unused) or named `_` (if used implicitly). Alternatively, prefix the name with `_` to silence this warning:
  [apply] _type

Note: This linter can be disabled with `set_option linter.unusedVariables false`
warning: LeanExe/Extract/ScalarExprCore.lean:563:12: Variable name `bounds` is not explicitly referenced.

Hint: The binding can be removed (if unused) or named `_` (if used implicitly). Alternatively, prefix the name with `_` to silence this warning:
  [apply] _bounds

Note: This linter can be disabled with `set_option linter.unusedVariables false`
⚠ [3218/3292] Replayed LeanExe.Extract.ScalarExpr
warning: LeanExe/Extract/ScalarExpr.lean:190:54: `if_pos` has been deprecated: Use `ite_eq_left` instead
warning: LeanExe/Extract/ScalarExpr.lean:191:54: `if_neg` has been deprecated: Use `ite_eq_right` instead
warning: LeanExe/Extract/ScalarExpr.lean:206:54: `if_pos` has been deprecated: Use `ite_eq_left` instead
warning: LeanExe/Extract/ScalarExpr.lean:207:54: `if_neg` has been deprecated: Use `ite_eq_right` instead
warning: LeanExe/Extract/ScalarExpr.lean:238:54: `if_pos` has been deprecated: Use `ite_eq_left` instead
warning: LeanExe/Extract/ScalarExpr.lean:239:54: `if_neg` has been deprecated: Use `ite_eq_right` instead
warning: LeanExe/Extract/ScalarExpr.lean:253:54: `if_pos` has been deprecated: Use `ite_eq_left` instead
warning: LeanExe/Extract/ScalarExpr.lean:254:54: `if_neg` has been deprecated: Use `ite_eq_right` instead
warning: LeanExe/Extract/ScalarExpr.lean:1187:54: `if_neg` has been deprecated: Use `ite_eq_right` instead
warning: LeanExe/Extract/ScalarExpr.lean:1297:63: `if_neg` has been deprecated: Use `ite_eq_right` instead
warning: LeanExe/Extract/ScalarExpr.lean:1617:47: `if_neg` has been deprecated: Use `ite_eq_right` instead
warning: LeanExe/Extract/ScalarExpr.lean:1639:18: `if_neg` has been deprecated: Use `ite_eq_right` instead
warning: LeanExe/Extract/ScalarExpr.lean:1661:18: `if_neg` has been deprecated: Use `ite_eq_right` instead
warning: LeanExe/Extract/ScalarExpr.lean:1683:18: `if_neg` has been deprecated: Use `ite_eq_right` instead
warning: LeanExe/Extract/ScalarExpr.lean:1705:18: `if_neg` has been deprecated: Use `ite_eq_right` instead
warning: LeanExe/Extract/ScalarExpr.lean:1729:18: `if_neg` has been deprecated: Use `ite_eq_right` instead
warning: LeanExe/Extract/ScalarExpr.lean:1753:18: `if_neg` has been deprecated: Use `ite_eq_right` instead
warning: LeanExe/Extract/ScalarExpr.lean:1771:46: `if_neg` has been deprecated: Use `ite_eq_right` instead
warning: LeanExe/Extract/ScalarExpr.lean:1790:46: `if_neg` has been deprecated: Use `ite_eq_right` instead
warning: LeanExe/Extract/ScalarExpr.lean:1809:50: `if_neg` has been deprecated: Use `ite_eq_right` instead
⚠ [3227/3292] Replayed LeanExe.Extract.ScalarStepSupported
warning: LeanExe/Extract/ScalarStepSupported.lean:106:54: `if_neg` has been deprecated: Use `ite_eq_right` instead
warning: LeanExe/Extract/ScalarStepSupported.lean:465:63: `if_neg` has been deprecated: Use `ite_eq_right` instead
⚠ [3240/3292] Replayed LeanExe.IR.ScalarRangeSlots
warning: LeanExe/IR/ScalarRangeSlots.lean:25:2: try 'simp' instead of 'simpa'

Note: This linter can be disabled with `set_option linter.unnecessarySimpa false`
warning: LeanExe/IR/ScalarRangeSlots.lean:29:20: This simp argument is unused:
  read_suffix

Hint: Omit it from the simp argument list.
  [apply] simp [rangeStore]

Note: This linter can be disabled with `set_option linter.unusedSimpArgs false`
warning: LeanExe/IR/ScalarRangeSlots.lean:33:20: This simp argument is unused:
  read_suffix

Hint: Omit it from the simp argument list.
  [apply] simp [rangeStore]

Note: This linter can be disabled with `set_option linter.unusedSimpArgs false`
⚠ [3242/3292] Replayed LeanExe.IR.ScalarRangeExitSlots
warning: LeanExe/IR/ScalarRangeExitSlots.lean:18:2: try 'simp' instead of 'simpa'

Note: This linter can be disabled with `set_option linter.unnecessarySimpa false`
⚠ [3259/3292] Replayed LeanExe.Extract.ScalarStepCorrectness
warning: LeanExe/Extract/ScalarStepCorrectness.lean:335:23: This simp argument is unused:
  Option.bind_some

Hint: Omit it from the simp argument list.
  [apply] simp only [bind, Option.bind_eq_some_iff] at compiled

Note: This linter can be disabled with `set_option linter.unusedSimpArgs false`
⚠ [3283/3292] Replayed LeanExe.Wasm.ScalarScratch
warning: LeanExe/Wasm/ScalarScratch.lean:24:19: This simp argument is unused:
  instBEqU64Op

Hint: Omit it from the simp argument list.
  [apply] simp [Binary.CoreWasm.exprScratch, Expr.scratchWidth, ia, ib, BEq.beq, instBEqU64Op.beq, U64Op.ctorIdx,
    Nat.add_comm]

Note: This linter can be disabled with `set_option linter.unusedSimpArgs false`
✔ [3292/3292] Built Project.Compiler.SequenceFunctionExecution (3.6s)
Build completed successfully (3292 jobs).
