⚠ [1/162] Replayed LeanExe.Examples.AsciiDigits
warning: LeanExe/Examples/AsciiDigits.lean:103:30: `if_false` has been deprecated: Use `ite_false` instead
warning: LeanExe/Examples/AsciiDigits.lean:109:78: `if_true` has been deprecated: Use `ite_true` instead
⚠ [61/162] Replayed LeanExe.Extract.ScalarGuardSyntax
warning: LeanExe/Extract/ScalarGuardSyntax.lean:219:4: try 'simp' instead of 'simpa'

Note: This linter can be disabled with `set_option linter.unnecessarySimpa false`
⚠ [111/162] Replayed LeanExe.Extract.ScalarExpr
warning: LeanExe/Extract/ScalarExpr.lean:177:15: This simp argument is unused:
  bind

Hint: Omit it from the simp argument list.
  [apply] simp only [pure, Option.bind_eq_some_iff, Option.some.injEq] at compiled

Note: This linter can be disabled with `set_option linter.unusedSimpArgs false`
warning: LeanExe/Extract/ScalarExpr.lean:1127:17: This simp argument is unused:
  bind

Hint: Omit it from the simp argument list.
  [apply] simp only [pure, Option.bind_eq_some_iff, Option.some.injEq] at compiled

Note: This linter can be disabled with `set_option linter.unusedSimpArgs false`
⚠ [117/162] Replayed LeanExe.IR.ScalarRangeSlots
warning: LeanExe/IR/ScalarRangeSlots.lean:25:2: try 'simp' instead of 'simpa'

Note: This linter can be disabled with `set_option linter.unnecessarySimpa false`
warning: LeanExe/IR/ScalarRangeSlots.lean:29:20: This simp argument is unused:
  read_suffix

Hint: Omit it from the simp argument list.
  [apply] simp [rangeStore]

Note: This linter can be disabled with `set_option linter.unusedSimpArgs false`
warning: LeanExe/IR/ScalarRangeSlots.lean:33:20: This simp argument is unused:
  read_suffix

Hint: Omit it from the simp argument list.
  [apply] simp [rangeStore]

Note: This linter can be disabled with `set_option linter.unusedSimpArgs false`
⚠ [144/162] Replayed LeanExe.IR.ScalarRangeExitSlots
warning: LeanExe/IR/ScalarRangeExitSlots.lean:18:2: try 'simp' instead of 'simpa'

Note: This linter can be disabled with `set_option linter.unnecessarySimpa false`
⚠ [149/162] Replayed LeanExe.Extract.ScalarFunc
warning: LeanExe/Extract/ScalarFunc.lean:76:28: This simp argument is unused:
  bind

Hint: Omit it from the simp argument list.
  [apply] simp only [rangeCase, pure, Option.bind_eq_some_iff, Option.some.injEq] at compiled

Note: This linter can be disabled with `set_option linter.unusedSimpArgs false`
✔ [161/338] Built LeanExe.Extract.Eval (966ms)
✔ [164/338] Built LeanExe.Extract.Report (1.5s)
✔ [267/338] Built LeanExe.Source.ScalarPredicateInput:c.o (88ms)
✔ [273/338] Built LeanExe.Source.Scalar:c.o (207ms)
✔ [274/338] Built LeanExe.Extract.ScalarExprCore:c.o (3.3s)
✔ [283/338] Built LeanExe.Extract.ScalarPredicateInput:c.o (117ms)
✔ [292/338] Built LeanExe.Extract.ScalarStep:c.o (3.0s)
✔ [293/338] Built LeanExe.Extract.ScalarStepEquations:c.o (1.9s)
✔ [295/338] Built LeanExe.Extract.ScalarStepSupported:c.o (1.8s)
✔ [311/338] Built LeanExe.Extract.ScalarRangeExit:c.o (2.5s)
✔ [331/338] Built LeanExe.Extract.OwnershipReport (1.1s)
✔ [334/338] Built LeanExe.CLI (1.2s)
✔ [336/338] Built Main (925ms)
✔ [338/338] Built «lean-wasm»:exe (520ms)
Build completed successfully (338 jobs).
