leanrun: LEANRUN_LOCAL=1; macOS has no cgroup CPU/memory/swap limits or ionice
leanrun: explicitly authorized inherited priority; nice unavailable
test/scalar_predicate_input.lean:6:39: error(lean.synthInstanceFailed): failed to synthesize instance of type class
  BEq (Id UInt64)

Hint: Type class instance resolution failures can be inspected with the `set_option trace.Meta.synthInstance true` command.
test/scalar_predicate_input.lean:10:52: error(lean.synthInstanceFailed): failed to synthesize instance of type class
  BEq (Id (Id UInt64))

Hint: Type class instance resolution failures can be inspected with the `set_option trace.Meta.synthInstance true` command.
test/scalar_predicate_input.lean:11:52: error(lean.synthInstanceFailed): failed to synthesize instance of type class
  HAdd (Id UInt64) Nat (Id (Id UInt64))

Hint: Type class instance resolution failures can be inspected with the `set_option trace.Meta.synthInstance true` command.
test/scalar_predicate_input.lean:21:39: error(lean.synthInstanceFailed): failed to synthesize instance of type class
  BEq (Id UInt64)

Hint: Type class instance resolution failures can be inspected with the `set_option trace.Meta.synthInstance true` command.
test/scalar_predicate_input.lean:23:53: error(lean.synthInstanceFailed): failed to synthesize instance of type class
  BEq (Id (Id UInt64))

Hint: Type class instance resolution failures can be inspected with the `set_option trace.Meta.synthInstance true` command.
test/scalar_predicate_input.lean:27:48: error(lean.synthInstanceFailed): failed to synthesize instance of type class
  HDiv (Id (Id UInt64)) UInt64 ?m.4

Hint: Type class instance resolution failures can be inspected with the `set_option trace.Meta.synthInstance true` command.
test/scalar_predicate_input.lean:31:39: error(lean.synthInstanceFailed): failed to synthesize instance of type class
  BEq (Id UInt64)

Hint: Type class instance resolution failures can be inspected with the `set_option trace.Meta.synthInstance true` command.
test/scalar_predicate_input.lean:39:41: error(lean.synthInstanceFailed): failed to synthesize instance of type class
  BEq (Id UInt64)

Hint: Type class instance resolution failures can be inspected with the `set_option trace.Meta.synthInstance true` command.
test/scalar_predicate_input.lean:39:41: error(lean.synthInstanceFailed): failed to synthesize instance of type class
  HMod (Id UInt64) Nat (Id UInt64)

Hint: Type class instance resolution failures can be inspected with the `set_option trace.Meta.synthInstance true` command.
test/scalar_predicate_input.lean:47:49: error(lean.synthInstanceFailed): failed to synthesize instance of type class
  BEq (Id (Id UInt64))

Hint: Type class instance resolution failures can be inspected with the `set_option trace.Meta.synthInstance true` command.
test/scalar_predicate_input.lean:48:54: error(lean.synthInstanceFailed): failed to synthesize instance of type class
  HAdd (Id UInt64) Nat (Id (Id UInt64))

Hint: Type class instance resolution failures can be inspected with the `set_option trace.Meta.synthInstance true` command.
test/scalar_predicate_input.lean:54:44: error(lean.synthInstanceFailed): failed to synthesize instance of type class
  BEq (Id (Id UInt64))

Hint: Type class instance resolution failures can be inspected with the `set_option trace.Meta.synthInstance true` command.
test/scalar_predicate_input.lean:54:44: error(lean.synthInstanceFailed): failed to synthesize instance of type class
  HMod (Id (Id UInt64)) Nat (Id (Id UInt64))

Hint: Type class instance resolution failures can be inspected with the `set_option trace.Meta.synthInstance true` command.
test/scalar_predicate_input.lean:64:55: error(lean.synthInstanceFailed): failed to synthesize instance of type class
  BEq (Id UInt64)

Hint: Type class instance resolution failures can be inspected with the `set_option trace.Meta.synthInstance true` command.
test/scalar_predicate_input.lean:80:0: error: Aborting evaluation since the expression depends on the 'sorry' axiom, which can lead to runtime instability and crashes.

To attempt to evaluate anyway despite the risks, use the '#eval!' command.
