⚠ [1/110] Replayed LeanExe.Examples.AsciiDigits
warning: LeanExe/Examples/AsciiDigits.lean:103:30: `if_false` has been deprecated: Use `ite_false` instead
warning: LeanExe/Examples/AsciiDigits.lean:109:78: `if_true` has been deprecated: Use `ite_true` instead
⚠ [66/110] Replayed LeanExe.IR.ScalarRangeSlots
warning: LeanExe/IR/ScalarRangeSlots.lean:25:2: try 'simp' instead of 'simpa'

Note: This linter can be disabled with `set_option linter.unnecessarySimpa false`
warning: LeanExe/IR/ScalarRangeSlots.lean:29:20: This simp argument is unused:
  read_suffix

Hint: Omit it from the simp argument list.
  [apply] simp [rangeStore]

Note: This linter can be disabled with `set_option linter.unusedSimpArgs false`
warning: LeanExe/IR/ScalarRangeSlots.lean:33:20: This simp argument is unused:
  read_suffix

Hint: Omit it from the simp argument list.
  [apply] simp [rangeStore]

Note: This linter can be disabled with `set_option linter.unusedSimpArgs false`
⚠ [92/110] Replayed LeanExe.IR.ScalarRangeExitSlots
warning: LeanExe/IR/ScalarRangeExitSlots.lean:18:2: try 'simp' instead of 'simpa'

Note: This linter can be disabled with `set_option linter.unnecessarySimpa false`
⚠ [97/110] Replayed LeanExe.Extract.ScalarFunc
warning: LeanExe/Extract/ScalarFunc.lean:76:28: This simp argument is unused:
  bind

Hint: Omit it from the simp argument list.
  [apply] simp only [rangeCase, pure, Option.bind_eq_some_iff, Option.some.injEq] at compiled

Note: This linter can be disabled with `set_option linter.unusedSimpArgs false`
✔ [109/232] Built LeanExe.Extract.Eval (970ms)
✔ [159/232] Built LeanExe.Source.ScalarDependentBranch:c.o (153ms)
✔ [160/232] Built LeanExe.Extract.ScalarDependentBranch:c.o (101ms)
✔ [168/232] Built LeanExe.Source.Scalar:c.o (187ms)
✔ [169/232] Built LeanExe.Extract.ScalarExprCore:c.o (2.7s)
✔ [170/232] Built LeanExe.Extract.ScalarExpr:c.o (1.9s)
✔ [186/232] Built LeanExe.Extract.ScalarStep:c.o (2.5s)
✔ [187/232] Built LeanExe.Extract.ScalarStepEquations:c.o (1.6s)
✔ [190/232] Built LeanExe.Extract.ScalarStepSupported:c.o (1.6s)
✔ [222/232] Built LeanExe.Extract.Report (1.5s)
✔ [226/232] Built LeanExe.Extract.OwnershipReport (1.1s)
✔ [228/232] Built LeanExe.CLI (1.2s)
✔ [230/232] Built Main (912ms)
✔ [232/232] Built «lean-wasm»:exe (527ms)
Build completed successfully (232 jobs).
