leanrun: LEANRUN_LOCAL=1; macOS has no cgroup CPU/memory/swap limits or ionice
leanrun: explicitly authorized inherited priority; nice unavailable
⚠ [81/154] Replayed LeanExe.Extract.ScalarGuardSyntax
warning: LeanExe/Extract/ScalarGuardSyntax.lean:384:4: try 'simp' instead of 'simpa'

Note: This linter can be disabled with `set_option linter.unnecessarySimpa false`
⚠ [143/154] Replayed LeanExe.Extract.ScalarExprCore
warning: LeanExe/Extract/ScalarExprCore.lean:443:31: Variable name `wrapper` is not explicitly referenced.

Hint: The binding can be removed (if unused) or named `_` (if used implicitly). Alternatively, prefix the name with `_` to silence this warning:
  [apply] _wrapper

Note: This linter can be disabled with `set_option linter.unusedVariables false`
warning: LeanExe/Extract/ScalarExprCore.lean:451:31: Variable name `name` is not explicitly referenced.

Hint: The binding can be removed (if unused) or named `_` (if used implicitly). Alternatively, prefix the name with `_` to silence this warning:
  [apply] _name

Note: This linter can be disabled with `set_option linter.unusedVariables false`
warning: LeanExe/Extract/ScalarExprCore.lean:451:36: Variable name `form` is not explicitly referenced.

Hint: The binding can be removed (if unused) or named `_` (if used implicitly). Alternatively, prefix the name with `_` to silence this warning:
  [apply] _form

Note: This linter can be disabled with `set_option linter.unusedVariables false`
warning: LeanExe/Extract/ScalarExprCore.lean:451:52: Variable name `type` is not explicitly referenced.

Hint: The binding can be removed (if unused) or named `_` (if used implicitly). Alternatively, prefix the name with `_` to silence this warning:
  [apply] _type

Note: This linter can be disabled with `set_option linter.unusedVariables false`
warning: LeanExe/Extract/ScalarExprCore.lean:460:35: Variable name `name` is not explicitly referenced.

Hint: The binding can be removed (if unused) or named `_` (if used implicitly). Alternatively, prefix the name with `_` to silence this warning:
  [apply] _name

Note: This linter can be disabled with `set_option linter.unusedVariables false`
warning: LeanExe/Extract/ScalarExprCore.lean:460:40: Variable name `form` is not explicitly referenced.

Hint: The binding can be removed (if unused) or named `_` (if used implicitly). Alternatively, prefix the name with `_` to silence this warning:
  [apply] _form

Note: This linter can be disabled with `set_option linter.unusedVariables false`
warning: LeanExe/Extract/ScalarExprCore.lean:460:56: Variable name `type` is not explicitly referenced.

Hint: The binding can be removed (if unused) or named `_` (if used implicitly). Alternatively, prefix the name with `_` to silence this warning:
  [apply] _type

Note: This linter can be disabled with `set_option linter.unusedVariables false`
warning: LeanExe/Extract/ScalarExprCore.lean:529:12: Variable name `bounds` is not explicitly referenced.

Hint: The binding can be removed (if unused) or named `_` (if used implicitly). Alternatively, prefix the name with `_` to silence this warning:
  [apply] _bounds

Note: This linter can be disabled with `set_option linter.unusedVariables false`
⚠ [144/154] Replayed LeanExe.Extract.ScalarExpr
warning: LeanExe/Extract/ScalarExpr.lean:190:54: `if_pos` has been deprecated: Use `ite_eq_left` instead
warning: LeanExe/Extract/ScalarExpr.lean:191:54: `if_neg` has been deprecated: Use `ite_eq_right` instead
warning: LeanExe/Extract/ScalarExpr.lean:206:54: `if_pos` has been deprecated: Use `ite_eq_left` instead
warning: LeanExe/Extract/ScalarExpr.lean:207:54: `if_neg` has been deprecated: Use `ite_eq_right` instead
warning: LeanExe/Extract/ScalarExpr.lean:238:54: `if_pos` has been deprecated: Use `ite_eq_left` instead
warning: LeanExe/Extract/ScalarExpr.lean:239:54: `if_neg` has been deprecated: Use `ite_eq_right` instead
warning: LeanExe/Extract/ScalarExpr.lean:253:54: `if_pos` has been deprecated: Use `ite_eq_left` instead
warning: LeanExe/Extract/ScalarExpr.lean:254:54: `if_neg` has been deprecated: Use `ite_eq_right` instead
warning: LeanExe/Extract/ScalarExpr.lean:1119:54: `if_neg` has been deprecated: Use `ite_eq_right` instead
warning: LeanExe/Extract/ScalarExpr.lean:1229:63: `if_neg` has been deprecated: Use `ite_eq_right` instead
warning: LeanExe/Extract/ScalarExpr.lean:1525:47: `if_neg` has been deprecated: Use `ite_eq_right` instead
warning: LeanExe/Extract/ScalarExpr.lean:1547:18: `if_neg` has been deprecated: Use `ite_eq_right` instead
warning: LeanExe/Extract/ScalarExpr.lean:1569:18: `if_neg` has been deprecated: Use `ite_eq_right` instead
warning: LeanExe/Extract/ScalarExpr.lean:1591:18: `if_neg` has been deprecated: Use `ite_eq_right` instead
warning: LeanExe/Extract/ScalarExpr.lean:1613:18: `if_neg` has been deprecated: Use `ite_eq_right` instead
warning: LeanExe/Extract/ScalarExpr.lean:1637:18: `if_neg` has been deprecated: Use `ite_eq_right` instead
warning: LeanExe/Extract/ScalarExpr.lean:1661:18: `if_neg` has been deprecated: Use `ite_eq_right` instead
warning: LeanExe/Extract/ScalarExpr.lean:1679:46: `if_neg` has been deprecated: Use `ite_eq_right` instead
warning: LeanExe/Extract/ScalarExpr.lean:1698:46: `if_neg` has been deprecated: Use `ite_eq_right` instead
warning: LeanExe/Extract/ScalarExpr.lean:1717:50: `if_neg` has been deprecated: Use `ite_eq_right` instead
✔ [148/154] Built LeanExe.Source.ScalarManyFunctionSemantics (901ms)
✔ [149/155] Built LeanExe.Source.ScalarStep (1.4s)
✔ [151/158] Built LeanExe.Extract.ScalarStep (8.8s)
✔ [153/158] Built LeanExe.Extract.ScalarStepEquations (9.5s)
⚠ [155/158] Built LeanExe.Extract.ScalarStepSupported (8.3s)
warning: LeanExe/Extract/ScalarStepSupported.lean:106:54: `if_neg` has been deprecated: Use `ite_eq_right` instead
warning: LeanExe/Extract/ScalarStepSupported.lean:455:63: `if_neg` has been deprecated: Use `ite_eq_right` instead
✔ [156/161] Built LeanExe.Extract.ScalarStepAcceptance (1.2s)
✔ [158/165] Built LeanExe.Source.ScalarRangeCount (1.2s)
✔ [159/165] Built LeanExe.Extract.ScalarRangeCount (1.1s)
✔ [160/167] Built LeanExe.Source.ScalarRangeStrideSyntax (896ms)
✔ [161/170] Built LeanExe.Extract.ScalarRangeStrideSyntax (876ms)
✔ [162/171] Built LeanExe.Source.ScalarRangeExitSyntax (931ms)
⚠ [164/171] Replayed LeanExe.IR.ScalarRangeSlots
warning: LeanExe/IR/ScalarRangeSlots.lean:25:2: try 'simp' instead of 'simpa'

Note: This linter can be disabled with `set_option linter.unnecessarySimpa false`
warning: LeanExe/IR/ScalarRangeSlots.lean:29:20: This simp argument is unused:
  read_suffix

Hint: Omit it from the simp argument list.
  [apply] simp [rangeStore]

Note: This linter can be disabled with `set_option linter.unusedSimpArgs false`
warning: LeanExe/IR/ScalarRangeSlots.lean:33:20: This simp argument is unused:
  read_suffix

Hint: Omit it from the simp argument list.
  [apply] simp [rangeStore]

Note: This linter can be disabled with `set_option linter.unusedSimpArgs false`
✔ [166/171] Built LeanExe.Source.ScalarRangeExitSupported (1.1s)
✔ [167/173] Built LeanExe.Extract.ScalarRangeExitSyntax (1.1s)
⚠ [168/173] Replayed LeanExe.IR.ScalarRangeExitSlots
warning: LeanExe/IR/ScalarRangeExitSlots.lean:18:2: try 'simp' instead of 'simpa'

Note: This linter can be disabled with `set_option linter.unnecessarySimpa false`
✔ [170/175] Built LeanExe.Extract.ScalarRangeExit (7.7s)
✔ [171/175] Built LeanExe.Extract.ScalarBooleanRangeContinuation (1.7s)
✔ [172/181] Built LeanExe.Extract.ScalarRangeBinding (982ms)
✔ [176/182] Built LeanExe.Source.ScalarBooleanAccumulatorSyntax (926ms)
✔ [178/182] Built LeanExe.Source.ScalarBooleanStep (1.1s)
✔ [179/182] Built LeanExe.Extract.ScalarBooleanAccumulatorSyntax (1.1s)
✔ [180/184] Built LeanExe.Source.ScalarBooleanAccumulator (911ms)
✔ [181/186] Built LeanExe.Source.ScalarBooleanRange (1.2s)
✔ [183/186] Built LeanExe.Extract.ScalarBooleanStep (6.6s)
⚠ [184/192] Built LeanExe.Extract.ScalarStepCorrectness (1.1s)
warning: LeanExe/Extract/ScalarStepCorrectness.lean:325:23: This simp argument is unused:
  Option.bind_some

Hint: Omit it from the simp argument list.
  [apply] simp only [bind, Option.bind_eq_some_iff] at compiled

Note: This linter can be disabled with `set_option linter.unusedSimpArgs false`
✔ [185/193] Built LeanExe.Extract.ScalarRangeExitCorrectness (1.0s)
✔ [186/197] Built LeanExe.Extract.ScalarStepInvariant (1.1s)
✔ [187/197] Built LeanExe.Source.ScalarBooleanWordRange (1.1s)
✔ [188/197] Built LeanExe.Extract.ScalarRangeExitInvariant (1.0s)
✔ [189/197] Built LeanExe.Source.ScalarWordRange (1.1s)
✔ [190/197] Built LeanExe.Extract.ScalarBooleanAccumulator (999ms)
✔ [191/202] Built LeanExe.Extract.ScalarBooleanRange (7.0s)
✔ [193/202] Built LeanExe.Extract.ScalarBooleanRangeChoice (932ms)
✔ [195/202] Built LeanExe.Source.ScalarRangeSupported (904ms)
✔ [196/202] Built LeanExe.Extract.ScalarBooleanRangeInvariant (980ms)
✔ [197/205] Built LeanExe.Extract.ScalarBooleanRangeCorrectness (1.2s)
✔ [198/205] Built LeanExe.Extract.ScalarRange (2.4s)
✔ [200/207] Built LeanExe.Extract.ScalarBooleanWordRange (8.8s)
✔ [202/207] Built LeanExe.Extract.ScalarRangeCorrectness (976ms)
✔ [203/207] Built LeanExe.Extract.ScalarWordRange (8.1s)
✔ [205/207] Built LeanExe.Source.ScalarFunction (998ms)
✔ [206/207] Built LeanExe.Extract.ScalarSignature (1.1s)
✔ [207/207] Built LeanExe.Extract.ScalarFunc (1.1s)
Build completed successfully (207 jobs).
