cli-build: passed
admission-test: passed
reserved-exports: passed
fixture: passed
native-results: passed
compile-constant: passed
compile-publicInputIdWord: passed
compile-publicInputIdResult: passed
compile-booleanHelperReturnWord: passed
compile-booleanHelperReturnBoolean: passed
compile-booleanHelperReturnNested: passed
compile-booleanHelperReturnCondition: passed
compile-booleanHelperReturnCaptured: passed
compile-booleanHelperReturnIgnored: passed
compile-publicFlagWord: passed
compile-publicFlagResult: passed
compile-rangeWordBoolHelperId: passed
compile-rangeWordChooseLoops: passed
compile-rangeWordChooseHelpers: passed
compile-rangeWordChooseSetupWord: passed
compile-rangeWordChooseSetupFlag: passed
compile-rangeWordChooseSetupDo: passed
compile-rangeWordChooseSetupNested: passed
compile-rangeWordChooseSavedResult: passed
compile-rangeWordChooseShowResult: passed
compile-rangeWordChooseSetupExit: passed
compile-rangeWordChooseSetupContinue: passed
compile-rangeWordChooseSetupStride: passed
compile-rangeWordChooseSetupId: passed
compile-rangeBoolTailHelperCapture: passed
compile-rangeBoolTailHelperBoolean: passed
compile-rangeBoolTailHelperNestedId: passed
compile-rangeWordStepReturnedHelper: passed
Passed 549 native Lean / independent Wasm engine comparisons across 28 declarations.
