leanrun: LEANRUN_LOCAL=1; macOS has no cgroup CPU/memory/swap limits or ionice
leanrun: explicitly authorized inherited priority; nice unavailable
✔ [47/50] Built LeanExe.Source.ScalarBooleanEqualityForm (1.1s)
✔ [48/51] Built LeanExe.Source.ScalarBooleanChoiceForm (981ms)
✔ [49/62] Built LeanExe.Source.ScalarBooleanConditionInputs (913ms)
✔ [59/64] Built LeanExe.Extract.ScalarGuardLowering (852ms)
✔ [61/79] Built LeanExe.Extract.ScalarBooleanWordNegation (860ms)
✔ [73/80] Built LeanExe.Extract.ScalarBooleanGuard (925ms)
✔ [75/83] Built LeanExe.Extract.ScalarBooleanChoiceLowering (850ms)
⚠ [77/86] Replayed LeanExe.Extract.ScalarGuardSyntax
warning: LeanExe/Extract/ScalarGuardSyntax.lean:367:4: try 'simp' instead of 'simpa'

Note: This linter can be disabled with `set_option linter.unnecessarySimpa false`
✔ [78/86] Built LeanExe.Extract.ScalarBooleanFunctionLookup (891ms)
✔ [79/86] Built LeanExe.Extract.ScalarGuard (1.0s)
✔ [80/86] Built LeanExe.Extract.ScalarBooleanLetVariables (890ms)
✔ [81/87] Built LeanExe.Extract.ScalarBooleanLocalCore (1.0s)
✔ [82/87] Built LeanExe.Extract.ScalarBooleanLocalFacts (1.4s)
✔ [83/89] Built LeanExe.Extract.ScalarBooleanLocalAcceptance (1.4s)
✔ [85/94] Built LeanExe.Extract.ScalarBooleanLocalCorrectness (1.0s)
✔ [87/94] Built LeanExe.Extract.ScalarBooleanLocal (863ms)
✔ [89/102] Built LeanExe.Extract.ScalarBooleanFunctionBinding (979ms)
✔ [91/102] Built LeanExe.Extract.ScalarBooleanLocalParser (14s)
✔ [92/102] Built LeanExe.Source.ScalarBooleanLocalValues (899ms)
✔ [94/105] Built LeanExe.Extract.ScalarBooleanLocalParserEquations (909ms)
✔ [95/105] Built LeanExe.Extract.ScalarBooleanLocalSyntax (1.5s)
✔ [96/107] Built LeanExe.Source.ScalarBooleanAction (887ms)
✔ [97/108] Built LeanExe.Extract.ScalarBooleanLocalBindings (888ms)
✔ [98/108] Built LeanExe.Extract.ScalarBooleanAction (855ms)
✔ [100/110] Built LeanExe.Extract.ScalarBooleanPredicateBindings (889ms)
✔ [102/110] Built LeanExe.Extract.ScalarBooleanBind (887ms)
✔ [104/112] Built LeanExe.Extract.ScalarBooleanPredicateJunction (910ms)
✔ [106/112] Built LeanExe.Extract.ScalarBooleanPredicateEquality (919ms)
✔ [109/114] Built LeanExe.Extract.ScalarBooleanPredicateChoice (893ms)
✔ [111/114] Built LeanExe.Extract.ScalarBooleanCondition (948ms)
✔ [112/114] Built LeanExe.Source.ScalarBooleanPropositionChoiceForm (911ms)
✔ [113/117] Built LeanExe.Extract.ScalarBooleanPredicatePropositionChoice (843ms)
✔ [114/121] Built LeanExe.Source.ScalarDependentBranch (901ms)
✔ [116/124] Built LeanExe.Extract.ScalarDependentBranch (882ms)
✔ [117/124] Built LeanExe.Source.Scalar (1.5s)
✔ [119/129] Built LeanExe.Extract.ScalarBooleanLocalDependentBranch (883ms)
⚠ [121/130] Built LeanExe.Extract.ScalarExprCore (15s)
warning: LeanExe/Extract/ScalarExprCore.lean:339:31: Variable name `wrapper` is not explicitly referenced.

Hint: The binding can be removed (if unused) or named `_` (if used implicitly). Alternatively, prefix the name with `_` to silence this warning:
  [apply] _wrapper

Note: This linter can be disabled with `set_option linter.unusedVariables false`
warning: LeanExe/Extract/ScalarExprCore.lean:347:31: Variable name `name` is not explicitly referenced.

Hint: The binding can be removed (if unused) or named `_` (if used implicitly). Alternatively, prefix the name with `_` to silence this warning:
  [apply] _name

Note: This linter can be disabled with `set_option linter.unusedVariables false`
warning: LeanExe/Extract/ScalarExprCore.lean:347:36: Variable name `form` is not explicitly referenced.

Hint: The binding can be removed (if unused) or named `_` (if used implicitly). Alternatively, prefix the name with `_` to silence this warning:
  [apply] _form

Note: This linter can be disabled with `set_option linter.unusedVariables false`
warning: LeanExe/Extract/ScalarExprCore.lean:347:52: Variable name `type` is not explicitly referenced.

Hint: The binding can be removed (if unused) or named `_` (if used implicitly). Alternatively, prefix the name with `_` to silence this warning:
  [apply] _type

Note: This linter can be disabled with `set_option linter.unusedVariables false`
warning: LeanExe/Extract/ScalarExprCore.lean:356:35: Variable name `name` is not explicitly referenced.

Hint: The binding can be removed (if unused) or named `_` (if used implicitly). Alternatively, prefix the name with `_` to silence this warning:
  [apply] _name

Note: This linter can be disabled with `set_option linter.unusedVariables false`
warning: LeanExe/Extract/ScalarExprCore.lean:356:40: Variable name `form` is not explicitly referenced.

Hint: The binding can be removed (if unused) or named `_` (if used implicitly). Alternatively, prefix the name with `_` to silence this warning:
  [apply] _form

Note: This linter can be disabled with `set_option linter.unusedVariables false`
warning: LeanExe/Extract/ScalarExprCore.lean:356:56: Variable name `type` is not explicitly referenced.

Hint: The binding can be removed (if unused) or named `_` (if used implicitly). Alternatively, prefix the name with `_` to silence this warning:
  [apply] _type

Note: This linter can be disabled with `set_option linter.unusedVariables false`
warning: LeanExe/Extract/ScalarExprCore.lean:411:12: Variable name `bounds` is not explicitly referenced.

Hint: The binding can be removed (if unused) or named `_` (if used implicitly). Alternatively, prefix the name with `_` to silence this warning:
  [apply] _bounds

Note: This linter can be disabled with `set_option linter.unusedVariables false`
✔ [123/130] Built LeanExe.Source.ScalarManyFunctionSemantics (904ms)
⚠ [124/131] Built LeanExe.Extract.ScalarExpr (1.5s)
warning: LeanExe/Extract/ScalarExpr.lean:172:54: `if_pos` has been deprecated: Use `ite_eq_left` instead
warning: LeanExe/Extract/ScalarExpr.lean:173:54: `if_neg` has been deprecated: Use `ite_eq_right` instead
warning: LeanExe/Extract/ScalarExpr.lean:188:54: `if_pos` has been deprecated: Use `ite_eq_left` instead
warning: LeanExe/Extract/ScalarExpr.lean:189:54: `if_neg` has been deprecated: Use `ite_eq_right` instead
warning: LeanExe/Extract/ScalarExpr.lean:220:54: `if_pos` has been deprecated: Use `ite_eq_left` instead
warning: LeanExe/Extract/ScalarExpr.lean:221:54: `if_neg` has been deprecated: Use `ite_eq_right` instead
warning: LeanExe/Extract/ScalarExpr.lean:235:54: `if_pos` has been deprecated: Use `ite_eq_left` instead
warning: LeanExe/Extract/ScalarExpr.lean:236:54: `if_neg` has been deprecated: Use `ite_eq_right` instead
warning: LeanExe/Extract/ScalarExpr.lean:923:54: `if_neg` has been deprecated: Use `ite_eq_right` instead
warning: LeanExe/Extract/ScalarExpr.lean:1022:63: `if_neg` has been deprecated: Use `ite_eq_right` instead
warning: LeanExe/Extract/ScalarExpr.lean:1238:47: `if_neg` has been deprecated: Use `ite_eq_right` instead
warning: LeanExe/Extract/ScalarExpr.lean:1260:18: `if_neg` has been deprecated: Use `ite_eq_right` instead
warning: LeanExe/Extract/ScalarExpr.lean:1282:18: `if_neg` has been deprecated: Use `ite_eq_right` instead
warning: LeanExe/Extract/ScalarExpr.lean:1304:18: `if_neg` has been deprecated: Use `ite_eq_right` instead
warning: LeanExe/Extract/ScalarExpr.lean:1326:18: `if_neg` has been deprecated: Use `ite_eq_right` instead
warning: LeanExe/Extract/ScalarExpr.lean:1350:18: `if_neg` has been deprecated: Use `ite_eq_right` instead
warning: LeanExe/Extract/ScalarExpr.lean:1374:18: `if_neg` has been deprecated: Use `ite_eq_right` instead
warning: LeanExe/Extract/ScalarExpr.lean:1392:46: `if_neg` has been deprecated: Use `ite_eq_right` instead
warning: LeanExe/Extract/ScalarExpr.lean:1411:46: `if_neg` has been deprecated: Use `ite_eq_right` instead
warning: LeanExe/Extract/ScalarExpr.lean:1430:50: `if_neg` has been deprecated: Use `ite_eq_right` instead
✔ [125/131] Built LeanExe.Source.ScalarStep (1.4s)
✔ [127/134] Built LeanExe.Extract.ScalarStep (8.0s)
⚠ [129/134] Built LeanExe.Extract.ScalarStepEquations (9.4s)
warning: LeanExe/Extract/ScalarStepEquations.lean:153:33: This simp argument is unused:
  BooleanType.expr

Hint: Omit it from the simp argument list.
  [apply] simp

Note: This linter can be disabled with `set_option linter.unusedSimpArgs false`
⚠ [131/134] Built LeanExe.Extract.ScalarStepSupported (8.2s)
warning: LeanExe/Extract/ScalarStepSupported.lean:96:54: `if_neg` has been deprecated: Use `ite_eq_right` instead
warning: LeanExe/Extract/ScalarStepSupported.lean:437:63: `if_neg` has been deprecated: Use `ite_eq_right` instead
✔ [132/137] Built LeanExe.Extract.ScalarStepAcceptance (1.2s)
✔ [134/140] Built LeanExe.Source.ScalarRangeCount (1.1s)
✔ [135/141] Built LeanExe.Source.ScalarRangeStrideSyntax (879ms)
✔ [136/141] Built LeanExe.Extract.ScalarRangeCount (1.0s)
✔ [137/141] Built LeanExe.Source.ScalarRangeExitSyntax (866ms)
✔ [138/141] Built LeanExe.Extract.ScalarRangeStrideSyntax (887ms)
✔ [139/146] Built LeanExe.Source.ScalarRangeExitSupported (1.1s)
✔ [140/149] Built LeanExe.Extract.ScalarRangeExitSyntax (1.1s)
⚠ [142/149] Replayed LeanExe.IR.ScalarRangeSlots
warning: LeanExe/IR/ScalarRangeSlots.lean:25:2: try 'simp' instead of 'simpa'

Note: This linter can be disabled with `set_option linter.unnecessarySimpa false`
warning: LeanExe/IR/ScalarRangeSlots.lean:29:20: This simp argument is unused:
  read_suffix

Hint: Omit it from the simp argument list.
  [apply] simp [rangeStore]

Note: This linter can be disabled with `set_option linter.unusedSimpArgs false`
warning: LeanExe/IR/ScalarRangeSlots.lean:33:20: This simp argument is unused:
  read_suffix

Hint: Omit it from the simp argument list.
  [apply] simp [rangeStore]

Note: This linter can be disabled with `set_option linter.unusedSimpArgs false`
⚠ [144/149] Replayed LeanExe.IR.ScalarRangeExitSlots
warning: LeanExe/IR/ScalarRangeExitSlots.lean:18:2: try 'simp' instead of 'simpa'

Note: This linter can be disabled with `set_option linter.unnecessarySimpa false`
✔ [145/149] Built LeanExe.Extract.ScalarRangeExit (7.8s)
✔ [146/149] Built LeanExe.Source.ScalarBooleanCall (962ms)
✔ [147/153] Built LeanExe.Extract.ScalarRangeBinding (904ms)
✔ [148/153] Built LeanExe.Extract.ScalarBooleanRangeContinuation (1.6s)
✔ [149/153] Built LeanExe.Source.ScalarBooleanFunctionChoice (919ms)
✔ [150/155] Built LeanExe.Source.ScalarBooleanRange (1.1s)
✔ [151/155] Built LeanExe.Extract.ScalarBooleanFunctionChoice (1.0s)
⚠ [152/155] Built LeanExe.Extract.ScalarStepCorrectness (1.1s)
warning: LeanExe/Extract/ScalarStepCorrectness.lean:299:23: This simp argument is unused:
  Option.bind_some

Hint: Omit it from the simp argument list.
  [apply] simp only [bind, Option.bind_eq_some_iff] at compiled

Note: This linter can be disabled with `set_option linter.unusedSimpArgs false`
✔ [153/159] Built LeanExe.Extract.ScalarBooleanRange (7.9s)
✔ [154/160] Built LeanExe.Extract.ScalarRangeExitCorrectness (1.1s)
✔ [155/162] Built LeanExe.Extract.ScalarStepInvariant (1.1s)
✔ [156/164] Built LeanExe.Extract.ScalarRangeExitInvariant (1.0s)
✔ [157/164] Built LeanExe.Source.ScalarBooleanWordRange (1.1s)
✔ [158/164] Built LeanExe.Extract.ScalarBooleanRangeChoice (892ms)
✔ [159/164] Built LeanExe.Source.ScalarWordRange (1.1s)
✔ [160/164] Built LeanExe.Extract.ScalarBooleanRangeInvariant (982ms)
✔ [161/166] Built LeanExe.Extract.ScalarBooleanRangeCorrectness (1.1s)
✔ [162/169] Built LeanExe.Extract.ScalarBooleanWordRange (8.8s)
✔ [164/169] Built LeanExe.Extract.ScalarWordRange (8.1s)
✔ [166/169] Built LeanExe.Source.ScalarRangeSupported (891ms)
✔ [167/173] Built LeanExe.Extract.ScalarRange (2.4s)
✔ [170/175] Built LeanExe.Extract.ScalarRangeCorrectness (994ms)
✔ [172/175] Built LeanExe.Extract.ScalarPublicBindings (937ms)
✔ [173/175] Built LeanExe.Source.ScalarFunction (1.0s)
✔ [174/175] Built LeanExe.Extract.ScalarSignature (1.0s)
✔ [175/175] Built LeanExe.Extract.ScalarFunc (1.1s)
Build completed successfully (175 jobs).
