leanrun: LEANRUN_LOCAL=1; macOS has no cgroup CPU/memory/swap limits or ionice
leanrun: explicitly authorized inherited priority; nice unavailable
✔ [4/12] Built LeanExe.Source.ScalarBooleanFunctionBinding (971ms)
⚠ [11/22] Built LeanExe.Extract.ScalarBooleanFunctionBinding (952ms)
warning: LeanExe/Extract/ScalarBooleanFunctionBinding.lean:16:12: Variable name `parsed` is not explicitly referenced.

Hint: The binding can be removed (if unused) or named `_` (if used implicitly). Alternatively, prefix the name with `_` to silence this warning:
  [apply] _parsed

Note: This linter can be disabled with `set_option linter.unusedVariables false`
✔ [18/23] Built LeanExe.Source.ScalarBooleanLet (958ms)
✔ [20/31] Built LeanExe.Source.ScalarGuardLet (1.1s)
✔ [21/32] Built LeanExe.Source.ScalarGuard (1.2s)
✔ [23/34] Built LeanExe.Source.ScalarGuardCondition (890ms)
✔ [29/35] Built LeanExe.Source.ScalarBooleanEnvironment (921ms)
✔ [30/36] Built LeanExe.Source.ScalarGuardDecision (940ms)
✔ [31/36] Built LeanExe.Source.ScalarCompoundGuard (930ms)
✔ [32/36] Built LeanExe.Source.ScalarDecidedGuard (916ms)
✔ [34/38] Built LeanExe.Source.ScalarPropositionGuard (940ms)
✔ [36/58] Built LeanExe.Source.ScalarBooleanLocal (1.6s)
✔ [53/61] Built LeanExe.Extract.ScalarGuardLet (855ms)
✔ [55/61] Built LeanExe.Extract.ScalarGuardDecision (1.0s)
⚠ [56/61] Built LeanExe.Extract.ScalarGuardSyntax (1.4s)
warning: LeanExe/Extract/ScalarGuardSyntax.lean:367:4: try 'simp' instead of 'simpa'

Note: This linter can be disabled with `set_option linter.unnecessarySimpa false`
✔ [57/61] Built LeanExe.Extract.ScalarBooleanRelation (1.0s)
✔ [58/61] Built LeanExe.Extract.ScalarPropositionGuard (910ms)
✔ [59/61] Built LeanExe.Extract.ScalarBooleanLocalParser (14s)
✔ [60/61] Built LeanExe.Extract.ScalarBooleanLocalParserEquations (914ms)
✔ [61/61] Built LeanExe.Extract.ScalarBooleanLocalSyntax (1.6s)
Build completed successfully (61 jobs).
