cli-build: passed
admission-test: passed
reserved-exports: passed
fixture: passed
native-results: passed
compile-constant: passed
compile-publicIdWord: passed
compile-publicIdNested: passed
compile-publicIdBind: passed
compile-publicIdBool: passed
compile-publicIdBoolNested: passed
compile-publicIdBoolHelper: passed
compile-publicBooleanTrue: passed
compile-publicBooleanCompare: passed
compile-publicBooleanChoice: passed
compile-publicBooleanDependent: passed
compile-publicBooleanLet: passed
compile-publicBooleanDo: passed
compile-compareBEq: passed
compile-mixedGuardDo: passed
compile-rangePublicIdYield: passed
compile-rangePublicIdExit: passed
compile-rangePublicIdContinue: passed
compile-rangePublicIdCapture: passed
compile-rangeBooleanCallArgumentStep: passed
compile-rangeBooleanCallArgumentContinue: passed
compile-rangeBooleanCallArgumentOuter: passed
compile-rangeBooleanCallArgumentBind: passed
compile-rangeBooleanInputStep: passed
compile-rangeBooleanInputContinue: passed
compile-rangeBooleanInputOuter: passed
compile-rangeBooleanInputHelper: passed
compile-rangeBooleanPredicateResultStep: passed
Passed 509 native Lean / independent Wasm engine comparisons across 28 declarations.
