leanrun: LEANRUN_LOCAL=1; macOS has no cgroup CPU/memory/swap limits or ionice
leanrun: explicitly authorized inherited priority; nice unavailable
⚠ [83/431] Replayed LeanExe.Extract.ScalarGuardSyntax
warning: LeanExe/Extract/ScalarGuardSyntax.lean:384:4: try 'simp' instead of 'simpa'

Note: This linter can be disabled with `set_option linter.unnecessarySimpa false`
⚠ [146/431] Replayed LeanExe.Extract.ScalarExprCore
warning: LeanExe/Extract/ScalarExprCore.lean:474:31: Variable name `wrapper` is not explicitly referenced.

Hint: The binding can be removed (if unused) or named `_` (if used implicitly). Alternatively, prefix the name with `_` to silence this warning:
  [apply] _wrapper

Note: This linter can be disabled with `set_option linter.unusedVariables false`
warning: LeanExe/Extract/ScalarExprCore.lean:482:31: Variable name `name` is not explicitly referenced.

Hint: The binding can be removed (if unused) or named `_` (if used implicitly). Alternatively, prefix the name with `_` to silence this warning:
  [apply] _name

Note: This linter can be disabled with `set_option linter.unusedVariables false`
warning: LeanExe/Extract/ScalarExprCore.lean:482:36: Variable name `form` is not explicitly referenced.

Hint: The binding can be removed (if unused) or named `_` (if used implicitly). Alternatively, prefix the name with `_` to silence this warning:
  [apply] _form

Note: This linter can be disabled with `set_option linter.unusedVariables false`
warning: LeanExe/Extract/ScalarExprCore.lean:482:52: Variable name `type` is not explicitly referenced.

Hint: The binding can be removed (if unused) or named `_` (if used implicitly). Alternatively, prefix the name with `_` to silence this warning:
  [apply] _type

Note: This linter can be disabled with `set_option linter.unusedVariables false`
warning: LeanExe/Extract/ScalarExprCore.lean:491:35: Variable name `name` is not explicitly referenced.

Hint: The binding can be removed (if unused) or named `_` (if used implicitly). Alternatively, prefix the name with `_` to silence this warning:
  [apply] _name

Note: This linter can be disabled with `set_option linter.unusedVariables false`
warning: LeanExe/Extract/ScalarExprCore.lean:491:40: Variable name `form` is not explicitly referenced.

Hint: The binding can be removed (if unused) or named `_` (if used implicitly). Alternatively, prefix the name with `_` to silence this warning:
  [apply] _form

Note: This linter can be disabled with `set_option linter.unusedVariables false`
warning: LeanExe/Extract/ScalarExprCore.lean:491:56: Variable name `type` is not explicitly referenced.

Hint: The binding can be removed (if unused) or named `_` (if used implicitly). Alternatively, prefix the name with `_` to silence this warning:
  [apply] _type

Note: This linter can be disabled with `set_option linter.unusedVariables false`
warning: LeanExe/Extract/ScalarExprCore.lean:563:12: Variable name `bounds` is not explicitly referenced.

Hint: The binding can be removed (if unused) or named `_` (if used implicitly). Alternatively, prefix the name with `_` to silence this warning:
  [apply] _bounds

Note: This linter can be disabled with `set_option linter.unusedVariables false`
⚠ [148/431] Replayed LeanExe.Extract.ScalarExpr
warning: LeanExe/Extract/ScalarExpr.lean:190:54: `if_pos` has been deprecated: Use `ite_eq_left` instead
warning: LeanExe/Extract/ScalarExpr.lean:191:54: `if_neg` has been deprecated: Use `ite_eq_right` instead
warning: LeanExe/Extract/ScalarExpr.lean:206:54: `if_pos` has been deprecated: Use `ite_eq_left` instead
warning: LeanExe/Extract/ScalarExpr.lean:207:54: `if_neg` has been deprecated: Use `ite_eq_right` instead
warning: LeanExe/Extract/ScalarExpr.lean:238:54: `if_pos` has been deprecated: Use `ite_eq_left` instead
warning: LeanExe/Extract/ScalarExpr.lean:239:54: `if_neg` has been deprecated: Use `ite_eq_right` instead
warning: LeanExe/Extract/ScalarExpr.lean:253:54: `if_pos` has been deprecated: Use `ite_eq_left` instead
warning: LeanExe/Extract/ScalarExpr.lean:254:54: `if_neg` has been deprecated: Use `ite_eq_right` instead
warning: LeanExe/Extract/ScalarExpr.lean:1187:54: `if_neg` has been deprecated: Use `ite_eq_right` instead
warning: LeanExe/Extract/ScalarExpr.lean:1297:63: `if_neg` has been deprecated: Use `ite_eq_right` instead
warning: LeanExe/Extract/ScalarExpr.lean:1617:47: `if_neg` has been deprecated: Use `ite_eq_right` instead
warning: LeanExe/Extract/ScalarExpr.lean:1639:18: `if_neg` has been deprecated: Use `ite_eq_right` instead
warning: LeanExe/Extract/ScalarExpr.lean:1661:18: `if_neg` has been deprecated: Use `ite_eq_right` instead
warning: LeanExe/Extract/ScalarExpr.lean:1683:18: `if_neg` has been deprecated: Use `ite_eq_right` instead
warning: LeanExe/Extract/ScalarExpr.lean:1705:18: `if_neg` has been deprecated: Use `ite_eq_right` instead
warning: LeanExe/Extract/ScalarExpr.lean:1729:18: `if_neg` has been deprecated: Use `ite_eq_right` instead
warning: LeanExe/Extract/ScalarExpr.lean:1753:18: `if_neg` has been deprecated: Use `ite_eq_right` instead
warning: LeanExe/Extract/ScalarExpr.lean:1771:46: `if_neg` has been deprecated: Use `ite_eq_right` instead
warning: LeanExe/Extract/ScalarExpr.lean:1790:46: `if_neg` has been deprecated: Use `ite_eq_right` instead
warning: LeanExe/Extract/ScalarExpr.lean:1809:50: `if_neg` has been deprecated: Use `ite_eq_right` instead
⚠ [157/431] Replayed LeanExe.Extract.ScalarStepSupported
warning: LeanExe/Extract/ScalarStepSupported.lean:106:54: `if_neg` has been deprecated: Use `ite_eq_right` instead
warning: LeanExe/Extract/ScalarStepSupported.lean:465:63: `if_neg` has been deprecated: Use `ite_eq_right` instead
⚠ [170/431] Replayed LeanExe.IR.ScalarRangeSlots
warning: LeanExe/IR/ScalarRangeSlots.lean:25:2: try 'simp' instead of 'simpa'

Note: This linter can be disabled with `set_option linter.unnecessarySimpa false`
warning: LeanExe/IR/ScalarRangeSlots.lean:29:20: This simp argument is unused:
  read_suffix

Hint: Omit it from the simp argument list.
  [apply] simp [rangeStore]

Note: This linter can be disabled with `set_option linter.unusedSimpArgs false`
warning: LeanExe/IR/ScalarRangeSlots.lean:33:20: This simp argument is unused:
  read_suffix

Hint: Omit it from the simp argument list.
  [apply] simp [rangeStore]

Note: This linter can be disabled with `set_option linter.unusedSimpArgs false`
⚠ [172/431] Replayed LeanExe.IR.ScalarRangeExitSlots
warning: LeanExe/IR/ScalarRangeExitSlots.lean:18:2: try 'simp' instead of 'simpa'

Note: This linter can be disabled with `set_option linter.unnecessarySimpa false`
⚠ [174/431] Replayed LeanExe.Examples.AsciiDigits
warning: LeanExe/Examples/AsciiDigits.lean:103:30: `if_false` has been deprecated: Use `ite_false` instead
warning: LeanExe/Examples/AsciiDigits.lean:109:78: `if_true` has been deprecated: Use `ite_true` instead
⚠ [199/431] Replayed LeanExe.Extract.ScalarStepCorrectness
warning: LeanExe/Extract/ScalarStepCorrectness.lean:335:23: This simp argument is unused:
  Option.bind_some

Hint: Omit it from the simp argument list.
  [apply] simp only [bind, Option.bind_eq_some_iff] at compiled

Note: This linter can be disabled with `set_option linter.unusedSimpArgs false`
⚠ [232/431] Replayed LeanExe.Wasm.ScalarScratch
warning: LeanExe/Wasm/ScalarScratch.lean:24:19: This simp argument is unused:
  instBEqU64Op

Hint: Omit it from the simp argument list.
  [apply] simp [Binary.CoreWasm.exprScratch, Expr.scratchWidth, ia, ib, BEq.beq, instBEqU64Op.beq, U64Op.ctorIdx,
    Nat.add_comm]

Note: This linter can be disabled with `set_option linter.unusedSimpArgs false`
⚠ [3282/3360] Replayed Project.Artifact.Binary.Proof.Cursor
warning: Project/Artifact/Binary/Proof/Cursor.lean:131:8: `if_pos` has been deprecated: Use `ite_eq_left` instead
warning: Project/Artifact/Binary/Proof/Cursor.lean:145:8: `if_neg` has been deprecated: Use `ite_eq_right` instead
warning: Project/Artifact/Binary/Proof/Cursor.lean:156:8: `if_pos` has been deprecated: Use `ite_eq_left` instead
warning: Project/Artifact/Binary/Proof/Cursor.lean:162:8: `if_neg` has been deprecated: Use `ite_eq_right` instead
warning: Project/Artifact/Binary/Proof/Cursor.lean:180:8: `if_pos` has been deprecated: Use `ite_eq_left` instead
warning: Project/Artifact/Binary/Proof/Cursor.lean:180:8: `if_pos` has been deprecated: Use `ite_eq_left` instead
warning: Project/Artifact/Binary/Proof/Cursor.lean:191:8: `if_neg` has been deprecated: Use `ite_eq_right` instead
⚠ [3283/3360] Replayed Project.Artifact.Binary.Proof.Leb
warning: Project/Artifact/Binary/Proof/Leb.lean:10:5: Ambiguous namespace `Parser`: it is interpreted as `_root_.Wasm.Binary.Parser` because this `open` occurs inside `namespace Wasm.Binary.Leb.Proof`, while `_root_.Parser` is silently not opened. Specify the namespace unambiguously, e.g. `_root_.Wasm.Binary.Parser`. The warning can sometimes also be addressed by moving the `open` outside of the surrounding `namespace`.

Note: This linter can be disabled with `set_option linter.ambiguousOpen false`
⚠ [3284/3360] Replayed Project.Compiler.UnsignedLeb
warning: Project/Compiler/UnsignedLeb.lean:32:36: This simp argument is unused:
  UInt64.toNat_add

Hint: Omit it from the simp argument list.
  [apply] simp [UInt64.toNat_toUInt8, UInt64.toNat_mod, Nat.mod_eq_of_lt low]

Note: This linter can be disabled with `set_option linter.unusedSimpArgs false`
warning: Project/Compiler/UnsignedLeb.lean:33:10: This simp argument is unused:
  Nat.mod_eq_of_lt low

Hint: Omit it from the simp argument list.
  [apply] simp [UInt64.toNat_toUInt8, UInt64.toNat_add, UInt64.toNat_mod]

Note: This linter can be disabled with `set_option linter.unusedSimpArgs false`
warning: Project/Compiler/UnsignedLeb.lean:46:10: `if_pos` has been deprecated: Use `ite_eq_left` instead
warning: Project/Compiler/UnsignedLeb.lean:52:10: `if_neg` has been deprecated: Use `ite_eq_right` instead
⚠ [3285/3360] Replayed Project.Compiler.SignedLebBits
warning: Project/Compiler/SignedLebBits.lean:16:35: This simp argument is unused:
  BitVec.getLsbD_zero

Hint: Omit it from the simp argument list.
  [apply] simp only [BitVec.getLsbD_and, BitVec.getLsbD_ofNat]

Note: This linter can be disabled with `set_option linter.unusedSimpArgs false`
warning: Project/Compiler/SignedLebBits.lean:31:10: This simp argument is unused:
  BitVec.getLsbD_or

Hint: Omit it from the simp argument list.
  [apply] simp [BitVec.getLsbD_ushiftRight, BitVec.getLsbD_sshiftRight, BitVec.getLsbD_ofNat,
    BitVec.getElem_sshiftRight, top, topElem, sign]

Note: This linter can be disabled with `set_option linter.unusedSimpArgs false`
warning: Project/Compiler/SignedLebBits.lean:31:29: This simp argument is unused:
  BitVec.getLsbD_ushiftRight

Hint: Omit it from the simp argument list.
  [apply] simp [BitVec.getLsbD_or, BitVec.getLsbD_sshiftRight, BitVec.getLsbD_ofNat, BitVec.getElem_sshiftRight, top,
    topElem, sign]

Note: This linter can be disabled with `set_option linter.unusedSimpArgs false`
warning: Project/Compiler/SignedLebBits.lean:31:57: This simp argument is unused:
  BitVec.getLsbD_sshiftRight

Hint: Omit it from the simp argument list.
  [apply] simp [BitVec.getLsbD_or, BitVec.getLsbD_ushiftRight, BitVec.getLsbD_ofNat, BitVec.getElem_sshiftRight, top,
    topElem, sign]

Note: This linter can be disabled with `set_option linter.unusedSimpArgs false`
warning: Project/Compiler/SignedLebBits.lean:32:6: This simp argument is unused:
  BitVec.getLsbD_ofNat

Hint: Omit it from the simp argument list.
  [apply] simp [BitVec.getLsbD_or, BitVec.getLsbD_ushiftRight, BitVec.getLsbD_sshiftRight, BitVec.getElem_sshiftRight,
    top, topElem, sign]

Note: This linter can be disabled with `set_option linter.unusedSimpArgs false`
warning: Project/Compiler/SignedLebBits.lean:32:56: This simp argument is unused:
  top

Hint: Omit it from the simp argument list.
  [apply] simp [BitVec.getLsbD_or, BitVec.getLsbD_ushiftRight, BitVec.getLsbD_sshiftRight, BitVec.getLsbD_ofNat,
    BitVec.getElem_sshiftRight, topElem, sign]

Note: This linter can be disabled with `set_option linter.unusedSimpArgs false`
⚠ [3286/3360] Replayed Project.Compiler.SignedLebStop
warning: Project/Compiler/SignedLebStop.lean:11:15: This simp argument is unused:
  bit

Hint: Omit it from the simp argument list.
  [apply] simp only [Bool.false_eq_true, ite_false, ite_true, BitVec.getLsbD_and, BitVec.getLsbD_ofNat,
    BitVec.getLsbD_zero, Nat.testBit_two_pow]

Note: This linter can be disabled with `set_option linter.unusedSimpArgs false`
warning: Project/Compiler/SignedLebStop.lean:12:28: This simp argument is unused:
  BitVec.getLsbD_zero

Hint: Omit it from the simp argument list.
  [apply] simp only [bit, Bool.false_eq_true, ite_false, ite_true, BitVec.getLsbD_and, BitVec.getLsbD_ofNat,
    Nat.testBit_two_pow]

Note: This linter can be disabled with `set_option linter.unusedSimpArgs false`
warning: Project/Compiler/SignedLebStop.lean:16:42: This simp argument is unused:
  Bool.false_and

Hint: Omit it from the simp argument list.
  [apply] simp only [bit, bound, decide_true, Bool.true_and, Bool.and_true]

Note: This linter can be disabled with `set_option linter.unusedSimpArgs false`
warning: Project/Compiler/SignedLebStop.lean:16:58: This simp argument is unused:
  Bool.true_and

Hint: Omit it from the simp argument list.
  [apply] simp only [bit, bound, decide_true, Bool.false_and, Bool.and_true]

Note: This linter can be disabled with `set_option linter.unusedSimpArgs false`
warning: Project/Compiler/SignedLebStop.lean:16:88: Used `tac1 <;> tac2` where `(tac1; tac2)` would suffice

Note: This linter can be disabled with `set_option linter.unnecessarySeqFocus false`
warning: Project/Compiler/SignedLebStop.lean:66:49: This simp argument is unused:
  false_and

Hint: Omit it from the simp argument list.
  [apply] simp only [show (0 : UInt64) ≠ 64 by decide, show (64 : UInt64) ≠ 0 by decide, and_false, or_false, false_or,
    eq_self, and_true, true_and]

Note: This linter can be disabled with `set_option linter.unusedSimpArgs false`
warning: Project/Compiler/SignedLebStop.lean:66:99: This simp argument is unused:
  true_and

Hint: Omit it from the simp argument list.
  [apply] simp only [show (0 : UInt64) ≠ 64 by decide, show (64 : UInt64) ≠ 0 by decide, and_false, false_and, or_false,
    false_or, eq_self, and_true]

Note: This linter can be disabled with `set_option linter.unusedSimpArgs false`
⚠ [3287/3360] Replayed Project.Compiler.SignedLebTrace
warning: Project/Compiler/SignedLebTrace.lean:77:10: `if_pos` has been deprecated: Use `ite_eq_left` instead
warning: Project/Compiler/SignedLebTrace.lean:87:10: `if_neg` has been deprecated: Use `ite_eq_right` instead
⚠ [3288/3360] Replayed Project.Compiler.SignedLeb
warning: Project/Compiler/SignedLeb.lean:38:17: This simp argument is unused:
  h

Hint: Omit it from the simp argument list.
  [apply] simp only [ite_true, ByteArray.push, Array.toList_push, native_low_byte]

Note: This linter can be disabled with `set_option linter.unusedSimpArgs false`
warning: Project/Compiler/SignedLeb.lean:38:20: This simp argument is unused:
  ite_true

Hint: Omit it from the simp argument list.
  [apply] simp only [h, ByteArray.push, Array.toList_push, native_low_byte]

Note: This linter can be disabled with `set_option linter.unusedSimpArgs false`
warning: Project/Compiler/SignedLeb.lean:40:17: This simp argument is unused:
  h

Hint: Omit it from the simp argument list.
  [apply] simp only [ite_false, ih, ByteArray.push, Array.toList_push, native_high_byte, sar7_signed, List.append_assoc,
    List.singleton_append]

Note: This linter can be disabled with `set_option linter.unusedSimpArgs false`
warning: Project/Compiler/SignedLeb.lean:40:20: This simp argument is unused:
  ite_false

Hint: Omit it from the simp argument list.
  [apply] simp only [h, ih, ByteArray.push, Array.toList_push, native_high_byte, sar7_signed, List.append_assoc,
    List.singleton_append]

Note: This linter can be disabled with `set_option linter.unusedSimpArgs false`
warning: Project/Compiler/SignedLeb.lean:49:4: This simp argument is unused:
  List.nil_append

Hint: Omit it from the simp argument list.
  [apply] simp only [LeanExe.Wasm.Leb.s64lebU64, native_bytes, ByteArray.empty, Array.toList_empty]

Note: This linter can be disabled with `set_option linter.unusedSimpArgs false`
warning: Project/Compiler/SignedLeb.lean:49:21: This simp argument is unused:
  Array.toList_empty

Hint: Omit it from the simp argument list.
  [apply] simp only [LeanExe.Wasm.Leb.s64lebU64, native_bytes, ByteArray.empty, List.nil_append]

Note: This linter can be disabled with `set_option linter.unusedSimpArgs false`
⚠ [3289/3360] Replayed Project.Compiler.ArithmeticEncoding
warning: Project/Compiler/ArithmeticEncoding.lean:54:26: This simp argument is unused:
  ByteArray.toList_data_append

Hint: Omit it from the simp argument list.
  [apply] simp [byteArray_toList]

Note: This linter can be disabled with `set_option linter.unusedSimpArgs false`
⚠ [3299/3360] Replayed Project.Compiler.RangeExitTyping
warning: Project/Compiler/RangeExitTyping.lean:54:19: This simp argument is unused:
  instBEqU64Op

Hint: Omit it from the simp argument list.
  [apply] simp [RangeExit.index, Expr.scratchWidth, LeanExe.Wasm.ScalarDescriptor.Cond.scratchWidth, BEq.beq,
    instBEqU64Op.beq, U64Op.ctorIdx]

Note: This linter can be disabled with `set_option linter.unusedSimpArgs false`
⚠ [3302/3360] Replayed Interpreter.Wasm.Mem
warning: Interpreter/Wasm/Mem.lean:133:10: `if_neg` has been deprecated: Use `ite_eq_right` instead
warning: Interpreter/Wasm/Mem.lean:152:8: `if_pos` has been deprecated: Use `ite_eq_left` instead
warning: Interpreter/Wasm/Mem.lean:152:19: `if_pos` has been deprecated: Use `ite_eq_left` instead
warning: Interpreter/Wasm/Mem.lean:153:8: `if_neg` has been deprecated: Use `ite_eq_right` instead
warning: Interpreter/Wasm/Mem.lean:155:20: `if_pos` has been deprecated: Use `ite_eq_left` instead
warning: Interpreter/Wasm/Mem.lean:155:32: `if_pos` has been deprecated: Use `ite_eq_left` instead
warning: Interpreter/Wasm/Mem.lean:156:10: `if_neg` has been deprecated: Use `ite_eq_right` instead
warning: Interpreter/Wasm/Mem.lean:156:21: `if_neg` has been deprecated: Use `ite_eq_right` instead
warning: Interpreter/Wasm/Mem.lean:219:10: `dif_pos` has been deprecated: Use `dite_eq_left` instead
warning: Interpreter/Wasm/Mem.lean:222:10: `dif_pos` has been deprecated: Use `dite_eq_left` instead
warning: Interpreter/Wasm/Mem.lean:226:10: `dif_neg` has been deprecated: Use `dite_eq_right` instead
warning: Interpreter/Wasm/Mem.lean:228:12: `dif_pos` has been deprecated: Use `dite_eq_left` instead
warning: Interpreter/Wasm/Mem.lean:231:12: `dif_pos` has been deprecated: Use `dite_eq_left` instead
warning: Interpreter/Wasm/Mem.lean:233:12: `dif_neg` has been deprecated: Use `dite_eq_right` instead
warning: Interpreter/Wasm/Mem.lean:236:12: `dif_neg` has been deprecated: Use `dite_eq_right` instead
warning: Interpreter/Wasm/Mem.lean:246:10: `dif_neg` has been deprecated: Use `dite_eq_right` instead
warning: Interpreter/Wasm/Mem.lean:266:12: `dif_neg` has been deprecated: Use `dite_eq_right` instead
warning: Interpreter/Wasm/Mem.lean:300:44: `if_pos` has been deprecated: Use `ite_eq_left` instead
⚠ [3313/3360] Replayed Interpreter.Wasm.Semantics.Lemmas
warning: Interpreter/Wasm/Semantics/Lemmas.lean:162:25: `if_pos` has been deprecated: Use `ite_eq_left` instead
warning: Interpreter/Wasm/Semantics/Lemmas.lean:166:50: `if_pos` has been deprecated: Use `ite_eq_left` instead
warning: Interpreter/Wasm/Semantics/Lemmas.lean:168:25: `if_neg` has been deprecated: Use `ite_eq_right` instead
warning: Interpreter/Wasm/Semantics/Lemmas.lean:172:50: `if_neg` has been deprecated: Use `ite_eq_right` instead
warning: Interpreter/Wasm/Semantics/Lemmas.lean:224:40: `if_pos` has been deprecated: Use `ite_eq_left` instead
warning: Interpreter/Wasm/Semantics/Lemmas.lean:226:38: `if_pos` has been deprecated: Use `ite_eq_left` instead
warning: Interpreter/Wasm/Semantics/Lemmas.lean:229:38: `if_neg` has been deprecated: Use `ite_eq_right` instead
warning: Interpreter/Wasm/Semantics/Lemmas.lean:262:40: `if_pos` has been deprecated: Use `ite_eq_left` instead
warning: Interpreter/Wasm/Semantics/Lemmas.lean:264:38: `if_pos` has been deprecated: Use `ite_eq_left` instead
warning: Interpreter/Wasm/Semantics/Lemmas.lean:267:38: `if_neg` has been deprecated: Use `ite_eq_right` instead
warning: Interpreter/Wasm/Semantics/Lemmas.lean:433:15: `if_pos` has been deprecated: Use `ite_eq_left` instead
warning: Interpreter/Wasm/Semantics/Lemmas.lean:443:15: `if_neg` has been deprecated: Use `ite_eq_right` instead
warning: Interpreter/Wasm/Semantics/Lemmas.lean:513:66: `if_pos` has been deprecated: Use `ite_eq_left` instead
ℹ [3319/3360] Replayed Project.TalosCompat
info: Project/TalosCompat.lean:92:0: 'Wasm.exec_block_control_types' depends on axioms: [propext, Classical.choice, Quot.sound]
info: Project/TalosCompat.lean:93:0: 'Wasm.exec_iff_control_types' depends on axioms: [propext, Classical.choice, Quot.sound]
info: Project/TalosCompat.lean:94:0: 'Wasm.wp_block_control_types' depends on axioms: [propext, Classical.choice, Quot.sound]
info: Project/TalosCompat.lean:95:0: 'Wasm.wp_iff_control_types' depends on axioms: [propext, Classical.choice, Quot.sound]
⚠ [3320/3360] Replayed Project.ProofKit.ScalarTransition
warning: Project/ProofKit/ScalarTransition.lean:87:45: `if_pos` has been deprecated: Use `ite_eq_left` instead
warning: Project/ProofKit/ScalarTransition.lean:101:12: `if_false` has been deprecated: Use `ite_false` instead
warning: Project/ProofKit/ScalarTransition.lean:101:22: `if_true` has been deprecated: Use `ite_true` instead
warning: Project/ProofKit/ScalarTransition.lean:667:16: `if_pos` has been deprecated: Use `ite_eq_left` instead
warning: Project/ProofKit/ScalarTransition.lean:669:16: `if_neg` has been deprecated: Use `ite_eq_right` instead
warning: Project/ProofKit/ScalarTransition.lean:711:16: `if_pos` has been deprecated: Use `ite_eq_left` instead
warning: Project/ProofKit/ScalarTransition.lean:714:16: `if_neg` has been deprecated: Use `ite_eq_right` instead
warning: Project/ProofKit/ScalarTransition.lean:831:12: `if_neg` has been deprecated: Use `ite_eq_right` instead
warning: Project/ProofKit/ScalarTransition.lean:842:12: `if_pos` has been deprecated: Use `ite_eq_left` instead
warning: Project/ProofKit/ScalarTransition.lean:863:12: `if_neg` has been deprecated: Use `ite_eq_right` instead
warning: Project/ProofKit/ScalarTransition.lean:876:12: `if_pos` has been deprecated: Use `ite_eq_left` instead
warning: Project/ProofKit/ScalarTransition.lean:893:12: `if_neg` has been deprecated: Use `ite_eq_right` instead
warning: Project/ProofKit/ScalarTransition.lean:908:12: `if_pos` has been deprecated: Use `ite_eq_left` instead
warning: Project/ProofKit/ScalarTransition.lean:664:25: This simp argument is unused:
  List.cons_append

Hint: Omit it from the simp argument list.
  [apply] simp only [List.nil_append, Wasm.wp_iff_control_types]

Note: This linter can be disabled with `set_option linter.unusedSimpArgs false`
warning: Project/ProofKit/ScalarTransition.lean:664:43: This simp argument is unused:
  List.nil_append

Hint: Omit it from the simp argument list.
  [apply] simp only [List.cons_append, Wasm.wp_iff_control_types]

Note: This linter can be disabled with `set_option linter.unusedSimpArgs false`
warning: Project/ProofKit/ScalarTransition.lean:708:25: This simp argument is unused:
  List.cons_append

Hint: Omit it from the simp argument list.
  [apply] simp only [List.nil_append, Wasm.wp_iff_control_types]

Note: This linter can be disabled with `set_option linter.unusedSimpArgs false`
warning: Project/ProofKit/ScalarTransition.lean:708:43: This simp argument is unused:
  List.nil_append

Hint: Omit it from the simp argument list.
  [apply] simp only [List.cons_append, Wasm.wp_iff_control_types]

Note: This linter can be disabled with `set_option linter.unusedSimpArgs false`
warning: Project/ProofKit/ScalarTransition.lean:968:12: `if_neg` has been deprecated: Use `ite_eq_right` instead
warning: Project/ProofKit/ScalarTransition.lean:981:12: `if_pos` has been deprecated: Use `ite_eq_left` instead
⚠ [3321/3360] Replayed Project.Compiler.ScalarLowering
warning: Project/Compiler/ScalarLowering.lean:49:50: Used `tac1 <;> tac2` where `(tac1; tac2)` would suffice

Note: This linter can be disabled with `set_option linter.unnecessarySeqFocus false`
warning: Project/Compiler/ScalarLowering.lean:112:116: This simp argument is unused:
  LeanExe.Wasm.ScalarDescriptor.instBEqU64Op

Hint: Omit it from the simp argument list.
  [apply] simp [LeanExe.Wasm.ScalarDescriptor.U64Op.ctorIdx, LeanExe.Wasm.ScalarDescriptor.instBEqU64Op.beq, BEq.beq,
    LeanExe.Wasm.ScalarDescriptor.Expr.emit, expression, operation, Project.ProofKit.ScalarTransition.Expr.program,
    LeanExe.Wasm.ScalarDescriptor.U64Op.instruction, Project.ProofKit.ScalarTransition.U64Op.instruction,
    program_append, program, instruction, expression_program a, expression_program b]

Note: This linter can be disabled with `set_option linter.unusedSimpArgs false`
⚠ [3323/3360] Replayed Project.Compiler.ScalarEvaluation
warning: Project/Compiler/ScalarEvaluation.lean:24:6: try 'simp' instead of 'simpa'

Note: This linter can be disabled with `set_option linter.unnecessarySimpa false`
⚠ [3333/3360] Replayed Project.Compiler.ControlAnnotations
warning: Project/Compiler/ControlAnnotations.lean:77:25: `if_pos` has been deprecated: Use `ite_eq_left` instead
warning: Project/Compiler/ControlAnnotations.lean:79:25: `if_neg` has been deprecated: Use `ite_eq_right` instead
⚠ [3336/3360] Replayed Project.Compiler.ContainerEncoding
warning: Project/Compiler/ContainerEncoding.lean:10:4: This simp argument is unused:
  ByteArray.toList_data_append

Hint: Omit it from the simp argument list.
  [apply] simp [byteVec, LeanExe.Wasm.Leb.byteVecBytes, u32leb, byteArray_toList, ByteArray.size]

Note: This linter can be disabled with `set_option linter.unusedSimpArgs false`
warning: Project/Compiler/ContainerEncoding.lean:15:4: This simp argument is unused:
  ByteArray.toList_data_append

Hint: Omit it from the simp argument list.
  [apply] simp [wasmSection, LeanExe.Wasm.Leb.sectionBytes, u32leb, byteArray_toList, ByteArray.push, ByteArray.size]

Note: This linter can be disabled with `set_option linter.unusedSimpArgs false`
⚠ [3337/3360] Replayed Project.Compiler.Parsing
warning: Project/Compiler/Parsing.lean:52:56: This simp argument is unused:
  List.getElem?_append_right

Hint: Omit it from the simp argument list.
  [apply] simp [Wasm.Binary.Parser.readByte, cursor, available, List.length_append]

Note: This linter can be disabled with `set_option linter.unusedSimpArgs false`
warning: Project/Compiler/Parsing.lean:59:56: This simp argument is unused:
  List.getElem?_append_right

Hint: Omit it from the simp argument list.
  [apply] simp [Wasm.Binary.Parser.peekByte, cursor, available]

Note: This linter can be disabled with `set_option linter.unusedSimpArgs false`
⚠ [3339/3360] Replayed Project.Compiler.ContainerParsing
warning: Project/Compiler/ContainerParsing.lean:20:6: `if_pos` has been deprecated: Use `ite_eq_left` instead
⚠ [3342/3360] Replayed Project.Compiler.StructuredParsing
warning: Project/Compiler/StructuredParsing.lean:64:28: This simp argument is unused:
  List.append_assoc

Hint: Omit it from the simp argument list.
  [apply] simp [LeanExe.Wasm.Binary.CoreWasm.encodeInstr, LeanExe.Wasm.Image.emitInstr, image_sequence]

Note: This linter can be disabled with `set_option linter.unusedSimpArgs false`
warning: Project/Compiler/StructuredParsing.lean:81:28: This simp argument is unused:
  List.append_assoc

Hint: Omit it from the simp argument list.
  [apply] simp [LeanExe.Wasm.Binary.CoreWasm.encodeInstr, LeanExe.Wasm.Image.emitInstr, image_sequence]

Note: This linter can be disabled with `set_option linter.unusedSimpArgs false`
⚠ [3349/3360] Replayed Project.Compiler.RangeFunctionExecution
warning: Project/Compiler/RangeFunctionExecution.lean:71:47: This simp argument is unused:
  pure

Hint: Omit it from the simp argument list.
  [apply] simp only [Range.setup, Stmt.eval, (Expr.ofIR_eval countEval hc).1, countWrite,
    (Expr.ofIR_eval initialEval hi).1, LeanExe.IR.rangeStore_write_value, Expr.eval, LeanExe.IR.rangeStore_write_index,
    bind, Option.bind_some]

Note: This linter can be disabled with `set_option linter.unusedSimpArgs false`
warning: Project/Compiler/RangeFunctionExecution.lean:77:36: This simp argument is unused:
  initial

Hint: Omit it from the simp argument list.
  [apply] simp

Note: This linter can be disabled with `set_option linter.unusedSimpArgs false`
warning: Project/Compiler/RangeFunctionExecution.lean:80:19: This simp argument is unused:
  initial

Hint: Omit it from the simp argument list.
  [apply] simp [scratch, Range.loop, LeanExe.Wasm.ScalarDescriptor.While.scratchWidth, Stmt.scratchWidth,
    LeanExe.Wasm.ScalarDescriptor.Cond.scratchWidth, Expr.scratchWidth, BEq.beq,
    LeanExe.Wasm.ScalarDescriptor.instBEqU64Op, LeanExe.Wasm.ScalarDescriptor.instBEqU64Op.beq,
    LeanExe.Wasm.ScalarDescriptor.U64Op.ctorIdx, Range.scratchWidth]

Note: This linter can be disabled with `set_option linter.unusedSimpArgs false`
warning: Project/Compiler/RangeFunctionExecution.lean:82:15: This simp argument is unused:
  LeanExe.Wasm.ScalarDescriptor.instBEqU64Op

Hint: Omit it from the simp argument list.
  [apply] simp [scratch, initial, Range.loop, LeanExe.Wasm.ScalarDescriptor.While.scratchWidth, Stmt.scratchWidth,
    LeanExe.Wasm.ScalarDescriptor.Cond.scratchWidth, Expr.scratchWidth, BEq.beq,
    LeanExe.Wasm.ScalarDescriptor.instBEqU64Op.beq, LeanExe.Wasm.ScalarDescriptor.U64Op.ctorIdx, Range.scratchWidth]

Note: This linter can be disabled with `set_option linter.unusedSimpArgs false`
⚠ [3350/3360] Replayed Project.Compiler.RangeExitLoopExecution
warning: Project/Compiler/RangeExitLoopExecution.lean:74:113: Used `tac1 <;> tac2` where `(tac1; tac2)` would suffice

Note: This linter can be disabled with `set_option linter.unnecessarySeqFocus false`
⚠ [3351/3360] Replayed Project.Compiler.RangeExitFunctionExecution
warning: Project/Compiler/RangeExitFunctionExecution.lean:58:89: This simp argument is unused:
  pure

Hint: Omit it from the simp argument list.
  [apply] simp only [RangeExit.setup, Stmt.eval, (Expr.ofIR_eval countEval hc).1, countWrite,
    (Expr.ofIR_eval initialEval hi).1, LeanExe.IR.rangeExitStore_write_value, Expr.eval,
    LeanExe.IR.rangeExitStore_write_index, LeanExe.IR.rangeExitStore_write_flag, bind, Option.bind_some]

Note: This linter can be disabled with `set_option linter.unusedSimpArgs false`
warning: Project/Compiler/RangeExitFunctionExecution.lean:65:36: This simp argument is unused:
  initial

Hint: Omit it from the simp argument list.
  [apply] simp

Note: This linter can be disabled with `set_option linter.unusedSimpArgs false`
warning: Project/Compiler/RangeExitFunctionExecution.lean:68:19: This simp argument is unused:
  initial

Hint: Omit it from the simp argument list.
  [apply] simp [scratch, RangeExit.loop, RangeExit.index, LeanExe.Wasm.ScalarDescriptor.While.scratchWidth,
    Stmt.scratchWidth, LeanExe.Wasm.ScalarDescriptor.Cond.scratchWidth, Expr.scratchWidth, BEq.beq,
    LeanExe.Wasm.ScalarDescriptor.instBEqU64Op, LeanExe.Wasm.ScalarDescriptor.instBEqU64Op.beq,
    LeanExe.Wasm.ScalarDescriptor.U64Op.ctorIdx, RangeExit.scratchWidth]

Note: This linter can be disabled with `set_option linter.unusedSimpArgs false`
warning: Project/Compiler/RangeExitFunctionExecution.lean:70:15: This simp argument is unused:
  LeanExe.Wasm.ScalarDescriptor.instBEqU64Op

Hint: Omit it from the simp argument list.
  [apply] simp [scratch, initial, RangeExit.loop, RangeExit.index, LeanExe.Wasm.ScalarDescriptor.While.scratchWidth,
    Stmt.scratchWidth, LeanExe.Wasm.ScalarDescriptor.Cond.scratchWidth, Expr.scratchWidth, BEq.beq,
    LeanExe.Wasm.ScalarDescriptor.instBEqU64Op.beq, LeanExe.Wasm.ScalarDescriptor.U64Op.ctorIdx, RangeExit.scratchWidth]

Note: This linter can be disabled with `set_option linter.unusedSimpArgs false`
✔ [3360/3360] Built Project.Compiler.SourceFunctionBytes (3.8s)
Build completed successfully (3360 jobs).
