leanrun: LEANRUN_LOCAL=1; macOS has no cgroup CPU/memory/swap limits or ionice
leanrun: explicitly authorized inherited priority; nice unavailable
condition: Lean.Expr.app
  (Lean.Expr.app
    (Lean.Expr.const `And [])
    (Lean.Expr.app
      (Lean.Expr.app
        (Lean.Expr.app
          (Lean.Expr.app (Lean.Expr.const `LT.lt [Lean.Level.zero]) (Lean.Expr.const `UInt64 []))
          (Lean.Expr.const `instLTUInt64 []))
        (Lean.Expr.bvar 1))
      (Lean.Expr.bvar 0)))
  (Lean.Expr.letE
    `f
    (Lean.Expr.forallE `n (Lean.Expr.const `UInt64 []) (Lean.Expr.const `Bool []) (Lean.BinderInfo.default))
    (Lean.Expr.lam
      `n
      (Lean.Expr.const `UInt64 [])
      (Lean.Expr.app
        (Lean.Expr.app
          (Lean.Expr.app
            (Lean.Expr.app (Lean.Expr.const `BEq.beq [Lean.Level.zero]) (Lean.Expr.const `UInt64 []))
            (Lean.Expr.app
              (Lean.Expr.app (Lean.Expr.const `instBEqOfDecidableEq [Lean.Level.zero]) (Lean.Expr.const `UInt64 []))
              (Lean.Expr.const `instDecidableEqUInt64 [])))
          (Lean.Expr.bvar 0))
        (Lean.Expr.bvar 1))
      (Lean.BinderInfo.default))
    (Lean.Expr.app
      (Lean.Expr.app
        (Lean.Expr.app (Lean.Expr.const `Eq [Lean.Level.succ (Lean.Level.zero)]) (Lean.Expr.const `Bool []))
        (Lean.Expr.app
          (Lean.Expr.app (Lean.Expr.const `Bool.or []) (Lean.Expr.app (Lean.Expr.bvar 0) (Lean.Expr.bvar 2)))
          (Lean.Expr.app
            (Lean.Expr.bvar 0)
            (Lean.Expr.app
              (Lean.Expr.app
                (Lean.Expr.app (Lean.Expr.const `OfNat.ofNat [Lean.Level.zero]) (Lean.Expr.const `UInt64 []))
                (Lean.Expr.lit (Lean.Literal.natVal 0)))
              (Lean.Expr.app (Lean.Expr.const `UInt64.instOfNat []) (Lean.Expr.lit (Lean.Literal.natVal 0)))))))
      (Lean.Expr.const `Bool.true []))
    true)
evidence: Lean.Expr.app
  (Lean.Expr.app
    (Lean.Expr.app
      (Lean.Expr.app
        (Lean.Expr.const `instDecidableAnd [])
        (Lean.Expr.app
          (Lean.Expr.app
            (Lean.Expr.app
              (Lean.Expr.app (Lean.Expr.const `LT.lt [Lean.Level.zero]) (Lean.Expr.const `UInt64 []))
              (Lean.Expr.const `instLTUInt64 []))
            (Lean.Expr.bvar 1))
          (Lean.Expr.bvar 0)))
      (Lean.Expr.letE
        `f
        (Lean.Expr.forallE `n (Lean.Expr.const `UInt64 []) (Lean.Expr.const `Bool []) (Lean.BinderInfo.default))
        (Lean.Expr.lam
          `n
          (Lean.Expr.const `UInt64 [])
          (Lean.Expr.app
            (Lean.Expr.app
              (Lean.Expr.app
                (Lean.Expr.app (Lean.Expr.const `BEq.beq [Lean.Level.zero]) (Lean.Expr.const `UInt64 []))
                (Lean.Expr.app
                  (Lean.Expr.app (Lean.Expr.const `instBEqOfDecidableEq [Lean.Level.zero]) (Lean.Expr.const `UInt64 []))
                  (Lean.Expr.const `instDecidableEqUInt64 [])))
              (Lean.Expr.bvar 0))
            (Lean.Expr.bvar 1))
          (Lean.BinderInfo.default))
        (Lean.Expr.app
          (Lean.Expr.app
            (Lean.Expr.app (Lean.Expr.const `Eq [Lean.Level.succ (Lean.Level.zero)]) (Lean.Expr.const `Bool []))
            (Lean.Expr.app
              (Lean.Expr.app (Lean.Expr.const `Bool.or []) (Lean.Expr.app (Lean.Expr.bvar 0) (Lean.Expr.bvar 2)))
              (Lean.Expr.app
                (Lean.Expr.bvar 0)
                (Lean.Expr.app
                  (Lean.Expr.app
                    (Lean.Expr.app (Lean.Expr.const `OfNat.ofNat [Lean.Level.zero]) (Lean.Expr.const `UInt64 []))
                    (Lean.Expr.lit (Lean.Literal.natVal 0)))
                  (Lean.Expr.app (Lean.Expr.const `UInt64.instOfNat []) (Lean.Expr.lit (Lean.Literal.natVal 0)))))))
          (Lean.Expr.const `Bool.true []))
        true))
    (Lean.Expr.app (Lean.Expr.app (Lean.Expr.const `UInt64.decLt []) (Lean.Expr.bvar 1)) (Lean.Expr.bvar 0)))
  (Lean.Expr.app
    (Lean.Expr.app
      (Lean.Expr.const `instDecidableEqBool [])
      (Lean.Expr.app
        (Lean.Expr.app
          (Lean.Expr.const `Bool.or [])
          (Lean.Expr.app
            (Lean.Expr.lam
              `n
              (Lean.Expr.const `UInt64 [])
              (Lean.Expr.app
                (Lean.Expr.app
                  (Lean.Expr.app
                    (Lean.Expr.app (Lean.Expr.const `BEq.beq [Lean.Level.zero]) (Lean.Expr.const `UInt64 []))
                    (Lean.Expr.app
                      (Lean.Expr.app
                        (Lean.Expr.const `instBEqOfDecidableEq [Lean.Level.zero])
                        (Lean.Expr.const `UInt64 []))
                      (Lean.Expr.const `instDecidableEqUInt64 [])))
                  (Lean.Expr.bvar 0))
                (Lean.Expr.bvar 1))
              (Lean.BinderInfo.default))
            (Lean.Expr.bvar 1)))
        (Lean.Expr.app
          (Lean.Expr.lam
            `n
            (Lean.Expr.const `UInt64 [])
            (Lean.Expr.app
              (Lean.Expr.app
                (Lean.Expr.app
                  (Lean.Expr.app (Lean.Expr.const `BEq.beq [Lean.Level.zero]) (Lean.Expr.const `UInt64 []))
                  (Lean.Expr.app
                    (Lean.Expr.app
                      (Lean.Expr.const `instBEqOfDecidableEq [Lean.Level.zero])
                      (Lean.Expr.const `UInt64 []))
                    (Lean.Expr.const `instDecidableEqUInt64 [])))
                (Lean.Expr.bvar 0))
              (Lean.Expr.bvar 1))
            (Lean.BinderInfo.default))
          (Lean.Expr.app
            (Lean.Expr.app
              (Lean.Expr.app (Lean.Expr.const `OfNat.ofNat [Lean.Level.zero]) (Lean.Expr.const `UInt64 []))
              (Lean.Expr.lit (Lean.Literal.natVal 0)))
            (Lean.Expr.app (Lean.Expr.const `UInt64.instOfNat []) (Lean.Expr.lit (Lean.Literal.natVal 0)))))))
    (Lean.Expr.const `Bool.true []))
guard: false; proposition: false; selection: false
