cli-build: passed
admission-test: passed
reserved-exports: passed
fixture: passed
native-results: passed
compile-constant: passed
compile-boundConstant: passed
compile-wrapping: passed
compile-quotient: passed
compile-remainder: passed
compile-shifts: passed
compile-nested: passed
compile-order: passed
compile-bindings: passed
compile-shadowed: passed
compile-nestedBindings: passed
compile-unusedBinding: passed
compile-compareEq: passed
compile-compareLt: passed
compile-compareLe: passed
compile-compareBEq: passed
compile-compareBNe: passed
compile-nestedChoice: passed
compile-choiceBindings: passed
compile-choiceOperands: passed
Passed 254 native Lean / independent Wasm engine comparisons across 20 declarations.
