⚠ [1/108] Replayed LeanExe.Examples.AsciiDigits
warning: LeanExe/Examples/AsciiDigits.lean:103:30: `if_false` has been deprecated: Use `ite_false` instead
warning: LeanExe/Examples/AsciiDigits.lean:109:78: `if_true` has been deprecated: Use `ite_true` instead
⚠ [64/108] Replayed LeanExe.IR.ScalarRangeSlots
warning: LeanExe/IR/ScalarRangeSlots.lean:25:2: try 'simp' instead of 'simpa'

Note: This linter can be disabled with `set_option linter.unnecessarySimpa false`
warning: LeanExe/IR/ScalarRangeSlots.lean:29:20: This simp argument is unused:
  read_suffix

Hint: Omit it from the simp argument list.
  [apply] simp [rangeStore]

Note: This linter can be disabled with `set_option linter.unusedSimpArgs false`
warning: LeanExe/IR/ScalarRangeSlots.lean:33:20: This simp argument is unused:
  read_suffix

Hint: Omit it from the simp argument list.
  [apply] simp [rangeStore]

Note: This linter can be disabled with `set_option linter.unusedSimpArgs false`
⚠ [90/108] Replayed LeanExe.IR.ScalarRangeExitSlots
warning: LeanExe/IR/ScalarRangeExitSlots.lean:18:2: try 'simp' instead of 'simpa'

Note: This linter can be disabled with `set_option linter.unnecessarySimpa false`
⚠ [95/108] Replayed LeanExe.Extract.ScalarFunc
warning: LeanExe/Extract/ScalarFunc.lean:76:28: This simp argument is unused:
  bind

Hint: Omit it from the simp argument list.
  [apply] simp only [rangeCase, pure, Option.bind_eq_some_iff, Option.some.injEq] at compiled

Note: This linter can be disabled with `set_option linter.unusedSimpArgs false`
✔ [107/228] Built LeanExe.Extract.Eval (984ms)
✔ [126/228] Built LeanExe.Source.ScalarFunctionSuffix:c.o (130ms)
✔ [127/228] Built LeanExe.Source.ScalarManyFunction:c.o (86ms)
✔ [138/228] Built LeanExe.Extract.ScalarFunctionSuffix:c.o (207ms)
✔ [139/228] Built LeanExe.Extract.ScalarManyFunction:c.o (185ms)
✔ [165/228] Built LeanExe.Extract.ScalarExprCore:c.o (2.6s)
✔ [174/228] Built LeanExe.Source.ScalarStepSyntax:c.o (173ms)
✔ [175/228] Built LeanExe.Extract.ScalarStepSyntax:c.o (195ms)
✔ [176/228] Built LeanExe.Extract.ScalarManyStepFunction:c.o (292ms)
✔ [177/228] Built LeanExe.Source.ScalarStepValues:c.o (139ms)
✔ [179/228] Built LeanExe.Extract.ScalarStepBindings:c.o (206ms)
✔ [181/228] Built LeanExe.Source.ScalarStep:c.o (139ms)
✔ [182/228] Built LeanExe.Extract.ScalarStep:c.o (2.5s)
✔ [183/228] Built LeanExe.Extract.ScalarStepEquations:c.o (1.6s)
✔ [185/228] Built LeanExe.Extract.ScalarStepSupported:c.o (1.6s)
✔ [200/228] Built LeanExe.Extract.ScalarRangeExit:c.o (1.9s)
✔ [218/228] Built LeanExe.Extract.Report (1.5s)
✔ [222/228] Built LeanExe.Extract.OwnershipReport (1.1s)
✔ [224/228] Built LeanExe.CLI (1.2s)
✔ [226/228] Built Main (912ms)
✔ [228/228] Built «lean-wasm»:exe (510ms)
Build completed successfully (228 jobs).
