cli-build: passed
admission-test: passed
reserved-exports: passed
fixture: passed
native-results: passed
compile-constant: passed
compile-publicInputIdWord: passed
compile-publicInputIdResult: passed
compile-publicBoolHelpersNested: passed
compile-publicBoolHelpersRepeated: passed
compile-publicBoolHelpersWrapped: passed
compile-publicBoolHelpersInputId: passed
compile-publicBoolHelpersWord: passed
compile-publicBoolHelpersUnused: passed
compile-booleanHelperBodyNested: passed
compile-booleanHelperBodyWrapped: passed
compile-booleanHelperBodyMixed: passed
compile-booleanHelperBodyCaptures: passed
compile-booleanHelperBodyUnused: passed
compile-booleanHelperBodyChoice: passed
compile-propositionHelperLetCompound: passed
compile-propositionHelperLetBoolean: passed
compile-propositionHelperLetDecision: passed
compile-propositionHelperLetDependent: passed
compile-propositionHelperLetUnused: passed
compile-propositionHelperLetNested: passed
compile-booleanHelperRelationChoiceLeft: passed
compile-booleanHelperRelationChoiceRight: passed
compile-booleanHelperRelationChoiceFalse: passed
compile-booleanHelperRelationChoiceDependent: passed
compile-booleanHelperRelationChoiceTrue: passed
compile-booleanHelperRelationChoiceNested: passed
compile-publicFlagWord: passed
compile-publicFlagResult: passed
compile-rangeWordBoolHelperId: passed
compile-rangeWordChooseLoops: passed
compile-rangeWordChooseHelpers: passed
compile-rangeWordChooseSetupWord: passed
compile-rangeWordChooseSetupFlag: passed
compile-rangeWordChooseSetupDo: passed
compile-rangeWordChooseSetupNested: passed
compile-rangeWordChooseSavedResult: passed
compile-rangeWordChooseShowResult: passed
compile-rangeWordChooseSetupExit: passed
compile-rangeWordChooseSetupContinue: passed
compile-rangeWordChooseSetupStride: passed
compile-rangeWordChooseSetupId: passed
compile-rangeHelperBodyStep: passed
compile-rangeHelperBodyExit: passed
compile-rangeHelperBodyContinue: passed
compile-rangeHelperBodyTail: passed
compile-rangePropositionHelperLetStep: passed
compile-rangePropositionHelperLetExit: passed
compile-rangePropositionHelperLetContinue: passed
compile-rangePropositionHelperLetTail: passed
compile-rangeHelperRelationChoiceStep: passed
compile-rangeHelperRelationChoiceExit: passed
compile-rangeHelperRelationChoiceContinue: passed
compile-rangeHelperRelationChoiceTail: passed
Passed 993 native Lean / independent Wasm engine comparisons across 54 declarations.
