cli-build: passed
admission-test: passed
reserved-exports: passed
fixture: passed
native-results: passed
compile-constant: passed
compile-booleanPredicateBind: passed
compile-booleanPredicateBindNested: passed
compile-booleanPredicateBindChoice: passed
compile-booleanPredicateBindCapture: passed
compile-booleanPredicateBindUnused: passed
compile-booleanPredicateBindBody: passed
compile-booleanPredicateWrapper: passed
compile-booleanPredicateWrapperNested: passed
compile-booleanPredicateWrapperLet: passed
compile-booleanPredicateWrapperCondition: passed
compile-booleanPredicateWrapperArgument: passed
compile-booleanPredicateWrapperBody: passed
compile-compareBEq: passed
compile-mixedGuardDo: passed
compile-rangeBooleanPredicateOuterLetCapture: passed
compile-rangeBooleanPredicateConditionBreak: passed
compile-rangeBooleanPredicateConditionSkip: passed
compile-rangeBooleanPredicateConditionProof: passed
compile-rangeBooleanPredicateConditionNestedStep: passed
compile-rangeBooleanPredicateBindStep: passed
compile-rangeBooleanPredicateBindCondition: passed
compile-rangeBooleanPredicateBindOuter: passed
compile-rangeBooleanPredicateBindOuterCapture: passed
compile-rangeBooleanPredicateWrapperStep: passed
compile-rangeBooleanPredicateWrapperContinue: passed
compile-rangeBooleanPredicateWrapperOuter: passed
compile-rangeBooleanPredicateWrapperCapture: passed
Passed 509 native Lean / independent Wasm engine comparisons across 28 declarations.
