leanrun: LEANRUN_LOCAL=1; macOS has no cgroup CPU/memory/swap limits or ionice
leanrun: explicitly authorized inherited priority; nice unavailable
raw: Lean.Expr.lam
  `x
  (Lean.Expr.const `UInt64 [])
  (Lean.Expr.lam
    `y
    (Lean.Expr.const `UInt64 [])
    (Lean.Expr.app
      (Lean.Expr.app
        (Lean.Expr.app
          (Lean.Expr.app
            (Lean.Expr.app (Lean.Expr.const `ite [Lean.Level.succ (Lean.Level.zero)]) (Lean.Expr.const `UInt64 []))
            (Lean.Expr.app
              (Lean.Expr.app
                (Lean.Expr.const `And [])
                (Lean.Expr.letE
                  `_saved
                  (Lean.Expr.const `Bool [])
                  (Lean.Expr.app
                    (Lean.Expr.app
                      (Lean.Expr.app
                        (Lean.Expr.app (Lean.Expr.const `BEq.beq [Lean.Level.zero]) (Lean.Expr.const `UInt64 []))
                        (Lean.Expr.app
                          (Lean.Expr.app
                            (Lean.Expr.const `instBEqOfDecidableEq [Lean.Level.zero])
                            (Lean.Expr.const `UInt64 []))
                          (Lean.Expr.const `instDecidableEqUInt64 [])))
                      (Lean.Expr.bvar 1))
                    (Lean.Expr.bvar 0))
                  (Lean.Expr.const `True [])
                  true))
              (Lean.Expr.letE
                `_word
                (Lean.Expr.const `UInt64 [])
                (Lean.Expr.app
                  (Lean.Expr.app
                    (Lean.Expr.app
                      (Lean.Expr.app
                        (Lean.Expr.app
                          (Lean.Expr.app
                            (Lean.Expr.const `HAdd.hAdd [Lean.Level.zero, Lean.Level.zero, Lean.Level.zero])
                            (Lean.Expr.const `UInt64 []))
                          (Lean.Expr.const `UInt64 []))
                        (Lean.Expr.const `UInt64 []))
                      (Lean.Expr.app
                        (Lean.Expr.app (Lean.Expr.const `instHAdd [Lean.Level.zero]) (Lean.Expr.const `UInt64 []))
                        (Lean.Expr.const `instAddUInt64 [])))
                    (Lean.Expr.bvar 1))
                  (Lean.Expr.bvar 0))
                (Lean.Expr.const `False [])
                true)))
          (Lean.Expr.app
            (Lean.Expr.app
              (Lean.Expr.app
                (Lean.Expr.app (Lean.Expr.const `instDecidableAnd []) (Lean.Expr.const `True []))
                (Lean.Expr.const `False []))
              (Lean.Expr.const `instDecidableTrue []))
            (Lean.Expr.const `instDecidableFalse [])))
        (Lean.Expr.bvar 1))
      (Lean.Expr.app
        (Lean.Expr.app
          (Lean.Expr.app
            (Lean.Expr.app
              (Lean.Expr.app
                (Lean.Expr.app
                  (Lean.Expr.const `HAdd.hAdd [Lean.Level.zero, Lean.Level.zero, Lean.Level.zero])
                  (Lean.Expr.const `UInt64 []))
                (Lean.Expr.const `UInt64 []))
              (Lean.Expr.const `UInt64 []))
            (Lean.Expr.app
              (Lean.Expr.app (Lean.Expr.const `instHAdd [Lean.Level.zero]) (Lean.Expr.const `UInt64 []))
              (Lean.Expr.const `instAddUInt64 [])))
          (Lean.Expr.bvar 0))
        (Lean.Expr.app
          (Lean.Expr.app
            (Lean.Expr.app (Lean.Expr.const `OfNat.ofNat [Lean.Level.zero]) (Lean.Expr.const `UInt64 []))
            (Lean.Expr.lit (Lean.Literal.natVal 1)))
          (Lean.Expr.app (Lean.Expr.const `UInt64.instOfNat []) (Lean.Expr.lit (Lean.Literal.natVal 1))))))
    (Lean.BinderInfo.default))
  (Lean.BinderInfo.default)
condition: (have _saved := #1 == #0;
  True) ∧
  have _word := #1 + #0;
  False
decision: instDecidableAnd
guard: some (LeanExe.Source.Scalar.Guard.junction
  0
  (LeanExe.Source.Scalar.Junction.conjunction)
  (LeanExe.Source.Scalar.Guard.letGuard
    0
    { name := `_saved,
      type := LeanExe.Source.Scalar.GuardLetType.boolean (LeanExe.Source.Scalar.BooleanType.boolean),
      value := Lean.Expr.app
                 (Lean.Expr.app
                   (Lean.Expr.app
                     (Lean.Expr.app (Lean.Expr.const `BEq.beq [Lean.Level.zero]) (Lean.Expr.const `UInt64 []))
                     (Lean.Expr.app
                       (Lean.Expr.app
                         (Lean.Expr.const `instBEqOfDecidableEq [Lean.Level.zero])
                         (Lean.Expr.const `UInt64 []))
                       (Lean.Expr.const `instDecidableEqUInt64 [])))
                   (Lean.Expr.bvar 1))
                 (Lean.Expr.bvar 0),
      nondep := true }
    (LeanExe.Source.Scalar.Guard.literal (LeanExe.Source.Scalar.GuardLiteral.proposition 0 true)))
  (LeanExe.Source.Scalar.Guard.letGuard
    0
    { name := `_word,
      type := LeanExe.Source.Scalar.GuardLetType.word (LeanExe.Source.Scalar.ResultType.word),
      value := Lean.Expr.app
                 (Lean.Expr.app
                   (Lean.Expr.app
                     (Lean.Expr.app
                       (Lean.Expr.app
                         (Lean.Expr.app
                           (Lean.Expr.const `HAdd.hAdd [Lean.Level.zero, Lean.Level.zero, Lean.Level.zero])
                           (Lean.Expr.const `UInt64 []))
                         (Lean.Expr.const `UInt64 []))
                       (Lean.Expr.const `UInt64 []))
                     (Lean.Expr.app
                       (Lean.Expr.app (Lean.Expr.const `instHAdd [Lean.Level.zero]) (Lean.Expr.const `UInt64 []))
                       (Lean.Expr.const `instAddUInt64 [])))
                   (Lean.Expr.bvar 1))
                 (Lean.Expr.bvar 0),
      nondep := true }
    (LeanExe.Source.Scalar.Guard.literal (LeanExe.Source.Scalar.GuardLiteral.proposition 0 false))))
canonical: instDecidableAnd
evidence matches: false
operand: (#1 == #0).toUInt64
operand: #1 + #0
