cli-build: passed
admission-test: passed
reserved-exports: passed
fixture: passed
native-results: passed
compile-constant: passed
compile-extendedMixedJunction: passed
compile-extendedMixedChoice: passed
compile-extendedMixedLet: passed
compile-extendedMixedBind: passed
compile-extendedMixedWrapped: passed
compile-extendedMixedRelation: passed
compile-propositionLetNested: passed
compile-propositionLetWord: passed
compile-propositionLetDecision: passed
compile-propositionLetDependent: passed
compile-propositionLetUnused: passed
compile-propositionLetHelper: passed
compile-compareBEq: passed
compile-mixedGuardDo: passed
compile-rangeSavedMixedStep: passed
compile-rangeSavedMixedContinue: passed
compile-rangeSavedMixedOuter: passed
compile-rangeSavedMixedHelper: passed
compile-rangeExtendedMixedStep: passed
compile-rangeExtendedMixedContinue: passed
compile-rangeExtendedMixedOuter: passed
compile-rangeExtendedMixedHelper: passed
compile-rangePropositionLetStep: passed
compile-rangePropositionLetContinue: passed
compile-rangePropositionLetOuter: passed
compile-rangePropositionLetHelper: passed
compile-rangeBooleanPredicateResultStep: passed
Passed 509 native Lean / independent Wasm engine comparisons across 28 declarations.
