cli-build: passed
admission-test: passed
reserved-exports: passed
fixture: passed
native-results: passed
compile-constant: passed
compile-booleanCallArgumentNested: passed
compile-booleanCallArgumentWord: passed
compile-booleanCallArgumentChoice: passed
compile-booleanCallArgumentBind: passed
compile-booleanCallArgumentCapture: passed
compile-booleanCallArgumentDecision: passed
compile-booleanInputWord: passed
compile-booleanInputPredicate: passed
compile-booleanInputNested: passed
compile-booleanInputUnused: passed
compile-booleanInputDecision: passed
compile-booleanInputBind: passed
compile-compareBEq: passed
compile-mixedGuardDo: passed
compile-rangeLocalNotStep: passed
compile-rangeLocalNotContinue: passed
compile-rangeLocalNotOuter: passed
compile-rangeLocalNotHelper: passed
compile-rangeBooleanCallArgumentStep: passed
compile-rangeBooleanCallArgumentContinue: passed
compile-rangeBooleanCallArgumentOuter: passed
compile-rangeBooleanCallArgumentBind: passed
compile-rangeBooleanInputStep: passed
compile-rangeBooleanInputContinue: passed
compile-rangeBooleanInputOuter: passed
compile-rangeBooleanInputHelper: passed
compile-rangeBooleanPredicateResultStep: passed
Passed 509 native Lean / independent Wasm engine comparisons across 28 declarations.
