cli-build: passed
admission-test: passed
reserved-exports: passed
fixture: passed
native-results: passed
compile-constant: passed
compile-booleanPredicateTwice: passed
compile-booleanPredicateCapture: passed
compile-booleanPredicateWordCapture: passed
compile-booleanPredicateNested: passed
compile-booleanPredicateScalarCapture: passed
compile-booleanPredicateShadow: passed
compile-booleanPredicateDependent: passed
compile-booleanPredicateId: passed
compile-booleanPredicateUnused: passed
compile-booleanPredicateDo: passed
compile-boolWordBooleanHelper: passed
compile-predicateInputRepeated: passed
compile-predicateInputNested: passed
compile-predicateInputCapture: passed
compile-predicateInputShadow: passed
compile-predicateInputUnused: passed
compile-predicateInputDo: passed
compile-compareBEq: passed
compile-boolNotProposition: passed
compile-complementChoice: passed
compile-compoundNested: passed
compile-compoundNotNested: passed
compile-boolCompoundNested: passed
compile-mixedGuardNested: passed
compile-mixedGuardDo: passed
compile-extremaGuard: passed
compile-reusableBooleanTwice: passed
compile-reusableBooleanCapture: passed
compile-reusableBooleanNested: passed
compile-reusableBooleanScalarCapture: passed
compile-reusableBooleanShadow: passed
compile-reusableBooleanDependent: passed
compile-reusableBooleanId: passed
compile-reusableBooleanUnused: passed
compile-reusableBooleanIgnoredArgument: passed
compile-reusableBooleanDo: passed
compile-rangePredicateInputStep: passed
compile-rangePredicateInputStepCapture: passed
compile-rangePredicateInputOuter: passed
compile-rangePredicateInputOuterCapture: passed
compile-rangeOuterPredicateBounds: passed
compile-rangeOuterPredicateCapture: passed
compile-rangeOuterPredicateNested: passed
compile-rangeOuterPredicateShadow: passed
compile-rangeOuterPredicateUnused: passed
compile-rangeOuterPredicateScalarHelper: passed
compile-rangeOuterPredicateId: passed
compile-rangeOuterPredicateStride: passed
compile-rangeReusableBooleanBreak: passed
compile-rangeReusableBooleanContinue: passed
compile-rangeReusableBooleanCapture: passed
compile-rangeReusableBooleanNested: passed
compile-rangeReusableBooleanStepHelper: passed
compile-rangeReusableBooleanUnused: passed
compile-rangeBreakJoined: passed
compile-rangeStepRun: passed
compile-rangeDynamicComputed: passed
compile-rangeStrideJoin: passed
compile-rangeBoolCompoundStep: passed
compile-rangeMixedGuardJoined: passed
compile-rangeExtremaBounds: passed
Passed 1105 native Lean / independent Wasm engine comparisons across 62 declarations.
