leanrun: LEANRUN_LOCAL=1; macOS has no cgroup CPU/memory/swap limits or ionice
leanrun: explicitly authorized inherited priority; nice unavailable
⚠ [46/100] Replayed LeanExe.Extract.ScalarGuardSyntax
warning: LeanExe/Extract/ScalarGuardSyntax.lean:219:4: try 'simp' instead of 'simpa'

Note: This linter can be disabled with `set_option linter.unnecessarySimpa false`
⚠ [96/100] Replayed LeanExe.Extract.ScalarExprCore
warning: LeanExe/Extract/ScalarExprCore.lean:468:10: This simp argument is unused:
  found

Hint: Omit it from the simp argument list.
  [apply] simp

Note: This linter can be disabled with `set_option linter.unusedSimpArgs false`
warning: LeanExe/Extract/ScalarExprCore.lean:479:69: This simp argument is unused:
  found

Hint: Omit it from the simp argument list.
  [apply] simp [extractBooleanLocalWith, extractBooleanLocal, noPredicate]

Note: This linter can be disabled with `set_option linter.unusedSimpArgs false`
⚠ [97/102] Built LeanExe.Extract.ScalarExpr (1.3s)
warning: LeanExe/Extract/ScalarExpr.lean:188:15: This simp argument is unused:
  bind

Hint: Omit it from the simp argument list.
  [apply] simp only [pure, Option.bind_eq_some_iff, Option.some.injEq] at compiled

Note: This linter can be disabled with `set_option linter.unusedSimpArgs false`
warning: LeanExe/Extract/ScalarExpr.lean:201:15: This simp argument is unused:
  bind

Hint: Omit it from the simp argument list.
  [apply] simp only [pure, Option.bind_eq_some_iff, Option.some.injEq] at compiled

Note: This linter can be disabled with `set_option linter.unusedSimpArgs false`
warning: LeanExe/Extract/ScalarExpr.lean:1253:17: This simp argument is unused:
  bind

Hint: Omit it from the simp argument list.
  [apply] simp only [pure, Option.bind_eq_some_iff, Option.some.injEq] at compiled

Note: This linter can be disabled with `set_option linter.unusedSimpArgs false`
warning: LeanExe/Extract/ScalarExpr.lean:1272:17: This simp argument is unused:
  bind

Hint: Omit it from the simp argument list.
  [apply] simp only [pure, Option.bind_eq_some_iff, Option.some.injEq] at compiled

Note: This linter can be disabled with `set_option linter.unusedSimpArgs false`
✔ [100/105] Built LeanExe.Source.ScalarRangeSupported (878ms)
✔ [101/105] Built LeanExe.Extract.ScalarRange (2.4s)
⚠ [103/105] Replayed LeanExe.IR.ScalarRangeSlots
warning: LeanExe/IR/ScalarRangeSlots.lean:25:2: try 'simp' instead of 'simpa'

Note: This linter can be disabled with `set_option linter.unnecessarySimpa false`
warning: LeanExe/IR/ScalarRangeSlots.lean:29:20: This simp argument is unused:
  read_suffix

Hint: Omit it from the simp argument list.
  [apply] simp [rangeStore]

Note: This linter can be disabled with `set_option linter.unusedSimpArgs false`
warning: LeanExe/IR/ScalarRangeSlots.lean:33:20: This simp argument is unused:
  read_suffix

Hint: Omit it from the simp argument list.
  [apply] simp [rangeStore]

Note: This linter can be disabled with `set_option linter.unusedSimpArgs false`
✔ [104/112] Built LeanExe.Extract.ScalarRangeCorrectness (937ms)
✔ [109/117] Built LeanExe.Source.ScalarStepValues (947ms)
✔ [111/118] Built LeanExe.Extract.ScalarStepBindings (1.1s)
✔ [112/118] Built LeanExe.Source.ScalarManyFunctionSemantics (883ms)
✔ [113/119] Built LeanExe.Source.ScalarStep (1.4s)
✔ [114/122] Built LeanExe.Extract.ScalarStep (8.9s)
✔ [116/122] Built LeanExe.Extract.ScalarStepEquations (9.6s)
✔ [118/122] Built LeanExe.Extract.ScalarStepSupported (8.1s)
✔ [119/125] Built LeanExe.Extract.ScalarStepAcceptance (1.1s)
✔ [122/129] Built LeanExe.Source.ScalarRangeCount (1.1s)
✔ [123/129] Built LeanExe.Extract.ScalarRangeCount (1.0s)
✔ [124/132] Built LeanExe.Source.ScalarRangeStrideSyntax (893ms)
✔ [125/134] Built LeanExe.Extract.ScalarRangeStrideSyntax (899ms)
✔ [126/134] Built LeanExe.Source.ScalarRangeExitSyntax (875ms)
✔ [128/134] Built LeanExe.Extract.ScalarStepCorrectness (1.1s)
✔ [130/137] Built LeanExe.Source.ScalarRangeExitSupported (1.1s)
✔ [131/137] Built LeanExe.Extract.ScalarRangeExitSyntax (1.1s)
⚠ [132/137] Replayed LeanExe.IR.ScalarRangeExitSlots
warning: LeanExe/IR/ScalarRangeExitSlots.lean:18:2: try 'simp' instead of 'simpa'

Note: This linter can be disabled with `set_option linter.unnecessarySimpa false`
✔ [134/137] Built LeanExe.Extract.ScalarRangeExit (7.9s)
✔ [135/137] Built LeanExe.Source.ScalarFunction (989ms)
✔ [136/137] Built LeanExe.Extract.ScalarRangeExitCorrectness (1.1s)
⚠ [137/137] Built LeanExe.Extract.ScalarFunc (1.0s)
warning: LeanExe/Extract/ScalarFunc.lean:76:28: This simp argument is unused:
  bind

Hint: Omit it from the simp argument list.
  [apply] simp only [rangeCase, pure, Option.bind_eq_some_iff, Option.some.injEq] at compiled

Note: This linter can be disabled with `set_option linter.unusedSimpArgs false`
Build completed successfully (137 jobs).
