cli-build: passed
admission-test: passed
reserved-exports: passed
fixture: passed
native-results: passed
compile-constant: passed
compile-publicBooleanTrue: passed
compile-publicBooleanCompare: passed
compile-publicBooleanChoice: passed
compile-publicBooleanDependent: passed
compile-publicBooleanLet: passed
compile-publicBooleanDo: passed
compile-publicBooleanNamed: passed
compile-publicBooleanCaptured: passed
compile-publicBooleanDecision: passed
compile-publicBooleanWrapped: passed
compile-booleanCallArgumentNested: passed
compile-booleanCallArgumentWord: passed
compile-booleanCallArgumentChoice: passed
compile-booleanCallArgumentBind: passed
compile-booleanCallArgumentCapture: passed
compile-booleanCallArgumentDecision: passed
compile-compareBEq: passed
compile-mixedGuardDo: passed
compile-rangeBooleanCallArgumentStep: passed
compile-rangeBooleanCallArgumentContinue: passed
compile-rangeBooleanCallArgumentOuter: passed
compile-rangeBooleanCallArgumentBind: passed
compile-rangeBooleanInputStep: passed
compile-rangeBooleanInputContinue: passed
compile-rangeBooleanInputOuter: passed
compile-rangeBooleanInputHelper: passed
compile-rangeBooleanPredicateResultStep: passed
Passed 469 native Lean / independent Wasm engine comparisons across 28 declarations.
