cli-build: passed
admission-test: passed
reserved-exports: passed
fixture: passed
native-results: passed
compile-constant: passed
compile-booleanMany: passed
compile-booleanDo: passed
compile-booleanDependentMany: passed
compile-booleanDependentDo: passed
compile-instanceDo: passed
compile-naturalDependentMany: passed
compile-naturalDo: passed
compile-boolWordAction: passed
compile-boolWordNested: passed
compile-idArithmeticLeft: passed
compile-idArithmeticRight: passed
compile-idArithmeticBoth: passed
compile-idArithmeticBitwise: passed
compile-idArithmeticDivision: passed
compile-idArithmeticShifts: passed
compile-idArithmeticHelper: passed
compile-idArithmeticDo: passed
compile-rangeBooleanOuter: passed
compile-rangeBooleanBounds: passed
compile-rangeBooleanDependentCapture: passed
compile-rangeBooleanDependentJoined: passed
compile-rangeNaturalStep: passed
compile-rangeNaturalOuter: passed
compile-rangeBoolWordStep: passed
compile-rangeBoolWordOuter: passed
compile-rangeIdArithmeticYield: passed
compile-rangeIdArithmeticContinue: passed
compile-rangeIdArithmeticBounds: passed
compile-rangeIdArithmeticStep: passed
Passed 527 native Lean / independent Wasm engine comparisons across 30 declarations.
