leanrun: LEANRUN_LOCAL=1; macOS has no cgroup CPU/memory/swap limits or ionice
leanrun: explicitly authorized inherited priority; nice unavailable
⚠ [2/305] Replayed LeanExe.Examples.AsciiDigits
warning: LeanExe/Examples/AsciiDigits.lean:103:30: `if_false` has been deprecated: Use `ite_false` instead
warning: LeanExe/Examples/AsciiDigits.lean:109:78: `if_true` has been deprecated: Use `ite_true` instead
⚠ [102/305] Replayed LeanExe.IR.ScalarRangeSlots
warning: LeanExe/IR/ScalarRangeSlots.lean:25:2: try 'simp' instead of 'simpa'

Note: This linter can be disabled with `set_option linter.unnecessarySimpa false`
warning: LeanExe/IR/ScalarRangeSlots.lean:29:20: This simp argument is unused:
  read_suffix

Hint: Omit it from the simp argument list.
  [apply] simp [rangeStore]

Note: This linter can be disabled with `set_option linter.unusedSimpArgs false`
warning: LeanExe/IR/ScalarRangeSlots.lean:33:20: This simp argument is unused:
  read_suffix

Hint: Omit it from the simp argument list.
  [apply] simp [rangeStore]

Note: This linter can be disabled with `set_option linter.unusedSimpArgs false`
⚠ [128/305] Replayed LeanExe.IR.ScalarRangeExitSlots
warning: LeanExe/IR/ScalarRangeExitSlots.lean:18:2: try 'simp' instead of 'simpa'

Note: This linter can be disabled with `set_option linter.unnecessarySimpa false`
⚠ [133/305] Replayed LeanExe.Extract.ScalarFunc
warning: LeanExe/Extract/ScalarFunc.lean:76:28: This simp argument is unused:
  bind

Hint: Omit it from the simp argument list.
  [apply] simp only [rangeCase, pure, Option.bind_eq_some_iff, Option.some.injEq] at compiled

Note: This linter can be disabled with `set_option linter.unusedSimpArgs false`
Build completed successfully (305 jobs).
leanrun: LEANRUN_LOCAL=1; macOS has no cgroup CPU/memory/swap limits or ionice
leanrun: explicitly authorized inherited priority; nice unavailable
⚠ [2/346] Replayed Interpreter.Wasm.Mem
warning: Interpreter/Wasm/Mem.lean:133:10: `if_neg` has been deprecated: Use `ite_eq_right` instead
warning: Interpreter/Wasm/Mem.lean:152:8: `if_pos` has been deprecated: Use `ite_eq_left` instead
warning: Interpreter/Wasm/Mem.lean:152:19: `if_pos` has been deprecated: Use `ite_eq_left` instead
warning: Interpreter/Wasm/Mem.lean:153:8: `if_neg` has been deprecated: Use `ite_eq_right` instead
warning: Interpreter/Wasm/Mem.lean:155:20: `if_pos` has been deprecated: Use `ite_eq_left` instead
warning: Interpreter/Wasm/Mem.lean:155:32: `if_pos` has been deprecated: Use `ite_eq_left` instead
warning: Interpreter/Wasm/Mem.lean:156:10: `if_neg` has been deprecated: Use `ite_eq_right` instead
warning: Interpreter/Wasm/Mem.lean:156:21: `if_neg` has been deprecated: Use `ite_eq_right` instead
warning: Interpreter/Wasm/Mem.lean:219:10: `dif_pos` has been deprecated: Use `dite_eq_left` instead
warning: Interpreter/Wasm/Mem.lean:222:10: `dif_pos` has been deprecated: Use `dite_eq_left` instead
warning: Interpreter/Wasm/Mem.lean:226:10: `dif_neg` has been deprecated: Use `dite_eq_right` instead
warning: Interpreter/Wasm/Mem.lean:228:12: `dif_pos` has been deprecated: Use `dite_eq_left` instead
warning: Interpreter/Wasm/Mem.lean:231:12: `dif_pos` has been deprecated: Use `dite_eq_left` instead
warning: Interpreter/Wasm/Mem.lean:233:12: `dif_neg` has been deprecated: Use `dite_eq_right` instead
warning: Interpreter/Wasm/Mem.lean:236:12: `dif_neg` has been deprecated: Use `dite_eq_right` instead
warning: Interpreter/Wasm/Mem.lean:246:10: `dif_neg` has been deprecated: Use `dite_eq_right` instead
warning: Interpreter/Wasm/Mem.lean:266:12: `dif_neg` has been deprecated: Use `dite_eq_right` instead
warning: Interpreter/Wasm/Mem.lean:300:44: `if_pos` has been deprecated: Use `ite_eq_left` instead
⚠ [748/759] Replayed Project.Artifact.Binary.Proof.Cursor
warning: Project/Artifact/Binary/Proof/Cursor.lean:131:8: `if_pos` has been deprecated: Use `ite_eq_left` instead
warning: Project/Artifact/Binary/Proof/Cursor.lean:145:8: `if_neg` has been deprecated: Use `ite_eq_right` instead
warning: Project/Artifact/Binary/Proof/Cursor.lean:156:8: `if_pos` has been deprecated: Use `ite_eq_left` instead
warning: Project/Artifact/Binary/Proof/Cursor.lean:162:8: `if_neg` has been deprecated: Use `ite_eq_right` instead
warning: Project/Artifact/Binary/Proof/Cursor.lean:180:8: `if_pos` has been deprecated: Use `ite_eq_left` instead
warning: Project/Artifact/Binary/Proof/Cursor.lean:180:8: `if_pos` has been deprecated: Use `ite_eq_left` instead
warning: Project/Artifact/Binary/Proof/Cursor.lean:191:8: `if_neg` has been deprecated: Use `ite_eq_right` instead
⚠ [749/759] Replayed Project.Artifact.Binary.Proof.Leb
warning: Project/Artifact/Binary/Proof/Leb.lean:10:5: Ambiguous namespace `Parser`: it is interpreted as `_root_.Wasm.Binary.Parser` because this `open` occurs inside `namespace Wasm.Binary.Leb.Proof`, while `_root_.Parser` is silently not opened. Specify the namespace unambiguously, e.g. `_root_.Wasm.Binary.Parser`. The warning can sometimes also be addressed by moving the `open` outside of the surrounding `namespace`.

Note: This linter can be disabled with `set_option linter.ambiguousOpen false`
⚠ [750/759] Replayed Project.Artifact.Binary.Proof.Primitives
warning: Project/Artifact/Binary/Proof/Primitives.lean:6:5: Ambiguous namespace `Parser`: it is interpreted as `_root_.Wasm.Binary.Parser` because this `open` occurs inside `namespace Wasm.Binary.Proof`, while `_root_.Parser` is silently not opened. Specify the namespace unambiguously, e.g. `_root_.Wasm.Binary.Parser`. The warning can sometimes also be addressed by moving the `open` outside of the surrounding `namespace`.

Note: This linter can be disabled with `set_option linter.ambiguousOpen false`
⚠ [751/759] Replayed Project.Artifact.Binary.Proof.Decode
warning: Project/Artifact/Binary/Proof/Decode.lean:6:5: Ambiguous namespace `Parser`: it is interpreted as `_root_.Wasm.Binary.Parser` because this `open` occurs inside `namespace Wasm.Binary.Proof`, while `_root_.Parser` is silently not opened. Specify the namespace unambiguously, e.g. `_root_.Wasm.Binary.Parser`. The warning can sometimes also be addressed by moving the `open` outside of the surrounding `namespace`.

Note: This linter can be disabled with `set_option linter.ambiguousOpen false`
⚠ [754/759] Replayed Project.ByteIO.Binary
warning: Project/ByteIO/Binary.lean:117:26: Local variable 'unit' resembles constructor 'PUnit.unit' - write '.unit' (with a dot) or 'PUnit.unit' to use the constructor.

Note: This linter can be disabled with `set_option linter.constructorNameAsVariable false`
warning: Project/ByteIO/Binary.lean:143:22: Local variable 'unit' resembles constructor 'PUnit.unit' - write '.unit' (with a dot) or 'PUnit.unit' to use the constructor.

Note: This linter can be disabled with `set_option linter.constructorNameAsVariable false`
info: Project/ByteIO/Binary.lean:239:0: 'Project.ByteIO.Binary.decode_sound' depends on axioms: [propext, Classical.choice, Quot.sound]
info: Project/ByteIO/Binary.lean:240:0: 'Project.ByteIO.Binary.validate_sound' depends on axioms: [propext, Classical.choice, Quot.sound]
info: Project/ByteIO/Binary.lean:242:0: 'Project.ByteIO.Binary.importEntry_sound' depends on axioms: [propext, Classical.choice, Quot.sound]
info: Project/ByteIO/Binary.lean:243:0: 'Project.ByteIO.Binary.section_sound' depends on axioms: [propext, Classical.choice, Quot.sound]
info: Project/ByteIO/Binary.lean:244:0: 'Project.ByteIO.Binary.translation_fields' depends on axioms: [propext, Quot.sound]
✔ [755/759] Built Project.RunningSum.ArtifactBytes (3.7s)
ℹ [756/759] Replayed Project.Artifact.Binary.Evaluate
info: Project/Artifact/Binary/Evaluate.lean:38:0: 'Wasm.Binary.instructionSequenceAt_apply' does not depend on any axioms
info: Project/Artifact/Binary/Evaluate.lean:66:0: 'Wasm.Binary.code_eq_of_parts' depends on axioms: [propext]
✔ [757/762] Built Project.RunningSum.ArtifactCache (3.2s)
ℹ [758/762] Built Project.RunningSum.ArtifactByteLookup (8.4s)
info: Project/RunningSum/ArtifactByteLookup.lean:3593:0: 'Project.RunningSum.Artifact.ByteLookup.data_get' depends on axioms: [propext]
ℹ [759/762] Replayed Project.Artifact.Binary.CodeParts
info: Project/Artifact/Binary/CodeParts.lean:37:0: 'Wasm.Binary.vectorLoop_eq_cons' depends on axioms: [propext]
info: Project/Artifact/Binary/CodeParts.lean:38:0: 'Wasm.Binary.vector_eq_of_parts' depends on axioms: [propext]
info: Project/Artifact/Binary/CodeParts.lean:39:0: 'Wasm.Binary.sized_eq_of_parts' depends on axioms: [propext]
⚠ [760/762] Replayed Project.ByteIO.BinaryParts
warning: Project/ByteIO/BinaryParts.lean:12:33: This simp argument is unused:
  Pure.pure

Hint: Omit it from the simp argument list.
  [apply] simp [parseSection, Bind.bind, Parser.instMonad, Except.bind, hid, hbody]

Note: This linter can be disabled with `set_option linter.unusedSimpArgs false`
warning: Project/ByteIO/BinaryParts.lean:12:44: This simp argument is unused:
  Parser.instMonad

Hint: Omit it from the simp argument list.
  [apply] simp [parseSection, Bind.bind, Pure.pure, Except.bind, hid, hbody]

Note: This linter can be disabled with `set_option linter.unusedSimpArgs false`
info: Project/ByteIO/BinaryParts.lean:14:0: 'Project.ByteIO.Binary.parseSection_eq_of_parts' depends on axioms: [propext]
ℹ [761/766] Built Project.RunningSum.ArtifactSections (17s)
info: Project/RunningSum/ArtifactSections.lean:16:0: 'Project.RunningSum.Artifact.types_parsed' depends on axioms: [propext]
info: Project/RunningSum/ArtifactSections.lean:99:0: 'Project.RunningSum.Artifact.imports_parsed' depends on axioms: [propext, Classical.choice, Quot.sound]
info: Project/RunningSum/ArtifactSections.lean:105:0: 'Project.RunningSum.Artifact.functions_parsed' depends on axioms: [propext]
info: Project/RunningSum/ArtifactSections.lean:111:0: 'Project.RunningSum.Artifact.memories_parsed' depends on axioms: [propext]
info: Project/RunningSum/ArtifactSections.lean:117:0: 'Project.RunningSum.Artifact.globals_parsed' depends on axioms: [propext]
info: Project/RunningSum/ArtifactSections.lean:123:0: 'Project.RunningSum.Artifact.exports_parsed' depends on axioms: [propext, Classical.choice, Quot.sound]
✔ [762/766] Built Project.RunningSum.ArtifactCode0Sequences0 (7.1s)
ℹ [763/766] Built Project.RunningSum.ArtifactCode1 (2.2s)
info: Project/RunningSum/ArtifactCode1.lean:34:0: 'Project.RunningSum.Artifact.code1_decoded' depends on axioms: [propext]
✔ [764/766] Built Project.RunningSum.ArtifactCode0Sequences1 (5.5s)
ℹ [765/776] Built Project.RunningSum.ArtifactCode0 (1.6s)
info: Project/RunningSum/ArtifactCode0.lean:29:0: 'Project.RunningSum.Artifact.code0_decoded' depends on axioms: [propext]
✔ [766/776] Built Project.RunningSum.ArtifactCode2Sequences0 (6.0s)
ℹ [767/776] Built Project.RunningSum.ArtifactCode3 (2.2s)
info: Project/RunningSum/ArtifactCode3.lean:34:0: 'Project.RunningSum.Artifact.code3_decoded' depends on axioms: [propext]
✔ [768/779] Built Project.RunningSum.ArtifactCode2Sequences1 (6.0s)
✔ [769/780] Built Project.RunningSum.ArtifactCode2Sequences2 (6.7s)
✔ [770/780] Built Project.RunningSum.ArtifactCode4Sequences0 (6.0s)
✔ [771/780] Built Project.RunningSum.ArtifactCode2Sequences3 (6.8s)
ℹ [772/780] Built Project.RunningSum.ArtifactCode5 (4.5s)
info: Project/RunningSum/ArtifactCode5.lean:49:0: 'Project.RunningSum.Artifact.code5_decoded' depends on axioms: [propext]
✔ [773/780] Built Project.RunningSum.ArtifactCode4Sequences1 (2.3s)
✔ [774/780] Built Project.RunningSum.ArtifactCode2Sequences4 (6.7s)
ℹ [775/780] Built Project.RunningSum.ArtifactCode4 (1.6s)
info: Project/RunningSum/ArtifactCode4.lean:29:0: 'Project.RunningSum.Artifact.code4_decoded' depends on axioms: [propext]
✔ [776/780] Built Project.RunningSum.ArtifactCode2Sequences5 (5.2s)
✔ [777/780] Built Project.RunningSum.ArtifactCode2Sequences6 (5.5s)
✔ [778/780] Built Project.RunningSum.ArtifactCode2Sequences7 (2.7s)
ℹ [779/790] Built Project.RunningSum.ArtifactCode2 (1.6s)
info: Project/RunningSum/ArtifactCode2.lean:29:0: 'Project.RunningSum.Artifact.code2_decoded' depends on axioms: [propext]
✔ [780/790] Built Project.RunningSum.ArtifactCode6Sequences0 (6.9s)
ℹ [781/790] Built Project.RunningSum.ArtifactCode7 (5.3s)
info: Project/RunningSum/ArtifactCode7.lean:54:0: 'Project.RunningSum.Artifact.code7_decoded' depends on axioms: [propext]
✔ [782/790] Built Project.RunningSum.ArtifactCode6Sequences1 (6.8s)
✔ [783/790] Built Project.RunningSum.ArtifactCode6Sequences2 (5.4s)
✔ [784/790] Built Project.RunningSum.ArtifactCode6Sequences3 (6.1s)
✔ [785/790] Built Project.RunningSum.ArtifactCode6Sequences4 (6.2s)
✔ [786/797] Built Project.RunningSum.ArtifactCode6Sequences5 (5.8s)
✔ [787/797] Built Project.RunningSum.ArtifactCode6Sequences6 (5.6s)
✔ [788/797] Built Project.RunningSum.ArtifactCode8Sequences0 (7.5s)
✔ [789/800] Built Project.RunningSum.ArtifactCode6Sequences7 (2.6s)
✔ [790/800] Built Project.RunningSum.ArtifactCode8Sequences1 (7.6s)
ℹ [791/801] Built Project.RunningSum.ArtifactCode6 (1.6s)
info: Project/RunningSum/ArtifactCode6.lean:29:0: 'Project.RunningSum.Artifact.code6_decoded' depends on axioms: [propext]
✔ [792/801] Built Project.RunningSum.ArtifactCode9Sequences0 (6.3s)
✔ [793/802] Built Project.RunningSum.ArtifactCode8Sequences2 (7.4s)
ℹ [794/802] Built Project.RunningSum.ArtifactCode10 (4.5s)
info: Project/RunningSum/ArtifactCode10.lean:49:0: 'Project.RunningSum.Artifact.code10_decoded' depends on axioms: [propext]
✔ [795/803] Built Project.RunningSum.ArtifactCode9Sequences1 (3.5s)
✔ [796/803] Built Project.RunningSum.ArtifactCode8Sequences3 (6.8s)
ℹ [797/806] Built Project.RunningSum.ArtifactCode11 (2.2s)
info: Project/RunningSum/ArtifactCode11.lean:34:0: 'Project.RunningSum.Artifact.code11_decoded' depends on axioms: [propext]
ℹ [798/806] Built Project.RunningSum.ArtifactCode9 (1.6s)
info: Project/RunningSum/ArtifactCode9.lean:29:0: 'Project.RunningSum.Artifact.code9_decoded' depends on axioms: [propext]
ℹ [799/806] Built Project.RunningSum.ArtifactCode12 (4.5s)
info: Project/RunningSum/ArtifactCode12.lean:44:0: 'Project.RunningSum.Artifact.code12_decoded' depends on axioms: [propext]
✔ [800/807] Built Project.RunningSum.ArtifactCode8Sequences4 (7.0s)
ℹ [801/807] Built Project.RunningSum.ArtifactCode13 (4.2s)
info: Project/RunningSum/ArtifactCode13.lean:44:0: 'Project.RunningSum.Artifact.code13_decoded' depends on axioms: [propext]
✔ [802/807] Built Project.RunningSum.ArtifactCode8Sequences5 (4.4s)
ℹ [803/807] Built Project.RunningSum.ArtifactValidation (21s)
info: Project/RunningSum/ArtifactValidation.lean:12:0: 'Project.RunningSum.Artifact.validated' depends on axioms: [propext]
info: Project/RunningSum/ArtifactValidation.lean:13:0: 'Project.RunningSum.Artifact.valid' depends on axioms: [propext, Classical.choice, Quot.sound]
ℹ [804/807] Built Project.RunningSum.ArtifactCode8 (1.6s)
info: Project/RunningSum/ArtifactCode8.lean:29:0: 'Project.RunningSum.Artifact.code8_decoded' depends on axioms: [propext]
ℹ [805/807] Built Project.RunningSum.ArtifactSection10 (1.9s)
info: Project/RunningSum/ArtifactSection10.lean:122:0: 'Project.RunningSum.Artifact.codes_section_decoded' depends on axioms: [propext]
ℹ [806/955] Built Project.RunningSum.ArtifactDecode (1.9s)
info: Project/RunningSum/ArtifactDecode.lean:29:0: 'Project.RunningSum.Artifact.decoded' depends on axioms: [propext, Classical.choice, Quot.sound]
info: Project/RunningSum/ArtifactDecode.lean:30:0: 'Project.RunningSum.Artifact.encoded' depends on axioms: [propext, Classical.choice, Quot.sound]
ℹ [812/955] Replayed Project.ByteIO.Memory
info: Project/ByteIO/Memory.lean:132:0: 'Project.ByteIO.commitRead_at' depends on axioms: [propext, Quot.sound]
info: Project/ByteIO/Memory.lean:133:0: 'Project.ByteIO.commitRead_frame' depends on axioms: [propext, Quot.sound]
info: Project/ByteIO/Memory.lean:134:0: 'Project.ByteIO.commitWrite_frame' depends on axioms: [propext, Quot.sound]
⚠ [3112/3117] Replayed Interpreter.Wasm.Semantics.Lemmas
warning: Interpreter/Wasm/Semantics/Lemmas.lean:162:25: `if_pos` has been deprecated: Use `ite_eq_left` instead
warning: Interpreter/Wasm/Semantics/Lemmas.lean:166:50: `if_pos` has been deprecated: Use `ite_eq_left` instead
warning: Interpreter/Wasm/Semantics/Lemmas.lean:168:25: `if_neg` has been deprecated: Use `ite_eq_right` instead
warning: Interpreter/Wasm/Semantics/Lemmas.lean:172:50: `if_neg` has been deprecated: Use `ite_eq_right` instead
warning: Interpreter/Wasm/Semantics/Lemmas.lean:224:40: `if_pos` has been deprecated: Use `ite_eq_left` instead
warning: Interpreter/Wasm/Semantics/Lemmas.lean:226:38: `if_pos` has been deprecated: Use `ite_eq_left` instead
warning: Interpreter/Wasm/Semantics/Lemmas.lean:229:38: `if_neg` has been deprecated: Use `ite_eq_right` instead
warning: Interpreter/Wasm/Semantics/Lemmas.lean:262:40: `if_pos` has been deprecated: Use `ite_eq_left` instead
warning: Interpreter/Wasm/Semantics/Lemmas.lean:264:38: `if_pos` has been deprecated: Use `ite_eq_left` instead
warning: Interpreter/Wasm/Semantics/Lemmas.lean:267:38: `if_neg` has been deprecated: Use `ite_eq_right` instead
warning: Interpreter/Wasm/Semantics/Lemmas.lean:433:15: `if_pos` has been deprecated: Use `ite_eq_left` instead
warning: Interpreter/Wasm/Semantics/Lemmas.lean:443:15: `if_neg` has been deprecated: Use `ite_eq_right` instead
warning: Interpreter/Wasm/Semantics/Lemmas.lean:513:66: `if_pos` has been deprecated: Use `ite_eq_left` instead
ℹ [3115/3117] Replayed Project.ByteIO.Host
info: Project/ByteIO/Host.lean:161:0: 'Project.ByteIO.fdRead_contract' depends on axioms: [propext, Classical.choice, Quot.sound]
info: Project/ByteIO/Host.lean:162:0: 'Project.ByteIO.fdWrite_contract' depends on axioms: [propext, Classical.choice, Quot.sound]
info: Project/ByteIO/Host.lean:163:0: 'Project.ByteIO.readHost_contract' depends on axioms: [propext, Classical.choice, Quot.sound]
info: Project/ByteIO/Host.lean:164:0: 'Project.ByteIO.writeHost_contract' depends on axioms: [propext, Classical.choice, Quot.sound]
⚠ [3116/3117] Replayed Project.ByteIO.Wasi
warning: Project/ByteIO/Wasi.lean:50:46: Used `tac1 <;> tac2` where `(tac1; tac2)` would suffice

Note: This linter can be disabled with `set_option linter.unnecessarySeqFocus false`
warning: Project/ByteIO/Wasi.lean:163:28: This simp argument is unused:
  ih

Hint: Omit it from the simp argument list.
  [apply] simp

Note: This linter can be disabled with `set_option linter.unusedSimpArgs false`
info: Project/ByteIO/Wasi.lean:348:0: 'Project.ByteIO.wasiEnv_satisfies' depends on axioms: [propext, Classical.choice, Quot.sound]
info: Project/ByteIO/Wasi.lean:349:0: 'Project.ByteIO.pollCall_contract' depends on axioms: [propext, Classical.choice, Quot.sound]
info: Project/ByteIO/Wasi.lean:351:0: 'Project.ByteIO.flagsCall_contract' depends on axioms: [propext]
info: Project/ByteIO/Wasi.lean:352:0: 'Project.ByteIO.clockCall_contract' depends on axioms: [propext, Classical.choice, Quot.sound]
info: Project/ByteIO/Wasi.lean:353:0: 'Project.ByteIO.pollTime_monotone' depends on axioms: [propext, Quot.sound]
info: Project/ByteIO/Wasi.lean:354:0: 'Project.ByteIO.pollEvents_count' depends on axioms: [propext, Classical.choice, Quot.sound]
info: Project/ByteIO/Wasi.lean:355:0: 'Project.ByteIO.poll_before_deadline_ready' depends on axioms: [propext, Quot.sound]
info: Project/ByteIO/Wasi.lean:356:0: 'Project.ByteIO.commitPoll_frame' depends on axioms: [propext, Quot.sound]
info: Project/ByteIO/Wasi.lean:357:0: 'Project.ByteIO.exit_records_status' depends on axioms: [propext]
ℹ [3117/3117] Built Project.RunningSum.Artifact (3.1s)
info: Project/RunningSum/Artifact.lean:15:0: 'Project.RunningSum.Artifact.decoded' depends on axioms: [propext, Classical.choice, Quot.sound]
info: Project/RunningSum/Artifact.lean:16:0: 'Project.RunningSum.Artifact.encoded' depends on axioms: [propext, Classical.choice, Quot.sound]
info: Project/RunningSum/Artifact.lean:17:0: 'Project.RunningSum.Artifact.validated' depends on axioms: [propext]
info: Project/RunningSum/Artifact.lean:18:0: 'Project.RunningSum.Artifact.valid' depends on axioms: [propext, Classical.choice, Quot.sound]
info: Project/RunningSum/Artifact.lean:19:0: 'Project.RunningSum.Artifact.imports_exact' depends on axioms: [propext]
info: Project/RunningSum/Artifact.lean:20:0: 'Project.RunningSum.Artifact.exports_exact' depends on axioms: [propext]
Build completed successfully (3117 jobs).
'Project.RunningSum.Artifact.decoded' depends on axioms: [propext, Classical.choice, Quot.sound]
'Project.RunningSum.Artifact.encoded' depends on axioms: [propext, Classical.choice, Quot.sound]
'Project.RunningSum.Artifact.validated' depends on axioms: [propext]
'Project.RunningSum.Artifact.valid' depends on axioms: [propext, Classical.choice, Quot.sound]
'Project.RunningSum.Artifact.imports_exact' depends on axioms: [propext]
'Project.RunningSum.Artifact.exports_exact' depends on axioms: [propext]
Running-sum binary decoding and validation proofs passed
