cli-build: passed
admission-test: passed
reserved-exports: passed
fixture: passed
native-results: passed
compile-constant: passed
compile-propositionLetNested: passed
compile-propositionLetWord: passed
compile-propositionLetDecision: passed
compile-propositionLetDependent: passed
compile-propositionLetUnused: passed
compile-propositionLetHelper: passed
compile-decisionLetUnused: passed
compile-decisionLetLeft: passed
compile-decisionLetRight: passed
compile-decisionLetDependent: passed
compile-decisionLetSaved: passed
compile-decisionLetHelper: passed
compile-compareBEq: passed
compile-mixedGuardDo: passed
compile-rangeExtendedMixedStep: passed
compile-rangeExtendedMixedContinue: passed
compile-rangeExtendedMixedOuter: passed
compile-rangeExtendedMixedHelper: passed
compile-rangePropositionLetStep: passed
compile-rangePropositionLetContinue: passed
compile-rangePropositionLetOuter: passed
compile-rangePropositionLetHelper: passed
compile-rangeDecisionLetStep: passed
compile-rangeDecisionLetContinue: passed
compile-rangeDecisionLetOuter: passed
compile-rangeDecisionLetHelper: passed
compile-rangeBooleanPredicateResultStep: passed
Passed 509 native Lean / independent Wasm engine comparisons across 28 declarations.
