leanrun: LEANRUN_LOCAL=1; macOS has no cgroup CPU/memory/swap limits or ionice
leanrun: explicitly authorized inherited priority; nice unavailable
⚠ [75/145] Replayed LeanExe.Extract.ScalarGuardSyntax
warning: LeanExe/Extract/ScalarGuardSyntax.lean:384:4: try 'simp' instead of 'simpa'

Note: This linter can be disabled with `set_option linter.unnecessarySimpa false`
⚠ [134/145] Replayed LeanExe.Extract.ScalarExprCore
warning: LeanExe/Extract/ScalarExprCore.lean:410:31: Variable name `wrapper` is not explicitly referenced.

Hint: The binding can be removed (if unused) or named `_` (if used implicitly). Alternatively, prefix the name with `_` to silence this warning:
  [apply] _wrapper

Note: This linter can be disabled with `set_option linter.unusedVariables false`
warning: LeanExe/Extract/ScalarExprCore.lean:418:31: Variable name `name` is not explicitly referenced.

Hint: The binding can be removed (if unused) or named `_` (if used implicitly). Alternatively, prefix the name with `_` to silence this warning:
  [apply] _name

Note: This linter can be disabled with `set_option linter.unusedVariables false`
warning: LeanExe/Extract/ScalarExprCore.lean:418:36: Variable name `form` is not explicitly referenced.

Hint: The binding can be removed (if unused) or named `_` (if used implicitly). Alternatively, prefix the name with `_` to silence this warning:
  [apply] _form

Note: This linter can be disabled with `set_option linter.unusedVariables false`
warning: LeanExe/Extract/ScalarExprCore.lean:418:52: Variable name `type` is not explicitly referenced.

Hint: The binding can be removed (if unused) or named `_` (if used implicitly). Alternatively, prefix the name with `_` to silence this warning:
  [apply] _type

Note: This linter can be disabled with `set_option linter.unusedVariables false`
warning: LeanExe/Extract/ScalarExprCore.lean:427:35: Variable name `name` is not explicitly referenced.

Hint: The binding can be removed (if unused) or named `_` (if used implicitly). Alternatively, prefix the name with `_` to silence this warning:
  [apply] _name

Note: This linter can be disabled with `set_option linter.unusedVariables false`
warning: LeanExe/Extract/ScalarExprCore.lean:427:40: Variable name `form` is not explicitly referenced.

Hint: The binding can be removed (if unused) or named `_` (if used implicitly). Alternatively, prefix the name with `_` to silence this warning:
  [apply] _form

Note: This linter can be disabled with `set_option linter.unusedVariables false`
warning: LeanExe/Extract/ScalarExprCore.lean:427:56: Variable name `type` is not explicitly referenced.

Hint: The binding can be removed (if unused) or named `_` (if used implicitly). Alternatively, prefix the name with `_` to silence this warning:
  [apply] _type

Note: This linter can be disabled with `set_option linter.unusedVariables false`
warning: LeanExe/Extract/ScalarExprCore.lean:490:12: Variable name `bounds` is not explicitly referenced.

Hint: The binding can be removed (if unused) or named `_` (if used implicitly). Alternatively, prefix the name with `_` to silence this warning:
  [apply] _bounds

Note: This linter can be disabled with `set_option linter.unusedVariables false`
⚠ [135/145] Replayed LeanExe.Extract.ScalarExpr
warning: LeanExe/Extract/ScalarExpr.lean:190:54: `if_pos` has been deprecated: Use `ite_eq_left` instead
warning: LeanExe/Extract/ScalarExpr.lean:191:54: `if_neg` has been deprecated: Use `ite_eq_right` instead
warning: LeanExe/Extract/ScalarExpr.lean:206:54: `if_pos` has been deprecated: Use `ite_eq_left` instead
warning: LeanExe/Extract/ScalarExpr.lean:207:54: `if_neg` has been deprecated: Use `ite_eq_right` instead
warning: LeanExe/Extract/ScalarExpr.lean:238:54: `if_pos` has been deprecated: Use `ite_eq_left` instead
warning: LeanExe/Extract/ScalarExpr.lean:239:54: `if_neg` has been deprecated: Use `ite_eq_right` instead
warning: LeanExe/Extract/ScalarExpr.lean:253:54: `if_pos` has been deprecated: Use `ite_eq_left` instead
warning: LeanExe/Extract/ScalarExpr.lean:254:54: `if_neg` has been deprecated: Use `ite_eq_right` instead
warning: LeanExe/Extract/ScalarExpr.lean:1047:54: `if_neg` has been deprecated: Use `ite_eq_right` instead
warning: LeanExe/Extract/ScalarExpr.lean:1157:63: `if_neg` has been deprecated: Use `ite_eq_right` instead
warning: LeanExe/Extract/ScalarExpr.lean:1426:47: `if_neg` has been deprecated: Use `ite_eq_right` instead
warning: LeanExe/Extract/ScalarExpr.lean:1448:18: `if_neg` has been deprecated: Use `ite_eq_right` instead
warning: LeanExe/Extract/ScalarExpr.lean:1470:18: `if_neg` has been deprecated: Use `ite_eq_right` instead
warning: LeanExe/Extract/ScalarExpr.lean:1492:18: `if_neg` has been deprecated: Use `ite_eq_right` instead
warning: LeanExe/Extract/ScalarExpr.lean:1514:18: `if_neg` has been deprecated: Use `ite_eq_right` instead
warning: LeanExe/Extract/ScalarExpr.lean:1538:18: `if_neg` has been deprecated: Use `ite_eq_right` instead
warning: LeanExe/Extract/ScalarExpr.lean:1562:18: `if_neg` has been deprecated: Use `ite_eq_right` instead
warning: LeanExe/Extract/ScalarExpr.lean:1580:46: `if_neg` has been deprecated: Use `ite_eq_right` instead
warning: LeanExe/Extract/ScalarExpr.lean:1599:46: `if_neg` has been deprecated: Use `ite_eq_right` instead
warning: LeanExe/Extract/ScalarExpr.lean:1618:50: `if_neg` has been deprecated: Use `ite_eq_right` instead
✔ [139/146] Built LeanExe.Source.ScalarManyFunctionSemantics (940ms)
✔ [140/149] Built LeanExe.Source.ScalarStep (1.5s)
✔ [142/149] Built LeanExe.Extract.ScalarStep (8.9s)
⚠ [144/149] Built LeanExe.Extract.ScalarStepEquations (9.4s)
warning: LeanExe/Extract/ScalarStepEquations.lean:177:33: This simp argument is unused:
  BooleanType.expr

Hint: Omit it from the simp argument list.
  [apply] simp

Note: This linter can be disabled with `set_option linter.unusedSimpArgs false`
⚠ [146/152] Built LeanExe.Extract.ScalarStepSupported (8.0s)
warning: LeanExe/Extract/ScalarStepSupported.lean:106:54: `if_neg` has been deprecated: Use `ite_eq_right` instead
warning: LeanExe/Extract/ScalarStepSupported.lean:459:63: `if_neg` has been deprecated: Use `ite_eq_right` instead
✔ [147/152] Built LeanExe.Extract.ScalarStepAcceptance (1.2s)
✔ [149/156] Built LeanExe.Source.ScalarRangeCount (1.1s)
✔ [150/156] Built LeanExe.Extract.ScalarRangeCount (1.0s)
✔ [151/156] Built LeanExe.Source.ScalarRangeStrideSyntax (897ms)
✔ [152/158] Built LeanExe.Extract.ScalarRangeStrideSyntax (919ms)
✔ [153/162] Built LeanExe.Source.ScalarRangeExitSyntax (911ms)
✔ [155/162] Built LeanExe.Source.ScalarRangeExitSupported (1.2s)
✔ [156/164] Built LeanExe.Extract.ScalarRangeExitSyntax (1.1s)
⚠ [157/164] Replayed LeanExe.IR.ScalarRangeSlots
warning: LeanExe/IR/ScalarRangeSlots.lean:25:2: try 'simp' instead of 'simpa'

Note: This linter can be disabled with `set_option linter.unnecessarySimpa false`
warning: LeanExe/IR/ScalarRangeSlots.lean:29:20: This simp argument is unused:
  read_suffix

Hint: Omit it from the simp argument list.
  [apply] simp [rangeStore]

Note: This linter can be disabled with `set_option linter.unusedSimpArgs false`
warning: LeanExe/IR/ScalarRangeSlots.lean:33:20: This simp argument is unused:
  read_suffix

Hint: Omit it from the simp argument list.
  [apply] simp [rangeStore]

Note: This linter can be disabled with `set_option linter.unusedSimpArgs false`
⚠ [159/164] Replayed LeanExe.IR.ScalarRangeExitSlots
warning: LeanExe/IR/ScalarRangeExitSlots.lean:18:2: try 'simp' instead of 'simpa'

Note: This linter can be disabled with `set_option linter.unnecessarySimpa false`
✔ [160/166] Built LeanExe.Extract.ScalarRangeExit (7.8s)
✔ [162/166] Built LeanExe.Extract.ScalarRangeBinding (909ms)
✔ [163/168] Built LeanExe.Extract.ScalarBooleanRangeContinuation (1.6s)
✔ [166/170] Built LeanExe.Source.ScalarBooleanRange (1.1s)
⚠ [167/170] Built LeanExe.Extract.ScalarStepCorrectness (1.1s)
warning: LeanExe/Extract/ScalarStepCorrectness.lean:325:23: This simp argument is unused:
  Option.bind_some

Hint: Omit it from the simp argument list.
  [apply] simp only [bind, Option.bind_eq_some_iff] at compiled

Note: This linter can be disabled with `set_option linter.unusedSimpArgs false`
✔ [168/174] Built LeanExe.Extract.ScalarBooleanRange (7.9s)
✔ [169/175] Built LeanExe.Extract.ScalarRangeExitCorrectness (1.1s)
✔ [170/179] Built LeanExe.Extract.ScalarStepInvariant (1.1s)
✔ [171/179] Built LeanExe.Source.ScalarBooleanWordRange (1.1s)
✔ [172/179] Built LeanExe.Extract.ScalarRangeExitInvariant (1.1s)
✔ [173/179] Built LeanExe.Source.ScalarWordRange (1.1s)
✔ [174/179] Built LeanExe.Extract.ScalarBooleanRangeChoice (918ms)
✔ [175/181] Built LeanExe.Extract.ScalarBooleanRangeInvariant (987ms)
✔ [176/184] Built LeanExe.Extract.ScalarBooleanRangeCorrectness (1.2s)
✔ [178/184] Built LeanExe.Extract.ScalarBooleanWordRange (8.8s)
✔ [180/184] Built LeanExe.Source.ScalarRangeSupported (899ms)
✔ [181/185] Built LeanExe.Extract.ScalarWordRange (8.1s)
✔ [183/190] Built LeanExe.Extract.ScalarRange (2.4s)
✔ [185/190] Built LeanExe.Extract.ScalarRangeCorrectness (969ms)
✔ [188/190] Built LeanExe.Source.ScalarFunction (992ms)
✔ [189/190] Built LeanExe.Extract.ScalarSignature (1.1s)
✔ [190/190] Built LeanExe.Extract.ScalarFunc (1.1s)
Build completed successfully (190 jobs).
