⚠ [1/141] Replayed LeanExe.Examples.AsciiDigits
warning: LeanExe/Examples/AsciiDigits.lean:103:30: `if_false` has been deprecated: Use `ite_false` instead
warning: LeanExe/Examples/AsciiDigits.lean:109:78: `if_true` has been deprecated: Use `ite_true` instead
⚠ [97/141] Replayed LeanExe.IR.ScalarRangeSlots
warning: LeanExe/IR/ScalarRangeSlots.lean:25:2: try 'simp' instead of 'simpa'

Note: This linter can be disabled with `set_option linter.unnecessarySimpa false`
warning: LeanExe/IR/ScalarRangeSlots.lean:29:20: This simp argument is unused:
  read_suffix

Hint: Omit it from the simp argument list.
  [apply] simp [rangeStore]

Note: This linter can be disabled with `set_option linter.unusedSimpArgs false`
warning: LeanExe/IR/ScalarRangeSlots.lean:33:20: This simp argument is unused:
  read_suffix

Hint: Omit it from the simp argument list.
  [apply] simp [rangeStore]

Note: This linter can be disabled with `set_option linter.unusedSimpArgs false`
⚠ [123/141] Replayed LeanExe.IR.ScalarRangeExitSlots
warning: LeanExe/IR/ScalarRangeExitSlots.lean:18:2: try 'simp' instead of 'simpa'

Note: This linter can be disabled with `set_option linter.unnecessarySimpa false`
⚠ [128/141] Replayed LeanExe.Extract.ScalarFunc
warning: LeanExe/Extract/ScalarFunc.lean:76:28: This simp argument is unused:
  bind

Hint: Omit it from the simp argument list.
  [apply] simp only [rangeCase, pure, Option.bind_eq_some_iff, Option.some.injEq] at compiled

Note: This linter can be disabled with `set_option linter.unusedSimpArgs false`
✔ [140/294] Built LeanExe.Extract.Eval (995ms)
✔ [193/294] Built LeanExe.Source.ScalarTypedLiteralInstance:c.o (100ms)
✔ [196/294] Built LeanExe.Extract.ScalarTypedLiteralInstance:c.o (149ms)
✔ [225/294] Built LeanExe.Source.ScalarLetAnnotation:c.o (97ms)
✔ [230/294] Built LeanExe.Source.Scalar:c.o (135ms)
✔ [231/294] Built LeanExe.Extract.ScalarExprCore:c.o (2.9s)
✔ [248/294] Built LeanExe.Extract.ScalarStep:c.o (2.9s)
✔ [249/294] Built LeanExe.Extract.ScalarStepEquations:c.o (1.8s)
✔ [251/294] Built LeanExe.Extract.ScalarStepSupported:c.o (1.9s)
✔ [266/294] Built LeanExe.Extract.ScalarRangeExit:c.o (2.2s)
✔ [284/294] Built LeanExe.Extract.Report (1.4s)
✔ [288/294] Built LeanExe.Extract.OwnershipReport (1.1s)
✔ [290/294] Built LeanExe.CLI (1.2s)
✔ [292/294] Built Main (934ms)
✔ [294/294] Built «lean-wasm»:exe (517ms)
Build completed successfully (294 jobs).
