cli-build: passed
admission-test: passed
reserved-exports: passed
fixture: passed
native-results: passed
compile-constant: passed
compile-publicInputIdWord: passed
compile-publicInputIdResult: passed
compile-publicFlagWord: passed
compile-publicFlagResult: passed
compile-rangeWordBoolHelperId: passed
compile-rangeWordChooseLoops: passed
compile-rangeWordChooseHelpers: passed
compile-rangeWordChooseSetupWord: passed
compile-rangeWordChooseSetupFlag: passed
compile-rangeWordChooseSetupDo: passed
compile-rangeWordChooseSetupNested: passed
compile-rangeWordChooseSavedResult: passed
compile-rangeWordChooseShowResult: passed
compile-rangeWordChooseSetupExit: passed
compile-rangeWordChooseSetupContinue: passed
compile-rangeWordChooseSetupStride: passed
compile-rangeWordChooseSetupId: passed
compile-rangeWordChooseHelperWord: passed
compile-rangeWordChooseHelperBoolean: passed
compile-rangeWordChooseHelperPredicate: passed
compile-rangeWordChooseHelperBooleanPredicate: passed
compile-rangeWordChooseHelperBinary: passed
compile-rangeWordChooseHelperMany: passed
compile-rangeWordChooseHelperManyFive: passed
compile-rangeWordChooseHelperUnit: passed
compile-rangeWordChooseHelperPunit: passed
compile-rangeWordChooseHelperId: passed
Passed 609 native Lean / independent Wasm engine comparisons across 28 declarations.
