leanrun: LEANRUN_LOCAL=1; macOS has no cgroup CPU/memory/swap limits or ionice
leanrun: explicitly authorized inherited priority; nice unavailable
fun count seed =>
  @Id.run Bool
    (have flag :=
      @BEq.beq UInt64 (@instBEqOfDecidableEq UInt64 instDecidableEqUInt64) seed
        (@OfNat.ofNat UInt64 (nat_lit 0) (@UInt64.instOfNat (nat_lit 0)));
    @bind Id (@Monad.toBind Id Id.instMonad) Bool Bool
      (@forIn Id Std.Legacy.Range Nat
        (@instForInOfForIn' Id Std.Legacy.Range Nat
          (@inferInstance (Membership Nat Std.Legacy.Range) Std.Legacy.instMembershipNatRange)
          (@Std.Legacy.Range.instForIn'NatInferInstanceMembershipOfMonad Id Id.instMonad))
        Bool [:count.toNat] flag fun i __s =>
        have flag := __s;
        have __do_jp := fun n =>
          have flag :=
            @BEq.beq UInt64 (@instBEqOfDecidableEq UInt64 instDecidableEqUInt64)
              (@HMod.hMod UInt64 UInt64 UInt64 (@instHMod UInt64 instModUInt64) n
                (@OfNat.ofNat UInt64 (nat_lit 3) (@UInt64.instOfNat (nat_lit 3))))
              (@OfNat.ofNat UInt64 (nat_lit 0) (@UInt64.instOfNat (nat_lit 0)));
          @ite (Id (ForInStep Bool)) (@Eq Bool flag true) (instDecidableEqBool flag true)
            (@pure Id (@Applicative.toPure Id (@Monad.toApplicative Id Id.instMonad)) (ForInStep Bool)
              (@ForInStep.done Bool flag))
            (@pure Id (@Applicative.toPure Id (@Monad.toApplicative Id Id.instMonad)) (ForInStep Bool)
              (@ForInStep.yield Bool flag));
        @ite (Id (ForInStep Bool)) (@Eq Bool flag true) (instDecidableEqBool flag true)
          (@bind Id (@Monad.toBind Id Id.instMonad) UInt64 (ForInStep Bool)
            (@pure Id (@Applicative.toPure Id (@Monad.toApplicative Id Id.instMonad)) UInt64
              (@HAdd.hAdd UInt64 UInt64 UInt64 (@instHAdd UInt64 instAddUInt64) i.toUInt64 seed))
            fun n => __do_jp n)
          (@bind Id (@Monad.toBind Id Id.instMonad) UInt64 (ForInStep Bool)
            (@pure Id (@Applicative.toPure Id (@Monad.toApplicative Id Id.instMonad)) UInt64
              (@HAdd.hAdd UInt64 UInt64 UInt64 (@instHAdd UInt64 instAddUInt64) seed
                (@OfNat.ofNat UInt64 (nat_lit 1) (@UInt64.instOfNat (nat_lit 1)))))
            fun n => __do_jp n))
      fun __s =>
      have flag := __s;
      @pure Id (@Applicative.toPure Id (@Monad.toApplicative Id Id.instMonad)) Bool flag)
