cli-build: passed
admission-test: passed
reserved-exports: passed
fixture: passed
native-results: passed
compile-constant: passed
compile-publicInputIdWord: passed
compile-publicInputIdResult: passed
compile-publicBoolHelpersNested: passed
compile-publicBoolHelpersRepeated: passed
compile-publicBoolHelpersWrapped: passed
compile-publicBoolHelpersInputId: passed
compile-publicBoolHelpersWord: passed
compile-publicBoolHelpersUnused: passed
compile-predicateBodyWordRepeated: passed
compile-predicateBodyWordBoolean: passed
compile-predicateBodyWordUnused: passed
compile-predicateBodyWordCapture: passed
compile-predicateBodyWordProposition: passed
compile-predicateBodyWordDo: passed
compile-booleanHelperBodyNested: passed
compile-booleanHelperBodyWrapped: passed
compile-booleanHelperBodyMixed: passed
compile-booleanHelperBodyCaptures: passed
compile-booleanHelperBodyUnused: passed
compile-booleanHelperBodyChoice: passed
compile-publicFlagWord: passed
compile-publicFlagResult: passed
compile-rangeBooleanStepBindWord: passed
compile-rangeBooleanStepBindBoolean: passed
compile-rangeBooleanStepBindChain: passed
compile-rangeBooleanStepBindUnusedWord: passed
compile-rangeBooleanStepBindUnusedBoolean: passed
compile-rangeBooleanStepBindCaptured: passed
compile-rangeBooleanStepBindContinue: passed
compile-rangeBooleanStepBindWordTail: passed
compile-rangeBooleanAccumulatorToggle: passed
compile-rangeBooleanAccumulatorIndex: passed
compile-rangeBooleanAccumulatorChoice: passed
compile-rangeBooleanAccumulatorBreak: passed
compile-rangeBooleanAccumulatorContinue: passed
compile-rangeBooleanAccumulatorStride: passed
compile-rangeBooleanAccumulatorPredicate: passed
compile-rangeBooleanAccumulatorInitial: passed
compile-rangeBooleanAccumulatorWordTail: passed
compile-rangeBooleanAccumulatorInput: passed
compile-rangeBooleanAccumulatorHigh: passed
compile-rangeBooleanAccumulatorHuge: passed
compile-rangePredicateOuterBodyWord: passed
compile-rangePredicateOuterBodyBoolean: passed
compile-rangePredicateOuterBodyBound: passed
compile-rangePredicateOuterBodyInitial: passed
compile-rangePredicateOuterBodyTail: passed
compile-rangePredicateBodyBreakWord: passed
compile-rangePredicateBodyBreakBoolean: passed
compile-rangePredicateBodyContinueWord: passed
compile-rangePredicateBodyContinueBoolean: passed
Passed 1005 native Lean / independent Wasm engine comparisons across 52 declarations.
