⚠ [1/118] Replayed LeanExe.Examples.AsciiDigits
warning: LeanExe/Examples/AsciiDigits.lean:103:30: `if_false` has been deprecated: Use `ite_false` instead
warning: LeanExe/Examples/AsciiDigits.lean:109:78: `if_true` has been deprecated: Use `ite_true` instead
⚠ [74/118] Replayed LeanExe.IR.ScalarRangeSlots
warning: LeanExe/IR/ScalarRangeSlots.lean:25:2: try 'simp' instead of 'simpa'

Note: This linter can be disabled with `set_option linter.unnecessarySimpa false`
warning: LeanExe/IR/ScalarRangeSlots.lean:29:20: This simp argument is unused:
  read_suffix

Hint: Omit it from the simp argument list.
  [apply] simp [rangeStore]

Note: This linter can be disabled with `set_option linter.unusedSimpArgs false`
warning: LeanExe/IR/ScalarRangeSlots.lean:33:20: This simp argument is unused:
  read_suffix

Hint: Omit it from the simp argument list.
  [apply] simp [rangeStore]

Note: This linter can be disabled with `set_option linter.unusedSimpArgs false`
⚠ [100/118] Replayed LeanExe.IR.ScalarRangeExitSlots
warning: LeanExe/IR/ScalarRangeExitSlots.lean:18:2: try 'simp' instead of 'simpa'

Note: This linter can be disabled with `set_option linter.unnecessarySimpa false`
⚠ [105/118] Replayed LeanExe.Extract.ScalarFunc
warning: LeanExe/Extract/ScalarFunc.lean:76:28: This simp argument is unused:
  bind

Hint: Omit it from the simp argument list.
  [apply] simp only [rangeCase, pure, Option.bind_eq_some_iff, Option.some.injEq] at compiled

Note: This linter can be disabled with `set_option linter.unusedSimpArgs false`
✔ [117/248] Built LeanExe.Extract.Eval (989ms)
✔ [135/248] Built LeanExe.Source.ScalarLiteralInstance:c.o (140ms)
✔ [136/248] Built LeanExe.Extract.ScalarLiteralInstance:c.o (154ms)
✔ [184/248] Built LeanExe.Source.Scalar:c.o (180ms)
✔ [185/248] Built LeanExe.Extract.ScalarExprCore:c.o (2.7s)
✔ [187/248] Built LeanExe.Extract.ScalarExpr:c.o (1.7s)
✔ [238/248] Built LeanExe.Extract.Report (1.4s)
✔ [242/248] Built LeanExe.Extract.OwnershipReport (1.1s)
✔ [244/248] Built LeanExe.CLI (1.2s)
✔ [246/248] Built Main (913ms)
✔ [248/248] Built «lean-wasm»:exe (510ms)
Build completed successfully (248 jobs).
