leanrun: LEANRUN_LOCAL=1; macOS has no cgroup CPU/memory/swap limits or ionice
leanrun: explicitly authorized inherited priority; nice unavailable
Lean.Expr.lam
  `x
  (Lean.Expr.const `UInt64 [])
  (Lean.Expr.lam
    `y
    (Lean.Expr.const `UInt64 [])
    (Lean.Expr.app
      (Lean.Expr.app
        (Lean.Expr.app
          (Lean.Expr.app
            (Lean.Expr.app
              (Lean.Expr.app
                (Lean.Expr.const `HSub.hSub [Lean.Level.zero, Lean.Level.zero, Lean.Level.zero])
                (Lean.Expr.const `UInt64 []))
              (Lean.Expr.const `UInt64 []))
            (Lean.Expr.const `UInt64 []))
          (Lean.Expr.app
            (Lean.Expr.app (Lean.Expr.const `instHSub [Lean.Level.zero]) (Lean.Expr.const `UInt64 []))
            (Lean.Expr.const `instSubUInt64 [])))
        (Lean.Expr.app
          (Lean.Expr.app
            (Lean.Expr.app
              (Lean.Expr.app
                (Lean.Expr.app
                  (Lean.Expr.app
                    (Lean.Expr.const `HAdd.hAdd [Lean.Level.zero, Lean.Level.zero, Lean.Level.zero])
                    (Lean.Expr.const `UInt64 []))
                  (Lean.Expr.const `UInt64 []))
                (Lean.Expr.const `UInt64 []))
              (Lean.Expr.app
                (Lean.Expr.app (Lean.Expr.const `instHAdd [Lean.Level.zero]) (Lean.Expr.const `UInt64 []))
                (Lean.Expr.const `instAddUInt64 [])))
            (Lean.Expr.bvar 1))
          (Lean.Expr.app
            (Lean.Expr.app
              (Lean.Expr.app (Lean.Expr.const `OfNat.ofNat [Lean.Level.zero]) (Lean.Expr.const `UInt64 []))
              (Lean.Expr.app
                (Lean.Expr.app
                  (Lean.Expr.app (Lean.Expr.const `OfNat.ofNat [Lean.Level.zero]) (Lean.Expr.const `Nat []))
                  (Lean.Expr.lit (Lean.Literal.natVal 7)))
                (Lean.Expr.app (Lean.Expr.const `instOfNatNat []) (Lean.Expr.lit (Lean.Literal.natVal 7)))))
            (Lean.Expr.letE
              `_unused
              (Lean.Expr.const `UInt64 [])
              (Lean.Expr.app
                (Lean.Expr.app
                  (Lean.Expr.app
                    (Lean.Expr.app
                      (Lean.Expr.app
                        (Lean.Expr.app
                          (Lean.Expr.const `HAdd.hAdd [Lean.Level.zero, Lean.Level.zero, Lean.Level.zero])
                          (Lean.Expr.const `UInt64 []))
                        (Lean.Expr.const `UInt64 []))
                      (Lean.Expr.const `UInt64 []))
                    (Lean.Expr.app
                      (Lean.Expr.app (Lean.Expr.const `instHAdd [Lean.Level.zero]) (Lean.Expr.const `UInt64 []))
                      (Lean.Expr.const `instAddUInt64 [])))
                  (Lean.Expr.bvar 1))
                (Lean.Expr.bvar 0))
              (Lean.Expr.app
                (Lean.Expr.const `UInt64.instOfNat [])
                (Lean.Expr.app
                  (Lean.Expr.app
                    (Lean.Expr.app (Lean.Expr.const `OfNat.ofNat [Lean.Level.zero]) (Lean.Expr.const `Nat []))
                    (Lean.Expr.lit (Lean.Literal.natVal 7)))
                  (Lean.Expr.app (Lean.Expr.const `instOfNatNat []) (Lean.Expr.lit (Lean.Literal.natVal 7)))))
              true))))
      (Lean.Expr.bvar 0))
    (Lean.BinderInfo.default))
  (Lean.BinderInfo.default)
