leanrun: LEANRUN_LOCAL=1; macOS has no cgroup CPU/memory/swap limits or ionice
leanrun: explicitly authorized inherited priority; nice unavailable
test/scalar_literal_instances.lean:13:51: error: Function expected at
  UInt64.instOfNat
but this term has type
  OfNat UInt64 ?m.8

Note: Expected a function because this term is being applied to the argument
  7
test/scalar_literal_instances.lean:16:51: error: Function expected at
  UInt64.instOfNat
but this term has type
  OfNat UInt64 ?m.3

Note: Expected a function because this term is being applied to the argument
  11
test/scalar_literal_instances.lean:20:58: error: Function expected at
  UInt64.instOfNat
but this term has type
  OfNat UInt64 ?m.7

Note: Expected a function because this term is being applied to the argument
  13
test/scalar_literal_instances.lean:24:56: error: Function expected at
  UInt64.instOfNat
but this term has type
  OfNat UInt64 ?m.4

Note: Expected a function because this term is being applied to the argument
  5
test/scalar_literal_instances.lean:30:68: error: Function expected at
  UInt64.instOfNat
but this term has type
  OfNat UInt64 ?m.9

Note: Expected a function because this term is being applied to the argument
  17
test/scalar_literal_instances.lean:31:56: error: Function expected at
  UInt64.instOfNat
but this term has type
  OfNat UInt64 ?m.21

Note: Expected a function because this term is being applied to the argument
  19
test/scalar_literal_instances.lean:35:26: error: Function expected at
  UInt64.instOfNat
but this term has type
  OfNat UInt64 ?m.3

Note: Expected a function because this term is being applied to the argument
  18446744073709551621
test/scalar_literal_instances.lean:41:62: error: Function expected at
  UInt64.instOfNat
but this term has type
  OfNat UInt64 ?m.15

Note: Expected a function because this term is being applied to the argument
  3
test/scalar_literal_instances.lean:42:57: error: Function expected at
  UInt64.instOfNat
but this term has type
  OfNat UInt64 ?m.28

Note: Expected a function because this term is being applied to the argument
  5
test/scalar_literal_instances.lean:49:71: error: Function expected at
  UInt64.instOfNat
but this term has type
  OfNat UInt64 ?m.19

Note: Expected a function because this term is being applied to the argument
  3
test/scalar_literal_instances.lean:50:59: error: Function expected at
  UInt64.instOfNat
but this term has type
  OfNat UInt64 ?m.33

Note: Expected a function because this term is being applied to the argument
  5
test/scalar_literal_instances.lean:56:65: error: Function expected at
  UInt64.instOfNat
but this term has type
  OfNat UInt64 ?m.11

Note: Expected a function because this term is being applied to the argument
  7
test/scalar_literal_instances.lean:63:59: error: Function expected at
  UInt64.instOfNat
but this term has type
  OfNat UInt64 ?m.5

Note: Expected a function because this term is being applied to the argument
  1
test/scalar_literal_instances.lean:64:68: error: Function expected at
  UInt64.instOfNat
but this term has type
  OfNat UInt64 ?m.13

Note: Expected a function because this term is being applied to the argument
  13
test/scalar_literal_instances.lean:68:57: error: Function expected at
  UInt64.instOfNat
but this term has type
  OfNat UInt64 ?m.48

Note: Expected a function because this term is being applied to the argument
  3
test/scalar_literal_instances.lean:73:56: error: Function expected at
  UInt64.instOfNat
but this term has type
  OfNat UInt64 ?m.4

Note: Expected a function because this term is being applied to the argument
  5
test/scalar_literal_instances.lean:104:0: error: Aborting evaluation since the expression depends on the 'sorry' axiom, which can lead to runtime instability and crashes.

To attempt to evaluate anyway despite the risks, use the '#eval!' command.
