⚠ [1/134] Replayed LeanExe.Examples.AsciiDigits
warning: LeanExe/Examples/AsciiDigits.lean:103:30: `if_false` has been deprecated: Use `ite_false` instead
warning: LeanExe/Examples/AsciiDigits.lean:109:78: `if_true` has been deprecated: Use `ite_true` instead
⚠ [90/134] Replayed LeanExe.IR.ScalarRangeSlots
warning: LeanExe/IR/ScalarRangeSlots.lean:25:2: try 'simp' instead of 'simpa'

Note: This linter can be disabled with `set_option linter.unnecessarySimpa false`
warning: LeanExe/IR/ScalarRangeSlots.lean:29:20: This simp argument is unused:
  read_suffix

Hint: Omit it from the simp argument list.
  [apply] simp [rangeStore]

Note: This linter can be disabled with `set_option linter.unusedSimpArgs false`
warning: LeanExe/IR/ScalarRangeSlots.lean:33:20: This simp argument is unused:
  read_suffix

Hint: Omit it from the simp argument list.
  [apply] simp [rangeStore]

Note: This linter can be disabled with `set_option linter.unusedSimpArgs false`
⚠ [116/134] Replayed LeanExe.IR.ScalarRangeExitSlots
warning: LeanExe/IR/ScalarRangeExitSlots.lean:18:2: try 'simp' instead of 'simpa'

Note: This linter can be disabled with `set_option linter.unnecessarySimpa false`
⚠ [121/134] Replayed LeanExe.Extract.ScalarFunc
warning: LeanExe/Extract/ScalarFunc.lean:76:28: This simp argument is unused:
  bind

Hint: Omit it from the simp argument list.
  [apply] simp only [rangeCase, pure, Option.bind_eq_some_iff, Option.some.injEq] at compiled

Note: This linter can be disabled with `set_option linter.unusedSimpArgs false`
✔ [133/280] Built LeanExe.Extract.Eval (1.0s)
✔ [159/280] Built LeanExe.Source.ExprProofBinder:c.o (171ms)
✔ [160/280] Built LeanExe.Source.ScalarBooleanProofBranch:c.o (108ms)
✔ [161/280] Built LeanExe.Source.ScalarBooleanLocal:c.o (462ms)
✔ [173/280] Built LeanExe.Extract.ScalarBooleanProofBodies:c.o (103ms)
✔ [174/280] Built LeanExe.Extract.ScalarBooleanLocalParser:c.o (1.4s)
✔ [176/280] Built LeanExe.Extract.ScalarBooleanLocalParserEquations:c.o (1.1s)
✔ [177/280] Built LeanExe.Extract.ScalarBooleanLocalSyntax:c.o (1.4s)
✔ [178/280] Built LeanExe.Extract.ScalarBooleanAction:c.o (491ms)
✔ [207/280] Built LeanExe.Extract.ScalarBooleanLocal:c.o (317ms)
✔ [270/280] Built LeanExe.Extract.Report (1.4s)
✔ [274/280] Built LeanExe.Extract.OwnershipReport (1.1s)
✔ [276/280] Built LeanExe.CLI (1.2s)
✔ [278/280] Built Main (923ms)
✔ [280/280] Built «lean-wasm»:exe (512ms)
Build completed successfully (280 jobs).
