leanrun: LEANRUN_LOCAL=1; macOS has no cgroup CPU/memory/swap limits or ionice
leanrun: explicitly authorized inherited priority; nice unavailable
captureFlag: true
fun flag _x =>
  have f := fun b => b && flag;
  f true
Lean.Expr.lam
  `flag
  (Lean.Expr.const `Bool [])
  (Lean.Expr.lam
    `_x
    (Lean.Expr.const `UInt64 [])
    (Lean.Expr.letE
      `f
      (Lean.Expr.forallE `b (Lean.Expr.const `Bool []) (Lean.Expr.const `Bool []) (Lean.BinderInfo.default))
      (Lean.Expr.lam
        `b
        (Lean.Expr.const `Bool [])
        (Lean.Expr.app (Lean.Expr.app (Lean.Expr.const `Bool.and []) (Lean.Expr.bvar 0)) (Lean.Expr.bvar 2))
        (Lean.BinderInfo.default))
      (Lean.Expr.app (Lean.Expr.bvar 0) (Lean.Expr.const `Bool.true []))
      true)
    (Lean.BinderInfo.default))
  (Lean.BinderInfo.default)
captureWord: true
fun flag x =>
  have f := fun b => b && x != 0;
  f flag
Lean.Expr.lam
  `flag
  (Lean.Expr.const `Bool [])
  (Lean.Expr.lam
    `x
    (Lean.Expr.const `UInt64 [])
    (Lean.Expr.letE
      `f
      (Lean.Expr.forallE `b (Lean.Expr.const `Bool []) (Lean.Expr.const `Bool []) (Lean.BinderInfo.default))
      (Lean.Expr.lam
        `b
        (Lean.Expr.const `Bool [])
        (Lean.Expr.app
          (Lean.Expr.app (Lean.Expr.const `Bool.and []) (Lean.Expr.bvar 0))
          (Lean.Expr.app
            (Lean.Expr.app
              (Lean.Expr.app
                (Lean.Expr.app (Lean.Expr.const `bne [Lean.Level.zero]) (Lean.Expr.const `UInt64 []))
                (Lean.Expr.app
                  (Lean.Expr.app (Lean.Expr.const `instBEqOfDecidableEq [Lean.Level.zero]) (Lean.Expr.const `UInt64 []))
                  (Lean.Expr.const `instDecidableEqUInt64 [])))
              (Lean.Expr.bvar 1))
            (Lean.Expr.app
              (Lean.Expr.app
                (Lean.Expr.app (Lean.Expr.const `OfNat.ofNat [Lean.Level.zero]) (Lean.Expr.const `UInt64 []))
                (Lean.Expr.lit (Lean.Literal.natVal 0)))
              (Lean.Expr.app (Lean.Expr.const `UInt64.instOfNat []) (Lean.Expr.lit (Lean.Literal.natVal 0))))))
        (Lean.BinderInfo.default))
      (Lean.Expr.app (Lean.Expr.bvar 0) (Lean.Expr.bvar 2))
      true)
    (Lean.BinderInfo.default))
  (Lean.BinderInfo.default)
captureBoth: true
fun flag x =>
  have f := fun b => b && flag && x != 0;
  f true
Lean.Expr.lam
  `flag
  (Lean.Expr.const `Bool [])
  (Lean.Expr.lam
    `x
    (Lean.Expr.const `UInt64 [])
    (Lean.Expr.letE
      `f
      (Lean.Expr.forallE `b (Lean.Expr.const `Bool []) (Lean.Expr.const `Bool []) (Lean.BinderInfo.default))
      (Lean.Expr.lam
        `b
        (Lean.Expr.const `Bool [])
        (Lean.Expr.app
          (Lean.Expr.app
            (Lean.Expr.const `Bool.and [])
            (Lean.Expr.app (Lean.Expr.app (Lean.Expr.const `Bool.and []) (Lean.Expr.bvar 0)) (Lean.Expr.bvar 2)))
          (Lean.Expr.app
            (Lean.Expr.app
              (Lean.Expr.app
                (Lean.Expr.app (Lean.Expr.const `bne [Lean.Level.zero]) (Lean.Expr.const `UInt64 []))
                (Lean.Expr.app
                  (Lean.Expr.app (Lean.Expr.const `instBEqOfDecidableEq [Lean.Level.zero]) (Lean.Expr.const `UInt64 []))
                  (Lean.Expr.const `instDecidableEqUInt64 [])))
              (Lean.Expr.bvar 1))
            (Lean.Expr.app
              (Lean.Expr.app
                (Lean.Expr.app (Lean.Expr.const `OfNat.ofNat [Lean.Level.zero]) (Lean.Expr.const `UInt64 []))
                (Lean.Expr.lit (Lean.Literal.natVal 0)))
              (Lean.Expr.app (Lean.Expr.const `UInt64.instOfNat []) (Lean.Expr.lit (Lean.Literal.natVal 0))))))
        (Lean.BinderInfo.default))
      (Lean.Expr.app (Lean.Expr.bvar 0) (Lean.Expr.const `Bool.true []))
      true)
    (Lean.BinderInfo.default))
  (Lean.BinderInfo.default)
captureRepeat: false
fun flag x =>
  have f := fun b => b && flag && x != 0;
  f (x != 7) || f (x == 7)
Lean.Expr.lam
  `flag
  (Lean.Expr.const `Bool [])
  (Lean.Expr.lam
    `x
    (Lean.Expr.const `UInt64 [])
    (Lean.Expr.letE
      `f
      (Lean.Expr.forallE `b (Lean.Expr.const `Bool []) (Lean.Expr.const `Bool []) (Lean.BinderInfo.default))
      (Lean.Expr.lam
        `b
        (Lean.Expr.const `Bool [])
        (Lean.Expr.app
          (Lean.Expr.app
            (Lean.Expr.const `Bool.and [])
            (Lean.Expr.app (Lean.Expr.app (Lean.Expr.const `Bool.and []) (Lean.Expr.bvar 0)) (Lean.Expr.bvar 2)))
          (Lean.Expr.app
            (Lean.Expr.app
              (Lean.Expr.app
                (Lean.Expr.app (Lean.Expr.const `bne [Lean.Level.zero]) (Lean.Expr.const `UInt64 []))
                (Lean.Expr.app
                  (Lean.Expr.app (Lean.Expr.const `instBEqOfDecidableEq [Lean.Level.zero]) (Lean.Expr.const `UInt64 []))
                  (Lean.Expr.const `instDecidableEqUInt64 [])))
              (Lean.Expr.bvar 1))
            (Lean.Expr.app
              (Lean.Expr.app
                (Lean.Expr.app (Lean.Expr.const `OfNat.ofNat [Lean.Level.zero]) (Lean.Expr.const `UInt64 []))
                (Lean.Expr.lit (Lean.Literal.natVal 0)))
              (Lean.Expr.app (Lean.Expr.const `UInt64.instOfNat []) (Lean.Expr.lit (Lean.Literal.natVal 0))))))
        (Lean.BinderInfo.default))
      (Lean.Expr.app
        (Lean.Expr.app
          (Lean.Expr.const `Bool.or [])
          (Lean.Expr.app
            (Lean.Expr.bvar 0)
            (Lean.Expr.app
              (Lean.Expr.app
                (Lean.Expr.app
                  (Lean.Expr.app (Lean.Expr.const `bne [Lean.Level.zero]) (Lean.Expr.const `UInt64 []))
                  (Lean.Expr.app
                    (Lean.Expr.app
                      (Lean.Expr.const `instBEqOfDecidableEq [Lean.Level.zero])
                      (Lean.Expr.const `UInt64 []))
                    (Lean.Expr.const `instDecidableEqUInt64 [])))
                (Lean.Expr.bvar 1))
              (Lean.Expr.app
                (Lean.Expr.app
                  (Lean.Expr.app (Lean.Expr.const `OfNat.ofNat [Lean.Level.zero]) (Lean.Expr.const `UInt64 []))
                  (Lean.Expr.lit (Lean.Literal.natVal 7)))
                (Lean.Expr.app (Lean.Expr.const `UInt64.instOfNat []) (Lean.Expr.lit (Lean.Literal.natVal 7)))))))
        (Lean.Expr.app
          (Lean.Expr.bvar 0)
          (Lean.Expr.app
            (Lean.Expr.app
              (Lean.Expr.app
                (Lean.Expr.app (Lean.Expr.const `BEq.beq [Lean.Level.zero]) (Lean.Expr.const `UInt64 []))
                (Lean.Expr.app
                  (Lean.Expr.app (Lean.Expr.const `instBEqOfDecidableEq [Lean.Level.zero]) (Lean.Expr.const `UInt64 []))
                  (Lean.Expr.const `instDecidableEqUInt64 [])))
              (Lean.Expr.bvar 1))
            (Lean.Expr.app
              (Lean.Expr.app
                (Lean.Expr.app (Lean.Expr.const `OfNat.ofNat [Lean.Level.zero]) (Lean.Expr.const `UInt64 []))
                (Lean.Expr.lit (Lean.Literal.natVal 7)))
              (Lean.Expr.app (Lean.Expr.const `UInt64.instOfNat []) (Lean.Expr.lit (Lean.Literal.natVal 7)))))))
      true)
    (Lean.BinderInfo.default))
  (Lean.BinderInfo.default)
