leanrun: LEANRUN_LOCAL=1; macOS has no cgroup CPU/memory/swap limits or ionice
leanrun: explicitly authorized inherited priority; nice unavailable
LeanExe/Extract/ScalarBooleanRange.lean:294:81: error: Tactic `rewrite` failed: Did not find an occurrence of the pattern
  extractScalarExprWith locals
    ((Lean.Expr.const `Bool.toUInt64 []).app (BooleanRange.bind name binder input output value body))
in the target expression
  (match
      extractScalarExprWith locals
        ((Lean.Expr.const `Bool.toUInt64 []).app
          (((((((Lean.Expr.const `Bind.bind [Lean.Level.zero, Lean.Level.zero]).app
                                (Lean.Expr.const `Id [Lean.Level.zero])).app
                            (((Lean.Expr.const `Monad.toBind [Lean.Level.zero, Lean.Level.zero]).app
                                  (Lean.Expr.const `Id [Lean.Level.zero])).app
                              (Lean.Expr.const `Id.instMonad [Lean.Level.zero]))).app
                        input.expr).app
                    output.expr).app
                value).app
            (Lean.Expr.lam name input.expr body binder))) with
    | some value => some (ScalarRangeExitPlan.scalar value)
    | none =>
      match booleanRangeBindTypes? input.expr input.expr output.expr with
      | none =>
        match booleanRangeFlagBindTypes? input.expr input.expr output.expr with
        | none => none
        | some val =>
          scalarRangeValueBinding (extractScalarExprWith locals ((Lean.Expr.const `Bool.toUInt64 []).app value))
            (fun flag => extractScalarBooleanRangeWith (ScalarBinding.boolean flag :: locals) slot body)
            (fun x => extractScalarBooleanRangeWith locals slot value) fun flag =>
            extractScalarExprWith (ScalarBinding.boolean flag :: locals) ((Lean.Expr.const `Bool.toUInt64 []).app body)
      | some val =>
        match extractScalarExprWith locals value with
        | some bound => extractScalarBooleanRangeWith (ScalarBinding.word bound :: locals) slot body
        | none => do
          let plan ← extractScalarRangeExitWith locals slot value
          let result ←
            extractScalarExprWith (ScalarBinding.word plan.result :: locals)
                ((Lean.Expr.const `Bool.toUInt64 []).app body)
          pure
              { count := plan.count, initial := plan.initial, step := plan.step, done := plan.done,
                result := result }) =
    match extractScalarExprWith locals value with
    | some bound => extractScalarBooleanRangeWith (ScalarBinding.word bound :: locals) slot body
    | none => do
      let plan ← extractScalarRangeExitWith locals slot value
      let result ←
        extractScalarExprWith (ScalarBinding.word plan.result :: locals) ((Lean.Expr.const `Bool.toUInt64 []).app body)
      pure { count := plan.count, initial := plan.initial, step := plan.step, done := plan.done, result := result }

locals : List ScalarBinding
slot : Nat
name : Lean.Name
binder : Lean.BinderInfo
input : ResultType
output : BooleanType
value body : Lean.Expr
notScalar :
  extractScalarExprWith locals
      ((Lean.Expr.const `Bool.toUInt64 []).app (BooleanRange.bind name binder input output value body)) =
    none
⊢ (match
      extractScalarExprWith locals
        ((Lean.Expr.const `Bool.toUInt64 []).app
          (((((((Lean.Expr.const `Bind.bind [Lean.Level.zero, Lean.Level.zero]).app
                                (Lean.Expr.const `Id [Lean.Level.zero])).app
                            (((Lean.Expr.const `Monad.toBind [Lean.Level.zero, Lean.Level.zero]).app
                                  (Lean.Expr.const `Id [Lean.Level.zero])).app
                              (Lean.Expr.const `Id.instMonad [Lean.Level.zero]))).app
                        input.expr).app
                    output.expr).app
                value).app
            (Lean.Expr.lam name input.expr body binder))) with
    | some value => some (ScalarRangeExitPlan.scalar value)
    | none =>
      match booleanRangeBindTypes? input.expr input.expr output.expr with
      | none =>
        match booleanRangeFlagBindTypes? input.expr input.expr output.expr with
        | none => none
        | some val =>
          scalarRangeValueBinding (extractScalarExprWith locals ((Lean.Expr.const `Bool.toUInt64 []).app value))
            (fun flag => extractScalarBooleanRangeWith (ScalarBinding.boolean flag :: locals) slot body)
            (fun x => extractScalarBooleanRangeWith locals slot value) fun flag =>
            extractScalarExprWith (ScalarBinding.boolean flag :: locals) ((Lean.Expr.const `Bool.toUInt64 []).app body)
      | some val =>
        match extractScalarExprWith locals value with
        | some bound => extractScalarBooleanRangeWith (ScalarBinding.word bound :: locals) slot body
        | none => do
          let plan ← extractScalarRangeExitWith locals slot value
          let result ←
            extractScalarExprWith (ScalarBinding.word plan.result :: locals)
                ((Lean.Expr.const `Bool.toUInt64 []).app body)
          pure
              { count := plan.count, initial := plan.initial, step := plan.step, done := plan.done,
                result := result }) =
    match extractScalarExprWith locals value with
    | some bound => extractScalarBooleanRangeWith (ScalarBinding.word bound :: locals) slot body
    | none => do
      let plan ← extractScalarRangeExitWith locals slot value
      let result ←
        extractScalarExprWith (ScalarBinding.word plan.result :: locals) ((Lean.Expr.const `Bool.toUInt64 []).app body)
      pure { count := plan.count, initial := plan.initial, step := plan.step, done := plan.done, result := result }
LeanExe/Extract/ScalarBooleanRange.lean:314:88: error: Tactic `rewrite` failed: Did not find an occurrence of the pattern
  extractScalarExprWith locals
    ((Lean.Expr.const `Bool.toUInt64 []).app (BooleanRange.bindBoolean name binder input output value body))
in the target expression
  (match
      extractScalarExprWith locals
        ((Lean.Expr.const `Bool.toUInt64 []).app
          (((((((Lean.Expr.const `Bind.bind [Lean.Level.zero, Lean.Level.zero]).app
                                (Lean.Expr.const `Id [Lean.Level.zero])).app
                            (((Lean.Expr.const `Monad.toBind [Lean.Level.zero, Lean.Level.zero]).app
                                  (Lean.Expr.const `Id [Lean.Level.zero])).app
                              (Lean.Expr.const `Id.instMonad [Lean.Level.zero]))).app
                        input.expr).app
                    output.expr).app
                value).app
            (Lean.Expr.lam name input.expr body binder))) with
    | some value => some (ScalarRangeExitPlan.scalar value)
    | none =>
      match booleanRangeBindTypes? input.expr input.expr output.expr with
      | none =>
        match booleanRangeFlagBindTypes? input.expr input.expr output.expr with
        | none => none
        | some val =>
          scalarRangeValueBinding (extractScalarExprWith locals ((Lean.Expr.const `Bool.toUInt64 []).app value))
            (fun flag => extractScalarBooleanRangeWith (ScalarBinding.boolean flag :: locals) slot body)
            (fun x => extractScalarBooleanRangeWith locals slot value) fun flag =>
            extractScalarExprWith (ScalarBinding.boolean flag :: locals) ((Lean.Expr.const `Bool.toUInt64 []).app body)
      | some val =>
        match extractScalarExprWith locals value with
        | some bound => extractScalarBooleanRangeWith (ScalarBinding.word bound :: locals) slot body
        | none => do
          let plan ← extractScalarRangeExitWith locals slot value
          let result ←
            extractScalarExprWith (ScalarBinding.word plan.result :: locals)
                ((Lean.Expr.const `Bool.toUInt64 []).app body)
          pure
              { count := plan.count, initial := plan.initial, step := plan.step, done := plan.done,
                result := result }) =
    scalarRangeValueBinding (extractScalarExprWith locals ((Lean.Expr.const `Bool.toUInt64 []).app value))
      (fun flag => extractScalarBooleanRangeWith (ScalarBinding.boolean flag :: locals) slot body)
      (fun x => extractScalarBooleanRangeWith locals slot value) fun flag =>
      extractScalarExprWith (ScalarBinding.boolean flag :: locals) ((Lean.Expr.const `Bool.toUInt64 []).app body)

locals : List ScalarBinding
slot : Nat
name : Lean.Name
binder : Lean.BinderInfo
input output : BooleanType
value body : Lean.Expr
notScalar :
  extractScalarExprWith locals
      ((Lean.Expr.const `Bool.toUInt64 []).app (BooleanRange.bindBoolean name binder input output value body)) =
    none
⊢ (match
      extractScalarExprWith locals
        ((Lean.Expr.const `Bool.toUInt64 []).app
          (((((((Lean.Expr.const `Bind.bind [Lean.Level.zero, Lean.Level.zero]).app
                                (Lean.Expr.const `Id [Lean.Level.zero])).app
                            (((Lean.Expr.const `Monad.toBind [Lean.Level.zero, Lean.Level.zero]).app
                                  (Lean.Expr.const `Id [Lean.Level.zero])).app
                              (Lean.Expr.const `Id.instMonad [Lean.Level.zero]))).app
                        input.expr).app
                    output.expr).app
                value).app
            (Lean.Expr.lam name input.expr body binder))) with
    | some value => some (ScalarRangeExitPlan.scalar value)
    | none =>
      match booleanRangeBindTypes? input.expr input.expr output.expr with
      | none =>
        match booleanRangeFlagBindTypes? input.expr input.expr output.expr with
        | none => none
        | some val =>
          scalarRangeValueBinding (extractScalarExprWith locals ((Lean.Expr.const `Bool.toUInt64 []).app value))
            (fun flag => extractScalarBooleanRangeWith (ScalarBinding.boolean flag :: locals) slot body)
            (fun x => extractScalarBooleanRangeWith locals slot value) fun flag =>
            extractScalarExprWith (ScalarBinding.boolean flag :: locals) ((Lean.Expr.const `Bool.toUInt64 []).app body)
      | some val =>
        match extractScalarExprWith locals value with
        | some bound => extractScalarBooleanRangeWith (ScalarBinding.word bound :: locals) slot body
        | none => do
          let plan ← extractScalarRangeExitWith locals slot value
          let result ←
            extractScalarExprWith (ScalarBinding.word plan.result :: locals)
                ((Lean.Expr.const `Bool.toUInt64 []).app body)
          pure
              { count := plan.count, initial := plan.initial, step := plan.step, done := plan.done,
                result := result }) =
    scalarRangeValueBinding (extractScalarExprWith locals ((Lean.Expr.const `Bool.toUInt64 []).app value))
      (fun flag => extractScalarBooleanRangeWith (ScalarBinding.boolean flag :: locals) slot body)
      (fun x => extractScalarBooleanRangeWith locals slot value) fun flag =>
      extractScalarExprWith (ScalarBinding.boolean flag :: locals) ((Lean.Expr.const `Bool.toUInt64 []).app body)
LeanExe/Extract/ScalarBooleanRange.lean:433:88: error: Tactic `rewrite` failed: Did not find an occurrence of the pattern
  extractScalarExprWith locals ((Lean.Expr.const `Bool.toUInt64 []).app (shape.bind name body nondep))
in the target expression
  (match
      extractScalarExprWith locals
        ((Lean.Expr.const `Bool.toUInt64 []).app
          (Lean.Expr.letE name
            (Lean.Expr.forallE shape.first.typeName (Lean.Expr.const `UInt64 [])
              (Lean.Expr.forallE shape.second.typeName (Lean.Expr.const `UInt64 []) shape.suffix.type
                shape.second.typeBi)
              shape.first.typeBi)
            (Lean.Expr.lam shape.first.valueName (Lean.Expr.const `UInt64 [])
              (Lean.Expr.lam shape.second.valueName (Lean.Expr.const `UInt64 []) shape.suffix.value
                shape.second.valueBi)
              shape.first.valueBi)
            body nondep)) with
    | some value => some (ScalarRangeExitPlan.scalar value)
    | none =>
      match scalarResultType? shape.suffix.type with
      | none =>
        match
          scalarManyFunction?
            (Lean.Expr.forallE shape.first.typeName (Lean.Expr.const `UInt64 [])
              (Lean.Expr.forallE shape.second.typeName (Lean.Expr.const `UInt64 []) shape.suffix.type
                shape.second.typeBi)
              shape.first.typeBi)
            (Lean.Expr.lam shape.first.valueName (Lean.Expr.const `UInt64 [])
              (Lean.Expr.lam shape.second.valueName (Lean.Expr.const `UInt64 []) shape.suffix.value
                shape.second.valueBi)
              shape.first.valueBi) with
        | none => none
        | some shape =>
          match
            extractScalarExprWith (List.replicate shape.arity (ScalarBinding.word (IR.Expr.u64 0)) ++ locals)
              shape.body with
          | none => none
          | some val =>
            extractScalarBooleanRangeWith
              ((ScalarBinding.manyFunction shape.arity fun arguments =>
                  extractScalarExprWith (List.map ScalarBinding.word arguments.reverse ++ locals) shape.body) ::
                locals)
              slot body
      | some val =>
        match
          extractScalarExprWith (ScalarBinding.word (IR.Expr.u64 0) :: ScalarBinding.word (IR.Expr.u64 0) :: locals)
            shape.suffix.value with
        | none => none
        | some val =>
          extractScalarBooleanRangeWith
            ((ScalarBinding.binaryFunction fun first second =>
                extractScalarExprWith (ScalarBinding.word second :: ScalarBinding.word first :: locals)
                  shape.suffix.value) ::
              locals)
            slot body) =
    do
    let _ ← extractScalarExprWith (List.replicate shape.arity (ScalarBinding.word (IR.Expr.u64 0)) ++ locals) shape.body
    extractScalarBooleanRangeWith
        ((ScalarBinding.manyFunction shape.arity fun arguments =>
            extractScalarExprWith (List.map ScalarBinding.word arguments.reverse ++ locals) shape.body) ::
          locals)
        slot body

locals : List ScalarBinding
slot : Nat
shape : ManyFunction
name : Lean.Name
body : Lean.Expr
nondep : Bool
notScalar : extractScalarExprWith locals ((Lean.Expr.const `Bool.toUInt64 []).app (shape.bind name body nondep)) = none
⊢ (match
      extractScalarExprWith locals
        ((Lean.Expr.const `Bool.toUInt64 []).app
          (Lean.Expr.letE name
            (Lean.Expr.forallE shape.first.typeName (Lean.Expr.const `UInt64 [])
              (Lean.Expr.forallE shape.second.typeName (Lean.Expr.const `UInt64 []) shape.suffix.type
                shape.second.typeBi)
              shape.first.typeBi)
            (Lean.Expr.lam shape.first.valueName (Lean.Expr.const `UInt64 [])
              (Lean.Expr.lam shape.second.valueName (Lean.Expr.const `UInt64 []) shape.suffix.value
                shape.second.valueBi)
              shape.first.valueBi)
            body nondep)) with
    | some value => some (ScalarRangeExitPlan.scalar value)
    | none =>
      match scalarResultType? shape.suffix.type with
      | none =>
        match
          scalarManyFunction?
            (Lean.Expr.forallE shape.first.typeName (Lean.Expr.const `UInt64 [])
              (Lean.Expr.forallE shape.second.typeName (Lean.Expr.const `UInt64 []) shape.suffix.type
                shape.second.typeBi)
              shape.first.typeBi)
            (Lean.Expr.lam shape.first.valueName (Lean.Expr.const `UInt64 [])
              (Lean.Expr.lam shape.second.valueName (Lean.Expr.const `UInt64 []) shape.suffix.value
                shape.second.valueBi)
              shape.first.valueBi) with
        | none => none
        | some shape =>
          match
            extractScalarExprWith (List.replicate shape.arity (ScalarBinding.word (IR.Expr.u64 0)) ++ locals)
              shape.body with
          | none => none
          | some val =>
            extractScalarBooleanRangeWith
              ((ScalarBinding.manyFunction shape.arity fun arguments =>
                  extractScalarExprWith (List.map ScalarBinding.word arguments.reverse ++ locals) shape.body) ::
                locals)
              slot body
      | some val =>
        match
          extractScalarExprWith (ScalarBinding.word (IR.Expr.u64 0) :: ScalarBinding.word (IR.Expr.u64 0) :: locals)
            shape.suffix.value with
        | none => none
        | some val =>
          extractScalarBooleanRangeWith
            ((ScalarBinding.binaryFunction fun first second =>
                extractScalarExprWith (ScalarBinding.word second :: ScalarBinding.word first :: locals)
                  shape.suffix.value) ::
              locals)
            slot body) =
    do
    let _ ← extractScalarExprWith (List.replicate shape.arity (ScalarBinding.word (IR.Expr.u64 0)) ++ locals) shape.body
    extractScalarBooleanRangeWith
        ((ScalarBinding.manyFunction shape.arity fun arguments =>
            extractScalarExprWith (List.map ScalarBinding.word arguments.reverse ++ locals) shape.body) ::
          locals)
        slot body
LeanExe/Extract/ScalarBooleanRange.lean:471:62: error: Tactic `rewrite` failed: Did not find an occurrence of the pattern
  extractScalarExprWith locals
    ((Lean.Expr.const `Bool.toUInt64 []).app (BooleanRange.choiceExpr type condition evidence yes no))
in the target expression
  (match
      extractScalarExprWith locals
        ((Lean.Expr.const `Bool.toUInt64 []).app
          ((((((Lean.Expr.const `ite [Lean.Level.zero.succ]).app type.expr).app condition).app evidence).app yes).app
            no)) with
    | some value => some (ScalarRangeExitPlan.scalar value)
    | none =>
      match booleanType? type.expr with
      | none => none
      | some val =>
        match extractScalarExprWith locals (BooleanRange.decision condition evidence) with
        | none => none
        | some guard => do
          let first ←
            scalarBooleanRangeArm (extractScalarExprWith locals ((Lean.Expr.const `Bool.toUInt64 []).app yes)) fun x =>
                extractScalarBooleanRangeWith locals slot yes
          let second ←
            scalarBooleanRangeArm (extractScalarExprWith locals ((Lean.Expr.const `Bool.toUInt64 []).app no)) fun x =>
                extractScalarBooleanRangeWith locals slot no
          pure (ScalarRangeExitPlan.choice guard first second)) =
    do
    let guard ← extractScalarExprWith locals (BooleanRange.decision condition evidence)
    let first ←
      scalarBooleanRangeArm (extractScalarExprWith locals ((Lean.Expr.const `Bool.toUInt64 []).app yes)) fun x =>
          extractScalarBooleanRangeWith locals slot yes
    let second ←
      scalarBooleanRangeArm (extractScalarExprWith locals ((Lean.Expr.const `Bool.toUInt64 []).app no)) fun x =>
          extractScalarBooleanRangeWith locals slot no
    pure (ScalarRangeExitPlan.choice guard first second)

locals : List ScalarBinding
slot : Nat
type : BooleanType
condition evidence yes no : Lean.Expr
notScalar :
  extractScalarExprWith locals
      ((Lean.Expr.const `Bool.toUInt64 []).app (BooleanRange.choiceExpr type condition evidence yes no)) =
    none
⊢ (match
      extractScalarExprWith locals
        ((Lean.Expr.const `Bool.toUInt64 []).app
          ((((((Lean.Expr.const `ite [Lean.Level.zero.succ]).app type.expr).app condition).app evidence).app yes).app
            no)) with
    | some value => some (ScalarRangeExitPlan.scalar value)
    | none =>
      match booleanType? type.expr with
      | none => none
      | some val =>
        match extractScalarExprWith locals (BooleanRange.decision condition evidence) with
        | none => none
        | some guard => do
          let first ←
            scalarBooleanRangeArm (extractScalarExprWith locals ((Lean.Expr.const `Bool.toUInt64 []).app yes)) fun x =>
                extractScalarBooleanRangeWith locals slot yes
          let second ←
            scalarBooleanRangeArm (extractScalarExprWith locals ((Lean.Expr.const `Bool.toUInt64 []).app no)) fun x =>
                extractScalarBooleanRangeWith locals slot no
          pure (ScalarRangeExitPlan.choice guard first second)) =
    do
    let guard ← extractScalarExprWith locals (BooleanRange.decision condition evidence)
    let first ←
      scalarBooleanRangeArm (extractScalarExprWith locals ((Lean.Expr.const `Bool.toUInt64 []).app yes)) fun x =>
          extractScalarBooleanRangeWith locals slot yes
    let second ←
      scalarBooleanRangeArm (extractScalarExprWith locals ((Lean.Expr.const `Bool.toUInt64 []).app no)) fun x =>
          extractScalarBooleanRangeWith locals slot no
    pure (ScalarRangeExitPlan.choice guard first second)
LeanExe/Extract/ScalarBooleanRange.lean:481:47: error: Tactic `rewrite` failed: Did not find an occurrence of the pattern
  extractScalarExprWith locals ((Lean.Expr.const `Bool.toUInt64 []).app ((BooleanWrapper.run type✝).expr body))
in the target expression
  (match
      extractScalarExprWith locals
        ((Lean.Expr.const `Bool.toUInt64 []).app
          (((Lean.Expr.const `Id.run [Lean.Level.zero]).app type✝.expr).app body)) with
    | some value => some (ScalarRangeExitPlan.scalar value)
    | none =>
      match _wrapped : booleanRangeWrapper? (((Lean.Expr.const `Id.run [Lean.Level.zero]).app type✝.expr).app body) with
      | some (fst, body_1) => extractScalarBooleanRangeWith locals slot body_1
      | none => none) =
    extractScalarBooleanRangeWith locals slot body

case run
locals : List ScalarBinding
slot : Nat
body : Lean.Expr
type✝ : BooleanType
notScalar :
  extractScalarExprWith locals ((Lean.Expr.const `Bool.toUInt64 []).app ((BooleanWrapper.run type✝).expr body)) = none
parsed :
  booleanRangeWrapper? (((Lean.Expr.const `Id.run [Lean.Level.zero]).app type✝.expr).app body) =
    some (BooleanWrapper.run type✝, body)
⊢ (match
      extractScalarExprWith locals
        ((Lean.Expr.const `Bool.toUInt64 []).app
          (((Lean.Expr.const `Id.run [Lean.Level.zero]).app type✝.expr).app body)) with
    | some value => some (ScalarRangeExitPlan.scalar value)
    | none =>
      match _wrapped : booleanRangeWrapper? (((Lean.Expr.const `Id.run [Lean.Level.zero]).app type✝.expr).app body) with
      | some (fst, body_1) => extractScalarBooleanRangeWith locals slot body_1
      | none => none) =
    extractScalarBooleanRangeWith locals slot body
LeanExe/Extract/ScalarBooleanRange.lean:481:47: error: Tactic `rewrite` failed: Did not find an occurrence of the pattern
  extractScalarExprWith locals ((Lean.Expr.const `Bool.toUInt64 []).app ((BooleanWrapper.pure type✝).expr body))
in the target expression
  (match
      extractScalarExprWith locals
        ((Lean.Expr.const `Bool.toUInt64 []).app
          (((((Lean.Expr.const `Pure.pure [Lean.Level.zero, Lean.Level.zero]).app
                        (Lean.Expr.const `Id [Lean.Level.zero])).app
                    (((Lean.Expr.const `Applicative.toPure [Lean.Level.zero, Lean.Level.zero]).app
                          (Lean.Expr.const `Id [Lean.Level.zero])).app
                      (((Lean.Expr.const `Monad.toApplicative [Lean.Level.zero, Lean.Level.zero]).app
                            (Lean.Expr.const `Id [Lean.Level.zero])).app
                        (Lean.Expr.const `Id.instMonad [Lean.Level.zero])))).app
                type✝.expr).app
            body)) with
    | some value => some (ScalarRangeExitPlan.scalar value)
    | none =>
      match _wrapped :
        booleanRangeWrapper?
          (((((Lean.Expr.const `Pure.pure [Lean.Level.zero, Lean.Level.zero]).app
                        (Lean.Expr.const `Id [Lean.Level.zero])).app
                    (((Lean.Expr.const `Applicative.toPure [Lean.Level.zero, Lean.Level.zero]).app
                          (Lean.Expr.const `Id [Lean.Level.zero])).app
                      (((Lean.Expr.const `Monad.toApplicative [Lean.Level.zero, Lean.Level.zero]).app
                            (Lean.Expr.const `Id [Lean.Level.zero])).app
                        (Lean.Expr.const `Id.instMonad [Lean.Level.zero])))).app
                type✝.expr).app
            body) with
      | some (fst, body_1) => extractScalarBooleanRangeWith locals slot body_1
      | none => none) =
    extractScalarBooleanRangeWith locals slot body

case pure
locals : List ScalarBinding
slot : Nat
body : Lean.Expr
type✝ : BooleanType
notScalar :
  extractScalarExprWith locals ((Lean.Expr.const `Bool.toUInt64 []).app ((BooleanWrapper.pure type✝).expr body)) = none
parsed :
  booleanRangeWrapper?
      (((((Lean.Expr.const `Pure.pure [Lean.Level.zero, Lean.Level.zero]).app
                    (Lean.Expr.const `Id [Lean.Level.zero])).app
                (((Lean.Expr.const `Applicative.toPure [Lean.Level.zero, Lean.Level.zero]).app
                      (Lean.Expr.const `Id [Lean.Level.zero])).app
                  (((Lean.Expr.const `Monad.toApplicative [Lean.Level.zero, Lean.Level.zero]).app
                        (Lean.Expr.const `Id [Lean.Level.zero])).app
                    (Lean.Expr.const `Id.instMonad [Lean.Level.zero])))).app
            type✝.expr).app
        body) =
    some (BooleanWrapper.pure type✝, body)
⊢ (match
      extractScalarExprWith locals
        ((Lean.Expr.const `Bool.toUInt64 []).app
          (((((Lean.Expr.const `Pure.pure [Lean.Level.zero, Lean.Level.zero]).app
                        (Lean.Expr.const `Id [Lean.Level.zero])).app
                    (((Lean.Expr.const `Applicative.toPure [Lean.Level.zero, Lean.Level.zero]).app
                          (Lean.Expr.const `Id [Lean.Level.zero])).app
                      (((Lean.Expr.const `Monad.toApplicative [Lean.Level.zero, Lean.Level.zero]).app
                            (Lean.Expr.const `Id [Lean.Level.zero])).app
                        (Lean.Expr.const `Id.instMonad [Lean.Level.zero])))).app
                type✝.expr).app
            body)) with
    | some value => some (ScalarRangeExitPlan.scalar value)
    | none =>
      match _wrapped :
        booleanRangeWrapper?
          (((((Lean.Expr.const `Pure.pure [Lean.Level.zero, Lean.Level.zero]).app
                        (Lean.Expr.const `Id [Lean.Level.zero])).app
                    (((Lean.Expr.const `Applicative.toPure [Lean.Level.zero, Lean.Level.zero]).app
                          (Lean.Expr.const `Id [Lean.Level.zero])).app
                      (((Lean.Expr.const `Monad.toApplicative [Lean.Level.zero, Lean.Level.zero]).app
                            (Lean.Expr.const `Id [Lean.Level.zero])).app
                        (Lean.Expr.const `Id.instMonad [Lean.Level.zero])))).app
                type✝.expr).app
            body) with
      | some (fst, body_1) => extractScalarBooleanRangeWith locals slot body_1
      | none => none) =
    extractScalarBooleanRangeWith locals slot body
LeanExe/Extract/ScalarBooleanRange.lean:481:47: error: Tactic `rewrite` failed: Did not find an occurrence of the pattern
  extractScalarExprWith locals ((Lean.Expr.const `Bool.toUInt64 []).app ((BooleanWrapper.metadata data✝).expr body))
in the target expression
  (match extractScalarExprWith locals ((Lean.Expr.const `Bool.toUInt64 []).app (Lean.Expr.mdata data✝ body)) with
    | some value => some (ScalarRangeExitPlan.scalar value)
    | none =>
      match _wrapped : booleanRangeWrapper? (Lean.Expr.mdata data✝ body) with
      | some (fst, body_1) => extractScalarBooleanRangeWith locals slot body_1
      | none => none) =
    extractScalarBooleanRangeWith locals slot body

case metadata
locals : List ScalarBinding
slot : Nat
body : Lean.Expr
data✝ : Lean.MData
notScalar :
  extractScalarExprWith locals ((Lean.Expr.const `Bool.toUInt64 []).app ((BooleanWrapper.metadata data✝).expr body)) =
    none
parsed : booleanRangeWrapper? (Lean.Expr.mdata data✝ body) = some (BooleanWrapper.metadata data✝, body)
⊢ (match extractScalarExprWith locals ((Lean.Expr.const `Bool.toUInt64 []).app (Lean.Expr.mdata data✝ body)) with
    | some value => some (ScalarRangeExitPlan.scalar value)
    | none =>
      match _wrapped : booleanRangeWrapper? (Lean.Expr.mdata data✝ body) with
      | some (fst, body_1) => extractScalarBooleanRangeWith locals slot body_1
      | none => none) =
    extractScalarBooleanRangeWith locals slot body
LeanExe/Extract/ScalarBooleanRange.lean:821:4: error: Type mismatch: After simplification, term
  ih locals typed total
 has type
  ∃ plan, extractScalarBooleanRangeWith locals slot source✝ = some plan
but is expected to have type
  ∃ plan, extractScalarBooleanRangeWith locals slot (wrapper.expr source✝) = some plan
LeanExe/Extract/ScalarBooleanRange.lean:858:2: error: Duplicate alternative name `case7`
LeanExe/Extract/ScalarBooleanRange.lean:931:2: error: Duplicate alternative name `case20`
LeanExe/Extract/ScalarBooleanRange.lean:939:2: error: Duplicate alternative name `case23`
LeanExe/Extract/ScalarBooleanRange.lean:949:2: error: Duplicate alternative name `case27`
LeanExe/Extract/ScalarBooleanRange.lean:968:2: error: Duplicate alternative name `case32`
LeanExe/Extract/ScalarBooleanRange.lean:839:2: error: Alternative `case6` has not been provided
LeanExe/Extract/ScalarBooleanRange.lean:839:2: error: Alternative `case19` has not been provided
LeanExe/Extract/ScalarBooleanRange.lean:839:2: error: Alternative `case22` has not been provided
LeanExe/Extract/ScalarBooleanRange.lean:839:2: error: Alternative `case26` has not been provided
LeanExe/Extract/ScalarBooleanRange.lean:839:2: error: Alternative `case31` has not been provided
