⚠ [1/91] Replayed LeanExe.Examples.AsciiDigits
warning: LeanExe/Examples/AsciiDigits.lean:103:30: `if_false` has been deprecated: Use `ite_false` instead
warning: LeanExe/Examples/AsciiDigits.lean:109:78: `if_true` has been deprecated: Use `ite_true` instead
⚠ [49/91] Replayed LeanExe.IR.ScalarRangeSlots
warning: LeanExe/IR/ScalarRangeSlots.lean:25:2: try 'simp' instead of 'simpa'

Note: This linter can be disabled with `set_option linter.unnecessarySimpa false`
warning: LeanExe/IR/ScalarRangeSlots.lean:29:20: This simp argument is unused:
  read_suffix

Hint: Omit it from the simp argument list.
  [apply] simp [rangeStore]

Note: This linter can be disabled with `set_option linter.unusedSimpArgs false`
warning: LeanExe/IR/ScalarRangeSlots.lean:33:20: This simp argument is unused:
  read_suffix

Hint: Omit it from the simp argument list.
  [apply] simp [rangeStore]

Note: This linter can be disabled with `set_option linter.unusedSimpArgs false`
⚠ [73/91] Replayed LeanExe.IR.ScalarRangeExitSlots
warning: LeanExe/IR/ScalarRangeExitSlots.lean:18:2: try 'simp' instead of 'simpa'

Note: This linter can be disabled with `set_option linter.unnecessarySimpa false`
⚠ [78/91] Replayed LeanExe.Extract.ScalarFunc
warning: LeanExe/Extract/ScalarFunc.lean:76:28: This simp argument is unused:
  bind

Hint: Omit it from the simp argument list.
  [apply] simp only [rangeCase, pure, Option.bind_eq_some_iff, Option.some.injEq] at compiled

Note: This linter can be disabled with `set_option linter.unusedSimpArgs false`
✔ [90/194] Built LeanExe.Extract.Eval (967ms)
✔ [120/194] Built LeanExe.Source.ScalarGuard:c.o (216ms)
✔ [121/194] Built LeanExe.Source.ScalarBooleanGuard:c.o (212ms)
✔ [122/194] Built LeanExe.Source.ScalarCompoundGuard:c.o (125ms)
✔ [124/194] Built LeanExe.Extract.ScalarBooleanGuardSyntax:c.o (141ms)
✔ [127/194] Built LeanExe.Extract.ScalarGuardSyntax:c.o (230ms)
✔ [134/194] Built LeanExe.Source.Scalar:c.o (105ms)
✔ [184/194] Built LeanExe.Extract.Report (1.4s)
✔ [188/194] Built LeanExe.Extract.OwnershipReport (1.1s)
✔ [190/194] Built LeanExe.CLI (1.2s)
✔ [192/194] Built Main (926ms)
✔ [194/194] Built «lean-wasm»:exe (504ms)
Build completed successfully (194 jobs).
