cli-build: passed
admission-test: passed
reserved-exports: passed
fixture: passed
native-results: passed
compile-constant: passed
compile-publicInputIdWord: passed
compile-publicInputIdResult: passed
compile-publicBoolHelpersNested: passed
compile-publicBoolHelpersRepeated: passed
compile-publicBoolHelpersWrapped: passed
compile-publicBoolHelpersInputId: passed
compile-publicBoolHelpersWord: passed
compile-publicBoolHelpersUnused: passed
compile-predicateBodyWordRepeated: passed
compile-predicateBodyWordBoolean: passed
compile-predicateBodyWordUnused: passed
compile-predicateBodyWordCapture: passed
compile-predicateBodyWordProposition: passed
compile-predicateBodyWordDo: passed
compile-booleanHelperBodyNested: passed
compile-booleanHelperBodyWrapped: passed
compile-booleanHelperBodyMixed: passed
compile-booleanHelperBodyCaptures: passed
compile-booleanHelperBodyUnused: passed
compile-booleanHelperBodyChoice: passed
compile-publicFlagWord: passed
compile-publicFlagResult: passed
compile-rangeBooleanStepScalarWord: passed
compile-rangeBooleanStepScalarPredicate: passed
compile-rangeBooleanStepScalarBooleanWord: passed
compile-rangeBooleanStepScalarBooleanPredicate: passed
compile-rangeBooleanStepScalarWordId: passed
compile-rangeBooleanStepScalarPredicateId: passed
compile-rangeBooleanStepScalarBooleanWordId: passed
compile-rangeBooleanStepScalarBooleanPredicateId: passed
compile-rangeBooleanStepScalarCapture: passed
compile-rangeBooleanStepScalarUnused: passed
compile-rangeBooleanStepScalarRepeated: passed
compile-rangeBooleanStepScalarNested: passed
compile-rangeBooleanStepFunctionWord: passed
compile-rangeBooleanStepFunctionBoolean: passed
compile-rangeBooleanStepFunctionNested: passed
compile-rangeBooleanStepFunctionRetained: passed
compile-rangeBooleanStepFunctionChoiceWord: passed
compile-rangeBooleanStepFunctionChoiceBoolean: passed
compile-rangeBooleanStepFunctionUnused: passed
compile-rangeBooleanStepFunctionRepeated: passed
compile-rangeBooleanStepFunctionFlagInput: passed
compile-rangeBooleanStepFunctionWordTail: passed
compile-rangeBooleanStepBindWord: passed
compile-rangeBooleanStepBindBoolean: passed
compile-rangeBooleanStepBindChain: passed
compile-rangeBooleanStepBindUnusedWord: passed
compile-rangeBooleanStepBindUnusedBoolean: passed
compile-rangeBooleanStepBindCaptured: passed
compile-rangeBooleanStepBindContinue: passed
compile-rangeBooleanStepBindWordTail: passed
compile-rangeBooleanAccumulatorHigh: passed
compile-rangeBooleanAccumulatorHuge: passed
compile-rangePredicateBodyBreakWord: passed
Passed 1101 native Lean / independent Wasm engine comparisons across 56 declarations.
