leanrun: LEANRUN_LOCAL=1; macOS has no cgroup CPU/memory/swap limits or ionice
leanrun: explicitly authorized inherited priority; nice unavailable
def StepResultTest.rangeStepRun : (count seed : UInt64) → UInt64 :=
fun (count seed : UInt64) =>
  @ForIn.forIn.{0, 0, 0, 0} Id.{0} Std.Legacy.Range Nat
    (@instForInOfForIn'.{0, 0, 0, 0} Id.{0} Std.Legacy.Range Nat
      (@inferInstance.{1} (Membership.{0, 0} Nat Std.Legacy.Range) Std.Legacy.instMembershipNatRange)
      (@Std.Legacy.Range.instForIn'NatInferInstanceMembershipOfMonad.{0, 0} Id.{0} Id.instMonad.{0}))
    UInt64
    (Std.Legacy.Range.mk (@OfNat.ofNat.{0} Nat (nat_lit 0) (instOfNatNat (nat_lit 0))) (UInt64.toNat count)
      (@OfNat.ofNat.{0} Nat (nat_lit 1) (instOfNatNat (nat_lit 1))) Nat.zero_lt_one)
    seed fun (i : Nat) (a : UInt64) =>
    @Id.run.{0} (Id.{0} (ForInStep.{0} UInt64))
      (@Bind.bind.{0, 0} Id.{0} (@Monad.toBind.{0, 0} Id.{0} Id.instMonad.{0}) UInt64 (Id.{0} (ForInStep.{0} UInt64))
        (@Pure.pure.{0, 0} Id.{0}
          (@Applicative.toPure.{0, 0} Id.{0} (@Monad.toApplicative.{0, 0} Id.{0} Id.instMonad.{0})) UInt64
          (@HAdd.hAdd.{0, 0, 0} UInt64 UInt64 UInt64 (@instHAdd.{0} UInt64 instAddUInt64) a (UInt64.ofNat i)))
        fun (x : UInt64) =>
        @ite.{1} (Id.{0} (Id.{0} (ForInStep.{0} UInt64)))
          (@Eq.{1} Bool
            (@BEq.beq.{0} UInt64 (@instBEqOfDecidableEq.{0} UInt64 instDecidableEqUInt64)
              (@HMod.hMod.{0, 0, 0} UInt64 UInt64 UInt64 (@instHMod.{0} UInt64 instModUInt64) x
                (@OfNat.ofNat.{0} UInt64 (nat_lit 5) (@UInt64.instOfNat (nat_lit 5))))
              (@HMod.hMod.{0, 0, 0} UInt64 UInt64 UInt64 (@instHMod.{0} UInt64 instModUInt64) seed
                (@OfNat.ofNat.{0} UInt64 (nat_lit 5) (@UInt64.instOfNat (nat_lit 5)))))
            Bool.true)
          (instDecidableEqBool
            (@BEq.beq.{0} UInt64 (@instBEqOfDecidableEq.{0} UInt64 instDecidableEqUInt64)
              (@HMod.hMod.{0, 0, 0} UInt64 UInt64 UInt64 (@instHMod.{0} UInt64 instModUInt64) x
                (@OfNat.ofNat.{0} UInt64 (nat_lit 5) (@UInt64.instOfNat (nat_lit 5))))
              (@HMod.hMod.{0, 0, 0} UInt64 UInt64 UInt64 (@instHMod.{0} UInt64 instModUInt64) seed
                (@OfNat.ofNat.{0} UInt64 (nat_lit 5) (@UInt64.instOfNat (nat_lit 5)))))
            Bool.true)
          (@Pure.pure.{0, 0} Id.{0}
            (@Applicative.toPure.{0, 0} Id.{0} (@Monad.toApplicative.{0, 0} Id.{0} Id.instMonad.{0}))
            (ForInStep.{0} UInt64)
            (@ForInStep.done.{0} UInt64
              (@HAdd.hAdd.{0, 0, 0} UInt64 UInt64 UInt64 (@instHAdd.{0} UInt64 instAddUInt64) x
                (@OfNat.ofNat.{0} UInt64 (nat_lit 7) (@UInt64.instOfNat (nat_lit 7))))))
          (@Pure.pure.{0, 0} Id.{0}
            (@Applicative.toPure.{0, 0} Id.{0} (@Monad.toApplicative.{0, 0} Id.{0} Id.instMonad.{0}))
            (ForInStep.{0} UInt64)
            (@ForInStep.yield.{0} UInt64
              (@HAdd.hAdd.{0, 0, 0} UInt64 UInt64 UInt64 (@instHAdd.{0} UInt64 instAddUInt64)
                (@HMul.hMul.{0, 0, 0} UInt64 UInt64 UInt64 (@instHMul.{0} UInt64 instMulUInt64) x
                  (@OfNat.ofNat.{0} UInt64 (nat_lit 3) (@UInt64.instOfNat (nat_lit 3))))
                (@OfNat.ofNat.{0} UInt64 (nat_lit 1) (@UInt64.instOfNat (nat_lit 1)))))))
Lean.Expr.lam
  `count
  (Lean.Expr.const `UInt64 [])
  (Lean.Expr.lam
    `seed
    (Lean.Expr.const `UInt64 [])
    (Lean.Expr.app
      (Lean.Expr.app
        (Lean.Expr.app
          (Lean.Expr.app
            (Lean.Expr.app
              (Lean.Expr.app
                (Lean.Expr.app
                  (Lean.Expr.app
                    (Lean.Expr.const `ForIn.forIn [Lean.Level.zero, Lean.Level.zero, Lean.Level.zero, Lean.Level.zero])
                    (Lean.Expr.const `Id [Lean.Level.zero]))
                  (Lean.Expr.const `Std.Legacy.Range []))
                (Lean.Expr.mdata { entries := [(`borrowed, Lean.DataValue.ofBool true)] } (Lean.Expr.const `Nat [])))
              (Lean.Expr.app
                (Lean.Expr.app
                  (Lean.Expr.app
                    (Lean.Expr.app
                      (Lean.Expr.app
                        (Lean.Expr.const
                          `instForInOfForIn'
                          [Lean.Level.zero, Lean.Level.zero, Lean.Level.zero, Lean.Level.zero])
                        (Lean.Expr.const `Id [Lean.Level.zero]))
                      (Lean.Expr.const `Std.Legacy.Range []))
                    (Lean.Expr.const `Nat []))
                  (Lean.Expr.app
                    (Lean.Expr.app
                      (Lean.Expr.const `inferInstance [Lean.Level.succ (Lean.Level.zero)])
                      (Lean.Expr.app
                        (Lean.Expr.app
                          (Lean.Expr.const `Membership [Lean.Level.zero, Lean.Level.zero])
                          (Lean.Expr.const `Nat []))
                        (Lean.Expr.const `Std.Legacy.Range [])))
                    (Lean.Expr.const `Std.Legacy.instMembershipNatRange [])))
                (Lean.Expr.app
                  (Lean.Expr.app
                    (Lean.Expr.const
                      `Std.Legacy.Range.instForIn'NatInferInstanceMembershipOfMonad
                      [Lean.Level.zero, Lean.Level.zero])
                    (Lean.Expr.const `Id [Lean.Level.zero]))
                  (Lean.Expr.const `Id.instMonad [Lean.Level.zero]))))
            (Lean.Expr.const `UInt64 []))
          (Lean.Expr.app
            (Lean.Expr.app
              (Lean.Expr.app
                (Lean.Expr.app
                  (Lean.Expr.const `Std.Legacy.Range.mk [])
                  (Lean.Expr.app
                    (Lean.Expr.app
                      (Lean.Expr.app (Lean.Expr.const `OfNat.ofNat [Lean.Level.zero]) (Lean.Expr.const `Nat []))
                      (Lean.Expr.lit (Lean.Literal.natVal 0)))
                    (Lean.Expr.app (Lean.Expr.const `instOfNatNat []) (Lean.Expr.lit (Lean.Literal.natVal 0)))))
                (Lean.Expr.app (Lean.Expr.const `UInt64.toNat []) (Lean.Expr.bvar 1)))
              (Lean.Expr.app
                (Lean.Expr.app
                  (Lean.Expr.app (Lean.Expr.const `OfNat.ofNat [Lean.Level.zero]) (Lean.Expr.const `Nat []))
                  (Lean.Expr.lit (Lean.Literal.natVal 1)))
                (Lean.Expr.app (Lean.Expr.const `instOfNatNat []) (Lean.Expr.lit (Lean.Literal.natVal 1)))))
            (Lean.Expr.const `Nat.zero_lt_one [])))
        (Lean.Expr.bvar 0))
      (Lean.Expr.lam
        `i
        (Lean.Expr.mdata { entries := [(`borrowed, Lean.DataValue.ofBool true)] } (Lean.Expr.const `Nat []))
        (Lean.Expr.lam
          `a
          (Lean.Expr.const `UInt64 [])
          (Lean.Expr.app
            (Lean.Expr.app
              (Lean.Expr.const `Id.run [Lean.Level.zero])
              (Lean.Expr.app
                (Lean.Expr.const `Id [Lean.Level.zero])
                (Lean.Expr.app (Lean.Expr.const `ForInStep [Lean.Level.zero]) (Lean.Expr.const `UInt64 []))))
            (Lean.Expr.app
              (Lean.Expr.app
                (Lean.Expr.app
                  (Lean.Expr.app
                    (Lean.Expr.app
                      (Lean.Expr.app
                        (Lean.Expr.const `Bind.bind [Lean.Level.zero, Lean.Level.zero])
                        (Lean.Expr.const `Id [Lean.Level.zero]))
                      (Lean.Expr.app
                        (Lean.Expr.app
                          (Lean.Expr.const `Monad.toBind [Lean.Level.zero, Lean.Level.zero])
                          (Lean.Expr.const `Id [Lean.Level.zero]))
                        (Lean.Expr.const `Id.instMonad [Lean.Level.zero])))
                    (Lean.Expr.const `UInt64 []))
                  (Lean.Expr.app
                    (Lean.Expr.const `Id [Lean.Level.zero])
                    (Lean.Expr.app (Lean.Expr.const `ForInStep [Lean.Level.zero]) (Lean.Expr.const `UInt64 []))))
                (Lean.Expr.app
                  (Lean.Expr.app
                    (Lean.Expr.app
                      (Lean.Expr.app
                        (Lean.Expr.const `Pure.pure [Lean.Level.zero, Lean.Level.zero])
                        (Lean.Expr.const `Id [Lean.Level.zero]))
                      (Lean.Expr.app
                        (Lean.Expr.app
                          (Lean.Expr.const `Applicative.toPure [Lean.Level.zero, Lean.Level.zero])
                          (Lean.Expr.const `Id [Lean.Level.zero]))
                        (Lean.Expr.app
                          (Lean.Expr.app
                            (Lean.Expr.const `Monad.toApplicative [Lean.Level.zero, Lean.Level.zero])
                            (Lean.Expr.const `Id [Lean.Level.zero]))
                          (Lean.Expr.const `Id.instMonad [Lean.Level.zero]))))
                    (Lean.Expr.const `UInt64 []))
                  (Lean.Expr.app
                    (Lean.Expr.app
                      (Lean.Expr.app
                        (Lean.Expr.app
                          (Lean.Expr.app
                            (Lean.Expr.app
                              (Lean.Expr.const `HAdd.hAdd [Lean.Level.zero, Lean.Level.zero, Lean.Level.zero])
                              (Lean.Expr.const `UInt64 []))
                            (Lean.Expr.const `UInt64 []))
                          (Lean.Expr.const `UInt64 []))
                        (Lean.Expr.app
                          (Lean.Expr.app (Lean.Expr.const `instHAdd [Lean.Level.zero]) (Lean.Expr.const `UInt64 []))
                          (Lean.Expr.const `instAddUInt64 [])))
                      (Lean.Expr.bvar 0))
                    (Lean.Expr.app (Lean.Expr.const `UInt64.ofNat []) (Lean.Expr.bvar 1)))))
              (Lean.Expr.lam
                `x
                (Lean.Expr.const `UInt64 [])
                (Lean.Expr.app
                  (Lean.Expr.app
                    (Lean.Expr.app
                      (Lean.Expr.app
                        (Lean.Expr.app
                          (Lean.Expr.const `ite [Lean.Level.succ (Lean.Level.zero)])
                          (Lean.Expr.app
                            (Lean.Expr.const `Id [Lean.Level.zero])
                            (Lean.Expr.app
                              (Lean.Expr.const `Id [Lean.Level.zero])
                              (Lean.Expr.app
                                (Lean.Expr.const `ForInStep [Lean.Level.zero])
                                (Lean.Expr.const `UInt64 [])))))
                        (Lean.Expr.app
                          (Lean.Expr.app
                            (Lean.Expr.app
                              (Lean.Expr.const `Eq [Lean.Level.succ (Lean.Level.zero)])
                              (Lean.Expr.const `Bool []))
                            (Lean.Expr.app
                              (Lean.Expr.app
                                (Lean.Expr.app
                                  (Lean.Expr.app
                                    (Lean.Expr.const `BEq.beq [Lean.Level.zero])
                                    (Lean.Expr.const `UInt64 []))
                                  (Lean.Expr.app
                                    (Lean.Expr.app
                                      (Lean.Expr.const `instBEqOfDecidableEq [Lean.Level.zero])
                                      (Lean.Expr.const `UInt64 []))
                                    (Lean.Expr.const `instDecidableEqUInt64 [])))
                                (Lean.Expr.app
                                  (Lean.Expr.app
                                    (Lean.Expr.app
                                      (Lean.Expr.app
                                        (Lean.Expr.app
                                          (Lean.Expr.app
                                            (Lean.Expr.const
                                              `HMod.hMod
                                              [Lean.Level.zero, Lean.Level.zero, Lean.Level.zero])
                                            (Lean.Expr.const `UInt64 []))
                                          (Lean.Expr.const `UInt64 []))
                                        (Lean.Expr.const `UInt64 []))
                                      (Lean.Expr.app
                                        (Lean.Expr.app
                                          (Lean.Expr.const `instHMod [Lean.Level.zero])
                                          (Lean.Expr.const `UInt64 []))
                                        (Lean.Expr.const `instModUInt64 [])))
                                    (Lean.Expr.bvar 0))
                                  (Lean.Expr.app
                                    (Lean.Expr.app
                                      (Lean.Expr.app
                                        (Lean.Expr.const `OfNat.ofNat [Lean.Level.zero])
                                        (Lean.Expr.const `UInt64 []))
                                      (Lean.Expr.lit (Lean.Literal.natVal 5)))
                                    (Lean.Expr.app
                                      (Lean.Expr.const `UInt64.instOfNat [])
                                      (Lean.Expr.lit (Lean.Literal.natVal 5))))))
                              (Lean.Expr.app
                                (Lean.Expr.app
                                  (Lean.Expr.app
                                    (Lean.Expr.app
                                      (Lean.Expr.app
                                        (Lean.Expr.app
                                          (Lean.Expr.const
                                            `HMod.hMod
                                            [Lean.Level.zero, Lean.Level.zero, Lean.Level.zero])
                                          (Lean.Expr.const `UInt64 []))
                                        (Lean.Expr.const `UInt64 []))
                                      (Lean.Expr.const `UInt64 []))
                                    (Lean.Expr.app
                                      (Lean.Expr.app
                                        (Lean.Expr.const `instHMod [Lean.Level.zero])
                                        (Lean.Expr.const `UInt64 []))
                                      (Lean.Expr.const `instModUInt64 [])))
                                  (Lean.Expr.bvar 3))
                                (Lean.Expr.app
                                  (Lean.Expr.app
                                    (Lean.Expr.app
                                      (Lean.Expr.const `OfNat.ofNat [Lean.Level.zero])
                                      (Lean.Expr.const `UInt64 []))
                                    (Lean.Expr.lit (Lean.Literal.natVal 5)))
                                  (Lean.Expr.app
                                    (Lean.Expr.const `UInt64.instOfNat [])
                                    (Lean.Expr.lit (Lean.Literal.natVal 5)))))))
                          (Lean.Expr.const `Bool.true [])))
                      (Lean.Expr.app
                        (Lean.Expr.app
                          (Lean.Expr.const `instDecidableEqBool [])
                          (Lean.Expr.app
                            (Lean.Expr.app
                              (Lean.Expr.app
                                (Lean.Expr.app
                                  (Lean.Expr.const `BEq.beq [Lean.Level.zero])
                                  (Lean.Expr.const `UInt64 []))
                                (Lean.Expr.app
                                  (Lean.Expr.app
                                    (Lean.Expr.const `instBEqOfDecidableEq [Lean.Level.zero])
                                    (Lean.Expr.const `UInt64 []))
                                  (Lean.Expr.const `instDecidableEqUInt64 [])))
                              (Lean.Expr.app
                                (Lean.Expr.app
                                  (Lean.Expr.app
                                    (Lean.Expr.app
                                      (Lean.Expr.app
                                        (Lean.Expr.app
                                          (Lean.Expr.const
                                            `HMod.hMod
                                            [Lean.Level.zero, Lean.Level.zero, Lean.Level.zero])
                                          (Lean.Expr.const `UInt64 []))
                                        (Lean.Expr.const `UInt64 []))
                                      (Lean.Expr.const `UInt64 []))
                                    (Lean.Expr.app
                                      (Lean.Expr.app
                                        (Lean.Expr.const `instHMod [Lean.Level.zero])
                                        (Lean.Expr.const `UInt64 []))
                                      (Lean.Expr.const `instModUInt64 [])))
                                  (Lean.Expr.bvar 0))
                                (Lean.Expr.app
                                  (Lean.Expr.app
                                    (Lean.Expr.app
                                      (Lean.Expr.const `OfNat.ofNat [Lean.Level.zero])
                                      (Lean.Expr.const `UInt64 []))
                                    (Lean.Expr.lit (Lean.Literal.natVal 5)))
                                  (Lean.Expr.app
                                    (Lean.Expr.const `UInt64.instOfNat [])
                                    (Lean.Expr.lit (Lean.Literal.natVal 5))))))
                            (Lean.Expr.app
                              (Lean.Expr.app
                                (Lean.Expr.app
                                  (Lean.Expr.app
                                    (Lean.Expr.app
                                      (Lean.Expr.app
                                        (Lean.Expr.const `HMod.hMod [Lean.Level.zero, Lean.Level.zero, Lean.Level.zero])
                                        (Lean.Expr.const `UInt64 []))
                                      (Lean.Expr.const `UInt64 []))
                                    (Lean.Expr.const `UInt64 []))
                                  (Lean.Expr.app
                                    (Lean.Expr.app
                                      (Lean.Expr.const `instHMod [Lean.Level.zero])
                                      (Lean.Expr.const `UInt64 []))
                                    (Lean.Expr.const `instModUInt64 [])))
                                (Lean.Expr.bvar 3))
                              (Lean.Expr.app
                                (Lean.Expr.app
                                  (Lean.Expr.app
                                    (Lean.Expr.const `OfNat.ofNat [Lean.Level.zero])
                                    (Lean.Expr.const `UInt64 []))
                                  (Lean.Expr.lit (Lean.Literal.natVal 5)))
                                (Lean.Expr.app
                                  (Lean.Expr.const `UInt64.instOfNat [])
                                  (Lean.Expr.lit (Lean.Literal.natVal 5)))))))
                        (Lean.Expr.const `Bool.true [])))
                    (Lean.Expr.app
                      (Lean.Expr.app
                        (Lean.Expr.app
                          (Lean.Expr.app
                            (Lean.Expr.const `Pure.pure [Lean.Level.zero, Lean.Level.zero])
                            (Lean.Expr.const `Id [Lean.Level.zero]))
                          (Lean.Expr.app
                            (Lean.Expr.app
                              (Lean.Expr.const `Applicative.toPure [Lean.Level.zero, Lean.Level.zero])
                              (Lean.Expr.const `Id [Lean.Level.zero]))
                            (Lean.Expr.app
                              (Lean.Expr.app
                                (Lean.Expr.const `Monad.toApplicative [Lean.Level.zero, Lean.Level.zero])
                                (Lean.Expr.const `Id [Lean.Level.zero]))
                              (Lean.Expr.const `Id.instMonad [Lean.Level.zero]))))
                        (Lean.Expr.app (Lean.Expr.const `ForInStep [Lean.Level.zero]) (Lean.Expr.const `UInt64 [])))
                      (Lean.Expr.app
                        (Lean.Expr.app (Lean.Expr.const `ForInStep.done [Lean.Level.zero]) (Lean.Expr.const `UInt64 []))
                        (Lean.Expr.app
                          (Lean.Expr.app
                            (Lean.Expr.app
                              (Lean.Expr.app
                                (Lean.Expr.app
                                  (Lean.Expr.app
                                    (Lean.Expr.const `HAdd.hAdd [Lean.Level.zero, Lean.Level.zero, Lean.Level.zero])
                                    (Lean.Expr.const `UInt64 []))
                                  (Lean.Expr.const `UInt64 []))
                                (Lean.Expr.const `UInt64 []))
                              (Lean.Expr.app
                                (Lean.Expr.app
                                  (Lean.Expr.const `instHAdd [Lean.Level.zero])
                                  (Lean.Expr.const `UInt64 []))
                                (Lean.Expr.const `instAddUInt64 [])))
                            (Lean.Expr.bvar 0))
                          (Lean.Expr.app
                            (Lean.Expr.app
                              (Lean.Expr.app
                                (Lean.Expr.const `OfNat.ofNat [Lean.Level.zero])
                                (Lean.Expr.const `UInt64 []))
                              (Lean.Expr.lit (Lean.Literal.natVal 7)))
                            (Lean.Expr.app
                              (Lean.Expr.const `UInt64.instOfNat [])
                              (Lean.Expr.lit (Lean.Literal.natVal 7))))))))
                  (Lean.Expr.app
                    (Lean.Expr.app
                      (Lean.Expr.app
                        (Lean.Expr.app
                          (Lean.Expr.const `Pure.pure [Lean.Level.zero, Lean.Level.zero])
                          (Lean.Expr.const `Id [Lean.Level.zero]))
                        (Lean.Expr.app
                          (Lean.Expr.app
                            (Lean.Expr.const `Applicative.toPure [Lean.Level.zero, Lean.Level.zero])
                            (Lean.Expr.const `Id [Lean.Level.zero]))
                          (Lean.Expr.app
                            (Lean.Expr.app
                              (Lean.Expr.const `Monad.toApplicative [Lean.Level.zero, Lean.Level.zero])
                              (Lean.Expr.const `Id [Lean.Level.zero]))
                            (Lean.Expr.const `Id.instMonad [Lean.Level.zero]))))
                      (Lean.Expr.app (Lean.Expr.const `ForInStep [Lean.Level.zero]) (Lean.Expr.const `UInt64 [])))
                    (Lean.Expr.app
                      (Lean.Expr.app (Lean.Expr.const `ForInStep.yield [Lean.Level.zero]) (Lean.Expr.const `UInt64 []))
                      (Lean.Expr.app
                        (Lean.Expr.app
                          (Lean.Expr.app
                            (Lean.Expr.app
                              (Lean.Expr.app
                                (Lean.Expr.app
                                  (Lean.Expr.const `HAdd.hAdd [Lean.Level.zero, Lean.Level.zero, Lean.Level.zero])
                                  (Lean.Expr.const `UInt64 []))
                                (Lean.Expr.const `UInt64 []))
                              (Lean.Expr.const `UInt64 []))
                            (Lean.Expr.app
                              (Lean.Expr.app (Lean.Expr.const `instHAdd [Lean.Level.zero]) (Lean.Expr.const `UInt64 []))
                              (Lean.Expr.const `instAddUInt64 [])))
                          (Lean.Expr.app
                            (Lean.Expr.app
                              (Lean.Expr.app
                                (Lean.Expr.app
                                  (Lean.Expr.app
                                    (Lean.Expr.app
                                      (Lean.Expr.const `HMul.hMul [Lean.Level.zero, Lean.Level.zero, Lean.Level.zero])
                                      (Lean.Expr.const `UInt64 []))
                                    (Lean.Expr.const `UInt64 []))
                                  (Lean.Expr.const `UInt64 []))
                                (Lean.Expr.app
                                  (Lean.Expr.app
                                    (Lean.Expr.const `instHMul [Lean.Level.zero])
                                    (Lean.Expr.const `UInt64 []))
                                  (Lean.Expr.const `instMulUInt64 [])))
                              (Lean.Expr.bvar 0))
                            (Lean.Expr.app
                              (Lean.Expr.app
                                (Lean.Expr.app
                                  (Lean.Expr.const `OfNat.ofNat [Lean.Level.zero])
                                  (Lean.Expr.const `UInt64 []))
                                (Lean.Expr.lit (Lean.Literal.natVal 3)))
                              (Lean.Expr.app
                                (Lean.Expr.const `UInt64.instOfNat [])
                                (Lean.Expr.lit (Lean.Literal.natVal 3))))))
                        (Lean.Expr.app
                          (Lean.Expr.app
                            (Lean.Expr.app
                              (Lean.Expr.const `OfNat.ofNat [Lean.Level.zero])
                              (Lean.Expr.const `UInt64 []))
                            (Lean.Expr.lit (Lean.Literal.natVal 1)))
                          (Lean.Expr.app
                            (Lean.Expr.const `UInt64.instOfNat [])
                            (Lean.Expr.lit (Lean.Literal.natVal 1))))))))
                (Lean.BinderInfo.default))))
          (Lean.BinderInfo.default))
        (Lean.BinderInfo.default)))
    (Lean.BinderInfo.default))
  (Lean.BinderInfo.default)
