leanrun: LEANRUN_LOCAL=1; macOS has no cgroup CPU/memory/swap limits or ionice
leanrun: explicitly authorized inherited priority; nice unavailable
def StepResultTest.rangeStepBind : (count seed : UInt64) → UInt64 :=
fun (count seed : UInt64) =>
  @ForIn.forIn.{0, 0, 0, 0} Id.{0} Std.Legacy.Range Nat
    (@instForInOfForIn'.{0, 0, 0, 0} Id.{0} Std.Legacy.Range Nat
      (@inferInstance.{1} (Membership.{0, 0} Nat Std.Legacy.Range) Std.Legacy.instMembershipNatRange)
      (@Std.Legacy.Range.instForIn'NatInferInstanceMembershipOfMonad.{0, 0} Id.{0} Id.instMonad.{0}))
    UInt64
    (Std.Legacy.Range.mk (@OfNat.ofNat.{0} Nat (nat_lit 0) (instOfNatNat (nat_lit 0))) (UInt64.toNat count)
      (@OfNat.ofNat.{0} Nat (nat_lit 1) (instOfNatNat (nat_lit 1))) Nat.zero_lt_one)
    seed fun (i : Nat) (a : UInt64) =>
    have __do_jp : ForInStep.{0} UInt64 → Id.{0} (ForInStep.{0} UInt64) := fun (result : ForInStep.{0} UInt64) =>
      @Pure.pure.{0, 0} Id.{0} (@Applicative.toPure.{0, 0} Id.{0} (@Monad.toApplicative.{0, 0} Id.{0} Id.instMonad.{0}))
        (ForInStep.{0} UInt64) result;
    @ite.{1} (Id.{0} (ForInStep.{0} UInt64))
      (@Eq.{1} Bool
        (@BEq.beq.{0} UInt64 (@instBEqOfDecidableEq.{0} UInt64 instDecidableEqUInt64) (UInt64.ofNat i)
          (@HMod.hMod.{0, 0, 0} UInt64 UInt64 UInt64 (@instHMod.{0} UInt64 instModUInt64) seed
            (@OfNat.ofNat.{0} UInt64 (nat_lit 7) (@UInt64.instOfNat (nat_lit 7)))))
        Bool.true)
      (instDecidableEqBool
        (@BEq.beq.{0} UInt64 (@instBEqOfDecidableEq.{0} UInt64 instDecidableEqUInt64) (UInt64.ofNat i)
          (@HMod.hMod.{0, 0, 0} UInt64 UInt64 UInt64 (@instHMod.{0} UInt64 instModUInt64) seed
            (@OfNat.ofNat.{0} UInt64 (nat_lit 7) (@UInt64.instOfNat (nat_lit 7)))))
        Bool.true)
      (@Bind.bind.{0, 0} Id.{0} (@Monad.toBind.{0, 0} Id.{0} Id.instMonad.{0}) (ForInStep.{0} UInt64)
        (ForInStep.{0} UInt64)
        (@Pure.pure.{0, 0} Id.{0}
          (@Applicative.toPure.{0, 0} Id.{0} (@Monad.toApplicative.{0, 0} Id.{0} Id.instMonad.{0}))
          (ForInStep.{0} UInt64)
          (@ForInStep.done.{0} UInt64
            (@HAdd.hAdd.{0, 0, 0} UInt64 UInt64 UInt64 (@instHAdd.{0} UInt64 instAddUInt64) a
              (@OfNat.ofNat.{0} UInt64 (nat_lit 9) (@UInt64.instOfNat (nat_lit 9))))))
        fun (result : ForInStep.{0} UInt64) => __do_jp result)
      (@Bind.bind.{0, 0} Id.{0} (@Monad.toBind.{0, 0} Id.{0} Id.instMonad.{0}) (ForInStep.{0} UInt64)
        (ForInStep.{0} UInt64)
        (@Pure.pure.{0, 0} Id.{0}
          (@Applicative.toPure.{0, 0} Id.{0} (@Monad.toApplicative.{0, 0} Id.{0} Id.instMonad.{0}))
          (ForInStep.{0} UInt64)
          (@ForInStep.yield.{0} UInt64
            (@HAdd.hAdd.{0, 0, 0} UInt64 UInt64 UInt64 (@instHAdd.{0} UInt64 instAddUInt64) a
              (@OfNat.ofNat.{0} UInt64 (nat_lit 1) (@UInt64.instOfNat (nat_lit 1))))))
        fun (result : ForInStep.{0} UInt64) => __do_jp result)
def StepResultTest.rangeStepIdLet : (count seed : UInt64) → UInt64 :=
fun (count seed : UInt64) =>
  @ForIn.forIn.{0, 0, 0, 0} Id.{0} Std.Legacy.Range Nat
    (@instForInOfForIn'.{0, 0, 0, 0} Id.{0} Std.Legacy.Range Nat
      (@inferInstance.{1} (Membership.{0, 0} Nat Std.Legacy.Range) Std.Legacy.instMembershipNatRange)
      (@Std.Legacy.Range.instForIn'NatInferInstanceMembershipOfMonad.{0, 0} Id.{0} Id.instMonad.{0}))
    UInt64
    (Std.Legacy.Range.mk (@OfNat.ofNat.{0} Nat (nat_lit 0) (instOfNatNat (nat_lit 0))) (UInt64.toNat count)
      (@OfNat.ofNat.{0} Nat (nat_lit 1) (instOfNatNat (nat_lit 1))) Nat.zero_lt_one)
    seed fun (i : Nat) (a : UInt64) =>
    have result : Id.{0} (ForInStep.{0} UInt64) :=
      @Bind.bind.{0, 0} Id.{0} (@Monad.toBind.{0, 0} Id.{0} Id.instMonad.{0}) UInt64 (ForInStep.{0} UInt64)
        (@Pure.pure.{0, 0} Id.{0}
          (@Applicative.toPure.{0, 0} Id.{0} (@Monad.toApplicative.{0, 0} Id.{0} Id.instMonad.{0})) UInt64
          (@HAdd.hAdd.{0, 0, 0} UInt64 UInt64 UInt64 (@instHAdd.{0} UInt64 instAddUInt64) a (UInt64.ofNat i)))
        fun (x : UInt64) =>
        @ite.{1} (Id.{0} (ForInStep.{0} UInt64))
          (@Eq.{1} Bool
            (@BEq.beq.{0} UInt64 (@instBEqOfDecidableEq.{0} UInt64 instDecidableEqUInt64)
              (@HMod.hMod.{0, 0, 0} UInt64 UInt64 UInt64 (@instHMod.{0} UInt64 instModUInt64) x
                (@OfNat.ofNat.{0} UInt64 (nat_lit 7) (@UInt64.instOfNat (nat_lit 7))))
              (@HMod.hMod.{0, 0, 0} UInt64 UInt64 UInt64 (@instHMod.{0} UInt64 instModUInt64) seed
                (@OfNat.ofNat.{0} UInt64 (nat_lit 7) (@UInt64.instOfNat (nat_lit 7)))))
            Bool.true)
          (instDecidableEqBool
            (@BEq.beq.{0} UInt64 (@instBEqOfDecidableEq.{0} UInt64 instDecidableEqUInt64)
              (@HMod.hMod.{0, 0, 0} UInt64 UInt64 UInt64 (@instHMod.{0} UInt64 instModUInt64) x
                (@OfNat.ofNat.{0} UInt64 (nat_lit 7) (@UInt64.instOfNat (nat_lit 7))))
              (@HMod.hMod.{0, 0, 0} UInt64 UInt64 UInt64 (@instHMod.{0} UInt64 instModUInt64) seed
                (@OfNat.ofNat.{0} UInt64 (nat_lit 7) (@UInt64.instOfNat (nat_lit 7)))))
            Bool.true)
          (@Pure.pure.{0, 0} Id.{0}
            (@Applicative.toPure.{0, 0} Id.{0} (@Monad.toApplicative.{0, 0} Id.{0} Id.instMonad.{0}))
            (ForInStep.{0} UInt64)
            (@ForInStep.done.{0} UInt64
              (@HAdd.hAdd.{0, 0, 0} UInt64 UInt64 UInt64 (@instHAdd.{0} UInt64 instAddUInt64) x
                (@OfNat.ofNat.{0} UInt64 (nat_lit 1) (@UInt64.instOfNat (nat_lit 1))))))
          (@Pure.pure.{0, 0} Id.{0}
            (@Applicative.toPure.{0, 0} Id.{0} (@Monad.toApplicative.{0, 0} Id.{0} Id.instMonad.{0}))
            (ForInStep.{0} UInt64)
            (@ForInStep.yield.{0} UInt64
              (@HMul.hMul.{0, 0, 0} UInt64 UInt64 UInt64 (@instHMul.{0} UInt64 instMulUInt64) x
                (@OfNat.ofNat.{0} UInt64 (nat_lit 3) (@UInt64.instOfNat (nat_lit 3))))));
    result
def StepResultTest.rangeStepUnused : (count seed : UInt64) → UInt64 :=
fun (count seed : UInt64) =>
  @ForIn.forIn.{0, 0, 0, 0} Id.{0} Std.Legacy.Range Nat
    (@instForInOfForIn'.{0, 0, 0, 0} Id.{0} Std.Legacy.Range Nat
      (@inferInstance.{1} (Membership.{0, 0} Nat Std.Legacy.Range) Std.Legacy.instMembershipNatRange)
      (@Std.Legacy.Range.instForIn'NatInferInstanceMembershipOfMonad.{0, 0} Id.{0} Id.instMonad.{0}))
    UInt64
    (Std.Legacy.Range.mk (@OfNat.ofNat.{0} Nat (nat_lit 0) (instOfNatNat (nat_lit 0))) (UInt64.toNat count)
      (@OfNat.ofNat.{0} Nat (nat_lit 1) (instOfNatNat (nat_lit 1))) Nat.zero_lt_one)
    seed fun (i : Nat) (a : UInt64) =>
    @Bind.bind.{0, 0} Id.{0} (@Monad.toBind.{0, 0} Id.{0} Id.instMonad.{0}) (ForInStep.{0} UInt64)
      (ForInStep.{0} UInt64)
      (@Pure.pure.{0, 0} Id.{0}
        (@Applicative.toPure.{0, 0} Id.{0} (@Monad.toApplicative.{0, 0} Id.{0} Id.instMonad.{0})) (ForInStep.{0} UInt64)
        (@ForInStep.done.{0} UInt64
          (@HAdd.hAdd.{0, 0, 0} UInt64 UInt64 UInt64 (@instHAdd.{0} UInt64 instAddUInt64) a
            (@OfNat.ofNat.{0} UInt64 (nat_lit 99) (@UInt64.instOfNat (nat_lit 99))))))
      fun (_ignored : ForInStep.{0} UInt64) =>
      have result : ForInStep.{0} UInt64 :=
        @ForInStep.yield.{0} UInt64
          (@HAdd.hAdd.{0, 0, 0} UInt64 UInt64 UInt64 (@instHAdd.{0} UInt64 instAddUInt64)
            (@HAdd.hAdd.{0, 0, 0} UInt64 UInt64 UInt64 (@instHAdd.{0} UInt64 instAddUInt64) a (UInt64.ofNat i))
            (@OfNat.ofNat.{0} UInt64 (nat_lit 1) (@UInt64.instOfNat (nat_lit 1))));
      @Pure.pure.{0, 0} Id.{0} (@Applicative.toPure.{0, 0} Id.{0} (@Monad.toApplicative.{0, 0} Id.{0} Id.instMonad.{0}))
        (ForInStep.{0} UInt64) result
